[WARNING] 
[WARNING] Some problems were encountered while building the effective settings
[WARNING] 'profiles.profile[repos].repositories.repository.id' must be unique but found duplicate repository with id mapr-public @ /home/runner/.m2/settings.xml
[WARNING] 'profiles.profile[repos].repositories.repository.id' must be unique but found duplicate repository with id apache-snapshots @ /home/runner/.m2/settings.xml
[WARNING] 
[INFO] Scanning for projects...
[WARNING] 
[WARNING] Some problems were encountered while building the effective model for org.apache.hadoop:hadoop-yarn-server-resourcemanager:jar:3.4.0-SNAPSHOT
[WARNING] 'build.plugins.plugin.version' for org.jsonschema2pojo:jsonschema2pojo-maven-plugin is missing. @ line 402, column 15
[WARNING] 
[WARNING] It is highly recommended to fix these problems because they threaten the stability of your build.
[WARNING] 
[WARNING] For this reason, future Maven versions might no longer support building such malformed projects.
[WARNING] 
[INFO] ------------------------------------------------------------------------
[INFO] Detecting the operating system and CPU architecture
[INFO] ------------------------------------------------------------------------
[INFO] os.detected.name: linux
[INFO] os.detected.arch: x86_64
[INFO] os.detected.version: 6.17
[INFO] os.detected.version.major: 6
[INFO] os.detected.version.minor: 17
[INFO] os.detected.release: ubuntu
[INFO] os.detected.release.version: 24.04
[INFO] os.detected.release.like.ubuntu: true
[INFO] os.detected.release.like.debian: true
[INFO] os.detected.classifier: linux-x86_64
[INFO] ------------------------------------------------------------------------
[INFO] Reactor Build Order:
[INFO] 
[INFO] Apache Hadoop Main                                                 [pom]
[INFO] Apache Hadoop Build Tools                                          [jar]
[INFO] Apache Hadoop Project POM                                          [pom]
[INFO] Apache Hadoop Annotations                                          [jar]
[INFO] Apache Hadoop Project Dist POM                                     [pom]
[INFO] Apache Hadoop Assemblies                                           [jar]
[INFO] Apache Hadoop Maven Plugins                               [maven-plugin]
[INFO] Apache Hadoop MiniKDC                                              [jar]
[INFO] Apache Hadoop Auth                                                 [jar]
[INFO] Apache Hadoop Auth Examples                                        [war]
[INFO] Apache Hadoop Common                                               [jar]
[INFO] Apache Hadoop NFS                                                  [jar]
[INFO] Apache Hadoop KMS                                                  [jar]
[INFO] Apache Hadoop Registry                                             [jar]
[INFO] Apache Hadoop Common Project                                       [pom]
[INFO] Apache Hadoop HDFS Client                                          [jar]
[INFO] Apache Hadoop HDFS                                                 [jar]
[INFO] Apache Hadoop HDFS Native Client                                   [jar]
[INFO] Apache Hadoop HttpFS                                               [jar]
[INFO] Apache Hadoop HDFS-NFS                                             [jar]
[INFO] Apache Hadoop HDFS-RBF                                             [jar]
[INFO] Apache Hadoop HDFS Project                                         [pom]
[INFO] Apache Hadoop YARN                                                 [pom]
[INFO] Apache Hadoop YARN API                                             [jar]
[INFO] Apache Hadoop YARN Common                                          [jar]
[INFO] Apache Hadoop YARN Server                                          [pom]
[INFO] Apache Hadoop YARN Server Common                                   [jar]
[INFO] Apache Hadoop YARN NodeManager                                     [jar]
[INFO] Apache Hadoop YARN Web Proxy                                       [jar]
[INFO] Apache Hadoop YARN ApplicationHistoryService                       [jar]
[INFO] Apache Hadoop YARN Timeline Service                                [jar]
[INFO] Apache Hadoop YARN ResourceManager                                 [jar]
[INFO] Apache Hadoop YARN Server Tests                                    [jar]
[INFO] Apache Hadoop YARN Client                                          [jar]
[INFO] Apache Hadoop YARN SharedCacheManager                              [jar]
[INFO] Apache Hadoop YARN Timeline Plugin Storage                         [jar]
[INFO] Apache Hadoop YARN TimelineService HBase Backend                   [pom]
[INFO] Apache Hadoop YARN TimelineService HBase Common                    [jar]
[INFO] Apache Hadoop YARN TimelineService HBase Client                    [jar]
[INFO] Apache Hadoop YARN TimelineService HBase Servers                   [pom]
[INFO] Apache Hadoop YARN TimelineService HBase Server 1.2                [jar]
[INFO] Apache Hadoop YARN TimelineService HBase tests                     [jar]
[INFO] Apache Hadoop YARN Router                                          [jar]
[INFO] Apache Hadoop YARN TimelineService DocumentStore                   [jar]
[INFO] Apache Hadoop YARN Applications                                    [pom]
[INFO] Apache Hadoop YARN DistributedShell                                [jar]
[INFO] Apache Hadoop YARN Unmanaged Am Launcher                           [jar]
[INFO] Apache Hadoop MapReduce Client                                     [pom]
[INFO] Apache Hadoop MapReduce Core                                       [jar]
[INFO] Apache Hadoop MapReduce Common                                     [jar]
[INFO] Apache Hadoop MapReduce Shuffle                                    [jar]
[INFO] Apache Hadoop MapReduce App                                        [jar]
[INFO] Apache Hadoop MapReduce HistoryServer                              [jar]
[INFO] Apache Hadoop MapReduce JobClient                                  [jar]
[INFO] Apache Hadoop Mini-Cluster                                         [jar]
[INFO] Apache Hadoop YARN Services                                        [pom]
[INFO] Apache Hadoop YARN Services Core                                   [jar]
[INFO] Apache Hadoop YARN Services API                                    [jar]
[INFO] Apache Hadoop YARN Application Catalog                             [pom]
[INFO] Apache Hadoop YARN Application Catalog Webapp                      [war]
[INFO] Apache Hadoop YARN Application Catalog Docker Image                [pom]
[INFO] Apache Hadoop YARN Application MaWo                                [pom]
[INFO] Apache Hadoop YARN Application MaWo Core                           [jar]
[INFO] Apache Hadoop YARN Site                                            [pom]
[INFO] Apache Hadoop YARN Registry                                        [jar]
[INFO] Apache Hadoop YARN UI                                              [pom]
[INFO] Apache Hadoop YARN CSI                                             [jar]
[INFO] Apache Hadoop YARN Project                                         [pom]
[INFO] Apache Hadoop MapReduce HistoryServer Plugins                      [jar]
[INFO] Apache Hadoop MapReduce NativeTask                                 [jar]
[INFO] Apache Hadoop MapReduce Uploader                                   [jar]
[INFO] Apache Hadoop MapReduce Examples                                   [jar]
[INFO] Apache Hadoop MapReduce                                            [pom]
[INFO] Apache Hadoop MapReduce Streaming                                  [jar]
[INFO] Apache Hadoop Distributed Copy                                     [jar]
[INFO] Apache Hadoop Federation Balance                                   [jar]
[INFO] Apache Hadoop Client Aggregator                                    [jar]
[INFO] Apache Hadoop Dynamometer Workload Simulator                       [jar]
[INFO] Apache Hadoop Dynamometer Cluster Simulator                        [jar]
[INFO] Apache Hadoop Dynamometer Block Listing Generator                  [jar]
[INFO] Apache Hadoop Dynamometer Dist                                     [jar]
[INFO] Apache Hadoop Dynamometer                                          [pom]
[INFO] Apache Hadoop Archives                                             [jar]
[INFO] Apache Hadoop Archive Logs                                         [jar]
[INFO] Apache Hadoop Rumen                                                [jar]
[INFO] Apache Hadoop Gridmix                                              [jar]
[INFO] Apache Hadoop Data Join                                            [jar]
[INFO] Apache Hadoop Extras                                               [jar]
[INFO] Apache Hadoop Pipes                                                [pom]
[INFO] Apache Hadoop OpenStack support                                    [jar]
[INFO] Apache Hadoop Amazon Web Services support                          [jar]
[INFO] Apache Hadoop Kafka Library support                                [jar]
[INFO] Apache Hadoop Azure support                                        [jar]
[INFO] Apache Hadoop Aliyun OSS support                                   [jar]
[INFO] Apache Hadoop Scheduler Load Simulator                             [jar]
[INFO] Apache Hadoop Resource Estimator Service                           [jar]
[INFO] Apache Hadoop Azure Data Lake support                              [jar]
[INFO] Apache Hadoop Image Generation Tool                                [jar]
[INFO] Apache Hadoop Tools Dist                                           [jar]
[INFO] Apache Hadoop Tools                                                [pom]
[INFO] Apache Hadoop Client API                                           [jar]
[INFO] Apache Hadoop Client Runtime                                       [jar]
[INFO] Apache Hadoop Client Packaging Invariants                          [pom]
[INFO] Apache Hadoop Client Test Minicluster                              [jar]
[INFO] Apache Hadoop Client Packaging Invariants for Test                 [pom]
[INFO] Apache Hadoop Client Packaging Integration Tests                   [jar]
[INFO] Apache Hadoop Distribution                                         [jar]
[INFO] Apache Hadoop Client Modules                                       [pom]
[INFO] Apache Hadoop Tencent COS Support                                  [jar]
[INFO] Apache Hadoop Cloud Storage                                        [jar]
[INFO] Apache Hadoop Cloud Storage Project                                [pom]
[INFO] 
[INFO] -------------------< org.apache.hadoop:hadoop-main >--------------------
[INFO] Building Apache Hadoop Main 3.4.0-SNAPSHOT                       [1/111]
[INFO]   from pom.xml
[INFO] --------------------------------[ pom ]---------------------------------
[INFO] 
[INFO] --- enforcer:3.0.0-M1:enforce (clean) @ hadoop-main ---
[INFO] Skipping Rule Enforcement.
[INFO] 
[INFO] --- clean:3.2.0:clean (default-clean) @ hadoop-main ---
[INFO] 
[INFO] --- enforcer:3.0.0-M1:enforce (default) @ hadoop-main ---
[INFO] Skipping Rule Enforcement.
[INFO] 
[INFO] --- enforcer:3.0.0-M1:enforce (enforce-property) @ hadoop-main ---
[INFO] Skipping Rule Enforcement.
[INFO] 
[INFO] --- site:3.6:attach-descriptor (attach-descriptor) @ hadoop-main ---
[INFO] No site descriptor found: nothing to attach.
[INFO] 
[INFO] --- install:3.1.4:install (default-install) @ hadoop-main ---
[INFO] Installing /home/runner/work/sonar-analysis/sonar-analysis/project/pom.xml to /home/runner/.m2/repository/org/apache/hadoop/hadoop-main/3.4.0-SNAPSHOT/hadoop-main-3.4.0-SNAPSHOT.pom
[INFO] 
[INFO] ----------------< org.apache.hadoop:hadoop-build-tools >----------------
[INFO] Building Apache Hadoop Build Tools 3.4.0-SNAPSHOT                [2/111]
[INFO]   from hadoop-build-tools/pom.xml
[INFO] --------------------------------[ jar ]---------------------------------
[INFO] 
[INFO] --- clean:3.2.0:clean (default-clean) @ hadoop-build-tools ---
[INFO] 
[INFO] --- resources:3.0.1:copy-resources (copy-resources) @ hadoop-build-tools ---
[INFO] Using 'UTF-8' encoding to copy filtered resources.
[INFO] Copying 2 resources
[INFO] 
[INFO] --- antrun:1.7:run (dummy) @ hadoop-build-tools ---
[INFO] No ant target defined - SKIPPED
[INFO] 
[INFO] --- resources:3.0.1:resources (default-resources) @ hadoop-build-tools ---
[INFO] Using 'UTF-8' encoding to copy filtered resources.
[INFO] Copying 2 resources to META-INF
[INFO] Copying 3 resources
[INFO] 
[INFO] --- remote-resources:1.5:bundle (default) @ hadoop-build-tools ---
[INFO] 
[INFO] --- compiler:3.15.0:compile (default-compile) @ hadoop-build-tools ---
[INFO] No sources to compile
[INFO] 
[INFO] --- resources:3.0.1:testResources (default-testResources) @ hadoop-build-tools ---
[INFO] Using 'UTF-8' encoding to copy filtered resources.
[INFO] skip non existing resourceDirectory /home/runner/work/sonar-analysis/sonar-analysis/project/hadoop-build-tools/src/test/resources
[INFO] 
[INFO] --- compiler:3.15.0:testCompile (default-testCompile) @ hadoop-build-tools ---
[INFO] No sources to compile
[INFO] 
[INFO] --- surefire:3.5.4:test (default-test) @ hadoop-build-tools ---
[INFO] Tests are skipped.
[INFO] 
[INFO] --- jar:3.5.0:jar (default-jar) @ hadoop-build-tools ---
[INFO] Building jar: /home/runner/work/sonar-analysis/sonar-analysis/project/hadoop-build-tools/target/hadoop-build-tools-3.4.0-SNAPSHOT.jar
[INFO] 
[INFO] --- site:3.6:attach-descriptor (attach-descriptor) @ hadoop-build-tools ---
[INFO] Skipping because packaging 'jar' is not pom.
[INFO] 
[INFO] --- install:3.1.4:install (default-install) @ hadoop-build-tools ---
[INFO] Installing /home/runner/work/sonar-analysis/sonar-analysis/project/hadoop-build-tools/pom.xml to /home/runner/.m2/repository/org/apache/hadoop/hadoop-build-tools/3.4.0-SNAPSHOT/hadoop-build-tools-3.4.0-SNAPSHOT.pom
[INFO] Installing /home/runner/work/sonar-analysis/sonar-analysis/project/hadoop-build-tools/target/hadoop-build-tools-3.4.0-SNAPSHOT.jar to /home/runner/.m2/repository/org/apache/hadoop/hadoop-build-tools/3.4.0-SNAPSHOT/hadoop-build-tools-3.4.0-SNAPSHOT.jar
[INFO] 
[INFO] ------------------< org.apache.hadoop:hadoop-project >------------------
[INFO] Building Apache Hadoop Project POM 3.4.0-SNAPSHOT                [3/111]
[INFO]   from hadoop-project/pom.xml
[INFO] --------------------------------[ pom ]---------------------------------
[INFO] 
[INFO] --- clean:3.1.0:clean (default-clean) @ hadoop-project ---
[INFO] Deleting /home/runner/work/sonar-analysis/sonar-analysis/project/hadoop-project (includes = [dependency-reduced-pom.xml], excludes = [])
[INFO] 
[INFO] --- antrun:1.7:run (create-testdirs) @ hadoop-project ---
[INFO] Executing tasks

main:
    [mkdir] Created dir: /home/runner/work/sonar-analysis/sonar-analysis/project/hadoop-project/target/test-dir
[INFO] Executed tasks
[INFO] 
[INFO] --- replacer:1.5.3:replace (replace-generated-sources) @ hadoop-project ---
[INFO] Skipping
[INFO] 
[INFO] --- replacer:1.5.3:replace (replace-sources) @ hadoop-project ---
[INFO] Skipping
[INFO] 
[INFO] --- replacer:1.5.3:replace (replace-guava) @ hadoop-project ---
[INFO] Replacement run on 0 file.
[INFO] 
[INFO] --- remote-resources:1.5:process (default) @ hadoop-project ---
[INFO] 
[INFO] --- replacer:1.5.3:replace (replace-test-sources) @ hadoop-project ---
[INFO] Skipping
[INFO] 
[INFO] --- replacer:1.5.3:replace (replace-generated-test-sources) @ hadoop-project ---
[INFO] Skipping
[INFO] 
[INFO] --- site:3.6:attach-descriptor (attach-descriptor) @ hadoop-project ---
[INFO] Attaching 'src/site/site.xml' site descriptor with classifier 'site'.
[INFO] 
[INFO] --- enforcer:3.0.0-M1:enforce (depcheck) @ hadoop-project ---
[INFO] Skipping Rule Enforcement.
[INFO] 
[INFO] --- install:2.5.1:install (default-install) @ hadoop-project ---
[INFO] Installing /home/runner/work/sonar-analysis/sonar-analysis/project/hadoop-project/pom.xml to /home/runner/.m2/repository/org/apache/hadoop/hadoop-project/3.4.0-SNAPSHOT/hadoop-project-3.4.0-SNAPSHOT.pom
[INFO] Installing /home/runner/work/sonar-analysis/sonar-analysis/project/hadoop-project/target/hadoop-project-3.4.0-SNAPSHOT-site.xml to /home/runner/.m2/repository/org/apache/hadoop/hadoop-project/3.4.0-SNAPSHOT/hadoop-project-3.4.0-SNAPSHOT-site.xml
[INFO] 
[INFO] ----------------< org.apache.hadoop:hadoop-annotations >----------------
[INFO] Building Apache Hadoop Annotations 3.4.0-SNAPSHOT                [4/111]
[INFO]   from hadoop-common-project/hadoop-annotations/pom.xml
[INFO] --------------------------------[ jar ]---------------------------------
[INFO] 
[INFO] --- clean:3.1.0:clean (default-clean) @ hadoop-annotations ---
[INFO] Deleting /home/runner/work/sonar-analysis/sonar-analysis/project/hadoop-common-project/hadoop-annotations (includes = [dependency-reduced-pom.xml], excludes = [])
[INFO] 
[INFO] --- antrun:1.7:run (create-testdirs) @ hadoop-annotations ---
[INFO] Executing tasks

main:
    [mkdir] Created dir: /home/runner/work/sonar-analysis/sonar-analysis/project/hadoop-common-project/hadoop-annotations/target/test-dir
[INFO] Executed tasks
[INFO] 
[INFO] --- replacer:1.5.3:replace (replace-generated-sources) @ hadoop-annotations ---
[INFO] Skipping
[INFO] 
[INFO] --- replacer:1.5.3:replace (replace-sources) @ hadoop-annotations ---
[INFO] Skipping
[INFO] 
[INFO] --- replacer:1.5.3:replace (replace-guava) @ hadoop-annotations ---
[INFO] Replacement run on 9 files.
[INFO] 
[INFO] --- remote-resources:1.5:process (default) @ hadoop-annotations ---
[INFO] 
[INFO] --- resources:2.6:resources (default-resources) @ hadoop-annotations ---
[INFO] Using 'UTF-8' encoding to copy filtered resources.
[INFO] skip non existing resourceDirectory /home/runner/work/sonar-analysis/sonar-analysis/project/hadoop-common-project/hadoop-annotations/src/main/resources
[INFO] Copying 2 resources
[INFO] 
[INFO] --- compiler:3.1:compile (default-compile) @ hadoop-annotations ---
[INFO] Compiling 9 source files to /home/runner/work/sonar-analysis/sonar-analysis/project/hadoop-common-project/hadoop-annotations/target/classes
[INFO] 
[INFO] --- replacer:1.5.3:replace (replace-test-sources) @ hadoop-annotations ---
[INFO] Skipping
[INFO] 
[INFO] --- resources:2.6:testResources (default-testResources) @ hadoop-annotations ---
[INFO] Using 'UTF-8' encoding to copy filtered resources.
[INFO] skip non existing resourceDirectory /home/runner/work/sonar-analysis/sonar-analysis/project/hadoop-common-project/hadoop-annotations/src/test/resources
[INFO] Copying 2 resources
[INFO] 
[INFO] --- replacer:1.5.3:replace (replace-generated-test-sources) @ hadoop-annotations ---
[INFO] Skipping
[INFO] 
[INFO] --- compiler:3.1:testCompile (default-testCompile) @ hadoop-annotations ---
[INFO] No sources to compile
[INFO] 
[INFO] --- surefire:3.0.0-M1:test (default-test) @ hadoop-annotations ---
[INFO] Tests are skipped.
[INFO] 
[INFO] --- jar:2.5:jar (default-jar) @ hadoop-annotations ---
[INFO] Building jar: /home/runner/work/sonar-analysis/sonar-analysis/project/hadoop-common-project/hadoop-annotations/target/hadoop-annotations-3.4.0-SNAPSHOT.jar
[INFO] 
[INFO] --- site:3.6:attach-descriptor (attach-descriptor) @ hadoop-annotations ---
[INFO] Skipping because packaging 'jar' is not pom.
[INFO] 
[INFO] --- enforcer:3.0.0-M1:enforce (depcheck) @ hadoop-annotations ---
[INFO] Skipping Rule Enforcement.
[INFO] 
[INFO] --- install:2.5.1:install (default-install) @ hadoop-annotations ---
[INFO] Installing /home/runner/work/sonar-analysis/sonar-analysis/project/hadoop-common-project/hadoop-annotations/target/hadoop-annotations-3.4.0-SNAPSHOT.jar to /home/runner/.m2/repository/org/apache/hadoop/hadoop-annotations/3.4.0-SNAPSHOT/hadoop-annotations-3.4.0-SNAPSHOT.jar
[INFO] Installing /home/runner/work/sonar-analysis/sonar-analysis/project/hadoop-common-project/hadoop-annotations/pom.xml to /home/runner/.m2/repository/org/apache/hadoop/hadoop-annotations/3.4.0-SNAPSHOT/hadoop-annotations-3.4.0-SNAPSHOT.pom
[INFO] 
[INFO] ---------------< org.apache.hadoop:hadoop-project-dist >----------------
[INFO] Building Apache Hadoop Project Dist POM 3.4.0-SNAPSHOT           [5/111]
[INFO]   from hadoop-project-dist/pom.xml
[INFO] --------------------------------[ pom ]---------------------------------
[INFO] 
[INFO] --- clean:3.1.0:clean (default-clean) @ hadoop-project-dist ---
[INFO] Deleting /home/runner/work/sonar-analysis/sonar-analysis/project/hadoop-project-dist (includes = [dependency-reduced-pom.xml], excludes = [])
[INFO] 
[INFO] --- antrun:1.7:run (create-testdirs) @ hadoop-project-dist ---
[INFO] Executing tasks

main:
    [mkdir] Created dir: /home/runner/work/sonar-analysis/sonar-analysis/project/hadoop-project-dist/target/test-dir
    [mkdir] Created dir: /home/runner/work/sonar-analysis/sonar-analysis/project/hadoop-project-dist/target/test/data
[INFO] Executed tasks
[INFO] 
[INFO] --- replacer:1.5.3:replace (replace-generated-sources) @ hadoop-project-dist ---
[INFO] Skipping
[INFO] 
[INFO] --- replacer:1.5.3:replace (replace-sources) @ hadoop-project-dist ---
[INFO] Skipping
[INFO] 
[INFO] --- replacer:1.5.3:replace (replace-guava) @ hadoop-project-dist ---
[INFO] Replacement run on 0 file.
[INFO] 
[INFO] --- remote-resources:1.5:process (default) @ hadoop-project-dist ---
[INFO] 
[INFO] --- replacer:1.5.3:replace (replace-test-sources) @ hadoop-project-dist ---
[INFO] Skipping
[INFO] 
[INFO] --- replacer:1.5.3:replace (replace-generated-test-sources) @ hadoop-project-dist ---
[INFO] Skipping
[INFO] 
[INFO] --- jar:2.5:jar (prepare-jar) @ hadoop-project-dist ---
[WARNING] JAR will be empty - no content was marked for inclusion!
[INFO] Building jar: /home/runner/work/sonar-analysis/sonar-analysis/project/hadoop-project-dist/target/hadoop-project-dist-3.4.0-SNAPSHOT.jar
[INFO] 
[INFO] --- jar:2.5:test-jar (prepare-test-jar) @ hadoop-project-dist ---
[WARNING] JAR will be empty - no content was marked for inclusion!
[INFO] Building jar: /home/runner/work/sonar-analysis/sonar-analysis/project/hadoop-project-dist/target/hadoop-project-dist-3.4.0-SNAPSHOT-tests.jar
[INFO] 
[INFO] --- site:3.6:attach-descriptor (attach-descriptor) @ hadoop-project-dist ---
[INFO] No site descriptor found: nothing to attach.
[INFO] 
[INFO] --- enforcer:3.0.0-M1:enforce (depcheck) @ hadoop-project-dist ---
[INFO] Skipping Rule Enforcement.
[INFO] 
[INFO] --- install:2.5.1:install (default-install) @ hadoop-project-dist ---
[INFO] Installing /home/runner/work/sonar-analysis/sonar-analysis/project/hadoop-project-dist/pom.xml to /home/runner/.m2/repository/org/apache/hadoop/hadoop-project-dist/3.4.0-SNAPSHOT/hadoop-project-dist-3.4.0-SNAPSHOT.pom
[INFO] Installing /home/runner/work/sonar-analysis/sonar-analysis/project/hadoop-project-dist/target/hadoop-project-dist-3.4.0-SNAPSHOT-tests.jar to /home/runner/.m2/repository/org/apache/hadoop/hadoop-project-dist/3.4.0-SNAPSHOT/hadoop-project-dist-3.4.0-SNAPSHOT-tests.jar
[INFO] 
[INFO] ----------------< org.apache.hadoop:hadoop-assemblies >-----------------
[INFO] Building Apache Hadoop Assemblies 3.4.0-SNAPSHOT                 [6/111]
[INFO]   from hadoop-assemblies/pom.xml
[INFO] --------------------------------[ jar ]---------------------------------
[INFO] 
[INFO] --- enforcer:3.0.0-M1:enforce (clean) @ hadoop-assemblies ---
[INFO] Skipping Rule Enforcement.
[INFO] 
[INFO] --- clean:3.1.0:clean (default-clean) @ hadoop-assemblies ---
[INFO] Deleting /home/runner/work/sonar-analysis/sonar-analysis/project/hadoop-assemblies (includes = [dependency-reduced-pom.xml], excludes = [])
[INFO] 
[INFO] --- antrun:1.7:run (create-testdirs) @ hadoop-assemblies ---
[INFO] Executing tasks

main:
    [mkdir] Created dir: /home/runner/work/sonar-analysis/sonar-analysis/project/hadoop-assemblies/target/test-dir
[INFO] Executed tasks
[INFO] 
[INFO] --- enforcer:3.0.0-M1:enforce (default) @ hadoop-assemblies ---
[INFO] Skipping Rule Enforcement.
[INFO] 
[INFO] --- replacer:1.5.3:replace (replace-generated-sources) @ hadoop-assemblies ---
[INFO] Skipping
[INFO] 
[INFO] --- replacer:1.5.3:replace (replace-sources) @ hadoop-assemblies ---
[INFO] Skipping
[INFO] 
[INFO] --- replacer:1.5.3:replace (replace-guava) @ hadoop-assemblies ---
[INFO] Replacement run on 0 file.
[INFO] 
[INFO] --- remote-resources:1.5:process (default) @ hadoop-assemblies ---
[INFO] 
[INFO] --- resources:2.6:resources (default-resources) @ hadoop-assemblies ---
[INFO] Using 'UTF-8' encoding to copy filtered resources.
[INFO] Copying 16 resources
[INFO] Copying 2 resources
[INFO] 
[INFO] --- compiler:3.1:compile (default-compile) @ hadoop-assemblies ---
[INFO] No sources to compile
[INFO] 
[INFO] --- replacer:1.5.3:replace (replace-test-sources) @ hadoop-assemblies ---
[INFO] Skipping
[INFO] 
[INFO] --- resources:2.6:testResources (default-testResources) @ hadoop-assemblies ---
[INFO] Using 'UTF-8' encoding to copy filtered resources.
[INFO] skip non existing resourceDirectory /home/runner/work/sonar-analysis/sonar-analysis/project/hadoop-assemblies/src/test/resources
[INFO] Copying 2 resources
[INFO] 
[INFO] --- replacer:1.5.3:replace (replace-generated-test-sources) @ hadoop-assemblies ---
[INFO] Skipping
[INFO] 
[INFO] --- compiler:3.1:testCompile (default-testCompile) @ hadoop-assemblies ---
[INFO] No sources to compile
[INFO] 
[INFO] --- surefire:3.0.0-M1:test (default-test) @ hadoop-assemblies ---
[INFO] Tests are skipped.
[INFO] 
[INFO] --- jar:2.5:jar (default-jar) @ hadoop-assemblies ---
[INFO] Building jar: /home/runner/work/sonar-analysis/sonar-analysis/project/hadoop-assemblies/target/hadoop-assemblies-3.4.0-SNAPSHOT.jar
[INFO] 
[INFO] --- site:3.6:attach-descriptor (attach-descriptor) @ hadoop-assemblies ---
[INFO] Skipping because packaging 'jar' is not pom.
[INFO] 
[INFO] --- enforcer:3.0.0-M1:enforce (depcheck) @ hadoop-assemblies ---
[INFO] Skipping Rule Enforcement.
[INFO] 
[INFO] --- install:2.5.1:install (default-install) @ hadoop-assemblies ---
[INFO] Installing /home/runner/work/sonar-analysis/sonar-analysis/project/hadoop-assemblies/target/hadoop-assemblies-3.4.0-SNAPSHOT.jar to /home/runner/.m2/repository/org/apache/hadoop/hadoop-assemblies/3.4.0-SNAPSHOT/hadoop-assemblies-3.4.0-SNAPSHOT.jar
[INFO] Installing /home/runner/work/sonar-analysis/sonar-analysis/project/hadoop-assemblies/pom.xml to /home/runner/.m2/repository/org/apache/hadoop/hadoop-assemblies/3.4.0-SNAPSHOT/hadoop-assemblies-3.4.0-SNAPSHOT.pom
[INFO] 
[INFO] ---------------< org.apache.hadoop:hadoop-maven-plugins >---------------
[INFO] Building Apache Hadoop Maven Plugins 3.4.0-SNAPSHOT              [7/111]
[INFO]   from hadoop-maven-plugins/pom.xml
[INFO] ----------------------------[ maven-plugin ]----------------------------
[WARNING] Could not transfer metadata org.apache.hadoop.thirdparty:hadoop-shaded-guava:1.1.0-SNAPSHOT/maven-metadata.xml from/to github-packages (https://maven.pkg.github.com/SmallKlaus/maven-artifacts): status code: 401, reason phrase: Unauthorized (401)
[WARNING] org.apache.hadoop.thirdparty:hadoop-shaded-guava:1.1.0-SNAPSHOT/maven-metadata.xml failed to transfer from https://maven.pkg.github.com/SmallKlaus/maven-artifacts during a previous attempt. This failure was cached in the local repository and resolution will not be reattempted until the update interval of github-packages has elapsed or updates are forced. Original error: Could not transfer metadata org.apache.hadoop.thirdparty:hadoop-shaded-guava:1.1.0-SNAPSHOT/maven-metadata.xml from/to github-packages (https://maven.pkg.github.com/SmallKlaus/maven-artifacts): status code: 401, reason phrase: Unauthorized (401)
[INFO] ------------------------------------------------------------------------
[INFO] Reactor Summary for Apache Hadoop Main 3.4.0-SNAPSHOT:
[INFO] 
[INFO] Apache Hadoop Main ................................. SUCCESS [  0.627 s]
[INFO] Apache Hadoop Build Tools .......................... SUCCESS [  0.913 s]
[INFO] Apache Hadoop Project POM .......................... SUCCESS [  2.024 s]
[INFO] Apache Hadoop Annotations .......................... SUCCESS [  0.718 s]
[INFO] Apache Hadoop Project Dist POM ..................... SUCCESS [  0.058 s]
[INFO] Apache Hadoop Assemblies ........................... SUCCESS [  0.069 s]
[INFO] Apache Hadoop Maven Plugins ........................ FAILURE [  1.744 s]
[INFO] Apache Hadoop MiniKDC .............................. SKIPPED
[INFO] Apache Hadoop Auth ................................. SKIPPED
[INFO] Apache Hadoop Auth Examples ........................ SKIPPED
[INFO] Apache Hadoop Common ............................... SKIPPED
[INFO] Apache Hadoop NFS .................................. SKIPPED
[INFO] Apache Hadoop KMS .................................. SKIPPED
[INFO] Apache Hadoop Registry ............................. SKIPPED
[INFO] Apache Hadoop Common Project ....................... SKIPPED
[INFO] Apache Hadoop HDFS Client .......................... SKIPPED
[INFO] Apache Hadoop HDFS ................................. SKIPPED
[INFO] Apache Hadoop HDFS Native Client ................... SKIPPED
[INFO] Apache Hadoop HttpFS ............................... SKIPPED
[INFO] Apache Hadoop HDFS-NFS ............................. SKIPPED
[INFO] Apache Hadoop HDFS-RBF ............................. SKIPPED
[INFO] Apache Hadoop HDFS Project ......................... SKIPPED
[INFO] Apache Hadoop YARN ................................. SKIPPED
[INFO] Apache Hadoop YARN API ............................. SKIPPED
[INFO] Apache Hadoop YARN Common .......................... SKIPPED
[INFO] Apache Hadoop YARN Server .......................... SKIPPED
[INFO] Apache Hadoop YARN Server Common ................... SKIPPED
[INFO] Apache Hadoop YARN NodeManager ..................... SKIPPED
[INFO] Apache Hadoop YARN Web Proxy ....................... SKIPPED
[INFO] Apache Hadoop YARN ApplicationHistoryService ....... SKIPPED
[INFO] Apache Hadoop YARN Timeline Service ................ SKIPPED
[INFO] Apache Hadoop YARN ResourceManager ................. SKIPPED
[INFO] Apache Hadoop YARN Server Tests .................... SKIPPED
[INFO] Apache Hadoop YARN Client .......................... SKIPPED
[INFO] Apache Hadoop YARN SharedCacheManager .............. SKIPPED
[INFO] Apache Hadoop YARN Timeline Plugin Storage ......... SKIPPED
[INFO] Apache Hadoop YARN TimelineService HBase Backend ... SKIPPED
[INFO] Apache Hadoop YARN TimelineService HBase Common .... SKIPPED
[INFO] Apache Hadoop YARN TimelineService HBase Client .... SKIPPED
[INFO] Apache Hadoop YARN TimelineService HBase Servers ... SKIPPED
[INFO] Apache Hadoop YARN TimelineService HBase Server 1.2  SKIPPED
[INFO] Apache Hadoop YARN TimelineService HBase tests ..... SKIPPED
[INFO] Apache Hadoop YARN Router .......................... SKIPPED
[INFO] Apache Hadoop YARN TimelineService DocumentStore ... SKIPPED
[INFO] Apache Hadoop YARN Applications .................... SKIPPED
[INFO] Apache Hadoop YARN DistributedShell ................ SKIPPED
[INFO] Apache Hadoop YARN Unmanaged Am Launcher ........... SKIPPED
[INFO] Apache Hadoop MapReduce Client ..................... SKIPPED
[INFO] Apache Hadoop MapReduce Core ....................... SKIPPED
[INFO] Apache Hadoop MapReduce Common ..................... SKIPPED
[INFO] Apache Hadoop MapReduce Shuffle .................... SKIPPED
[INFO] Apache Hadoop MapReduce App ........................ SKIPPED
[INFO] Apache Hadoop MapReduce HistoryServer .............. SKIPPED
[INFO] Apache Hadoop MapReduce JobClient .................. SKIPPED
[INFO] Apache Hadoop Mini-Cluster ......................... SKIPPED
[INFO] Apache Hadoop YARN Services ........................ SKIPPED
[INFO] Apache Hadoop YARN Services Core ................... SKIPPED
[INFO] Apache Hadoop YARN Services API .................... SKIPPED
[INFO] Apache Hadoop YARN Application Catalog ............. SKIPPED
[INFO] Apache Hadoop YARN Application Catalog Webapp ...... SKIPPED
[INFO] Apache Hadoop YARN Application Catalog Docker Image  SKIPPED
[INFO] Apache Hadoop YARN Application MaWo ................ SKIPPED
[INFO] Apache Hadoop YARN Application MaWo Core ........... SKIPPED
[INFO] Apache Hadoop YARN Site ............................ SKIPPED
[INFO] Apache Hadoop YARN Registry ........................ SKIPPED
[INFO] Apache Hadoop YARN UI .............................. SKIPPED
[INFO] Apache Hadoop YARN CSI ............................. SKIPPED
[INFO] Apache Hadoop YARN Project ......................... SKIPPED
[INFO] Apache Hadoop MapReduce HistoryServer Plugins ...... SKIPPED
[INFO] Apache Hadoop MapReduce NativeTask ................. SKIPPED
[INFO] Apache Hadoop MapReduce Uploader ................... SKIPPED
[INFO] Apache Hadoop MapReduce Examples ................... SKIPPED
[INFO] Apache Hadoop MapReduce ............................ SKIPPED
[INFO] Apache Hadoop MapReduce Streaming .................. SKIPPED
[INFO] Apache Hadoop Distributed Copy ..................... SKIPPED
[INFO] Apache Hadoop Federation Balance ................... SKIPPED
[INFO] Apache Hadoop Client Aggregator .................... SKIPPED
[INFO] Apache Hadoop Dynamometer Workload Simulator ....... SKIPPED
[INFO] Apache Hadoop Dynamometer Cluster Simulator ........ SKIPPED
[INFO] Apache Hadoop Dynamometer Block Listing Generator .. SKIPPED
[INFO] Apache Hadoop Dynamometer Dist ..................... SKIPPED
[INFO] Apache Hadoop Dynamometer .......................... SKIPPED
[INFO] Apache Hadoop Archives ............................. SKIPPED
[INFO] Apache Hadoop Archive Logs ......................... SKIPPED
[INFO] Apache Hadoop Rumen ................................ SKIPPED
[INFO] Apache Hadoop Gridmix .............................. SKIPPED
[INFO] Apache Hadoop Data Join ............................ SKIPPED
[INFO] Apache Hadoop Extras ............................... SKIPPED
[INFO] Apache Hadoop Pipes ................................ SKIPPED
[INFO] Apache Hadoop OpenStack support .................... SKIPPED
[INFO] Apache Hadoop Amazon Web Services support .......... SKIPPED
[INFO] Apache Hadoop Kafka Library support ................ SKIPPED
[INFO] Apache Hadoop Azure support ........................ SKIPPED
[INFO] Apache Hadoop Aliyun OSS support ................... SKIPPED
[INFO] Apache Hadoop Scheduler Load Simulator ............. SKIPPED
[INFO] Apache Hadoop Resource Estimator Service ........... SKIPPED
[INFO] Apache Hadoop Azure Data Lake support .............. SKIPPED
[INFO] Apache Hadoop Image Generation Tool ................ SKIPPED
[INFO] Apache Hadoop Tools Dist ........................... SKIPPED
[INFO] Apache Hadoop Tools ................................ SKIPPED
[INFO] Apache Hadoop Client API ........................... SKIPPED
[INFO] Apache Hadoop Client Runtime ....................... SKIPPED
[INFO] Apache Hadoop Client Packaging Invariants .......... SKIPPED
[INFO] Apache Hadoop Client Test Minicluster .............. SKIPPED
[INFO] Apache Hadoop Client Packaging Invariants for Test . SKIPPED
[INFO] Apache Hadoop Client Packaging Integration Tests ... SKIPPED
[INFO] Apache Hadoop Distribution ......................... SKIPPED
[INFO] Apache Hadoop Client Modules ....................... SKIPPED
[INFO] Apache Hadoop Tencent COS Support .................. SKIPPED
[INFO] Apache Hadoop Cloud Storage ........................ SKIPPED
[INFO] Apache Hadoop Cloud Storage Project ................ SKIPPED
[INFO] ------------------------------------------------------------------------
[INFO] BUILD FAILURE
[INFO] ------------------------------------------------------------------------
[INFO] Total time:  7.617 s
[INFO] Finished at: 2026-05-07T13:58:13Z
[INFO] ------------------------------------------------------------------------
[ERROR] Failed to execute goal on project hadoop-maven-plugins: Could not collect dependencies for project org.apache.hadoop:hadoop-maven-plugins:maven-plugin:3.4.0-SNAPSHOT
[ERROR] Failed to read artifact descriptor for org.apache.hadoop.thirdparty:hadoop-shaded-guava:jar:1.1.0-SNAPSHOT
[ERROR] 	Caused by: The following artifacts could not be resolved: org.apache.hadoop.thirdparty:hadoop-shaded-guava:pom:1.1.0-SNAPSHOT (absent): Could not transfer artifact org.apache.hadoop.thirdparty:hadoop-shaded-guava:pom:1.1.0-SNAPSHOT from/to github-packages (https://maven.pkg.github.com/SmallKlaus/maven-artifacts): status code: 401, reason phrase: Unauthorized (401)
[ERROR] -> [Help 1]
[ERROR] 
[ERROR] To see the full stack trace of the errors, re-run Maven with the -e switch.
[ERROR] Re-run Maven using the -X switch to enable full debug logging.
[ERROR] 
[ERROR] For more information about the errors and possible solutions, please read the following articles:
[ERROR] [Help 1] http://cwiki.apache.org/confluence/display/MAVEN/DependencyResolutionException
[ERROR] 
[ERROR] After correcting the problems, you can resume the build with the command
[ERROR]   mvn <args> -rf :hadoop-maven-plugins
