[WARNING] 
[WARNING] Some problems were encountered while building the effective settings
[WARNING] 'profiles.profile[repos].repositories.repository.id' must be unique but found duplicate repository with id mapr-public @ /home/runner/.m2/settings.xml
[WARNING] 'profiles.profile[repos].repositories.repository.id' must be unique but found duplicate repository with id apache-snapshots @ /home/runner/.m2/settings.xml
[WARNING] 'profiles.profile[repos].repositories.repository.id' must be unique but found duplicate repository with id apache-group-snapshots @ /home/runner/.m2/settings.xml
[WARNING] 
[INFO] Scanning for projects...
[INFO] ------------------------------------------------------------------------
[INFO] Detecting the operating system and CPU architecture
[INFO] ------------------------------------------------------------------------
[INFO] os.detected.name: linux
[INFO] os.detected.arch: x86_64
[INFO] os.detected.version: 6.17
[INFO] os.detected.version.major: 6
[INFO] os.detected.version.minor: 17
[INFO] os.detected.release: ubuntu
[INFO] os.detected.release.version: 24.04
[INFO] os.detected.release.like.ubuntu: true
[INFO] os.detected.release.like.debian: true
[INFO] os.detected.classifier: linux-x86_64
[INFO] ------------------------------------------------------------------------
[INFO] Reactor Build Order:
[INFO] 
[INFO] Apache HBase                                                       [pom]
[INFO] Apache HBase - Checkstyle                                          [jar]
[INFO] Apache HBase - Annotations                                         [jar]
[INFO] Apache HBase - Build Configuration                                 [pom]
[INFO] Apache HBase - Shaded Protocol                                     [jar]
[INFO] Apache HBase - Common                                              [jar]
[INFO] Apache HBase - Metrics API                                         [jar]
[INFO] Apache HBase - Hadoop Compatibility                                [jar]
[INFO] Apache HBase - Metrics Implementation                              [jar]
[INFO] Apache HBase - Hadoop Two Compatibility                            [jar]
[INFO] Apache HBase - Protocol                                            [jar]
[INFO] Apache HBase - Client                                              [jar]
[INFO] Apache HBase - Zookeeper                                           [jar]
[INFO] Apache HBase - Replication                                         [jar]
[INFO] Apache HBase - Resource Bundle                                     [jar]
[INFO] Apache HBase - HTTP                                                [jar]
[INFO] Apache HBase - Procedure                                           [jar]
[INFO] Apache HBase - Server                                              [jar]
[INFO] Apache HBase - MapReduce                                           [jar]
[INFO] Apache HBase - Testing Util                                        [jar]
[INFO] Apache HBase - Thrift                                              [jar]
[INFO] Apache HBase - RSGroup                                             [jar]
[INFO] Apache HBase - Shell                                               [jar]
[INFO] Apache HBase - Coprocessor Endpoint                                [jar]
[INFO] Apache HBase - Integration Tests                                   [jar]
[INFO] Apache HBase - Rest                                                [jar]
[INFO] Apache HBase - Examples                                            [jar]
[INFO] Apache HBase - Shaded                                              [pom]
[INFO] Apache HBase - Shaded - Client (with Hadoop bundled)               [jar]
[INFO] Apache HBase - Shaded - Client                                     [jar]
[INFO] Apache HBase - Shaded - MapReduce                                  [jar]
[INFO] Apache HBase - External Block Cache                                [jar]
[INFO] Apache HBase - HBTop                                               [jar]
[INFO] Apache HBase - Assembly                                            [pom]
[INFO] Apache HBase - Shaded - Testing Util                               [jar]
[INFO] Apache HBase - Shaded - Testing Util Tester                        [jar]
[INFO] Apache HBase Shaded Packaging Invariants                           [pom]
[INFO] Apache HBase Shaded Packaging Invariants (with Hadoop bundled)     [pom]
[INFO] Apache HBase - Archetypes                                          [pom]
[INFO] Apache HBase - Exemplar for hbase-client archetype                 [jar]
[INFO] Apache HBase - Exemplar for hbase-shaded-client archetype          [jar]
[INFO] Apache HBase - Archetype builder                                   [pom]
[INFO] 
[INFO] -----------------------< org.apache.hbase:hbase >-----------------------
[INFO] Building Apache HBase 2.2.4-SNAPSHOT                              [1/42]
[INFO]   from pom.xml
[INFO] --------------------------------[ pom ]---------------------------------
[WARNING] Parameter 'customBundle' is unknown for plugin 'maven-site-plugin:3.7.1:attach-descriptor (attach-descriptor)'
[INFO] 
[INFO] --- clean:3.1.0:clean (default-clean) @ hbase ---
[INFO] 
[INFO] --- build-helper:3.0.0:bsh-property (negate-license-bundles-property) @ hbase ---
[INFO] 
[INFO] --- build-helper:3.0.0:regex-property (create-license-file-path-property) @ hbase ---
[INFO] No match to regex '\\' found in '/home/runner/work/sonar-analysis/sonar-analysis/project/target/maven-shared-archive-resources/META-INF/LICENSE'. The initial value '/home/runner/work/sonar-analysis/sonar-analysis/project/target/maven-shared-archive-resources/META-INF/LICENSE' is left as-is...
[INFO] 
[INFO] --- enforcer:3.0.0-M2:enforce (enforce-maven-version) @ hbase ---
[INFO] Skipping Rule Enforcement.
[INFO] 
[INFO] --- enforcer:3.0.0-M2:enforce (hadoop-profile-min-maven-min-java-banned-xerces) @ hbase ---
[INFO] Skipping Rule Enforcement.
[INFO] 
[INFO] --- enforcer:3.0.0-M2:enforce (banned-jsr305) @ hbase ---
[INFO] Skipping Rule Enforcement.
[INFO] 
[INFO] --- buildnumber:1.4:create-timestamp (default) @ hbase ---
[INFO] 
[INFO] --- enforcer:3.0.0-M2:enforce (banned-illegal-imports) @ hbase ---
[INFO] Skipping Rule Enforcement.
[INFO] 
[INFO] --- remote-resources:1.5:process (process-resource-bundles) @ hbase ---
[INFO] 
[INFO] --- enforcer:3.0.0-M2:enforce (check-aggregate-license) @ hbase ---
[INFO] Skipping Rule Enforcement.
[INFO] 
[INFO] --- site:3.7.1:attach-descriptor (attach-descriptor) @ hbase ---
[INFO] Attaching 'src/site/site.xml' site descriptor with classifier 'site'.
[INFO] 
[INFO] --- install:2.5.2:install (default-install) @ hbase ---
[INFO] Installing /home/runner/work/sonar-analysis/sonar-analysis/project/pom.xml to /home/runner/.m2/repository/org/apache/hbase/hbase/2.2.4-SNAPSHOT/hbase-2.2.4-SNAPSHOT.pom
[INFO] Installing /home/runner/work/sonar-analysis/sonar-analysis/project/target/hbase-2.2.4-SNAPSHOT-site.xml to /home/runner/.m2/repository/org/apache/hbase/hbase/2.2.4-SNAPSHOT/hbase-2.2.4-SNAPSHOT-site.xml
[INFO] 
[INFO] -----------------< org.apache.hbase:hbase-checkstyle >------------------
[INFO] Building Apache HBase - Checkstyle 2.2.4-SNAPSHOT                 [2/42]
[INFO]   from hbase-checkstyle/pom.xml
[INFO] --------------------------------[ jar ]---------------------------------
[WARNING] Parameter 'customBundle' is unknown for plugin 'maven-site-plugin:3.7.1:attach-descriptor (attach-descriptor)'
[INFO] 
[INFO] --- clean:3.1.0:clean (default-clean) @ hbase-checkstyle ---
[INFO] 
[INFO] --- build-helper:3.0.0:bsh-property (negate-license-bundles-property) @ hbase-checkstyle ---
[INFO] 
[INFO] --- build-helper:3.0.0:regex-property (create-license-file-path-property) @ hbase-checkstyle ---
[INFO] No match to regex '\\' found in '/home/runner/work/sonar-analysis/sonar-analysis/project/hbase-checkstyle/target/maven-shared-archive-resources/META-INF/LICENSE'. The initial value '/home/runner/work/sonar-analysis/sonar-analysis/project/hbase-checkstyle/target/maven-shared-archive-resources/META-INF/LICENSE' is left as-is...
[INFO] 
[INFO] --- enforcer:3.0.0-M2:enforce (enforce-maven-version) @ hbase-checkstyle ---
[INFO] Skipping Rule Enforcement.
[INFO] 
[INFO] --- enforcer:3.0.0-M2:enforce (hadoop-profile-min-maven-min-java-banned-xerces) @ hbase-checkstyle ---
[INFO] Skipping Rule Enforcement.
[INFO] 
[INFO] --- enforcer:3.0.0-M2:enforce (banned-jsr305) @ hbase-checkstyle ---
[INFO] Skipping Rule Enforcement.
[INFO] 
[INFO] --- buildnumber:1.4:create-timestamp (default) @ hbase-checkstyle ---
[INFO] 
[INFO] --- enforcer:3.0.0-M2:enforce (banned-illegal-imports) @ hbase-checkstyle ---
[INFO] Skipping Rule Enforcement.
[INFO] 
[INFO] --- remote-resources:1.5:process (process-resource-bundles) @ hbase-checkstyle ---
[INFO] 
[INFO] --- resources:3.1.0:resources (default-resources) @ hbase-checkstyle ---
[INFO] Using 'UTF-8' encoding to copy filtered resources.
[INFO] Copying 2 resources
[INFO] Copying 3 resources
[INFO] 
[INFO] --- enforcer:3.0.0-M2:enforce (check-aggregate-license) @ hbase-checkstyle ---
[INFO] Skipping Rule Enforcement.
[INFO] 
[INFO] --- compiler:3.7.0:compile (default-compile) @ hbase-checkstyle ---
[INFO] No sources to compile
[INFO] 
[INFO] --- resources:3.1.0:testResources (default-testResources) @ hbase-checkstyle ---
[INFO] Using 'UTF-8' encoding to copy filtered resources.
[INFO] skip non existing resourceDirectory /home/runner/work/sonar-analysis/sonar-analysis/project/hbase-checkstyle/src/test/resources
[INFO] Copying 3 resources
[INFO] 
[INFO] --- compiler:3.7.0:testCompile (default-testCompile) @ hbase-checkstyle ---
[INFO] No sources to compile
[INFO] 
[INFO] --- surefire:3.0.0-M4:test (default-test) @ hbase-checkstyle ---
[INFO] Tests are skipped.
[INFO] 
[INFO] --- surefire:3.0.0-M4:test (secondPartTestsExecution) @ hbase-checkstyle ---
[INFO] Tests are skipped.
[INFO] 
[INFO] --- jar:3.1.0:test-jar (default) @ hbase-checkstyle ---
[INFO] Building jar: /home/runner/work/sonar-analysis/sonar-analysis/project/hbase-checkstyle/target/hbase-checkstyle-2.2.4-SNAPSHOT-tests.jar
[INFO] 
[INFO] --- jar:3.1.0:jar (default-jar) @ hbase-checkstyle ---
[INFO] Building jar: /home/runner/work/sonar-analysis/sonar-analysis/project/hbase-checkstyle/target/hbase-checkstyle-2.2.4-SNAPSHOT.jar
[INFO] 
[INFO] --- site:3.7.1:attach-descriptor (attach-descriptor) @ hbase-checkstyle ---
[INFO] Skipping because packaging 'jar' is not pom.
[INFO] 
[INFO] --- install:2.5.2:install (default-install) @ hbase-checkstyle ---
[INFO] Installing /home/runner/work/sonar-analysis/sonar-analysis/project/hbase-checkstyle/target/hbase-checkstyle-2.2.4-SNAPSHOT.jar to /home/runner/.m2/repository/org/apache/hbase/hbase-checkstyle/2.2.4-SNAPSHOT/hbase-checkstyle-2.2.4-SNAPSHOT.jar
[INFO] Installing /home/runner/work/sonar-analysis/sonar-analysis/project/hbase-checkstyle/pom.xml to /home/runner/.m2/repository/org/apache/hbase/hbase-checkstyle/2.2.4-SNAPSHOT/hbase-checkstyle-2.2.4-SNAPSHOT.pom
[INFO] Installing /home/runner/work/sonar-analysis/sonar-analysis/project/hbase-checkstyle/target/hbase-checkstyle-2.2.4-SNAPSHOT-tests.jar to /home/runner/.m2/repository/org/apache/hbase/hbase-checkstyle/2.2.4-SNAPSHOT/hbase-checkstyle-2.2.4-SNAPSHOT-tests.jar
[INFO] 
[INFO] -----------------< org.apache.hbase:hbase-annotations >-----------------
[INFO] Building Apache HBase - Annotations 2.2.4-SNAPSHOT                [3/42]
[INFO]   from hbase-annotations/pom.xml
[INFO] --------------------------------[ jar ]---------------------------------
[WARNING] Parameter 'customBundle' is unknown for plugin 'maven-site-plugin:3.7.1:attach-descriptor (attach-descriptor)'
[INFO] 
[INFO] --- clean:3.1.0:clean (default-clean) @ hbase-annotations ---
[INFO] 
[INFO] --- build-helper:3.0.0:bsh-property (negate-license-bundles-property) @ hbase-annotations ---
[INFO] 
[INFO] --- build-helper:3.0.0:regex-property (create-license-file-path-property) @ hbase-annotations ---
[INFO] No match to regex '\\' found in '/home/runner/work/sonar-analysis/sonar-analysis/project/hbase-annotations/target/maven-shared-archive-resources/META-INF/LICENSE'. The initial value '/home/runner/work/sonar-analysis/sonar-analysis/project/hbase-annotations/target/maven-shared-archive-resources/META-INF/LICENSE' is left as-is...
[INFO] 
[INFO] --- enforcer:3.0.0-M2:enforce (enforce-maven-version) @ hbase-annotations ---
[INFO] Skipping Rule Enforcement.
[INFO] 
[INFO] --- enforcer:3.0.0-M2:enforce (hadoop-profile-min-maven-min-java-banned-xerces) @ hbase-annotations ---
[INFO] Skipping Rule Enforcement.
[INFO] 
[INFO] --- enforcer:3.0.0-M2:enforce (banned-jsr305) @ hbase-annotations ---
[INFO] Skipping Rule Enforcement.
[INFO] 
[INFO] --- buildnumber:1.4:create-timestamp (default) @ hbase-annotations ---
[INFO] 
[INFO] --- enforcer:3.0.0-M2:enforce (banned-illegal-imports) @ hbase-annotations ---
[INFO] Skipping Rule Enforcement.
[INFO] 
[INFO] --- remote-resources:1.5:process (process-resource-bundles) @ hbase-annotations ---
[INFO] 
[INFO] --- resources:3.1.0:resources (default-resources) @ hbase-annotations ---
[INFO] Using 'UTF-8' encoding to copy filtered resources.
[INFO] skip non existing resourceDirectory /home/runner/work/sonar-analysis/sonar-analysis/project/hbase-annotations/src/main/resources
[INFO] Copying 3 resources
[INFO] 
[INFO] --- enforcer:3.0.0-M2:enforce (check-aggregate-license) @ hbase-annotations ---
[INFO] Skipping Rule Enforcement.
[INFO] 
[INFO] --- compiler:3.7.0:compile (default-compile) @ hbase-annotations ---
[INFO] No sources to compile
[INFO] 
[INFO] --- resources:3.1.0:testResources (default-testResources) @ hbase-annotations ---
[INFO] Using 'UTF-8' encoding to copy filtered resources.
[INFO] skip non existing resourceDirectory /home/runner/work/sonar-analysis/sonar-analysis/project/hbase-annotations/src/test/resources
[INFO] Copying 3 resources
[INFO] 
[INFO] --- compiler:3.7.0:testCompile (default-testCompile) @ hbase-annotations ---
[INFO] Compiling 21 source files to /home/runner/work/sonar-analysis/sonar-analysis/project/hbase-annotations/target/test-classes
[INFO] 
[INFO] --- warbucks:1.1.0:check (run-warbucks) @ hbase-annotations ---
[INFO] Rule 0: Class Matches: 0
[INFO] Rule 0: Class Failures: 0
[INFO] Total class failures: 0
[INFO] 
[INFO] --- surefire:3.0.0-M4:test (default-test) @ hbase-annotations ---
[INFO] Tests are skipped.
[INFO] 
[INFO] --- surefire:3.0.0-M4:test (secondPartTestsExecution) @ hbase-annotations ---
[INFO] Tests are skipped.
[INFO] 
[INFO] --- jar:3.1.0:test-jar (default) @ hbase-annotations ---
[INFO] Building jar: /home/runner/work/sonar-analysis/sonar-analysis/project/hbase-annotations/target/hbase-annotations-2.2.4-SNAPSHOT-tests.jar
[INFO] 
[INFO] --- jar:3.1.0:jar (default-jar) @ hbase-annotations ---
[INFO] Building jar: /home/runner/work/sonar-analysis/sonar-analysis/project/hbase-annotations/target/hbase-annotations-2.2.4-SNAPSHOT.jar
[INFO] 
[INFO] --- site:3.7.1:attach-descriptor (attach-descriptor) @ hbase-annotations ---
[INFO] Skipping because packaging 'jar' is not pom.
[INFO] 
[INFO] --- install:2.5.2:install (default-install) @ hbase-annotations ---
[INFO] Installing /home/runner/work/sonar-analysis/sonar-analysis/project/hbase-annotations/target/hbase-annotations-2.2.4-SNAPSHOT.jar to /home/runner/.m2/repository/org/apache/hbase/hbase-annotations/2.2.4-SNAPSHOT/hbase-annotations-2.2.4-SNAPSHOT.jar
[INFO] Installing /home/runner/work/sonar-analysis/sonar-analysis/project/hbase-annotations/pom.xml to /home/runner/.m2/repository/org/apache/hbase/hbase-annotations/2.2.4-SNAPSHOT/hbase-annotations-2.2.4-SNAPSHOT.pom
[INFO] Installing /home/runner/work/sonar-analysis/sonar-analysis/project/hbase-annotations/target/hbase-annotations-2.2.4-SNAPSHOT-tests.jar to /home/runner/.m2/repository/org/apache/hbase/hbase-annotations/2.2.4-SNAPSHOT/hbase-annotations-2.2.4-SNAPSHOT-tests.jar
[INFO] 
[INFO] -------------< org.apache.hbase:hbase-build-configuration >-------------
[INFO] Building Apache HBase - Build Configuration 2.2.4-SNAPSHOT        [4/42]
[INFO]   from hbase-build-configuration/pom.xml
[INFO] --------------------------------[ pom ]---------------------------------
[WARNING] Parameter 'customBundle' is unknown for plugin 'maven-site-plugin:3.7.1:attach-descriptor (attach-descriptor)'
[WARNING] 2 problems were encountered while building the effective model for org.apache.yetus:audience-annotations:jar:0.5.0 during dependency collection step for project (use -X to see details)
[INFO] 
[INFO] --- clean:3.1.0:clean (default-clean) @ hbase-build-configuration ---
[INFO] 
[INFO] --- build-helper:3.0.0:bsh-property (negate-license-bundles-property) @ hbase-build-configuration ---
[INFO] 
[INFO] --- build-helper:3.0.0:regex-property (create-license-file-path-property) @ hbase-build-configuration ---
[INFO] No match to regex '\\' found in '/home/runner/work/sonar-analysis/sonar-analysis/project/hbase-build-configuration/target/maven-shared-archive-resources/META-INF/LICENSE'. The initial value '/home/runner/work/sonar-analysis/sonar-analysis/project/hbase-build-configuration/target/maven-shared-archive-resources/META-INF/LICENSE' is left as-is...
[INFO] 
[INFO] --- enforcer:3.0.0-M2:enforce (enforce-maven-version) @ hbase-build-configuration ---
[INFO] Skipping Rule Enforcement.
[INFO] 
[INFO] --- enforcer:3.0.0-M2:enforce (hadoop-profile-min-maven-min-java-banned-xerces) @ hbase-build-configuration ---
[INFO] Skipping Rule Enforcement.
[INFO] 
[INFO] --- enforcer:3.0.0-M2:enforce (banned-jsr305) @ hbase-build-configuration ---
[INFO] Skipping Rule Enforcement.
[INFO] 
[INFO] --- buildnumber:1.4:create-timestamp (default) @ hbase-build-configuration ---
[INFO] 
[INFO] --- enforcer:3.0.0-M2:enforce (banned-illegal-imports) @ hbase-build-configuration ---
[INFO] Skipping Rule Enforcement.
[INFO] 
[INFO] --- remote-resources:1.5:process (process-resource-bundles) @ hbase-build-configuration ---
[INFO] 
[INFO] --- enforcer:3.0.0-M2:enforce (check-aggregate-license) @ hbase-build-configuration ---
[INFO] Skipping Rule Enforcement.
[INFO] 
[INFO] --- site:3.7.1:attach-descriptor (attach-descriptor) @ hbase-build-configuration ---
[INFO] No site descriptor found: nothing to attach.
[INFO] 
[INFO] --- install:2.5.2:install (default-install) @ hbase-build-configuration ---
[INFO] Installing /home/runner/work/sonar-analysis/sonar-analysis/project/hbase-build-configuration/pom.xml to /home/runner/.m2/repository/org/apache/hbase/hbase-build-configuration/2.2.4-SNAPSHOT/hbase-build-configuration-2.2.4-SNAPSHOT.pom
[INFO] 
[INFO] ---------------< org.apache.hbase:hbase-protocol-shaded >---------------
[INFO] Building Apache HBase - Shaded Protocol 2.2.4-SNAPSHOT            [5/42]
[INFO]   from hbase-protocol-shaded/pom.xml
[INFO] --------------------------------[ jar ]---------------------------------
[WARNING] Parameter 'customBundle' is unknown for plugin 'maven-site-plugin:3.7.1:attach-descriptor (attach-descriptor)'
[INFO] 
[INFO] --- clean:3.1.0:clean (default-clean) @ hbase-protocol-shaded ---
[INFO] 
[INFO] --- build-helper:3.0.0:bsh-property (negate-license-bundles-property) @ hbase-protocol-shaded ---
[INFO] 
[INFO] --- build-helper:3.0.0:regex-property (create-license-file-path-property) @ hbase-protocol-shaded ---
[INFO] No match to regex '\\' found in '/home/runner/work/sonar-analysis/sonar-analysis/project/hbase-protocol-shaded/target/maven-shared-archive-resources/META-INF/LICENSE'. The initial value '/home/runner/work/sonar-analysis/sonar-analysis/project/hbase-protocol-shaded/target/maven-shared-archive-resources/META-INF/LICENSE' is left as-is...
[INFO] 
[INFO] --- enforcer:3.0.0-M2:enforce (enforce-maven-version) @ hbase-protocol-shaded ---
[INFO] Skipping Rule Enforcement.
[INFO] 
[INFO] --- enforcer:3.0.0-M2:enforce (hadoop-profile-min-maven-min-java-banned-xerces) @ hbase-protocol-shaded ---
[INFO] Skipping Rule Enforcement.
[INFO] 
[INFO] --- enforcer:3.0.0-M2:enforce (banned-jsr305) @ hbase-protocol-shaded ---
[INFO] Skipping Rule Enforcement.
[INFO] 
[INFO] --- buildnumber:1.4:create-timestamp (default) @ hbase-protocol-shaded ---
[INFO] 
[INFO] --- protobuf:0.5.0:compile (compile-protoc) @ hbase-protocol-shaded ---
[INFO] Compiling 31 proto file(s) to /home/runner/work/sonar-analysis/sonar-analysis/project/hbase-protocol-shaded/target/generated-sources/protobuf/java
[INFO] 
[INFO] --- enforcer:3.0.0-M2:enforce (banned-illegal-imports) @ hbase-protocol-shaded ---
[INFO] Skipping Rule Enforcement.
[INFO] 
[INFO] --- replacer:1.5.3:replace (default) @ hbase-protocol-shaded ---
[INFO] Replacement run on 31 files.
[INFO] 
[INFO] --- remote-resources:1.5:process (process-resource-bundles) @ hbase-protocol-shaded ---
[INFO] 
[INFO] --- resources:3.1.0:resources (default-resources) @ hbase-protocol-shaded ---
[INFO] Using 'UTF-8' encoding to copy filtered resources.
[INFO] Copying 31 resources
[INFO] Copying 3 resources
[INFO] 
[INFO] --- enforcer:3.0.0-M2:enforce (check-aggregate-license) @ hbase-protocol-shaded ---
[INFO] Skipping Rule Enforcement.
[INFO] 
[INFO] --- compiler:3.7.0:compile (default-compile) @ hbase-protocol-shaded ---
[INFO] Compiling 32 source files to /home/runner/work/sonar-analysis/sonar-analysis/project/hbase-protocol-shaded/target/classes
[INFO] /home/runner/work/sonar-analysis/sonar-analysis/project/hbase-protocol-shaded/target/generated-sources/protobuf/java/org/apache/hadoop/hbase/shaded/protobuf/generated/AdminProtos.java: Some input files use or override a deprecated API.
[INFO] /home/runner/work/sonar-analysis/sonar-analysis/project/hbase-protocol-shaded/target/generated-sources/protobuf/java/org/apache/hadoop/hbase/shaded/protobuf/generated/AdminProtos.java: Recompile with -Xlint:deprecation for details.
[INFO] -------------------------------------------------------------
[ERROR] COMPILATION ERROR : 
[INFO] -------------------------------------------------------------
[ERROR] /home/runner/work/sonar-analysis/sonar-analysis/project/hbase-protocol-shaded/target/generated-sources/protobuf/java/org/apache/hadoop/hbase/shaded/protobuf/generated/AdminProtos.java:[6,18] package javax.annotation does not exist
[ERROR] /home/runner/work/sonar-analysis/sonar-analysis/project/hbase-protocol-shaded/target/generated-sources/protobuf/java/org/apache/hadoop/hbase/shaded/protobuf/generated/HBaseProtos.java:[6,18] package javax.annotation does not exist
[ERROR] /home/runner/work/sonar-analysis/sonar-analysis/project/hbase-protocol-shaded/target/generated-sources/protobuf/java/org/apache/hadoop/hbase/shaded/protobuf/generated/HBaseProtos.java:[6509,20] package javax.annotation does not exist
[ERROR] /home/runner/work/sonar-analysis/sonar-analysis/project/hbase-protocol-shaded/target/generated-sources/protobuf/java/org/apache/hadoop/hbase/shaded/protobuf/generated/HBaseProtos.java:[6922,22] package javax.annotation does not exist
[ERROR] /home/runner/work/sonar-analysis/sonar-analysis/project/hbase-protocol-shaded/target/generated-sources/protobuf/java/org/apache/hadoop/hbase/shaded/protobuf/generated/AdminProtos.java:[55,20] package javax.annotation does not exist
[ERROR] /home/runner/work/sonar-analysis/sonar-analysis/project/hbase-protocol-shaded/target/generated-sources/protobuf/java/org/apache/hadoop/hbase/shaded/protobuf/generated/AdminProtos.java:[400,22] package javax.annotation does not exist
[ERROR] /home/runner/work/sonar-analysis/sonar-analysis/project/hbase-protocol-shaded/target/generated-sources/protobuf/java/org/apache/hadoop/hbase/shaded/protobuf/generated/HBaseProtos.java:[4623,20] package javax.annotation does not exist
[ERROR] /home/runner/work/sonar-analysis/sonar-analysis/project/hbase-protocol-shaded/target/generated-sources/protobuf/java/org/apache/hadoop/hbase/shaded/protobuf/generated/AdminProtos.java:[881,20] package javax.annotation does not exist
[ERROR] /home/runner/work/sonar-analysis/sonar-analysis/project/hbase-protocol-shaded/target/generated-sources/protobuf/java/org/apache/hadoop/hbase/shaded/protobuf/generated/AdminProtos.java:[1440,22] package javax.annotation does not exist
[ERROR] /home/runner/work/sonar-analysis/sonar-analysis/project/hbase-protocol-shaded/target/generated-sources/protobuf/java/org/apache/hadoop/hbase/shaded/protobuf/generated/HBaseProtos.java:[5126,22] package javax.annotation does not exist
[ERROR] /home/runner/work/sonar-analysis/sonar-analysis/project/hbase-protocol-shaded/target/generated-sources/protobuf/java/org/apache/hadoop/hbase/shaded/protobuf/generated/HBaseProtos.java:[321,20] package javax.annotation does not exist
[ERROR] /home/runner/work/sonar-analysis/sonar-analysis/project/hbase-protocol-shaded/target/generated-sources/protobuf/java/org/apache/hadoop/hbase/shaded/protobuf/generated/HBaseProtos.java:[619,22] package javax.annotation does not exist
[ERROR] /home/runner/work/sonar-analysis/sonar-analysis/project/hbase-protocol-shaded/target/generated-sources/protobuf/java/org/apache/hadoop/hbase/shaded/protobuf/generated/AdminProtos.java:[2019,20] package javax.annotation does not exist
[ERROR] /home/runner/work/sonar-analysis/sonar-analysis/project/hbase-protocol-shaded/target/generated-sources/protobuf/java/org/apache/hadoop/hbase/shaded/protobuf/generated/AdminProtos.java:[2346,22] package javax.annotation does not exist
[ERROR] /home/runner/work/sonar-analysis/sonar-analysis/project/hbase-protocol-shaded/target/generated-sources/protobuf/java/org/apache/hadoop/hbase/shaded/protobuf/generated/AdminProtos.java:[2778,20] package javax.annotation does not exist
[ERROR] /home/runner/work/sonar-analysis/sonar-analysis/project/hbase-protocol-shaded/target/generated-sources/protobuf/java/org/apache/hadoop/hbase/shaded/protobuf/generated/AdminProtos.java:[3047,22] package javax.annotation does not exist
[ERROR] /home/runner/work/sonar-analysis/sonar-analysis/project/hbase-protocol-shaded/target/generated-sources/protobuf/java/org/apache/hadoop/hbase/shaded/protobuf/generated/AdminProtos.java:[3337,20] package javax.annotation does not exist
[ERROR] /home/runner/work/sonar-analysis/sonar-analysis/project/hbase-protocol-shaded/target/generated-sources/protobuf/java/org/apache/hadoop/hbase/shaded/protobuf/generated/AdminProtos.java:[3546,22] package javax.annotation does not exist
[ERROR] /home/runner/work/sonar-analysis/sonar-analysis/project/hbase-protocol-shaded/target/generated-sources/protobuf/java/org/apache/hadoop/hbase/shaded/protobuf/generated/AdminProtos.java:[3748,20] package javax.annotation does not exist
[ERROR] /home/runner/work/sonar-analysis/sonar-analysis/project/hbase-protocol-shaded/target/generated-sources/protobuf/java/org/apache/hadoop/hbase/shaded/protobuf/generated/AdminProtos.java:[4025,22] package javax.annotation does not exist
[ERROR] /home/runner/work/sonar-analysis/sonar-analysis/project/hbase-protocol-shaded/target/generated-sources/protobuf/java/org/apache/hadoop/hbase/shaded/protobuf/generated/AdminProtos.java:[4550,20] package javax.annotation does not exist
[ERROR] /home/runner/work/sonar-analysis/sonar-analysis/project/hbase-protocol-shaded/target/generated-sources/protobuf/java/org/apache/hadoop/hbase/shaded/protobuf/generated/AdminProtos.java:[4714,22] package javax.annotation does not exist
[ERROR] /home/runner/work/sonar-analysis/sonar-analysis/project/hbase-protocol-shaded/target/generated-sources/protobuf/java/org/apache/hadoop/hbase/shaded/protobuf/generated/HBaseProtos.java:[9094,20] package javax.annotation does not exist
[ERROR] /home/runner/work/sonar-analysis/sonar-analysis/project/hbase-protocol-shaded/target/generated-sources/protobuf/java/org/apache/hadoop/hbase/shaded/protobuf/generated/AdminProtos.java:[5135,24] package javax.annotation does not exist
[ERROR] /home/runner/work/sonar-analysis/sonar-analysis/project/hbase-protocol-shaded/target/generated-sources/protobuf/java/org/apache/hadoop/hbase/shaded/protobuf/generated/HBaseProtos.java:[9453,22] package javax.annotation does not exist
[ERROR] /home/runner/work/sonar-analysis/sonar-analysis/project/hbase-protocol-shaded/target/generated-sources/protobuf/java/org/apache/hadoop/hbase/shaded/protobuf/generated/AdminProtos.java:[6119,22] package javax.annotation does not exist
[ERROR] /home/runner/work/sonar-analysis/sonar-analysis/project/hbase-protocol-shaded/target/generated-sources/protobuf/java/org/apache/hadoop/hbase/shaded/protobuf/generated/AdminProtos.java:[6715,20] package javax.annotation does not exist
[ERROR] /home/runner/work/sonar-analysis/sonar-analysis/project/hbase-protocol-shaded/target/generated-sources/protobuf/java/org/apache/hadoop/hbase/shaded/protobuf/generated/AdminProtos.java:[7109,22] package javax.annotation does not exist
[ERROR] /home/runner/work/sonar-analysis/sonar-analysis/project/hbase-protocol-shaded/target/generated-sources/protobuf/java/org/apache/hadoop/hbase/shaded/protobuf/generated/AdminProtos.java:[7393,20] package javax.annotation does not exist
[ERROR] /home/runner/work/sonar-analysis/sonar-analysis/project/hbase-protocol-shaded/target/generated-sources/protobuf/java/org/apache/hadoop/hbase/shaded/protobuf/generated/AdminProtos.java:[7662,22] package javax.annotation does not exist
[ERROR] /home/runner/work/sonar-analysis/sonar-analysis/project/hbase-protocol-shaded/target/generated-sources/protobuf/java/org/apache/hadoop/hbase/shaded/protobuf/generated/AdminProtos.java:[7986,20] package javax.annotation does not exist
[ERROR] /home/runner/work/sonar-analysis/sonar-analysis/project/hbase-protocol-shaded/target/generated-sources/protobuf/java/org/apache/hadoop/hbase/shaded/protobuf/generated/AdminProtos.java:[8195,22] package javax.annotation does not exist
[ERROR] /home/runner/work/sonar-analysis/sonar-analysis/project/hbase-protocol-shaded/target/generated-sources/protobuf/java/org/apache/hadoop/hbase/shaded/protobuf/generated/AdminProtos.java:[8449,20] package javax.annotation does not exist
[ERROR] /home/runner/work/sonar-analysis/sonar-analysis/project/hbase-protocol-shaded/target/generated-sources/protobuf/java/org/apache/hadoop/hbase/shaded/protobuf/generated/AdminProtos.java:[8939,22] package javax.annotation does not exist
[ERROR] /home/runner/work/sonar-analysis/sonar-analysis/project/hbase-protocol-shaded/target/generated-sources/protobuf/java/org/apache/hadoop/hbase/shaded/protobuf/generated/AdminProtos.java:[9593,20] package javax.annotation does not exist
[ERROR] /home/runner/work/sonar-analysis/sonar-analysis/project/hbase-protocol-shaded/target/generated-sources/protobuf/java/org/apache/hadoop/hbase/shaded/protobuf/generated/AdminProtos.java:[9846,22] package javax.annotation does not exist
[ERROR] /home/runner/work/sonar-analysis/sonar-analysis/project/hbase-protocol-shaded/target/generated-sources/protobuf/java/org/apache/hadoop/hbase/shaded/protobuf/generated/AdminProtos.java:[10118,20] package javax.annotation does not exist
[ERROR] /home/runner/work/sonar-analysis/sonar-analysis/project/hbase-protocol-shaded/target/generated-sources/protobuf/java/org/apache/hadoop/hbase/shaded/protobuf/generated/AdminProtos.java:[10478,22] package javax.annotation does not exist
[ERROR] /home/runner/work/sonar-analysis/sonar-analysis/project/hbase-protocol-shaded/target/generated-sources/protobuf/java/org/apache/hadoop/hbase/shaded/protobuf/generated/AdminProtos.java:[10927,20] package javax.annotation does not exist
[ERROR] /home/runner/work/sonar-analysis/sonar-analysis/project/hbase-protocol-shaded/target/generated-sources/protobuf/java/org/apache/hadoop/hbase/shaded/protobuf/generated/AdminProtos.java:[11256,22] package javax.annotation does not exist
[ERROR] /home/runner/work/sonar-analysis/sonar-analysis/project/hbase-protocol-shaded/target/generated-sources/protobuf/java/org/apache/hadoop/hbase/shaded/protobuf/generated/AdminProtos.java:[11602,20] package javax.annotation does not exist
[ERROR] /home/runner/work/sonar-analysis/sonar-analysis/project/hbase-protocol-shaded/target/generated-sources/protobuf/java/org/apache/hadoop/hbase/shaded/protobuf/generated/AdminProtos.java:[11953,22] package javax.annotation does not exist
[ERROR] /home/runner/work/sonar-analysis/sonar-analysis/project/hbase-protocol-shaded/target/generated-sources/protobuf/java/org/apache/hadoop/hbase/shaded/protobuf/generated/AdminProtos.java:[12362,20] package javax.annotation does not exist
[ERROR] /home/runner/work/sonar-analysis/sonar-analysis/project/hbase-protocol-shaded/target/generated-sources/protobuf/java/org/apache/hadoop/hbase/shaded/protobuf/generated/AdminProtos.java:[12571,22] package javax.annotation does not exist
[ERROR] /home/runner/work/sonar-analysis/sonar-analysis/project/hbase-protocol-shaded/target/generated-sources/protobuf/java/org/apache/hadoop/hbase/shaded/protobuf/generated/AdminProtos.java:[12758,20] package javax.annotation does not exist
[ERROR] /home/runner/work/sonar-analysis/sonar-analysis/project/hbase-protocol-shaded/target/generated-sources/protobuf/java/org/apache/hadoop/hbase/shaded/protobuf/generated/AdminProtos.java:[13011,22] package javax.annotation does not exist
[ERROR] /home/runner/work/sonar-analysis/sonar-analysis/project/hbase-protocol-shaded/target/generated-sources/protobuf/java/org/apache/hadoop/hbase/shaded/protobuf/generated/AdminProtos.java:[13246,20] package javax.annotation does not exist
[ERROR] /home/runner/work/sonar-analysis/sonar-analysis/project/hbase-protocol-shaded/target/generated-sources/protobuf/java/org/apache/hadoop/hbase/shaded/protobuf/generated/AdminProtos.java:[13499,22] package javax.annotation does not exist
[ERROR] /home/runner/work/sonar-analysis/sonar-analysis/project/hbase-protocol-shaded/target/generated-sources/protobuf/java/org/apache/hadoop/hbase/shaded/protobuf/generated/AdminProtos.java:[13749,20] package javax.annotation does not exist
[ERROR] /home/runner/work/sonar-analysis/sonar-analysis/project/hbase-protocol-shaded/target/generated-sources/protobuf/java/org/apache/hadoop/hbase/shaded/protobuf/generated/AdminProtos.java:[13873,22] package javax.annotation does not exist
[ERROR] /home/runner/work/sonar-analysis/sonar-analysis/project/hbase-protocol-shaded/target/generated-sources/protobuf/java/org/apache/hadoop/hbase/shaded/protobuf/generated/AdminProtos.java:[14209,24] package javax.annotation does not exist
[ERROR] /home/runner/work/sonar-analysis/sonar-analysis/project/hbase-protocol-shaded/target/generated-sources/protobuf/java/org/apache/hadoop/hbase/shaded/protobuf/generated/AdminProtos.java:[15010,22] package javax.annotation does not exist
[ERROR] /home/runner/work/sonar-analysis/sonar-analysis/project/hbase-protocol-shaded/target/generated-sources/protobuf/java/org/apache/hadoop/hbase/shaded/protobuf/generated/AdminProtos.java:[15486,20] package javax.annotation does not exist
[ERROR] /home/runner/work/sonar-analysis/sonar-analysis/project/hbase-protocol-shaded/target/generated-sources/protobuf/java/org/apache/hadoop/hbase/shaded/protobuf/generated/AdminProtos.java:[15734,22] package javax.annotation does not exist
[ERROR] /home/runner/work/sonar-analysis/sonar-analysis/project/hbase-protocol-shaded/target/generated-sources/protobuf/java/org/apache/hadoop/hbase/shaded/protobuf/generated/WALProtos.java:[6,18] package javax.annotation does not exist
[ERROR] /home/runner/work/sonar-analysis/sonar-analysis/project/hbase-protocol-shaded/target/generated-sources/protobuf/java/org/apache/hadoop/hbase/shaded/protobuf/generated/WALProtos.java:[1296,20] package javax.annotation does not exist
[ERROR] /home/runner/work/sonar-analysis/sonar-analysis/project/hbase-protocol-shaded/target/generated-sources/protobuf/java/org/apache/hadoop/hbase/shaded/protobuf/generated/HBaseProtos.java:[16172,20] package javax.annotation does not exist
[ERROR] /home/runner/work/sonar-analysis/sonar-analysis/project/hbase-protocol-shaded/target/generated-sources/protobuf/java/org/apache/hadoop/hbase/shaded/protobuf/generated/WALProtos.java:[3479,20] package javax.annotation does not exist
[ERROR] /home/runner/work/sonar-analysis/sonar-analysis/project/hbase-protocol-shaded/target/generated-sources/protobuf/java/org/apache/hadoop/hbase/shaded/protobuf/generated/WALProtos.java:[2065,22] package javax.annotation does not exist
[ERROR] /home/runner/work/sonar-analysis/sonar-analysis/project/hbase-protocol-shaded/target/generated-sources/protobuf/java/org/apache/hadoop/hbase/shaded/protobuf/generated/HBaseProtos.java:[16467,22] package javax.annotation does not exist
[ERROR] /home/runner/work/sonar-analysis/sonar-analysis/project/hbase-protocol-shaded/target/generated-sources/protobuf/java/org/apache/hadoop/hbase/shaded/protobuf/generated/WALProtos.java:[3778,22] package javax.annotation does not exist
[ERROR] /home/runner/work/sonar-analysis/sonar-analysis/project/hbase-protocol-shaded/target/generated-sources/protobuf/java/org/apache/hadoop/hbase/shaded/protobuf/generated/AdminProtos.java:[16022,20] package javax.annotation does not exist
[ERROR] /home/runner/work/sonar-analysis/sonar-analysis/project/hbase-protocol-shaded/target/generated-sources/protobuf/java/org/apache/hadoop/hbase/shaded/protobuf/generated/AdminProtos.java:[16410,22] package javax.annotation does not exist
[ERROR] /home/runner/work/sonar-analysis/sonar-analysis/project/hbase-protocol-shaded/target/generated-sources/protobuf/java/org/apache/hadoop/hbase/shaded/protobuf/generated/AdminProtos.java:[16995,20] package javax.annotation does not exist
[ERROR] /home/runner/work/sonar-analysis/sonar-analysis/project/hbase-protocol-shaded/target/generated-sources/protobuf/java/org/apache/hadoop/hbase/shaded/protobuf/generated/AdminProtos.java:[17472,22] package javax.annotation does not exist
[ERROR] /home/runner/work/sonar-analysis/sonar-analysis/project/hbase-protocol-shaded/target/generated-sources/protobuf/java/org/apache/hadoop/hbase/shaded/protobuf/generated/AdminProtos.java:[18202,20] package javax.annotation does not exist
[ERROR] /home/runner/work/sonar-analysis/sonar-analysis/project/hbase-protocol-shaded/target/generated-sources/protobuf/java/org/apache/hadoop/hbase/shaded/protobuf/generated/AdminProtos.java:[18411,22] package javax.annotation does not exist
[ERROR] /home/runner/work/sonar-analysis/sonar-analysis/project/hbase-protocol-shaded/target/generated-sources/protobuf/java/org/apache/hadoop/hbase/shaded/protobuf/generated/AdminProtos.java:[18589,20] package javax.annotation does not exist
[ERROR] /home/runner/work/sonar-analysis/sonar-analysis/project/hbase-protocol-shaded/target/generated-sources/protobuf/java/org/apache/hadoop/hbase/shaded/protobuf/generated/AdminProtos.java:[18798,22] package javax.annotation does not exist
[ERROR] /home/runner/work/sonar-analysis/sonar-analysis/project/hbase-protocol-shaded/target/generated-sources/protobuf/java/org/apache/hadoop/hbase/shaded/protobuf/generated/AdminProtos.java:[19006,20] package javax.annotation does not exist
[ERROR] /home/runner/work/sonar-analysis/sonar-analysis/project/hbase-protocol-shaded/target/generated-sources/protobuf/java/org/apache/hadoop/hbase/shaded/protobuf/generated/AdminProtos.java:[19285,22] package javax.annotation does not exist
[ERROR] /home/runner/work/sonar-analysis/sonar-analysis/project/hbase-protocol-shaded/target/generated-sources/protobuf/java/org/apache/hadoop/hbase/shaded/protobuf/generated/AdminProtos.java:[19596,20] package javax.annotation does not exist
[ERROR] /home/runner/work/sonar-analysis/sonar-analysis/project/hbase-protocol-shaded/target/generated-sources/protobuf/java/org/apache/hadoop/hbase/shaded/protobuf/generated/AdminProtos.java:[19875,22] package javax.annotation does not exist
[ERROR] /home/runner/work/sonar-analysis/sonar-analysis/project/hbase-protocol-shaded/target/generated-sources/protobuf/java/org/apache/hadoop/hbase/shaded/protobuf/generated/AdminProtos.java:[20147,20] package javax.annotation does not exist
[ERROR] /home/runner/work/sonar-analysis/sonar-analysis/project/hbase-protocol-shaded/target/generated-sources/protobuf/java/org/apache/hadoop/hbase/shaded/protobuf/generated/AdminProtos.java:[20356,22] package javax.annotation does not exist
[ERROR] /home/runner/work/sonar-analysis/sonar-analysis/project/hbase-protocol-shaded/target/generated-sources/protobuf/java/org/apache/hadoop/hbase/shaded/protobuf/generated/AdminProtos.java:[20534,20] package javax.annotation does not exist
[ERROR] /home/runner/work/sonar-analysis/sonar-analysis/project/hbase-protocol-shaded/target/generated-sources/protobuf/java/org/apache/hadoop/hbase/shaded/protobuf/generated/AdminProtos.java:[20743,22] package javax.annotation does not exist
[ERROR] /home/runner/work/sonar-analysis/sonar-analysis/project/hbase-protocol-shaded/target/generated-sources/protobuf/java/org/apache/hadoop/hbase/shaded/protobuf/generated/AdminProtos.java:[20943,20] package javax.annotation does not exist
[ERROR] /home/runner/work/sonar-analysis/sonar-analysis/project/hbase-protocol-shaded/target/generated-sources/protobuf/java/org/apache/hadoop/hbase/shaded/protobuf/generated/AdminProtos.java:[21249,22] package javax.annotation does not exist
[ERROR] /home/runner/work/sonar-analysis/sonar-analysis/project/hbase-protocol-shaded/target/generated-sources/protobuf/java/org/apache/hadoop/hbase/shaded/protobuf/generated/AdminProtos.java:[21627,20] package javax.annotation does not exist
[ERROR] /home/runner/work/sonar-analysis/sonar-analysis/project/hbase-protocol-shaded/target/generated-sources/protobuf/java/org/apache/hadoop/hbase/shaded/protobuf/generated/AdminProtos.java:[21896,22] package javax.annotation does not exist
[ERROR] /home/runner/work/sonar-analysis/sonar-analysis/project/hbase-protocol-shaded/target/generated-sources/protobuf/java/org/apache/hadoop/hbase/shaded/protobuf/generated/AdminProtos.java:[22220,20] package javax.annotation does not exist
[ERROR] /home/runner/work/sonar-analysis/sonar-analysis/project/hbase-protocol-shaded/target/generated-sources/protobuf/java/org/apache/hadoop/hbase/shaded/protobuf/generated/AdminProtos.java:[22429,22] package javax.annotation does not exist
[ERROR] /home/runner/work/sonar-analysis/sonar-analysis/project/hbase-protocol-shaded/target/generated-sources/protobuf/java/org/apache/hadoop/hbase/shaded/protobuf/generated/AdminProtos.java:[22607,20] package javax.annotation does not exist
[ERROR] /home/runner/work/sonar-analysis/sonar-analysis/project/hbase-protocol-shaded/target/generated-sources/protobuf/java/org/apache/hadoop/hbase/shaded/protobuf/generated/AdminProtos.java:[22816,22] package javax.annotation does not exist
[ERROR] /home/runner/work/sonar-analysis/sonar-analysis/project/hbase-protocol-shaded/target/generated-sources/protobuf/java/org/apache/hadoop/hbase/shaded/protobuf/generated/AdminProtos.java:[23007,20] package javax.annotation does not exist
[ERROR] /home/runner/work/sonar-analysis/sonar-analysis/project/hbase-protocol-shaded/target/generated-sources/protobuf/java/org/apache/hadoop/hbase/shaded/protobuf/generated/AdminProtos.java:[23274,22] package javax.annotation does not exist
[ERROR] /home/runner/work/sonar-analysis/sonar-analysis/project/hbase-protocol-shaded/target/generated-sources/protobuf/java/org/apache/hadoop/hbase/shaded/protobuf/generated/ClusterStatusProtos.java:[6,18] package javax.annotation does not exist
[ERROR] /home/runner/work/sonar-analysis/sonar-analysis/project/hbase-protocol-shaded/target/generated-sources/protobuf/java/org/apache/hadoop/hbase/shaded/protobuf/generated/ClusterStatusProtos.java:[4000,20] package javax.annotation does not exist
[ERROR] /home/runner/work/sonar-analysis/sonar-analysis/project/hbase-protocol-shaded/target/generated-sources/protobuf/java/org/apache/hadoop/hbase/shaded/protobuf/generated/ClusterStatusProtos.java:[2192,20] package javax.annotation does not exist
[ERROR] /home/runner/work/sonar-analysis/sonar-analysis/project/hbase-protocol-shaded/target/generated-sources/protobuf/java/org/apache/hadoop/hbase/shaded/protobuf/generated/ClusterStatusProtos.java:[5144,22] package javax.annotation does not exist
[ERROR] /home/runner/work/sonar-analysis/sonar-analysis/project/hbase-protocol-shaded/target/generated-sources/protobuf/java/org/apache/hadoop/hbase/shaded/protobuf/generated/ClusterStatusProtos.java:[2491,22] package javax.annotation does not exist
[ERROR] /home/runner/work/sonar-analysis/sonar-analysis/project/hbase-protocol-shaded/target/generated-sources/protobuf/java/org/apache/hadoop/hbase/shaded/protobuf/generated/AdminProtos.java:[23621,20] package javax.annotation does not exist
[ERROR] /home/runner/work/sonar-analysis/sonar-analysis/project/hbase-protocol-shaded/target/generated-sources/protobuf/java/org/apache/hadoop/hbase/shaded/protobuf/generated/AdminProtos.java:[23898,22] package javax.annotation does not exist
[ERROR] /home/runner/work/sonar-analysis/sonar-analysis/project/hbase-protocol-shaded/target/generated-sources/protobuf/java/org/apache/hadoop/hbase/shaded/protobuf/generated/AdminProtos.java:[24384,20] package javax.annotation does not exist
[ERROR] /home/runner/work/sonar-analysis/sonar-analysis/project/hbase-protocol-shaded/target/generated-sources/protobuf/java/org/apache/hadoop/hbase/shaded/protobuf/generated/AdminProtos.java:[24653,22] package javax.annotation does not exist
[ERROR] /home/runner/work/sonar-analysis/sonar-analysis/project/hbase-protocol-shaded/target/generated-sources/protobuf/java/org/apache/hadoop/hbase/shaded/protobuf/generated/AdminProtos.java:[24943,20] package javax.annotation does not exist
[ERROR] /home/runner/work/sonar-analysis/sonar-analysis/project/hbase-protocol-shaded/target/generated-sources/protobuf/java/org/apache/hadoop/hbase/shaded/protobuf/generated/AdminProtos.java:[25152,22] package javax.annotation does not exist
[ERROR] /home/runner/work/sonar-analysis/sonar-analysis/project/hbase-protocol-shaded/target/generated-sources/protobuf/java/org/apache/hadoop/hbase/shaded/protobuf/generated/AdminProtos.java:[25354,20] package javax.annotation does not exist
[ERROR] /home/runner/work/sonar-analysis/sonar-analysis/project/hbase-protocol-shaded/target/generated-sources/protobuf/java/org/apache/hadoop/hbase/shaded/protobuf/generated/AdminProtos.java:[25631,22] package javax.annotation does not exist
[INFO] 100 errors 
[INFO] -------------------------------------------------------------
[INFO] ------------------------------------------------------------------------
[INFO] Reactor Summary for Apache HBase 2.2.4-SNAPSHOT:
[INFO] 
[INFO] Apache HBase ....................................... SUCCESS [ 15.911 s]
[INFO] Apache HBase - Checkstyle .......................... SUCCESS [  2.255 s]
[INFO] Apache HBase - Annotations ......................... SUCCESS [  0.719 s]
[INFO] Apache HBase - Build Configuration ................. SUCCESS [  0.761 s]
[INFO] Apache HBase - Shaded Protocol ..................... FAILURE [ 15.952 s]
[INFO] Apache HBase - Common .............................. SKIPPED
[INFO] Apache HBase - Metrics API ......................... SKIPPED
[INFO] Apache HBase - Hadoop Compatibility ................ SKIPPED
[INFO] Apache HBase - Metrics Implementation .............. SKIPPED
[INFO] Apache HBase - Hadoop Two Compatibility ............ SKIPPED
[INFO] Apache HBase - Protocol ............................ SKIPPED
[INFO] Apache HBase - Client .............................. SKIPPED
[INFO] Apache HBase - Zookeeper ........................... SKIPPED
[INFO] Apache HBase - Replication ......................... SKIPPED
[INFO] Apache HBase - Resource Bundle ..................... SKIPPED
[INFO] Apache HBase - HTTP ................................ SKIPPED
[INFO] Apache HBase - Procedure ........................... SKIPPED
[INFO] Apache HBase - Server .............................. SKIPPED
[INFO] Apache HBase - MapReduce ........................... SKIPPED
[INFO] Apache HBase - Testing Util ........................ SKIPPED
[INFO] Apache HBase - Thrift .............................. SKIPPED
[INFO] Apache HBase - RSGroup ............................. SKIPPED
[INFO] Apache HBase - Shell ............................... SKIPPED
[INFO] Apache HBase - Coprocessor Endpoint ................ SKIPPED
[INFO] Apache HBase - Integration Tests ................... SKIPPED
[INFO] Apache HBase - Rest ................................ SKIPPED
[INFO] Apache HBase - Examples ............................ SKIPPED
[INFO] Apache HBase - Shaded .............................. SKIPPED
[INFO] Apache HBase - Shaded - Client (with Hadoop bundled) SKIPPED
[INFO] Apache HBase - Shaded - Client ..................... SKIPPED
[INFO] Apache HBase - Shaded - MapReduce .................. SKIPPED
[INFO] Apache HBase - External Block Cache ................ SKIPPED
[INFO] Apache HBase - HBTop ............................... SKIPPED
[INFO] Apache HBase - Assembly ............................ SKIPPED
[INFO] Apache HBase - Shaded - Testing Util ............... SKIPPED
[INFO] Apache HBase - Shaded - Testing Util Tester ........ SKIPPED
[INFO] Apache HBase Shaded Packaging Invariants ........... SKIPPED
[INFO] Apache HBase Shaded Packaging Invariants (with Hadoop bundled) SKIPPED
[INFO] Apache HBase - Archetypes .......................... SKIPPED
[INFO] Apache HBase - Exemplar for hbase-client archetype . SKIPPED
[INFO] Apache HBase - Exemplar for hbase-shaded-client archetype SKIPPED
[INFO] Apache HBase - Archetype builder ................... SKIPPED
[INFO] ------------------------------------------------------------------------
[INFO] BUILD FAILURE
[INFO] ------------------------------------------------------------------------
[INFO] Total time:  43.228 s
[INFO] Finished at: 2026-06-17T09:58:35Z
[INFO] ------------------------------------------------------------------------
[ERROR] Failed to execute goal org.apache.maven.plugins:maven-compiler-plugin:3.7.0:compile (default-compile) on project hbase-protocol-shaded: Compilation failure: Compilation failure: 
[ERROR] /home/runner/work/sonar-analysis/sonar-analysis/project/hbase-protocol-shaded/target/generated-sources/protobuf/java/org/apache/hadoop/hbase/shaded/protobuf/generated/AdminProtos.java:[6,18] package javax.annotation does not exist
[ERROR] /home/runner/work/sonar-analysis/sonar-analysis/project/hbase-protocol-shaded/target/generated-sources/protobuf/java/org/apache/hadoop/hbase/shaded/protobuf/generated/HBaseProtos.java:[6,18] package javax.annotation does not exist
[ERROR] /home/runner/work/sonar-analysis/sonar-analysis/project/hbase-protocol-shaded/target/generated-sources/protobuf/java/org/apache/hadoop/hbase/shaded/protobuf/generated/HBaseProtos.java:[6509,20] package javax.annotation does not exist
[ERROR] /home/runner/work/sonar-analysis/sonar-analysis/project/hbase-protocol-shaded/target/generated-sources/protobuf/java/org/apache/hadoop/hbase/shaded/protobuf/generated/HBaseProtos.java:[6922,22] package javax.annotation does not exist
[ERROR] /home/runner/work/sonar-analysis/sonar-analysis/project/hbase-protocol-shaded/target/generated-sources/protobuf/java/org/apache/hadoop/hbase/shaded/protobuf/generated/AdminProtos.java:[55,20] package javax.annotation does not exist
[ERROR] /home/runner/work/sonar-analysis/sonar-analysis/project/hbase-protocol-shaded/target/generated-sources/protobuf/java/org/apache/hadoop/hbase/shaded/protobuf/generated/AdminProtos.java:[400,22] package javax.annotation does not exist
[ERROR] /home/runner/work/sonar-analysis/sonar-analysis/project/hbase-protocol-shaded/target/generated-sources/protobuf/java/org/apache/hadoop/hbase/shaded/protobuf/generated/HBaseProtos.java:[4623,20] package javax.annotation does not exist
[ERROR] /home/runner/work/sonar-analysis/sonar-analysis/project/hbase-protocol-shaded/target/generated-sources/protobuf/java/org/apache/hadoop/hbase/shaded/protobuf/generated/AdminProtos.java:[881,20] package javax.annotation does not exist
[ERROR] /home/runner/work/sonar-analysis/sonar-analysis/project/hbase-protocol-shaded/target/generated-sources/protobuf/java/org/apache/hadoop/hbase/shaded/protobuf/generated/AdminProtos.java:[1440,22] package javax.annotation does not exist
[ERROR] /home/runner/work/sonar-analysis/sonar-analysis/project/hbase-protocol-shaded/target/generated-sources/protobuf/java/org/apache/hadoop/hbase/shaded/protobuf/generated/HBaseProtos.java:[5126,22] package javax.annotation does not exist
[ERROR] /home/runner/work/sonar-analysis/sonar-analysis/project/hbase-protocol-shaded/target/generated-sources/protobuf/java/org/apache/hadoop/hbase/shaded/protobuf/generated/HBaseProtos.java:[321,20] package javax.annotation does not exist
[ERROR] /home/runner/work/sonar-analysis/sonar-analysis/project/hbase-protocol-shaded/target/generated-sources/protobuf/java/org/apache/hadoop/hbase/shaded/protobuf/generated/HBaseProtos.java:[619,22] package javax.annotation does not exist
[ERROR] /home/runner/work/sonar-analysis/sonar-analysis/project/hbase-protocol-shaded/target/generated-sources/protobuf/java/org/apache/hadoop/hbase/shaded/protobuf/generated/AdminProtos.java:[2019,20] package javax.annotation does not exist
[ERROR] /home/runner/work/sonar-analysis/sonar-analysis/project/hbase-protocol-shaded/target/generated-sources/protobuf/java/org/apache/hadoop/hbase/shaded/protobuf/generated/AdminProtos.java:[2346,22] package javax.annotation does not exist
[ERROR] /home/runner/work/sonar-analysis/sonar-analysis/project/hbase-protocol-shaded/target/generated-sources/protobuf/java/org/apache/hadoop/hbase/shaded/protobuf/generated/AdminProtos.java:[2778,20] package javax.annotation does not exist
[ERROR] /home/runner/work/sonar-analysis/sonar-analysis/project/hbase-protocol-shaded/target/generated-sources/protobuf/java/org/apache/hadoop/hbase/shaded/protobuf/generated/AdminProtos.java:[3047,22] package javax.annotation does not exist
[ERROR] /home/runner/work/sonar-analysis/sonar-analysis/project/hbase-protocol-shaded/target/generated-sources/protobuf/java/org/apache/hadoop/hbase/shaded/protobuf/generated/AdminProtos.java:[3337,20] package javax.annotation does not exist
[ERROR] /home/runner/work/sonar-analysis/sonar-analysis/project/hbase-protocol-shaded/target/generated-sources/protobuf/java/org/apache/hadoop/hbase/shaded/protobuf/generated/AdminProtos.java:[3546,22] package javax.annotation does not exist
[ERROR] /home/runner/work/sonar-analysis/sonar-analysis/project/hbase-protocol-shaded/target/generated-sources/protobuf/java/org/apache/hadoop/hbase/shaded/protobuf/generated/AdminProtos.java:[3748,20] package javax.annotation does not exist
[ERROR] /home/runner/work/sonar-analysis/sonar-analysis/project/hbase-protocol-shaded/target/generated-sources/protobuf/java/org/apache/hadoop/hbase/shaded/protobuf/generated/AdminProtos.java:[4025,22] package javax.annotation does not exist
[ERROR] /home/runner/work/sonar-analysis/sonar-analysis/project/hbase-protocol-shaded/target/generated-sources/protobuf/java/org/apache/hadoop/hbase/shaded/protobuf/generated/AdminProtos.java:[4550,20] package javax.annotation does not exist
[ERROR] /home/runner/work/sonar-analysis/sonar-analysis/project/hbase-protocol-shaded/target/generated-sources/protobuf/java/org/apache/hadoop/hbase/shaded/protobuf/generated/AdminProtos.java:[4714,22] package javax.annotation does not exist
[ERROR] /home/runner/work/sonar-analysis/sonar-analysis/project/hbase-protocol-shaded/target/generated-sources/protobuf/java/org/apache/hadoop/hbase/shaded/protobuf/generated/HBaseProtos.java:[9094,20] package javax.annotation does not exist
[ERROR] /home/runner/work/sonar-analysis/sonar-analysis/project/hbase-protocol-shaded/target/generated-sources/protobuf/java/org/apache/hadoop/hbase/shaded/protobuf/generated/AdminProtos.java:[5135,24] package javax.annotation does not exist
[ERROR] /home/runner/work/sonar-analysis/sonar-analysis/project/hbase-protocol-shaded/target/generated-sources/protobuf/java/org/apache/hadoop/hbase/shaded/protobuf/generated/HBaseProtos.java:[9453,22] package javax.annotation does not exist
[ERROR] /home/runner/work/sonar-analysis/sonar-analysis/project/hbase-protocol-shaded/target/generated-sources/protobuf/java/org/apache/hadoop/hbase/shaded/protobuf/generated/AdminProtos.java:[6119,22] package javax.annotation does not exist
[ERROR] /home/runner/work/sonar-analysis/sonar-analysis/project/hbase-protocol-shaded/target/generated-sources/protobuf/java/org/apache/hadoop/hbase/shaded/protobuf/generated/AdminProtos.java:[6715,20] package javax.annotation does not exist
[ERROR] /home/runner/work/sonar-analysis/sonar-analysis/project/hbase-protocol-shaded/target/generated-sources/protobuf/java/org/apache/hadoop/hbase/shaded/protobuf/generated/AdminProtos.java:[7109,22] package javax.annotation does not exist
[ERROR] /home/runner/work/sonar-analysis/sonar-analysis/project/hbase-protocol-shaded/target/generated-sources/protobuf/java/org/apache/hadoop/hbase/shaded/protobuf/generated/AdminProtos.java:[7393,20] package javax.annotation does not exist
[ERROR] /home/runner/work/sonar-analysis/sonar-analysis/project/hbase-protocol-shaded/target/generated-sources/protobuf/java/org/apache/hadoop/hbase/shaded/protobuf/generated/AdminProtos.java:[7662,22] package javax.annotation does not exist
[ERROR] /home/runner/work/sonar-analysis/sonar-analysis/project/hbase-protocol-shaded/target/generated-sources/protobuf/java/org/apache/hadoop/hbase/shaded/protobuf/generated/AdminProtos.java:[7986,20] package javax.annotation does not exist
[ERROR] /home/runner/work/sonar-analysis/sonar-analysis/project/hbase-protocol-shaded/target/generated-sources/protobuf/java/org/apache/hadoop/hbase/shaded/protobuf/generated/AdminProtos.java:[8195,22] package javax.annotation does not exist
[ERROR] /home/runner/work/sonar-analysis/sonar-analysis/project/hbase-protocol-shaded/target/generated-sources/protobuf/java/org/apache/hadoop/hbase/shaded/protobuf/generated/AdminProtos.java:[8449,20] package javax.annotation does not exist
[ERROR] /home/runner/work/sonar-analysis/sonar-analysis/project/hbase-protocol-shaded/target/generated-sources/protobuf/java/org/apache/hadoop/hbase/shaded/protobuf/generated/AdminProtos.java:[8939,22] package javax.annotation does not exist
[ERROR] /home/runner/work/sonar-analysis/sonar-analysis/project/hbase-protocol-shaded/target/generated-sources/protobuf/java/org/apache/hadoop/hbase/shaded/protobuf/generated/AdminProtos.java:[9593,20] package javax.annotation does not exist
[ERROR] /home/runner/work/sonar-analysis/sonar-analysis/project/hbase-protocol-shaded/target/generated-sources/protobuf/java/org/apache/hadoop/hbase/shaded/protobuf/generated/AdminProtos.java:[9846,22] package javax.annotation does not exist
[ERROR] /home/runner/work/sonar-analysis/sonar-analysis/project/hbase-protocol-shaded/target/generated-sources/protobuf/java/org/apache/hadoop/hbase/shaded/protobuf/generated/AdminProtos.java:[10118,20] package javax.annotation does not exist
[ERROR] /home/runner/work/sonar-analysis/sonar-analysis/project/hbase-protocol-shaded/target/generated-sources/protobuf/java/org/apache/hadoop/hbase/shaded/protobuf/generated/AdminProtos.java:[10478,22] package javax.annotation does not exist
[ERROR] /home/runner/work/sonar-analysis/sonar-analysis/project/hbase-protocol-shaded/target/generated-sources/protobuf/java/org/apache/hadoop/hbase/shaded/protobuf/generated/AdminProtos.java:[10927,20] package javax.annotation does not exist
[ERROR] /home/runner/work/sonar-analysis/sonar-analysis/project/hbase-protocol-shaded/target/generated-sources/protobuf/java/org/apache/hadoop/hbase/shaded/protobuf/generated/AdminProtos.java:[11256,22] package javax.annotation does not exist
[ERROR] /home/runner/work/sonar-analysis/sonar-analysis/project/hbase-protocol-shaded/target/generated-sources/protobuf/java/org/apache/hadoop/hbase/shaded/protobuf/generated/AdminProtos.java:[11602,20] package javax.annotation does not exist
[ERROR] /home/runner/work/sonar-analysis/sonar-analysis/project/hbase-protocol-shaded/target/generated-sources/protobuf/java/org/apache/hadoop/hbase/shaded/protobuf/generated/AdminProtos.java:[11953,22] package javax.annotation does not exist
[ERROR] /home/runner/work/sonar-analysis/sonar-analysis/project/hbase-protocol-shaded/target/generated-sources/protobuf/java/org/apache/hadoop/hbase/shaded/protobuf/generated/AdminProtos.java:[12362,20] package javax.annotation does not exist
[ERROR] /home/runner/work/sonar-analysis/sonar-analysis/project/hbase-protocol-shaded/target/generated-sources/protobuf/java/org/apache/hadoop/hbase/shaded/protobuf/generated/AdminProtos.java:[12571,22] package javax.annotation does not exist
[ERROR] /home/runner/work/sonar-analysis/sonar-analysis/project/hbase-protocol-shaded/target/generated-sources/protobuf/java/org/apache/hadoop/hbase/shaded/protobuf/generated/AdminProtos.java:[12758,20] package javax.annotation does not exist
[ERROR] /home/runner/work/sonar-analysis/sonar-analysis/project/hbase-protocol-shaded/target/generated-sources/protobuf/java/org/apache/hadoop/hbase/shaded/protobuf/generated/AdminProtos.java:[13011,22] package javax.annotation does not exist
[ERROR] /home/runner/work/sonar-analysis/sonar-analysis/project/hbase-protocol-shaded/target/generated-sources/protobuf/java/org/apache/hadoop/hbase/shaded/protobuf/generated/AdminProtos.java:[13246,20] package javax.annotation does not exist
[ERROR] /home/runner/work/sonar-analysis/sonar-analysis/project/hbase-protocol-shaded/target/generated-sources/protobuf/java/org/apache/hadoop/hbase/shaded/protobuf/generated/AdminProtos.java:[13499,22] package javax.annotation does not exist
[ERROR] /home/runner/work/sonar-analysis/sonar-analysis/project/hbase-protocol-shaded/target/generated-sources/protobuf/java/org/apache/hadoop/hbase/shaded/protobuf/generated/AdminProtos.java:[13749,20] package javax.annotation does not exist
[ERROR] /home/runner/work/sonar-analysis/sonar-analysis/project/hbase-protocol-shaded/target/generated-sources/protobuf/java/org/apache/hadoop/hbase/shaded/protobuf/generated/AdminProtos.java:[13873,22] package javax.annotation does not exist
[ERROR] /home/runner/work/sonar-analysis/sonar-analysis/project/hbase-protocol-shaded/target/generated-sources/protobuf/java/org/apache/hadoop/hbase/shaded/protobuf/generated/AdminProtos.java:[14209,24] package javax.annotation does not exist
[ERROR] /home/runner/work/sonar-analysis/sonar-analysis/project/hbase-protocol-shaded/target/generated-sources/protobuf/java/org/apache/hadoop/hbase/shaded/protobuf/generated/AdminProtos.java:[15010,22] package javax.annotation does not exist
[ERROR] /home/runner/work/sonar-analysis/sonar-analysis/project/hbase-protocol-shaded/target/generated-sources/protobuf/java/org/apache/hadoop/hbase/shaded/protobuf/generated/AdminProtos.java:[15486,20] package javax.annotation does not exist
[ERROR] /home/runner/work/sonar-analysis/sonar-analysis/project/hbase-protocol-shaded/target/generated-sources/protobuf/java/org/apache/hadoop/hbase/shaded/protobuf/generated/AdminProtos.java:[15734,22] package javax.annotation does not exist
[ERROR] /home/runner/work/sonar-analysis/sonar-analysis/project/hbase-protocol-shaded/target/generated-sources/protobuf/java/org/apache/hadoop/hbase/shaded/protobuf/generated/WALProtos.java:[6,18] package javax.annotation does not exist
[ERROR] /home/runner/work/sonar-analysis/sonar-analysis/project/hbase-protocol-shaded/target/generated-sources/protobuf/java/org/apache/hadoop/hbase/shaded/protobuf/generated/WALProtos.java:[1296,20] package javax.annotation does not exist
[ERROR] /home/runner/work/sonar-analysis/sonar-analysis/project/hbase-protocol-shaded/target/generated-sources/protobuf/java/org/apache/hadoop/hbase/shaded/protobuf/generated/HBaseProtos.java:[16172,20] package javax.annotation does not exist
[ERROR] /home/runner/work/sonar-analysis/sonar-analysis/project/hbase-protocol-shaded/target/generated-sources/protobuf/java/org/apache/hadoop/hbase/shaded/protobuf/generated/WALProtos.java:[3479,20] package javax.annotation does not exist
[ERROR] /home/runner/work/sonar-analysis/sonar-analysis/project/hbase-protocol-shaded/target/generated-sources/protobuf/java/org/apache/hadoop/hbase/shaded/protobuf/generated/WALProtos.java:[2065,22] package javax.annotation does not exist
[ERROR] /home/runner/work/sonar-analysis/sonar-analysis/project/hbase-protocol-shaded/target/generated-sources/protobuf/java/org/apache/hadoop/hbase/shaded/protobuf/generated/HBaseProtos.java:[16467,22] package javax.annotation does not exist
[ERROR] /home/runner/work/sonar-analysis/sonar-analysis/project/hbase-protocol-shaded/target/generated-sources/protobuf/java/org/apache/hadoop/hbase/shaded/protobuf/generated/WALProtos.java:[3778,22] package javax.annotation does not exist
[ERROR] /home/runner/work/sonar-analysis/sonar-analysis/project/hbase-protocol-shaded/target/generated-sources/protobuf/java/org/apache/hadoop/hbase/shaded/protobuf/generated/AdminProtos.java:[16022,20] package javax.annotation does not exist
[ERROR] /home/runner/work/sonar-analysis/sonar-analysis/project/hbase-protocol-shaded/target/generated-sources/protobuf/java/org/apache/hadoop/hbase/shaded/protobuf/generated/AdminProtos.java:[16410,22] package javax.annotation does not exist
[ERROR] /home/runner/work/sonar-analysis/sonar-analysis/project/hbase-protocol-shaded/target/generated-sources/protobuf/java/org/apache/hadoop/hbase/shaded/protobuf/generated/AdminProtos.java:[16995,20] package javax.annotation does not exist
[ERROR] /home/runner/work/sonar-analysis/sonar-analysis/project/hbase-protocol-shaded/target/generated-sources/protobuf/java/org/apache/hadoop/hbase/shaded/protobuf/generated/AdminProtos.java:[17472,22] package javax.annotation does not exist
[ERROR] /home/runner/work/sonar-analysis/sonar-analysis/project/hbase-protocol-shaded/target/generated-sources/protobuf/java/org/apache/hadoop/hbase/shaded/protobuf/generated/AdminProtos.java:[18202,20] package javax.annotation does not exist
[ERROR] /home/runner/work/sonar-analysis/sonar-analysis/project/hbase-protocol-shaded/target/generated-sources/protobuf/java/org/apache/hadoop/hbase/shaded/protobuf/generated/AdminProtos.java:[18411,22] package javax.annotation does not exist
[ERROR] /home/runner/work/sonar-analysis/sonar-analysis/project/hbase-protocol-shaded/target/generated-sources/protobuf/java/org/apache/hadoop/hbase/shaded/protobuf/generated/AdminProtos.java:[18589,20] package javax.annotation does not exist
[ERROR] /home/runner/work/sonar-analysis/sonar-analysis/project/hbase-protocol-shaded/target/generated-sources/protobuf/java/org/apache/hadoop/hbase/shaded/protobuf/generated/AdminProtos.java:[18798,22] package javax.annotation does not exist
[ERROR] /home/runner/work/sonar-analysis/sonar-analysis/project/hbase-protocol-shaded/target/generated-sources/protobuf/java/org/apache/hadoop/hbase/shaded/protobuf/generated/AdminProtos.java:[19006,20] package javax.annotation does not exist
[ERROR] /home/runner/work/sonar-analysis/sonar-analysis/project/hbase-protocol-shaded/target/generated-sources/protobuf/java/org/apache/hadoop/hbase/shaded/protobuf/generated/AdminProtos.java:[19285,22] package javax.annotation does not exist
[ERROR] /home/runner/work/sonar-analysis/sonar-analysis/project/hbase-protocol-shaded/target/generated-sources/protobuf/java/org/apache/hadoop/hbase/shaded/protobuf/generated/AdminProtos.java:[19596,20] package javax.annotation does not exist
[ERROR] /home/runner/work/sonar-analysis/sonar-analysis/project/hbase-protocol-shaded/target/generated-sources/protobuf/java/org/apache/hadoop/hbase/shaded/protobuf/generated/AdminProtos.java:[19875,22] package javax.annotation does not exist
[ERROR] /home/runner/work/sonar-analysis/sonar-analysis/project/hbase-protocol-shaded/target/generated-sources/protobuf/java/org/apache/hadoop/hbase/shaded/protobuf/generated/AdminProtos.java:[20147,20] package javax.annotation does not exist
[ERROR] /home/runner/work/sonar-analysis/sonar-analysis/project/hbase-protocol-shaded/target/generated-sources/protobuf/java/org/apache/hadoop/hbase/shaded/protobuf/generated/AdminProtos.java:[20356,22] package javax.annotation does not exist
[ERROR] /home/runner/work/sonar-analysis/sonar-analysis/project/hbase-protocol-shaded/target/generated-sources/protobuf/java/org/apache/hadoop/hbase/shaded/protobuf/generated/AdminProtos.java:[20534,20] package javax.annotation does not exist
[ERROR] /home/runner/work/sonar-analysis/sonar-analysis/project/hbase-protocol-shaded/target/generated-sources/protobuf/java/org/apache/hadoop/hbase/shaded/protobuf/generated/AdminProtos.java:[20743,22] package javax.annotation does not exist
[ERROR] /home/runner/work/sonar-analysis/sonar-analysis/project/hbase-protocol-shaded/target/generated-sources/protobuf/java/org/apache/hadoop/hbase/shaded/protobuf/generated/AdminProtos.java:[20943,20] package javax.annotation does not exist
[ERROR] /home/runner/work/sonar-analysis/sonar-analysis/project/hbase-protocol-shaded/target/generated-sources/protobuf/java/org/apache/hadoop/hbase/shaded/protobuf/generated/AdminProtos.java:[21249,22] package javax.annotation does not exist
[ERROR] /home/runner/work/sonar-analysis/sonar-analysis/project/hbase-protocol-shaded/target/generated-sources/protobuf/java/org/apache/hadoop/hbase/shaded/protobuf/generated/AdminProtos.java:[21627,20] package javax.annotation does not exist
[ERROR] /home/runner/work/sonar-analysis/sonar-analysis/project/hbase-protocol-shaded/target/generated-sources/protobuf/java/org/apache/hadoop/hbase/shaded/protobuf/generated/AdminProtos.java:[21896,22] package javax.annotation does not exist
[ERROR] /home/runner/work/sonar-analysis/sonar-analysis/project/hbase-protocol-shaded/target/generated-sources/protobuf/java/org/apache/hadoop/hbase/shaded/protobuf/generated/AdminProtos.java:[22220,20] package javax.annotation does not exist
[ERROR] /home/runner/work/sonar-analysis/sonar-analysis/project/hbase-protocol-shaded/target/generated-sources/protobuf/java/org/apache/hadoop/hbase/shaded/protobuf/generated/AdminProtos.java:[22429,22] package javax.annotation does not exist
[ERROR] /home/runner/work/sonar-analysis/sonar-analysis/project/hbase-protocol-shaded/target/generated-sources/protobuf/java/org/apache/hadoop/hbase/shaded/protobuf/generated/AdminProtos.java:[22607,20] package javax.annotation does not exist
[ERROR] /home/runner/work/sonar-analysis/sonar-analysis/project/hbase-protocol-shaded/target/generated-sources/protobuf/java/org/apache/hadoop/hbase/shaded/protobuf/generated/AdminProtos.java:[22816,22] package javax.annotation does not exist
[ERROR] /home/runner/work/sonar-analysis/sonar-analysis/project/hbase-protocol-shaded/target/generated-sources/protobuf/java/org/apache/hadoop/hbase/shaded/protobuf/generated/AdminProtos.java:[23007,20] package javax.annotation does not exist
[ERROR] /home/runner/work/sonar-analysis/sonar-analysis/project/hbase-protocol-shaded/target/generated-sources/protobuf/java/org/apache/hadoop/hbase/shaded/protobuf/generated/AdminProtos.java:[23274,22] package javax.annotation does not exist
[ERROR] /home/runner/work/sonar-analysis/sonar-analysis/project/hbase-protocol-shaded/target/generated-sources/protobuf/java/org/apache/hadoop/hbase/shaded/protobuf/generated/ClusterStatusProtos.java:[6,18] package javax.annotation does not exist
[ERROR] /home/runner/work/sonar-analysis/sonar-analysis/project/hbase-protocol-shaded/target/generated-sources/protobuf/java/org/apache/hadoop/hbase/shaded/protobuf/generated/ClusterStatusProtos.java:[4000,20] package javax.annotation does not exist
[ERROR] /home/runner/work/sonar-analysis/sonar-analysis/project/hbase-protocol-shaded/target/generated-sources/protobuf/java/org/apache/hadoop/hbase/shaded/protobuf/generated/ClusterStatusProtos.java:[2192,20] package javax.annotation does not exist
[ERROR] /home/runner/work/sonar-analysis/sonar-analysis/project/hbase-protocol-shaded/target/generated-sources/protobuf/java/org/apache/hadoop/hbase/shaded/protobuf/generated/ClusterStatusProtos.java:[5144,22] package javax.annotation does not exist
[ERROR] /home/runner/work/sonar-analysis/sonar-analysis/project/hbase-protocol-shaded/target/generated-sources/protobuf/java/org/apache/hadoop/hbase/shaded/protobuf/generated/ClusterStatusProtos.java:[2491,22] package javax.annotation does not exist
[ERROR] /home/runner/work/sonar-analysis/sonar-analysis/project/hbase-protocol-shaded/target/generated-sources/protobuf/java/org/apache/hadoop/hbase/shaded/protobuf/generated/AdminProtos.java:[23621,20] package javax.annotation does not exist
[ERROR] /home/runner/work/sonar-analysis/sonar-analysis/project/hbase-protocol-shaded/target/generated-sources/protobuf/java/org/apache/hadoop/hbase/shaded/protobuf/generated/AdminProtos.java:[23898,22] package javax.annotation does not exist
[ERROR] /home/runner/work/sonar-analysis/sonar-analysis/project/hbase-protocol-shaded/target/generated-sources/protobuf/java/org/apache/hadoop/hbase/shaded/protobuf/generated/AdminProtos.java:[24384,20] package javax.annotation does not exist
[ERROR] /home/runner/work/sonar-analysis/sonar-analysis/project/hbase-protocol-shaded/target/generated-sources/protobuf/java/org/apache/hadoop/hbase/shaded/protobuf/generated/AdminProtos.java:[24653,22] package javax.annotation does not exist
[ERROR] /home/runner/work/sonar-analysis/sonar-analysis/project/hbase-protocol-shaded/target/generated-sources/protobuf/java/org/apache/hadoop/hbase/shaded/protobuf/generated/AdminProtos.java:[24943,20] package javax.annotation does not exist
[ERROR] /home/runner/work/sonar-analysis/sonar-analysis/project/hbase-protocol-shaded/target/generated-sources/protobuf/java/org/apache/hadoop/hbase/shaded/protobuf/generated/AdminProtos.java:[25152,22] package javax.annotation does not exist
[ERROR] /home/runner/work/sonar-analysis/sonar-analysis/project/hbase-protocol-shaded/target/generated-sources/protobuf/java/org/apache/hadoop/hbase/shaded/protobuf/generated/AdminProtos.java:[25354,20] package javax.annotation does not exist
[ERROR] /home/runner/work/sonar-analysis/sonar-analysis/project/hbase-protocol-shaded/target/generated-sources/protobuf/java/org/apache/hadoop/hbase/shaded/protobuf/generated/AdminProtos.java:[25631,22] package javax.annotation does not exist
[ERROR] -> [Help 1]
[ERROR] 
[ERROR] To see the full stack trace of the errors, re-run Maven with the -e switch.
[ERROR] Re-run Maven using the -X switch to enable full debug logging.
[ERROR] 
[ERROR] For more information about the errors and possible solutions, please read the following articles:
[ERROR] [Help 1] http://cwiki.apache.org/confluence/display/MAVEN/MojoFailureException
[ERROR] 
[ERROR] After correcting the problems, you can resume the build with the command
[ERROR]   mvn <args> -rf :hbase-protocol-shaded
