[WARNING] 
[WARNING] Some problems were encountered while building the effective settings
[WARNING] 'profiles.profile[repos].repositories.repository.id' must be unique but found duplicate repository with id mapr-public @ /home/runner/.m2/settings.xml
[WARNING] 'profiles.profile[repos].repositories.repository.id' must be unique but found duplicate repository with id apache-snapshots @ /home/runner/.m2/settings.xml
[WARNING] 'profiles.profile[repos].repositories.repository.id' must be unique but found duplicate repository with id apache-group-snapshots @ /home/runner/.m2/settings.xml
[WARNING] 
[INFO] Scanning for projects...
[INFO] ------------------------------------------------------------------------
[INFO] Detecting the operating system and CPU architecture
[INFO] ------------------------------------------------------------------------
[INFO] os.detected.name: linux
[INFO] os.detected.arch: x86_64
[INFO] os.detected.version: 6.17
[INFO] os.detected.version.major: 6
[INFO] os.detected.version.minor: 17
[INFO] os.detected.release: ubuntu
[INFO] os.detected.release.version: 24.04
[INFO] os.detected.release.like.ubuntu: true
[INFO] os.detected.release.like.debian: true
[INFO] os.detected.classifier: linux-x86_64
[INFO] ------------------------------------------------------------------------
[INFO] Reactor Build Order:
[INFO] 
[INFO] Apache Hadoop Ozone Main                                           [pom]
[INFO] Apache Hadoop HDDS                                                 [pom]
[INFO] Apache Hadoop HDDS Hadoop Client dependencies                      [jar]
[INFO] Apache Hadoop HDDS Hadoop Test dependencies                        [jar]
[INFO] Apache Hadoop HDDS Hadoop Server dependencies                      [jar]
[INFO] Apache Hadoop HDDS Test Utils                                      [jar]
[INFO] Apache Hadoop HDDS Config                                          [jar]
[INFO] Apache Hadoop HDDS Common                                          [jar]
[INFO] Apache Hadoop HDDS Client                                          [jar]
[INFO] Apache Hadoop HDDS Server Framework                                [jar]
[INFO] Apache Hadoop HDDS Container Service                               [jar]
[INFO] Apache Hadoop HDDS/Ozone Documentation                             [jar]
[INFO] Apache Hadoop HDDS SCM Server                                      [jar]
[INFO] Apache Hadoop HDDS Tools                                           [jar]
[INFO] Apache Hadoop Ozone                                                [pom]
[INFO] Apache Hadoop Ozone Common                                         [jar]
[INFO] Apache Hadoop Ozone Client                                         [jar]
[INFO] Apache Hadoop Ozone Manager Server                                 [jar]
[INFO] Apache Hadoop Ozone FileSystem                                     [jar]
[INFO] Apache Hadoop Ozone Tools                                          [jar]
[INFO] Apache Hadoop Ozone S3 Gateway                                     [jar]
[INFO] Apache Hadoop Ozone CSI service                                    [jar]
[INFO] Apache Hadoop Ozone Recon CodeGen                                  [jar]
[INFO] Apache Hadoop Ozone Recon                                          [jar]
[INFO] Apache Hadoop Ozone Integration Tests                              [jar]
[INFO] Apache Hadoop Ozone Datanode                                       [jar]
[INFO] Apache Hadoop Ozone In-Place Upgrade                               [jar]
[INFO] Apache Hadoop Ozone Insight Tool                                   [jar]
[INFO] Apache Hadoop Ozone FileSystem Single Jar Library                  [jar]
[INFO] Apache Hadoop Ozone FileSystem Legacy Jar Library                  [jar]
[INFO] Apache Hadoop Ozone Distribution                                   [jar]
[INFO] Apache Hadoop Ozone Fault Injection Tests                          [pom]
[INFO] Apache Hadoop Ozone Network Tests                                  [jar]
[INFO] Apache Hadoop Ozone Mini Ozone Chaos Tests                         [jar]
[INFO] 
[INFO] ----------------< org.apache.hadoop:hadoop-main-ozone >-----------------
[INFO] Building Apache Hadoop Ozone Main 0.6.0-SNAPSHOT                  [1/34]
[INFO]   from pom.xml
[INFO] --------------------------------[ pom ]---------------------------------
[INFO] 
[INFO] --- clean:2.5:clean (default-clean) @ hadoop-main-ozone ---
[INFO] Deleting /home/runner/work/sonar-analysis/sonar-analysis/project/target
[INFO] Deleting /home/runner/work/sonar-analysis/sonar-analysis/project (includes = [dependency-reduced-pom.xml], excludes = [])
[INFO] 
[INFO] --- antrun:3.1.0:run (create-testdirs) @ hadoop-main-ozone ---
[INFO] Executing tasks
[INFO]     [mkdir] Created dir: /home/runner/work/sonar-analysis/sonar-analysis/project/target/test-dir
[INFO] Executed tasks
[INFO] 
[INFO] --- jacoco:0.8.3:prepare-agent (default-prepare-agent) @ hadoop-main-ozone ---
[INFO] argLine set to -javaagent:/home/runner/.m2/repository/org/jacoco/org.jacoco.agent/0.8.3/org.jacoco.agent-0.8.3-runtime.jar=destfile=/home/runner/work/sonar-analysis/sonar-analysis/project/target/jacoco.exec
[INFO] 
[INFO] --- remote-resources:1.5:process (default) @ hadoop-main-ozone ---
[INFO] 
[INFO] --- animal-sniffer:1.16:check (signature-check) @ hadoop-main-ozone ---
[INFO] Checking unresolved references to org.codehaus.mojo.signature:java18:1.0
[INFO] 
[INFO] --- install:2.5.1:install (default-install) @ hadoop-main-ozone ---
[INFO] Installing /home/runner/work/sonar-analysis/sonar-analysis/project/pom.xml to /home/runner/.m2/repository/org/apache/hadoop/hadoop-main-ozone/0.6.0-SNAPSHOT/hadoop-main-ozone-0.6.0-SNAPSHOT.pom
[INFO] 
[INFO] -------------------< org.apache.hadoop:hadoop-hdds >--------------------
[INFO] Building Apache Hadoop HDDS 0.6.0-SNAPSHOT                        [2/34]
[INFO]   from hadoop-hdds/pom.xml
[INFO] --------------------------------[ pom ]---------------------------------
[INFO] 
[INFO] --- clean:2.5:clean (default-clean) @ hadoop-hdds ---
[INFO] Deleting /home/runner/work/sonar-analysis/sonar-analysis/project/hadoop-hdds/target
[INFO] Deleting /home/runner/work/sonar-analysis/sonar-analysis/project/hadoop-hdds (includes = [dependency-reduced-pom.xml], excludes = [])
[INFO] 
[INFO] --- antrun:3.1.0:run (create-testdirs) @ hadoop-hdds ---
[INFO] Executing tasks
[INFO]     [mkdir] Created dir: /home/runner/work/sonar-analysis/sonar-analysis/project/hadoop-hdds/target/test-dir
[INFO] Executed tasks
[INFO] 
[INFO] --- jacoco:0.8.3:prepare-agent (default-prepare-agent) @ hadoop-hdds ---
[INFO] argLine set to -javaagent:/home/runner/.m2/repository/org/jacoco/org.jacoco.agent/0.8.3/org.jacoco.agent-0.8.3-runtime.jar=destfile=/home/runner/work/sonar-analysis/sonar-analysis/project/hadoop-hdds/target/jacoco.exec
[INFO] 
[INFO] --- remote-resources:1.5:process (default) @ hadoop-hdds ---
[INFO] 
[INFO] --- dependency:3.0.2:build-classpath (add-classpath-descriptor) @ hadoop-hdds ---
[INFO] No dependencies found.
[INFO] Wrote classpath file '/home/runner/work/sonar-analysis/sonar-analysis/project/hadoop-hdds/target/classpath'.
[INFO] 
[INFO] --- build-helper:1.9:attach-artifact (attach-classpath-artifact) @ hadoop-hdds ---
[INFO] 
[INFO] --- jar:2.5:test-jar (default) @ hadoop-hdds ---
[WARNING] JAR will be empty - no content was marked for inclusion!
[INFO] Building jar: /home/runner/work/sonar-analysis/sonar-analysis/project/hadoop-hdds/target/hadoop-hdds-0.6.0-SNAPSHOT-tests.jar
[INFO] 
[INFO] --- animal-sniffer:1.16:check (signature-check) @ hadoop-hdds ---
[INFO] Checking unresolved references to org.codehaus.mojo.signature:java18:1.0
[INFO] 
[INFO] --- install:2.5.1:install (default-install) @ hadoop-hdds ---
[INFO] Installing /home/runner/work/sonar-analysis/sonar-analysis/project/hadoop-hdds/pom.xml to /home/runner/.m2/repository/org/apache/hadoop/hadoop-hdds/0.6.0-SNAPSHOT/hadoop-hdds-0.6.0-SNAPSHOT.pom
[INFO] Installing /home/runner/work/sonar-analysis/sonar-analysis/project/hadoop-hdds/target/classpath to /home/runner/.m2/repository/org/apache/hadoop/hadoop-hdds/0.6.0-SNAPSHOT/hadoop-hdds-0.6.0-SNAPSHOT-classpath.cp
[INFO] Installing /home/runner/work/sonar-analysis/sonar-analysis/project/hadoop-hdds/target/hadoop-hdds-0.6.0-SNAPSHOT-tests.jar to /home/runner/.m2/repository/org/apache/hadoop/hadoop-hdds/0.6.0-SNAPSHOT/hadoop-hdds-0.6.0-SNAPSHOT-tests.jar
[INFO] 
[INFO] -------< org.apache.hadoop:hadoop-hdds-hadoop-dependency-client >-------
[INFO] Building Apache Hadoop HDDS Hadoop Client dependencies 0.6.0-SNAPSHOT [3/34]
[INFO]   from hadoop-hdds/hadoop-dependency-client/pom.xml
[INFO] --------------------------------[ jar ]---------------------------------
[INFO] 
[INFO] --- clean:2.5:clean (default-clean) @ hadoop-hdds-hadoop-dependency-client ---
[INFO] Deleting /home/runner/work/sonar-analysis/sonar-analysis/project/hadoop-hdds/hadoop-dependency-client/target
[INFO] Deleting /home/runner/work/sonar-analysis/sonar-analysis/project/hadoop-hdds/hadoop-dependency-client (includes = [dependency-reduced-pom.xml], excludes = [])
[INFO] 
[INFO] --- antrun:3.1.0:run (create-testdirs) @ hadoop-hdds-hadoop-dependency-client ---
[INFO] Executing tasks
[INFO]     [mkdir] Created dir: /home/runner/work/sonar-analysis/sonar-analysis/project/hadoop-hdds/hadoop-dependency-client/target/test-dir
[INFO] Executed tasks
[INFO] 
[INFO] --- jacoco:0.8.3:prepare-agent (default-prepare-agent) @ hadoop-hdds-hadoop-dependency-client ---
[INFO] argLine set to -javaagent:/home/runner/.m2/repository/org/jacoco/org.jacoco.agent/0.8.3/org.jacoco.agent-0.8.3-runtime.jar=destfile=/home/runner/work/sonar-analysis/sonar-analysis/project/hadoop-hdds/hadoop-dependency-client/target/jacoco.exec
[INFO] 
[INFO] --- remote-resources:1.5:process (default) @ hadoop-hdds-hadoop-dependency-client ---
[INFO] 
[INFO] --- resources:3.1.0:resources (default-resources) @ hadoop-hdds-hadoop-dependency-client ---
[INFO] Using 'UTF-8' encoding to copy filtered resources.
[INFO] skip non existing resourceDirectory /home/runner/work/sonar-analysis/sonar-analysis/project/hadoop-hdds/hadoop-dependency-client/src/main/resources
[INFO] Copying 2 resources
[INFO] 
[INFO] --- compiler:3.1:compile (default-compile) @ hadoop-hdds-hadoop-dependency-client ---
[INFO] No sources to compile
[INFO] 
[INFO] --- resources:3.1.0:testResources (default-testResources) @ hadoop-hdds-hadoop-dependency-client ---
[INFO] Using 'UTF-8' encoding to copy filtered resources.
[INFO] skip non existing resourceDirectory /home/runner/work/sonar-analysis/sonar-analysis/project/hadoop-hdds/hadoop-dependency-client/src/test/resources
[INFO] Copying 2 resources
[INFO] 
[INFO] --- compiler:3.1:testCompile (default-testCompile) @ hadoop-hdds-hadoop-dependency-client ---
[INFO] No sources to compile
[INFO] 
[INFO] --- surefire:3.0.0-M1:test (default-test) @ hadoop-hdds-hadoop-dependency-client ---
[INFO] Tests are skipped.
[INFO] 
[INFO] --- jar:2.5:jar (default-jar) @ hadoop-hdds-hadoop-dependency-client ---
[INFO] Building jar: /home/runner/work/sonar-analysis/sonar-analysis/project/hadoop-hdds/hadoop-dependency-client/target/hadoop-hdds-hadoop-dependency-client-0.6.0-SNAPSHOT.jar
[INFO] 
[INFO] --- dependency:3.0.2:build-classpath (add-classpath-descriptor) @ hadoop-hdds-hadoop-dependency-client ---
[INFO] Wrote classpath file '/home/runner/work/sonar-analysis/sonar-analysis/project/hadoop-hdds/hadoop-dependency-client/target/classpath'.
[INFO] 
[INFO] --- build-helper:1.9:attach-artifact (attach-classpath-artifact) @ hadoop-hdds-hadoop-dependency-client ---
[INFO] 
[INFO] --- jar:2.5:test-jar (default) @ hadoop-hdds-hadoop-dependency-client ---
[INFO] Building jar: /home/runner/work/sonar-analysis/sonar-analysis/project/hadoop-hdds/hadoop-dependency-client/target/hadoop-hdds-hadoop-dependency-client-0.6.0-SNAPSHOT-tests.jar
[INFO] 
[INFO] --- animal-sniffer:1.16:check (signature-check) @ hadoop-hdds-hadoop-dependency-client ---
[INFO] Checking unresolved references to org.codehaus.mojo.signature:java18:1.0
[INFO] 
[INFO] --- install:2.5.1:install (default-install) @ hadoop-hdds-hadoop-dependency-client ---
[INFO] Installing /home/runner/work/sonar-analysis/sonar-analysis/project/hadoop-hdds/hadoop-dependency-client/target/hadoop-hdds-hadoop-dependency-client-0.6.0-SNAPSHOT.jar to /home/runner/.m2/repository/org/apache/hadoop/hadoop-hdds-hadoop-dependency-client/0.6.0-SNAPSHOT/hadoop-hdds-hadoop-dependency-client-0.6.0-SNAPSHOT.jar
[INFO] Installing /home/runner/work/sonar-analysis/sonar-analysis/project/hadoop-hdds/hadoop-dependency-client/pom.xml to /home/runner/.m2/repository/org/apache/hadoop/hadoop-hdds-hadoop-dependency-client/0.6.0-SNAPSHOT/hadoop-hdds-hadoop-dependency-client-0.6.0-SNAPSHOT.pom
[INFO] Installing /home/runner/work/sonar-analysis/sonar-analysis/project/hadoop-hdds/hadoop-dependency-client/target/classpath to /home/runner/.m2/repository/org/apache/hadoop/hadoop-hdds-hadoop-dependency-client/0.6.0-SNAPSHOT/hadoop-hdds-hadoop-dependency-client-0.6.0-SNAPSHOT-classpath.cp
[INFO] Installing /home/runner/work/sonar-analysis/sonar-analysis/project/hadoop-hdds/hadoop-dependency-client/target/hadoop-hdds-hadoop-dependency-client-0.6.0-SNAPSHOT-tests.jar to /home/runner/.m2/repository/org/apache/hadoop/hadoop-hdds-hadoop-dependency-client/0.6.0-SNAPSHOT/hadoop-hdds-hadoop-dependency-client-0.6.0-SNAPSHOT-tests.jar
[INFO] 
[INFO] --------< org.apache.hadoop:hadoop-hdds-hadoop-dependency-test >--------
[INFO] Building Apache Hadoop HDDS Hadoop Test dependencies 0.6.0-SNAPSHOT [4/34]
[INFO]   from hadoop-hdds/hadoop-dependency-test/pom.xml
[INFO] --------------------------------[ jar ]---------------------------------
[INFO] 
[INFO] --- clean:2.5:clean (default-clean) @ hadoop-hdds-hadoop-dependency-test ---
[INFO] Deleting /home/runner/work/sonar-analysis/sonar-analysis/project/hadoop-hdds/hadoop-dependency-test/target
[INFO] Deleting /home/runner/work/sonar-analysis/sonar-analysis/project/hadoop-hdds/hadoop-dependency-test (includes = [dependency-reduced-pom.xml], excludes = [])
[INFO] 
[INFO] --- antrun:3.1.0:run (create-testdirs) @ hadoop-hdds-hadoop-dependency-test ---
[INFO] Executing tasks
[INFO]     [mkdir] Created dir: /home/runner/work/sonar-analysis/sonar-analysis/project/hadoop-hdds/hadoop-dependency-test/target/test-dir
[INFO] Executed tasks
[INFO] 
[INFO] --- jacoco:0.8.3:prepare-agent (default-prepare-agent) @ hadoop-hdds-hadoop-dependency-test ---
[INFO] argLine set to -javaagent:/home/runner/.m2/repository/org/jacoco/org.jacoco.agent/0.8.3/org.jacoco.agent-0.8.3-runtime.jar=destfile=/home/runner/work/sonar-analysis/sonar-analysis/project/hadoop-hdds/hadoop-dependency-test/target/jacoco.exec
[INFO] 
[INFO] --- remote-resources:1.5:process (default) @ hadoop-hdds-hadoop-dependency-test ---
[INFO] 
[INFO] --- resources:3.1.0:resources (default-resources) @ hadoop-hdds-hadoop-dependency-test ---
[INFO] Using 'UTF-8' encoding to copy filtered resources.
[INFO] skip non existing resourceDirectory /home/runner/work/sonar-analysis/sonar-analysis/project/hadoop-hdds/hadoop-dependency-test/src/main/resources
[INFO] Copying 2 resources
[INFO] 
[INFO] --- compiler:3.1:compile (default-compile) @ hadoop-hdds-hadoop-dependency-test ---
[INFO] No sources to compile
[INFO] 
[INFO] --- resources:3.1.0:testResources (default-testResources) @ hadoop-hdds-hadoop-dependency-test ---
[INFO] Using 'UTF-8' encoding to copy filtered resources.
[INFO] skip non existing resourceDirectory /home/runner/work/sonar-analysis/sonar-analysis/project/hadoop-hdds/hadoop-dependency-test/src/test/resources
[INFO] Copying 2 resources
[INFO] 
[INFO] --- compiler:3.1:testCompile (default-testCompile) @ hadoop-hdds-hadoop-dependency-test ---
[INFO] No sources to compile
[INFO] 
[INFO] --- surefire:3.0.0-M1:test (default-test) @ hadoop-hdds-hadoop-dependency-test ---
[INFO] Tests are skipped.
[INFO] 
[INFO] --- jar:2.5:jar (default-jar) @ hadoop-hdds-hadoop-dependency-test ---
[INFO] Building jar: /home/runner/work/sonar-analysis/sonar-analysis/project/hadoop-hdds/hadoop-dependency-test/target/hadoop-hdds-hadoop-dependency-test-0.6.0-SNAPSHOT.jar
[INFO] 
[INFO] --- dependency:3.0.2:build-classpath (add-classpath-descriptor) @ hadoop-hdds-hadoop-dependency-test ---
[INFO] Wrote classpath file '/home/runner/work/sonar-analysis/sonar-analysis/project/hadoop-hdds/hadoop-dependency-test/target/classpath'.
[INFO] 
[INFO] --- build-helper:1.9:attach-artifact (attach-classpath-artifact) @ hadoop-hdds-hadoop-dependency-test ---
[INFO] 
[INFO] --- jar:2.5:test-jar (default) @ hadoop-hdds-hadoop-dependency-test ---
[INFO] Building jar: /home/runner/work/sonar-analysis/sonar-analysis/project/hadoop-hdds/hadoop-dependency-test/target/hadoop-hdds-hadoop-dependency-test-0.6.0-SNAPSHOT-tests.jar
[INFO] 
[INFO] --- animal-sniffer:1.16:check (signature-check) @ hadoop-hdds-hadoop-dependency-test ---
[INFO] Checking unresolved references to org.codehaus.mojo.signature:java18:1.0
[INFO] 
[INFO] --- install:2.5.1:install (default-install) @ hadoop-hdds-hadoop-dependency-test ---
[INFO] Installing /home/runner/work/sonar-analysis/sonar-analysis/project/hadoop-hdds/hadoop-dependency-test/target/hadoop-hdds-hadoop-dependency-test-0.6.0-SNAPSHOT.jar to /home/runner/.m2/repository/org/apache/hadoop/hadoop-hdds-hadoop-dependency-test/0.6.0-SNAPSHOT/hadoop-hdds-hadoop-dependency-test-0.6.0-SNAPSHOT.jar
[INFO] Installing /home/runner/work/sonar-analysis/sonar-analysis/project/hadoop-hdds/hadoop-dependency-test/pom.xml to /home/runner/.m2/repository/org/apache/hadoop/hadoop-hdds-hadoop-dependency-test/0.6.0-SNAPSHOT/hadoop-hdds-hadoop-dependency-test-0.6.0-SNAPSHOT.pom
[INFO] Installing /home/runner/work/sonar-analysis/sonar-analysis/project/hadoop-hdds/hadoop-dependency-test/target/classpath to /home/runner/.m2/repository/org/apache/hadoop/hadoop-hdds-hadoop-dependency-test/0.6.0-SNAPSHOT/hadoop-hdds-hadoop-dependency-test-0.6.0-SNAPSHOT-classpath.cp
[INFO] Installing /home/runner/work/sonar-analysis/sonar-analysis/project/hadoop-hdds/hadoop-dependency-test/target/hadoop-hdds-hadoop-dependency-test-0.6.0-SNAPSHOT-tests.jar to /home/runner/.m2/repository/org/apache/hadoop/hadoop-hdds-hadoop-dependency-test/0.6.0-SNAPSHOT/hadoop-hdds-hadoop-dependency-test-0.6.0-SNAPSHOT-tests.jar
[INFO] 
[INFO] -------< org.apache.hadoop:hadoop-hdds-hadoop-dependency-server >-------
[INFO] Building Apache Hadoop HDDS Hadoop Server dependencies 0.6.0-SNAPSHOT [5/34]
[INFO]   from hadoop-hdds/hadoop-dependency-server/pom.xml
[INFO] --------------------------------[ jar ]---------------------------------
[INFO] 
[INFO] --- clean:2.5:clean (default-clean) @ hadoop-hdds-hadoop-dependency-server ---
[INFO] Deleting /home/runner/work/sonar-analysis/sonar-analysis/project/hadoop-hdds/hadoop-dependency-server/target
[INFO] Deleting /home/runner/work/sonar-analysis/sonar-analysis/project/hadoop-hdds/hadoop-dependency-server (includes = [dependency-reduced-pom.xml], excludes = [])
[INFO] 
[INFO] --- antrun:3.1.0:run (create-testdirs) @ hadoop-hdds-hadoop-dependency-server ---
[INFO] Executing tasks
[INFO]     [mkdir] Created dir: /home/runner/work/sonar-analysis/sonar-analysis/project/hadoop-hdds/hadoop-dependency-server/target/test-dir
[INFO] Executed tasks
[INFO] 
[INFO] --- jacoco:0.8.3:prepare-agent (default-prepare-agent) @ hadoop-hdds-hadoop-dependency-server ---
[INFO] argLine set to -javaagent:/home/runner/.m2/repository/org/jacoco/org.jacoco.agent/0.8.3/org.jacoco.agent-0.8.3-runtime.jar=destfile=/home/runner/work/sonar-analysis/sonar-analysis/project/hadoop-hdds/hadoop-dependency-server/target/jacoco.exec
[INFO] 
[INFO] --- remote-resources:1.5:process (default) @ hadoop-hdds-hadoop-dependency-server ---
[INFO] 
[INFO] --- resources:3.1.0:resources (default-resources) @ hadoop-hdds-hadoop-dependency-server ---
[INFO] Using 'UTF-8' encoding to copy filtered resources.
[INFO] skip non existing resourceDirectory /home/runner/work/sonar-analysis/sonar-analysis/project/hadoop-hdds/hadoop-dependency-server/src/main/resources
[INFO] Copying 2 resources
[INFO] 
[INFO] --- compiler:3.1:compile (default-compile) @ hadoop-hdds-hadoop-dependency-server ---
[INFO] No sources to compile
[INFO] 
[INFO] --- resources:3.1.0:testResources (default-testResources) @ hadoop-hdds-hadoop-dependency-server ---
[INFO] Using 'UTF-8' encoding to copy filtered resources.
[INFO] skip non existing resourceDirectory /home/runner/work/sonar-analysis/sonar-analysis/project/hadoop-hdds/hadoop-dependency-server/src/test/resources
[INFO] Copying 2 resources
[INFO] 
[INFO] --- compiler:3.1:testCompile (default-testCompile) @ hadoop-hdds-hadoop-dependency-server ---
[INFO] No sources to compile
[INFO] 
[INFO] --- surefire:3.0.0-M1:test (default-test) @ hadoop-hdds-hadoop-dependency-server ---
[INFO] Tests are skipped.
[INFO] 
[INFO] --- jar:2.5:jar (default-jar) @ hadoop-hdds-hadoop-dependency-server ---
[INFO] Building jar: /home/runner/work/sonar-analysis/sonar-analysis/project/hadoop-hdds/hadoop-dependency-server/target/hadoop-hdds-hadoop-dependency-server-0.6.0-SNAPSHOT.jar
[INFO] 
[INFO] --- dependency:3.0.2:build-classpath (add-classpath-descriptor) @ hadoop-hdds-hadoop-dependency-server ---
[INFO] Wrote classpath file '/home/runner/work/sonar-analysis/sonar-analysis/project/hadoop-hdds/hadoop-dependency-server/target/classpath'.
[INFO] 
[INFO] --- build-helper:1.9:attach-artifact (attach-classpath-artifact) @ hadoop-hdds-hadoop-dependency-server ---
[INFO] 
[INFO] --- jar:2.5:test-jar (default) @ hadoop-hdds-hadoop-dependency-server ---
[INFO] Building jar: /home/runner/work/sonar-analysis/sonar-analysis/project/hadoop-hdds/hadoop-dependency-server/target/hadoop-hdds-hadoop-dependency-server-0.6.0-SNAPSHOT-tests.jar
[INFO] 
[INFO] --- animal-sniffer:1.16:check (signature-check) @ hadoop-hdds-hadoop-dependency-server ---
[INFO] Checking unresolved references to org.codehaus.mojo.signature:java18:1.0
[INFO] 
[INFO] --- install:2.5.1:install (default-install) @ hadoop-hdds-hadoop-dependency-server ---
[INFO] Installing /home/runner/work/sonar-analysis/sonar-analysis/project/hadoop-hdds/hadoop-dependency-server/target/hadoop-hdds-hadoop-dependency-server-0.6.0-SNAPSHOT.jar to /home/runner/.m2/repository/org/apache/hadoop/hadoop-hdds-hadoop-dependency-server/0.6.0-SNAPSHOT/hadoop-hdds-hadoop-dependency-server-0.6.0-SNAPSHOT.jar
[INFO] Installing /home/runner/work/sonar-analysis/sonar-analysis/project/hadoop-hdds/hadoop-dependency-server/pom.xml to /home/runner/.m2/repository/org/apache/hadoop/hadoop-hdds-hadoop-dependency-server/0.6.0-SNAPSHOT/hadoop-hdds-hadoop-dependency-server-0.6.0-SNAPSHOT.pom
[INFO] Installing /home/runner/work/sonar-analysis/sonar-analysis/project/hadoop-hdds/hadoop-dependency-server/target/classpath to /home/runner/.m2/repository/org/apache/hadoop/hadoop-hdds-hadoop-dependency-server/0.6.0-SNAPSHOT/hadoop-hdds-hadoop-dependency-server-0.6.0-SNAPSHOT-classpath.cp
[INFO] Installing /home/runner/work/sonar-analysis/sonar-analysis/project/hadoop-hdds/hadoop-dependency-server/target/hadoop-hdds-hadoop-dependency-server-0.6.0-SNAPSHOT-tests.jar to /home/runner/.m2/repository/org/apache/hadoop/hadoop-hdds-hadoop-dependency-server/0.6.0-SNAPSHOT/hadoop-hdds-hadoop-dependency-server-0.6.0-SNAPSHOT-tests.jar
[INFO] 
[INFO] --------------< org.apache.hadoop:hadoop-hdds-test-utils >--------------
[INFO] Building Apache Hadoop HDDS Test Utils 0.6.0-SNAPSHOT             [6/34]
[INFO]   from hadoop-hdds/test-utils/pom.xml
[INFO] --------------------------------[ jar ]---------------------------------
[INFO] 
[INFO] --- clean:2.5:clean (default-clean) @ hadoop-hdds-test-utils ---
[INFO] Deleting /home/runner/work/sonar-analysis/sonar-analysis/project/hadoop-hdds/test-utils/target
[INFO] Deleting /home/runner/work/sonar-analysis/sonar-analysis/project/hadoop-hdds/test-utils (includes = [dependency-reduced-pom.xml], excludes = [])
[INFO] 
[INFO] --- antrun:3.1.0:run (create-testdirs) @ hadoop-hdds-test-utils ---
[INFO] Executing tasks
[INFO]     [mkdir] Created dir: /home/runner/work/sonar-analysis/sonar-analysis/project/hadoop-hdds/test-utils/target/test-dir
[INFO] Executed tasks
[INFO] 
[INFO] --- jacoco:0.8.3:prepare-agent (default-prepare-agent) @ hadoop-hdds-test-utils ---
[INFO] argLine set to -javaagent:/home/runner/.m2/repository/org/jacoco/org.jacoco.agent/0.8.3/org.jacoco.agent-0.8.3-runtime.jar=destfile=/home/runner/work/sonar-analysis/sonar-analysis/project/hadoop-hdds/test-utils/target/jacoco.exec
[INFO] 
[INFO] --- remote-resources:1.5:process (default) @ hadoop-hdds-test-utils ---
[INFO] 
[INFO] --- resources:3.1.0:resources (default-resources) @ hadoop-hdds-test-utils ---
[INFO] Using 'UTF-8' encoding to copy filtered resources.
[INFO] skip non existing resourceDirectory /home/runner/work/sonar-analysis/sonar-analysis/project/hadoop-hdds/test-utils/src/main/resources
[INFO] Copying 2 resources
[INFO] 
[INFO] --- compiler:3.1:compile (default-compile) @ hadoop-hdds-test-utils ---
[INFO] Compiling 4 source files to /home/runner/work/sonar-analysis/sonar-analysis/project/hadoop-hdds/test-utils/target/classes
[WARNING] /home/runner/work/sonar-analysis/sonar-analysis/project/hadoop-hdds/test-utils/src/main/java/org/apache/hadoop/test/LambdaTestUtils.java: /home/runner/work/sonar-analysis/sonar-analysis/project/hadoop-hdds/test-utils/src/main/java/org/apache/hadoop/test/LambdaTestUtils.java uses unchecked or unsafe operations.
[WARNING] /home/runner/work/sonar-analysis/sonar-analysis/project/hadoop-hdds/test-utils/src/main/java/org/apache/hadoop/test/LambdaTestUtils.java: Recompile with -Xlint:unchecked for details.
[INFO] 
[INFO] --- resources:3.1.0:testResources (default-testResources) @ hadoop-hdds-test-utils ---
[INFO] Using 'UTF-8' encoding to copy filtered resources.
[INFO] skip non existing resourceDirectory /home/runner/work/sonar-analysis/sonar-analysis/project/hadoop-hdds/test-utils/src/test/resources
[INFO] Copying 2 resources
[INFO] 
[INFO] --- compiler:3.1:testCompile (default-testCompile) @ hadoop-hdds-test-utils ---
[INFO] No sources to compile
[INFO] 
[INFO] --- surefire:3.0.0-M1:test (default-test) @ hadoop-hdds-test-utils ---
[INFO] Tests are skipped.
[INFO] 
[INFO] --- jar:2.5:jar (default-jar) @ hadoop-hdds-test-utils ---
[INFO] Building jar: /home/runner/work/sonar-analysis/sonar-analysis/project/hadoop-hdds/test-utils/target/hadoop-hdds-test-utils-0.6.0-SNAPSHOT.jar
[INFO] 
[INFO] --- dependency:3.0.2:build-classpath (add-classpath-descriptor) @ hadoop-hdds-test-utils ---
[INFO] Wrote classpath file '/home/runner/work/sonar-analysis/sonar-analysis/project/hadoop-hdds/test-utils/target/classpath'.
[INFO] 
[INFO] --- build-helper:1.9:attach-artifact (attach-classpath-artifact) @ hadoop-hdds-test-utils ---
[INFO] 
[INFO] --- jar:2.5:test-jar (default) @ hadoop-hdds-test-utils ---
[INFO] Building jar: /home/runner/work/sonar-analysis/sonar-analysis/project/hadoop-hdds/test-utils/target/hadoop-hdds-test-utils-0.6.0-SNAPSHOT-tests.jar
[INFO] 
[INFO] --- animal-sniffer:1.16:check (signature-check) @ hadoop-hdds-test-utils ---
[INFO] Checking unresolved references to org.codehaus.mojo.signature:java18:1.0
[INFO] 
[INFO] --- install:2.5.1:install (default-install) @ hadoop-hdds-test-utils ---
[INFO] Installing /home/runner/work/sonar-analysis/sonar-analysis/project/hadoop-hdds/test-utils/target/hadoop-hdds-test-utils-0.6.0-SNAPSHOT.jar to /home/runner/.m2/repository/org/apache/hadoop/hadoop-hdds-test-utils/0.6.0-SNAPSHOT/hadoop-hdds-test-utils-0.6.0-SNAPSHOT.jar
[INFO] Installing /home/runner/work/sonar-analysis/sonar-analysis/project/hadoop-hdds/test-utils/pom.xml to /home/runner/.m2/repository/org/apache/hadoop/hadoop-hdds-test-utils/0.6.0-SNAPSHOT/hadoop-hdds-test-utils-0.6.0-SNAPSHOT.pom
[INFO] Installing /home/runner/work/sonar-analysis/sonar-analysis/project/hadoop-hdds/test-utils/target/classpath to /home/runner/.m2/repository/org/apache/hadoop/hadoop-hdds-test-utils/0.6.0-SNAPSHOT/hadoop-hdds-test-utils-0.6.0-SNAPSHOT-classpath.cp
[INFO] Installing /home/runner/work/sonar-analysis/sonar-analysis/project/hadoop-hdds/test-utils/target/hadoop-hdds-test-utils-0.6.0-SNAPSHOT-tests.jar to /home/runner/.m2/repository/org/apache/hadoop/hadoop-hdds-test-utils/0.6.0-SNAPSHOT/hadoop-hdds-test-utils-0.6.0-SNAPSHOT-tests.jar
[INFO] 
[INFO] ----------------< org.apache.hadoop:hadoop-hdds-config >----------------
[INFO] Building Apache Hadoop HDDS Config 0.6.0-SNAPSHOT                 [7/34]
[INFO]   from hadoop-hdds/config/pom.xml
[INFO] --------------------------------[ jar ]---------------------------------
[INFO] 
[INFO] --- clean:2.5:clean (default-clean) @ hadoop-hdds-config ---
[INFO] Deleting /home/runner/work/sonar-analysis/sonar-analysis/project/hadoop-hdds/config/target
[INFO] Deleting /home/runner/work/sonar-analysis/sonar-analysis/project/hadoop-hdds/config (includes = [dependency-reduced-pom.xml], excludes = [])
[INFO] 
[INFO] --- antrun:3.1.0:run (create-testdirs) @ hadoop-hdds-config ---
[INFO] Executing tasks
[INFO]     [mkdir] Created dir: /home/runner/work/sonar-analysis/sonar-analysis/project/hadoop-hdds/config/target/test-dir
[INFO] Executed tasks
[INFO] 
[INFO] --- jacoco:0.8.3:prepare-agent (default-prepare-agent) @ hadoop-hdds-config ---
[INFO] argLine set to -javaagent:/home/runner/.m2/repository/org/jacoco/org.jacoco.agent/0.8.3/org.jacoco.agent-0.8.3-runtime.jar=destfile=/home/runner/work/sonar-analysis/sonar-analysis/project/hadoop-hdds/config/target/jacoco.exec
[INFO] 
[INFO] --- remote-resources:1.5:process (default) @ hadoop-hdds-config ---
[INFO] 
[INFO] --- resources:3.1.0:resources (default-resources) @ hadoop-hdds-config ---
[INFO] Using 'UTF-8' encoding to copy filtered resources.
[INFO] skip non existing resourceDirectory /home/runner/work/sonar-analysis/sonar-analysis/project/hadoop-hdds/config/src/main/resources
[INFO] Copying 2 resources
[INFO] 
[INFO] --- compiler:3.1:compile (default-compile) @ hadoop-hdds-config ---
[INFO] Compiling 13 source files to /home/runner/work/sonar-analysis/sonar-analysis/project/hadoop-hdds/config/target/classes
[INFO] 
[INFO] --- resources:3.1.0:testResources (default-testResources) @ hadoop-hdds-config ---
[INFO] Using 'UTF-8' encoding to copy filtered resources.
[INFO] Copying 1 resource
[INFO] Copying 2 resources
[INFO] 
[INFO] --- compiler:3.1:testCompile (default-testCompile) @ hadoop-hdds-config ---
[INFO] Compiling 6 source files to /home/runner/work/sonar-analysis/sonar-analysis/project/hadoop-hdds/config/target/test-classes
[INFO] 
[INFO] --- surefire:3.0.0-M1:test (default-test) @ hadoop-hdds-config ---
[INFO] Tests are skipped.
[INFO] 
[INFO] --- jar:2.5:jar (default-jar) @ hadoop-hdds-config ---
[INFO] Building jar: /home/runner/work/sonar-analysis/sonar-analysis/project/hadoop-hdds/config/target/hadoop-hdds-config-0.6.0-SNAPSHOT.jar
[INFO] 
[INFO] --- dependency:3.0.2:build-classpath (add-classpath-descriptor) @ hadoop-hdds-config ---
[INFO] Wrote classpath file '/home/runner/work/sonar-analysis/sonar-analysis/project/hadoop-hdds/config/target/classpath'.
[INFO] 
[INFO] --- build-helper:1.9:attach-artifact (attach-classpath-artifact) @ hadoop-hdds-config ---
[INFO] 
[INFO] --- jar:2.5:test-jar (default) @ hadoop-hdds-config ---
[INFO] Building jar: /home/runner/work/sonar-analysis/sonar-analysis/project/hadoop-hdds/config/target/hadoop-hdds-config-0.6.0-SNAPSHOT-tests.jar
[INFO] 
[INFO] --- animal-sniffer:1.16:check (signature-check) @ hadoop-hdds-config ---
[INFO] Checking unresolved references to org.codehaus.mojo.signature:java18:1.0
[INFO] 
[INFO] --- install:2.5.1:install (default-install) @ hadoop-hdds-config ---
[INFO] Installing /home/runner/work/sonar-analysis/sonar-analysis/project/hadoop-hdds/config/target/hadoop-hdds-config-0.6.0-SNAPSHOT.jar to /home/runner/.m2/repository/org/apache/hadoop/hadoop-hdds-config/0.6.0-SNAPSHOT/hadoop-hdds-config-0.6.0-SNAPSHOT.jar
[INFO] Installing /home/runner/work/sonar-analysis/sonar-analysis/project/hadoop-hdds/config/pom.xml to /home/runner/.m2/repository/org/apache/hadoop/hadoop-hdds-config/0.6.0-SNAPSHOT/hadoop-hdds-config-0.6.0-SNAPSHOT.pom
[INFO] Installing /home/runner/work/sonar-analysis/sonar-analysis/project/hadoop-hdds/config/target/classpath to /home/runner/.m2/repository/org/apache/hadoop/hadoop-hdds-config/0.6.0-SNAPSHOT/hadoop-hdds-config-0.6.0-SNAPSHOT-classpath.cp
[INFO] Installing /home/runner/work/sonar-analysis/sonar-analysis/project/hadoop-hdds/config/target/hadoop-hdds-config-0.6.0-SNAPSHOT-tests.jar to /home/runner/.m2/repository/org/apache/hadoop/hadoop-hdds-config/0.6.0-SNAPSHOT/hadoop-hdds-config-0.6.0-SNAPSHOT-tests.jar
[INFO] 
[INFO] ----------------< org.apache.hadoop:hadoop-hdds-common >----------------
[INFO] Building Apache Hadoop HDDS Common 0.6.0-SNAPSHOT                 [8/34]
[INFO]   from hadoop-hdds/common/pom.xml
[INFO] --------------------------------[ jar ]---------------------------------
[WARNING] The POM for org.apache.ratis:ratis-server:jar:0.6.0-cac3336-SNAPSHOT is missing, no dependency information available
[WARNING] The POM for org.apache.ratis:ratis-netty:jar:0.6.0-cac3336-SNAPSHOT is missing, no dependency information available
[WARNING] The POM for org.apache.ratis:ratis-grpc:jar:0.6.0-cac3336-SNAPSHOT is missing, no dependency information available
[INFO] ------------------------------------------------------------------------
[INFO] Reactor Summary for Apache Hadoop Ozone Main 0.6.0-SNAPSHOT:
[INFO] 
[INFO] Apache Hadoop Ozone Main ........................... SUCCESS [  1.943 s]
[INFO] Apache Hadoop HDDS ................................. SUCCESS [  1.266 s]
[INFO] Apache Hadoop HDDS Hadoop Client dependencies ...... SUCCESS [  3.488 s]
[INFO] Apache Hadoop HDDS Hadoop Test dependencies ........ SUCCESS [  3.718 s]
[INFO] Apache Hadoop HDDS Hadoop Server dependencies ...... SUCCESS [  1.885 s]
[INFO] Apache Hadoop HDDS Test Utils ...................... SUCCESS [  1.288 s]
[INFO] Apache Hadoop HDDS Config .......................... SUCCESS [  0.752 s]
[INFO] Apache Hadoop HDDS Common .......................... FAILURE [  1.103 s]
[INFO] Apache Hadoop HDDS Client .......................... SKIPPED
[INFO] Apache Hadoop HDDS Server Framework ................ SKIPPED
[INFO] Apache Hadoop HDDS Container Service ............... SKIPPED
[INFO] Apache Hadoop HDDS/Ozone Documentation ............. SKIPPED
[INFO] Apache Hadoop HDDS SCM Server ...................... SKIPPED
[INFO] Apache Hadoop HDDS Tools ........................... SKIPPED
[INFO] Apache Hadoop Ozone ................................ SKIPPED
[INFO] Apache Hadoop Ozone Common ......................... SKIPPED
[INFO] Apache Hadoop Ozone Client ......................... SKIPPED
[INFO] Apache Hadoop Ozone Manager Server ................. SKIPPED
[INFO] Apache Hadoop Ozone FileSystem ..................... SKIPPED
[INFO] Apache Hadoop Ozone Tools .......................... SKIPPED
[INFO] Apache Hadoop Ozone S3 Gateway ..................... SKIPPED
[INFO] Apache Hadoop Ozone CSI service .................... SKIPPED
[INFO] Apache Hadoop Ozone Recon CodeGen .................. SKIPPED
[INFO] Apache Hadoop Ozone Recon .......................... SKIPPED
[INFO] Apache Hadoop Ozone Integration Tests .............. SKIPPED
[INFO] Apache Hadoop Ozone Datanode ....................... SKIPPED
[INFO] Apache Hadoop Ozone In-Place Upgrade ............... SKIPPED
[INFO] Apache Hadoop Ozone Insight Tool ................... SKIPPED
[INFO] Apache Hadoop Ozone FileSystem Single Jar Library .. SKIPPED
[INFO] Apache Hadoop Ozone FileSystem Legacy Jar Library .. SKIPPED
[INFO] Apache Hadoop Ozone Distribution ................... SKIPPED
[INFO] Apache Hadoop Ozone Fault Injection Tests .......... SKIPPED
[INFO] Apache Hadoop Ozone Network Tests .................. SKIPPED
[INFO] Apache Hadoop Ozone Mini Ozone Chaos Tests ......... SKIPPED
[INFO] ------------------------------------------------------------------------
[INFO] BUILD FAILURE
[INFO] ------------------------------------------------------------------------
[INFO] Total time:  16.114 s
[INFO] Finished at: 2026-05-09T17:28:15Z
[INFO] ------------------------------------------------------------------------
[ERROR] Failed to execute goal on project hadoop-hdds-common: Could not resolve dependencies for project org.apache.hadoop:hadoop-hdds-common:jar:0.6.0-SNAPSHOT
[ERROR] dependency: org.apache.ratis:ratis-server:jar:0.6.0-cac3336-SNAPSHOT (compile)
[ERROR] 	org.apache.ratis:ratis-server:jar:0.6.0-cac3336-SNAPSHOT was not found in https://maven.pkg.github.com/SmallKlaus/maven-artifacts during a previous attempt. This failure was cached in the local repository and resolution is not reattempted until the update interval of github-packages has elapsed or updates are forced
[ERROR] 	org.apache.ratis:ratis-server:jar:0.6.0-cac3336-SNAPSHOT was not found in https://repository.apache.org/content/repositories/snapshots/ during a previous attempt. This failure was cached in the local repository and resolution is not reattempted until the update interval of apache-snapshots has elapsed or updates are forced
[ERROR] 	org.apache.ratis:ratis-server:jar:0.6.0-cac3336-SNAPSHOT was not found in https://repository.apache.org/content/groups/snapshots/ during a previous attempt. This failure was cached in the local repository and resolution is not reattempted until the update interval of apache-group-snapshots has elapsed or updates are forced
[ERROR] 	org.apache.ratis:ratis-server:jar:0.6.0-cac3336-SNAPSHOT was not found in https://repository.apache.org/content/repositories/snapshots during a previous attempt. This failure was cached in the local repository and resolution is not reattempted until the update interval of apache.snapshots.https has elapsed or updates are forced
[ERROR] dependency: org.apache.ratis:ratis-netty:jar:0.6.0-cac3336-SNAPSHOT (compile)
[ERROR] 	org.apache.ratis:ratis-netty:jar:0.6.0-cac3336-SNAPSHOT was not found in https://maven.pkg.github.com/SmallKlaus/maven-artifacts during a previous attempt. This failure was cached in the local repository and resolution is not reattempted until the update interval of github-packages has elapsed or updates are forced
[ERROR] 	org.apache.ratis:ratis-netty:jar:0.6.0-cac3336-SNAPSHOT was not found in https://repository.apache.org/content/repositories/snapshots/ during a previous attempt. This failure was cached in the local repository and resolution is not reattempted until the update interval of apache-snapshots has elapsed or updates are forced
[ERROR] 	org.apache.ratis:ratis-netty:jar:0.6.0-cac3336-SNAPSHOT was not found in https://repository.apache.org/content/groups/snapshots/ during a previous attempt. This failure was cached in the local repository and resolution is not reattempted until the update interval of apache-group-snapshots has elapsed or updates are forced
[ERROR] 	org.apache.ratis:ratis-netty:jar:0.6.0-cac3336-SNAPSHOT was not found in https://repository.apache.org/content/repositories/snapshots during a previous attempt. This failure was cached in the local repository and resolution is not reattempted until the update interval of apache.snapshots.https has elapsed or updates are forced
[ERROR] dependency: org.apache.ratis:ratis-grpc:jar:0.6.0-cac3336-SNAPSHOT (compile)
[ERROR] 	org.apache.ratis:ratis-grpc:jar:0.6.0-cac3336-SNAPSHOT was not found in https://maven.pkg.github.com/SmallKlaus/maven-artifacts during a previous attempt. This failure was cached in the local repository and resolution is not reattempted until the update interval of github-packages has elapsed or updates are forced
[ERROR] 	org.apache.ratis:ratis-grpc:jar:0.6.0-cac3336-SNAPSHOT was not found in https://repository.apache.org/content/repositories/snapshots/ during a previous attempt. This failure was cached in the local repository and resolution is not reattempted until the update interval of apache-snapshots has elapsed or updates are forced
[ERROR] 	org.apache.ratis:ratis-grpc:jar:0.6.0-cac3336-SNAPSHOT was not found in https://repository.apache.org/content/groups/snapshots/ during a previous attempt. This failure was cached in the local repository and resolution is not reattempted until the update interval of apache-group-snapshots has elapsed or updates are forced
[ERROR] 	org.apache.ratis:ratis-grpc:jar:0.6.0-cac3336-SNAPSHOT was not found in https://repository.apache.org/content/repositories/snapshots during a previous attempt. This failure was cached in the local repository and resolution is not reattempted until the update interval of apache.snapshots.https has elapsed or updates are forced
[ERROR] -> [Help 1]
[ERROR] 
[ERROR] To see the full stack trace of the errors, re-run Maven with the -e switch.
[ERROR] Re-run Maven using the -X switch to enable full debug logging.
[ERROR] 
[ERROR] For more information about the errors and possible solutions, please read the following articles:
[ERROR] [Help 1] http://cwiki.apache.org/confluence/display/MAVEN/DependencyResolutionException
[ERROR] 
[ERROR] After correcting the problems, you can resume the build with the command
[ERROR]   mvn <args> -rf :hadoop-hdds-common
