[WARNING] 
[WARNING] Some problems were encountered while building the effective settings
[WARNING] 'profiles.profile[repos].repositories.repository.id' must be unique but found duplicate repository with id mapr-public @ /home/runner/.m2/settings.xml
[WARNING] 'profiles.profile[repos].repositories.repository.id' must be unique but found duplicate repository with id apache-snapshots @ /home/runner/.m2/settings.xml
[WARNING] 'profiles.profile[repos].repositories.repository.id' must be unique but found duplicate repository with id apache-group-snapshots @ /home/runner/.m2/settings.xml
[WARNING] 
[INFO] Scanning for projects...
[INFO] ------------------------------------------------------------------------
[INFO] Detecting the operating system and CPU architecture
[INFO] ------------------------------------------------------------------------
[INFO] os.detected.name: linux
[INFO] os.detected.arch: x86_64
[INFO] os.detected.version: 6.17
[INFO] os.detected.version.major: 6
[INFO] os.detected.version.minor: 17
[INFO] os.detected.release: ubuntu
[INFO] os.detected.release.version: 24.04
[INFO] os.detected.release.like.ubuntu: true
[INFO] os.detected.release.like.debian: true
[INFO] os.detected.classifier: linux-x86_64
[INFO] ------------------------------------------------------------------------
[INFO] Reactor Build Order:
[INFO] 
[INFO] Apache Ozone Main                                                  [pom]
[INFO] Apache Ozone HDDS                                                  [pom]
[INFO] Apache Ozone HDDS Hadoop Client dependencies                       [jar]
[INFO] Apache Ozone HDDS Hadoop Test dependencies                         [jar]
[INFO] Apache Ozone HDDS Hadoop Server dependencies                       [jar]
[INFO] Apache Ozone HDDS Client Interface                                 [jar]
[INFO] Apache Ozone HDDS Admin Interface                                  [jar]
[INFO] Apache Ozone HDDS Server Interface                                 [jar]
[INFO] Apache Ozone HDDS Test Utils                                       [jar]
[INFO] Apache Ozone HDDS Config                                           [jar]
[INFO] Apache Ozone HDDS Common                                           [jar]
[INFO] Apache Ozone HDDS Client                                           [jar]
[INFO] Apache Ozone HDDS Server Framework                                 [jar]
[INFO] Apache Ozone/HDDS Documentation                                    [jar]
[INFO] Apache Ozone HDDS Container Service                                [jar]
[INFO] Apache Ozone HDDS SCM Server                                       [jar]
[INFO] Apache Ozone HDDS Tools                                            [jar]
[INFO] Apache Ozone                                                       [pom]
[INFO] Apache Ozone Client Interface                                      [jar]
[INFO] Apache Ozone Common                                                [jar]
[INFO] Apache Ozone Storage Interface                                     [jar]
[INFO] Apache Ozone Client                                                [jar]
[INFO] Apache Ozone Manager Server                                        [jar]
[INFO] Apache Ozone FileSystem Common                                     [jar]
[INFO] Apache Ozone FileSystem                                            [jar]
[INFO] Apache Ozone Recon CodeGen                                         [jar]
[INFO] Apache Ozone Recon                                                 [jar]
[INFO] Apache Ozone Tools                                                 [jar]
[INFO] Apache Ozone S3 Gateway                                            [jar]
[INFO] Apache Ozone CSI service                                           [jar]
[INFO] Apache Ozone Integration Tests                                     [jar]
[INFO] Apache Ozone Datanode                                              [jar]
[INFO] Apache Ozone Insight Tool                                          [jar]
[INFO] Apache Ozone FileSystem Shaded                                     [jar]
[INFO] Apache Ozone FS Hadoop 2.x compatibility                           [jar]
[INFO] Apache Ozone FS Hadoop 3.x compatibility                           [jar]
[INFO] Apache Ozone Distribution                                          [jar]
[INFO] Apache Ozone Fault Injection Tests                                 [pom]
[INFO] Apache Ozone Network Tests                                         [jar]
[INFO] Apache Ozone Mini Ozone Chaos Tests                                [jar]
[INFO] 
[INFO] --------------------< org.apache.ozone:ozone-main >---------------------
[INFO] Building Apache Ozone Main 1.3.0-SNAPSHOT                         [1/40]
[INFO]   from pom.xml
[INFO] --------------------------------[ pom ]---------------------------------
[INFO] 
[INFO] --- clean:2.5:clean (default-clean) @ ozone-main ---
[INFO] Deleting /home/runner/work/sonar-analysis/sonar-analysis/project/target
[INFO] Deleting /home/runner/work/sonar-analysis/sonar-analysis/project (includes = [dependency-reduced-pom.xml], excludes = [])
[INFO] 
[INFO] --- antrun:3.1.0:run (create-testdirs) @ ozone-main ---
[INFO] Skipping Antrun execution
[INFO] 
[INFO] --- jacoco:0.8.5:prepare-agent (default-prepare-agent) @ ozone-main ---
[INFO] argLine set to -javaagent:/home/runner/.m2/repository/org/jacoco/org.jacoco.agent/0.8.5/org.jacoco.agent-0.8.5-runtime.jar=destfile=/home/runner/work/sonar-analysis/sonar-analysis/project/target/jacoco.exec,includes=org.apache.hadoop.hdds.*:org.apache.hadoop.ozone.*:org.apache.hadoop.fs.ozone.*
[INFO] 
[INFO] --- remote-resources:1.5:process (default) @ ozone-main ---
[INFO] 
[INFO] --- install:2.5.1:install (default-install) @ ozone-main ---
[INFO] Installing /home/runner/work/sonar-analysis/sonar-analysis/project/pom.xml to /home/runner/.m2/repository/org/apache/ozone/ozone-main/1.3.0-SNAPSHOT/ozone-main-1.3.0-SNAPSHOT.pom
[INFO] 
[INFO] -----------------------< org.apache.ozone:hdds >------------------------
[INFO] Building Apache Ozone HDDS 1.3.0-SNAPSHOT                         [2/40]
[INFO]   from hadoop-hdds/pom.xml
[INFO] --------------------------------[ pom ]---------------------------------
[INFO] 
[INFO] --- clean:2.5:clean (default-clean) @ hdds ---
[INFO] Deleting /home/runner/work/sonar-analysis/sonar-analysis/project/hadoop-hdds/target
[INFO] Deleting /home/runner/work/sonar-analysis/sonar-analysis/project/hadoop-hdds (includes = [dependency-reduced-pom.xml], excludes = [])
[INFO] 
[INFO] --- antrun:3.1.0:run (create-testdirs) @ hdds ---
[INFO] Skipping Antrun execution
[INFO] 
[INFO] --- jacoco:0.8.5:prepare-agent (default-prepare-agent) @ hdds ---
[INFO] argLine set to -javaagent:/home/runner/.m2/repository/org/jacoco/org.jacoco.agent/0.8.5/org.jacoco.agent-0.8.5-runtime.jar=destfile=/home/runner/work/sonar-analysis/sonar-analysis/project/hadoop-hdds/target/jacoco.exec,includes=org.apache.hadoop.hdds.*:org.apache.hadoop.ozone.*:org.apache.hadoop.fs.ozone.*
[INFO] 
[INFO] --- remote-resources:1.5:process (default) @ hdds ---
[INFO] 
[INFO] --- jar:2.5:test-jar (default) @ hdds ---
[WARNING] JAR will be empty - no content was marked for inclusion!
[INFO] Building jar: /home/runner/work/sonar-analysis/sonar-analysis/project/hadoop-hdds/target/hdds-1.3.0-SNAPSHOT-tests.jar
[INFO] 
[INFO] --- install:2.5.1:install (default-install) @ hdds ---
[INFO] Installing /home/runner/work/sonar-analysis/sonar-analysis/project/hadoop-hdds/pom.xml to /home/runner/.m2/repository/org/apache/ozone/hdds/1.3.0-SNAPSHOT/hdds-1.3.0-SNAPSHOT.pom
[INFO] Installing /home/runner/work/sonar-analysis/sonar-analysis/project/hadoop-hdds/target/hdds-1.3.0-SNAPSHOT-tests.jar to /home/runner/.m2/repository/org/apache/ozone/hdds/1.3.0-SNAPSHOT/hdds-1.3.0-SNAPSHOT-tests.jar
[INFO] 
[INFO] -----------< org.apache.ozone:hdds-hadoop-dependency-client >-----------
[INFO] Building Apache Ozone HDDS Hadoop Client dependencies 1.3.0-SNAPSHOT [3/40]
[INFO]   from hadoop-hdds/hadoop-dependency-client/pom.xml
[INFO] --------------------------------[ jar ]---------------------------------
[INFO] 
[INFO] --- clean:2.5:clean (default-clean) @ hdds-hadoop-dependency-client ---
[INFO] Deleting /home/runner/work/sonar-analysis/sonar-analysis/project/hadoop-hdds/hadoop-dependency-client/target
[INFO] Deleting /home/runner/work/sonar-analysis/sonar-analysis/project/hadoop-hdds/hadoop-dependency-client (includes = [dependency-reduced-pom.xml], excludes = [])
[INFO] 
[INFO] --- antrun:3.1.0:run (create-testdirs) @ hdds-hadoop-dependency-client ---
[INFO] Skipping Antrun execution
[INFO] 
[INFO] --- jacoco:0.8.5:prepare-agent (default-prepare-agent) @ hdds-hadoop-dependency-client ---
[INFO] argLine set to -javaagent:/home/runner/.m2/repository/org/jacoco/org.jacoco.agent/0.8.5/org.jacoco.agent-0.8.5-runtime.jar=destfile=/home/runner/work/sonar-analysis/sonar-analysis/project/hadoop-hdds/hadoop-dependency-client/target/jacoco.exec,includes=org.apache.hadoop.hdds.*:org.apache.hadoop.ozone.*:org.apache.hadoop.fs.ozone.*
[INFO] 
[INFO] --- remote-resources:1.5:process (default) @ hdds-hadoop-dependency-client ---
[INFO] 
[INFO] --- resources:3.1.0:resources (default-resources) @ hdds-hadoop-dependency-client ---
[INFO] Using 'UTF-8' encoding to copy filtered resources.
[INFO] skip non existing resourceDirectory /home/runner/work/sonar-analysis/sonar-analysis/project/hadoop-hdds/hadoop-dependency-client/src/main/resources
[INFO] Copying 2 resources
[INFO] 
[INFO] --- compiler:3.1:compile (default-compile) @ hdds-hadoop-dependency-client ---
[INFO] No sources to compile
[INFO] 
[INFO] --- resources:3.1.0:testResources (default-testResources) @ hdds-hadoop-dependency-client ---
[INFO] Using 'UTF-8' encoding to copy filtered resources.
[INFO] skip non existing resourceDirectory /home/runner/work/sonar-analysis/sonar-analysis/project/hadoop-hdds/hadoop-dependency-client/src/test/resources
[INFO] Copying 2 resources
[INFO] 
[INFO] --- compiler:3.1:testCompile (default-testCompile) @ hdds-hadoop-dependency-client ---
[INFO] No sources to compile
[INFO] 
[INFO] --- surefire:3.0.0-M1:test (default-test) @ hdds-hadoop-dependency-client ---
[INFO] Tests are skipped.
[INFO] 
[INFO] --- jar:2.5:jar (default-jar) @ hdds-hadoop-dependency-client ---
[INFO] Building jar: /home/runner/work/sonar-analysis/sonar-analysis/project/hadoop-hdds/hadoop-dependency-client/target/hdds-hadoop-dependency-client-1.3.0-SNAPSHOT.jar
[INFO] 
[INFO] --- jar:2.5:test-jar (default) @ hdds-hadoop-dependency-client ---
[INFO] Building jar: /home/runner/work/sonar-analysis/sonar-analysis/project/hadoop-hdds/hadoop-dependency-client/target/hdds-hadoop-dependency-client-1.3.0-SNAPSHOT-tests.jar
[INFO] 
[INFO] --- install:2.5.1:install (default-install) @ hdds-hadoop-dependency-client ---
[INFO] Installing /home/runner/work/sonar-analysis/sonar-analysis/project/hadoop-hdds/hadoop-dependency-client/target/hdds-hadoop-dependency-client-1.3.0-SNAPSHOT.jar to /home/runner/.m2/repository/org/apache/ozone/hdds-hadoop-dependency-client/1.3.0-SNAPSHOT/hdds-hadoop-dependency-client-1.3.0-SNAPSHOT.jar
[INFO] Installing /home/runner/work/sonar-analysis/sonar-analysis/project/hadoop-hdds/hadoop-dependency-client/pom.xml to /home/runner/.m2/repository/org/apache/ozone/hdds-hadoop-dependency-client/1.3.0-SNAPSHOT/hdds-hadoop-dependency-client-1.3.0-SNAPSHOT.pom
[INFO] Installing /home/runner/work/sonar-analysis/sonar-analysis/project/hadoop-hdds/hadoop-dependency-client/target/hdds-hadoop-dependency-client-1.3.0-SNAPSHOT-tests.jar to /home/runner/.m2/repository/org/apache/ozone/hdds-hadoop-dependency-client/1.3.0-SNAPSHOT/hdds-hadoop-dependency-client-1.3.0-SNAPSHOT-tests.jar
[INFO] 
[INFO] ------------< org.apache.ozone:hdds-hadoop-dependency-test >------------
[INFO] Building Apache Ozone HDDS Hadoop Test dependencies 1.3.0-SNAPSHOT [4/40]
[INFO]   from hadoop-hdds/hadoop-dependency-test/pom.xml
[INFO] --------------------------------[ jar ]---------------------------------
[INFO] 
[INFO] --- clean:2.5:clean (default-clean) @ hdds-hadoop-dependency-test ---
[INFO] Deleting /home/runner/work/sonar-analysis/sonar-analysis/project/hadoop-hdds/hadoop-dependency-test/target
[INFO] Deleting /home/runner/work/sonar-analysis/sonar-analysis/project/hadoop-hdds/hadoop-dependency-test (includes = [dependency-reduced-pom.xml], excludes = [])
[INFO] 
[INFO] --- antrun:3.1.0:run (create-testdirs) @ hdds-hadoop-dependency-test ---
[INFO] Skipping Antrun execution
[INFO] 
[INFO] --- jacoco:0.8.5:prepare-agent (default-prepare-agent) @ hdds-hadoop-dependency-test ---
[INFO] argLine set to -javaagent:/home/runner/.m2/repository/org/jacoco/org.jacoco.agent/0.8.5/org.jacoco.agent-0.8.5-runtime.jar=destfile=/home/runner/work/sonar-analysis/sonar-analysis/project/hadoop-hdds/hadoop-dependency-test/target/jacoco.exec,includes=org.apache.hadoop.hdds.*:org.apache.hadoop.ozone.*:org.apache.hadoop.fs.ozone.*
[INFO] 
[INFO] --- remote-resources:1.5:process (default) @ hdds-hadoop-dependency-test ---
[INFO] 
[INFO] --- resources:3.1.0:resources (default-resources) @ hdds-hadoop-dependency-test ---
[INFO] Using 'UTF-8' encoding to copy filtered resources.
[INFO] skip non existing resourceDirectory /home/runner/work/sonar-analysis/sonar-analysis/project/hadoop-hdds/hadoop-dependency-test/src/main/resources
[INFO] Copying 2 resources
[INFO] 
[INFO] --- compiler:3.1:compile (default-compile) @ hdds-hadoop-dependency-test ---
[INFO] No sources to compile
[INFO] 
[INFO] --- resources:3.1.0:testResources (default-testResources) @ hdds-hadoop-dependency-test ---
[INFO] Using 'UTF-8' encoding to copy filtered resources.
[INFO] skip non existing resourceDirectory /home/runner/work/sonar-analysis/sonar-analysis/project/hadoop-hdds/hadoop-dependency-test/src/test/resources
[INFO] Copying 2 resources
[INFO] 
[INFO] --- compiler:3.1:testCompile (default-testCompile) @ hdds-hadoop-dependency-test ---
[INFO] No sources to compile
[INFO] 
[INFO] --- surefire:3.0.0-M1:test (default-test) @ hdds-hadoop-dependency-test ---
[INFO] Tests are skipped.
[INFO] 
[INFO] --- jar:2.5:jar (default-jar) @ hdds-hadoop-dependency-test ---
[INFO] Building jar: /home/runner/work/sonar-analysis/sonar-analysis/project/hadoop-hdds/hadoop-dependency-test/target/hdds-hadoop-dependency-test-1.3.0-SNAPSHOT.jar
[INFO] 
[INFO] --- jar:2.5:test-jar (default) @ hdds-hadoop-dependency-test ---
[INFO] Building jar: /home/runner/work/sonar-analysis/sonar-analysis/project/hadoop-hdds/hadoop-dependency-test/target/hdds-hadoop-dependency-test-1.3.0-SNAPSHOT-tests.jar
[INFO] 
[INFO] --- install:2.5.1:install (default-install) @ hdds-hadoop-dependency-test ---
[INFO] Installing /home/runner/work/sonar-analysis/sonar-analysis/project/hadoop-hdds/hadoop-dependency-test/target/hdds-hadoop-dependency-test-1.3.0-SNAPSHOT.jar to /home/runner/.m2/repository/org/apache/ozone/hdds-hadoop-dependency-test/1.3.0-SNAPSHOT/hdds-hadoop-dependency-test-1.3.0-SNAPSHOT.jar
[INFO] Installing /home/runner/work/sonar-analysis/sonar-analysis/project/hadoop-hdds/hadoop-dependency-test/pom.xml to /home/runner/.m2/repository/org/apache/ozone/hdds-hadoop-dependency-test/1.3.0-SNAPSHOT/hdds-hadoop-dependency-test-1.3.0-SNAPSHOT.pom
[INFO] Installing /home/runner/work/sonar-analysis/sonar-analysis/project/hadoop-hdds/hadoop-dependency-test/target/hdds-hadoop-dependency-test-1.3.0-SNAPSHOT-tests.jar to /home/runner/.m2/repository/org/apache/ozone/hdds-hadoop-dependency-test/1.3.0-SNAPSHOT/hdds-hadoop-dependency-test-1.3.0-SNAPSHOT-tests.jar
[INFO] 
[INFO] -----------< org.apache.ozone:hdds-hadoop-dependency-server >-----------
[INFO] Building Apache Ozone HDDS Hadoop Server dependencies 1.3.0-SNAPSHOT [5/40]
[INFO]   from hadoop-hdds/hadoop-dependency-server/pom.xml
[INFO] --------------------------------[ jar ]---------------------------------
[INFO] 
[INFO] --- clean:2.5:clean (default-clean) @ hdds-hadoop-dependency-server ---
[INFO] Deleting /home/runner/work/sonar-analysis/sonar-analysis/project/hadoop-hdds/hadoop-dependency-server/target
[INFO] Deleting /home/runner/work/sonar-analysis/sonar-analysis/project/hadoop-hdds/hadoop-dependency-server (includes = [dependency-reduced-pom.xml], excludes = [])
[INFO] 
[INFO] --- antrun:3.1.0:run (create-testdirs) @ hdds-hadoop-dependency-server ---
[INFO] Skipping Antrun execution
[INFO] 
[INFO] --- jacoco:0.8.5:prepare-agent (default-prepare-agent) @ hdds-hadoop-dependency-server ---
[INFO] argLine set to -javaagent:/home/runner/.m2/repository/org/jacoco/org.jacoco.agent/0.8.5/org.jacoco.agent-0.8.5-runtime.jar=destfile=/home/runner/work/sonar-analysis/sonar-analysis/project/hadoop-hdds/hadoop-dependency-server/target/jacoco.exec,includes=org.apache.hadoop.hdds.*:org.apache.hadoop.ozone.*:org.apache.hadoop.fs.ozone.*
[INFO] 
[INFO] --- remote-resources:1.5:process (default) @ hdds-hadoop-dependency-server ---
[INFO] 
[INFO] --- resources:3.1.0:resources (default-resources) @ hdds-hadoop-dependency-server ---
[INFO] Using 'UTF-8' encoding to copy filtered resources.
[INFO] skip non existing resourceDirectory /home/runner/work/sonar-analysis/sonar-analysis/project/hadoop-hdds/hadoop-dependency-server/src/main/resources
[INFO] Copying 2 resources
[INFO] 
[INFO] --- compiler:3.1:compile (default-compile) @ hdds-hadoop-dependency-server ---
[INFO] No sources to compile
[INFO] 
[INFO] --- resources:3.1.0:testResources (default-testResources) @ hdds-hadoop-dependency-server ---
[INFO] Using 'UTF-8' encoding to copy filtered resources.
[INFO] skip non existing resourceDirectory /home/runner/work/sonar-analysis/sonar-analysis/project/hadoop-hdds/hadoop-dependency-server/src/test/resources
[INFO] Copying 2 resources
[INFO] 
[INFO] --- compiler:3.1:testCompile (default-testCompile) @ hdds-hadoop-dependency-server ---
[INFO] No sources to compile
[INFO] 
[INFO] --- surefire:3.0.0-M1:test (default-test) @ hdds-hadoop-dependency-server ---
[INFO] Tests are skipped.
[INFO] 
[INFO] --- jar:2.5:jar (default-jar) @ hdds-hadoop-dependency-server ---
[INFO] Building jar: /home/runner/work/sonar-analysis/sonar-analysis/project/hadoop-hdds/hadoop-dependency-server/target/hdds-hadoop-dependency-server-1.3.0-SNAPSHOT.jar
[INFO] 
[INFO] --- jar:2.5:test-jar (default) @ hdds-hadoop-dependency-server ---
[INFO] Building jar: /home/runner/work/sonar-analysis/sonar-analysis/project/hadoop-hdds/hadoop-dependency-server/target/hdds-hadoop-dependency-server-1.3.0-SNAPSHOT-tests.jar
[INFO] 
[INFO] --- install:2.5.1:install (default-install) @ hdds-hadoop-dependency-server ---
[INFO] Installing /home/runner/work/sonar-analysis/sonar-analysis/project/hadoop-hdds/hadoop-dependency-server/target/hdds-hadoop-dependency-server-1.3.0-SNAPSHOT.jar to /home/runner/.m2/repository/org/apache/ozone/hdds-hadoop-dependency-server/1.3.0-SNAPSHOT/hdds-hadoop-dependency-server-1.3.0-SNAPSHOT.jar
[INFO] Installing /home/runner/work/sonar-analysis/sonar-analysis/project/hadoop-hdds/hadoop-dependency-server/pom.xml to /home/runner/.m2/repository/org/apache/ozone/hdds-hadoop-dependency-server/1.3.0-SNAPSHOT/hdds-hadoop-dependency-server-1.3.0-SNAPSHOT.pom
[INFO] Installing /home/runner/work/sonar-analysis/sonar-analysis/project/hadoop-hdds/hadoop-dependency-server/target/hdds-hadoop-dependency-server-1.3.0-SNAPSHOT-tests.jar to /home/runner/.m2/repository/org/apache/ozone/hdds-hadoop-dependency-server/1.3.0-SNAPSHOT/hdds-hadoop-dependency-server-1.3.0-SNAPSHOT-tests.jar
[INFO] 
[INFO] ---------------< org.apache.ozone:hdds-interface-client >---------------
[INFO] Building Apache Ozone HDDS Client Interface 1.3.0-SNAPSHOT        [6/40]
[INFO]   from hadoop-hdds/interface-client/pom.xml
[INFO] --------------------------------[ jar ]---------------------------------
[INFO] 
[INFO] --- clean:2.5:clean (default-clean) @ hdds-interface-client ---
[INFO] Deleting /home/runner/work/sonar-analysis/sonar-analysis/project/hadoop-hdds/interface-client/target
[INFO] Deleting /home/runner/work/sonar-analysis/sonar-analysis/project/hadoop-hdds/interface-client (includes = [dependency-reduced-pom.xml], excludes = [])
[INFO] 
[INFO] --- antrun:3.1.0:run (create-testdirs) @ hdds-interface-client ---
[INFO] Skipping Antrun execution
[INFO] 
[INFO] --- jacoco:0.8.5:prepare-agent (default-prepare-agent) @ hdds-interface-client ---
[INFO] argLine set to -javaagent:/home/runner/.m2/repository/org/jacoco/org.jacoco.agent/0.8.5/org.jacoco.agent-0.8.5-runtime.jar=destfile=/home/runner/work/sonar-analysis/sonar-analysis/project/hadoop-hdds/interface-client/target/jacoco.exec,includes=org.apache.hadoop.hdds.*:org.apache.hadoop.ozone.*:org.apache.hadoop.fs.ozone.*
[INFO] 
[INFO] --- protobuf:0.5.1:compile (compile-protoc-grpc) @ hdds-interface-client ---
[INFO] Compiling 1 proto file(s) to /home/runner/work/sonar-analysis/sonar-analysis/project/hadoop-hdds/interface-client/target/generated-sources/java
[INFO] 
[INFO] --- protobuf:0.5.1:compile-custom (compile-protoc-grpc) @ hdds-interface-client ---
[INFO] Compiling 1 proto file(s) to /home/runner/work/sonar-analysis/sonar-analysis/project/hadoop-hdds/interface-client/target/generated-sources/java
[INFO] 
[INFO] --- protobuf:0.5.1:compile (compile-protoc-2) @ hdds-interface-client ---
[INFO] Compiling 1 proto file(s) to /home/runner/work/sonar-analysis/sonar-analysis/project/hadoop-hdds/interface-client/target/generated-sources/java
[INFO] 
[INFO] --- protobuf:0.5.1:compile (compile-protoc-3) @ hdds-interface-client ---
[INFO] Compiling 1 proto file(s) to /home/runner/work/sonar-analysis/sonar-analysis/project/hadoop-hdds/interface-client/target/generated-sources/java/proto3
[INFO] 
[INFO] --- antrun:3.1.0:run (default) @ hdds-interface-client ---
[WARNING]  Parameter 'tasks' is deprecated: Use {@link #target} instead. For version 3.0.0, this parameter is only defined to break the build if
            you use it!
[INFO] ------------------------------------------------------------------------
[INFO] Reactor Summary for Apache Ozone Main 1.3.0-SNAPSHOT:
[INFO] 
[INFO] Apache Ozone Main .................................. SUCCESS [  0.697 s]
[INFO] Apache Ozone HDDS .................................. SUCCESS [  0.399 s]
[INFO] Apache Ozone HDDS Hadoop Client dependencies ....... SUCCESS [  0.553 s]
[INFO] Apache Ozone HDDS Hadoop Test dependencies ......... SUCCESS [  0.128 s]
[INFO] Apache Ozone HDDS Hadoop Server dependencies ....... SUCCESS [  0.763 s]
[INFO] Apache Ozone HDDS Client Interface ................. FAILURE [  0.485 s]
[INFO] Apache Ozone HDDS Admin Interface .................. SKIPPED
[INFO] Apache Ozone HDDS Server Interface ................. SKIPPED
[INFO] Apache Ozone HDDS Test Utils ....................... SKIPPED
[INFO] Apache Ozone HDDS Config ........................... SKIPPED
[INFO] Apache Ozone HDDS Common ........................... SKIPPED
[INFO] Apache Ozone HDDS Client ........................... SKIPPED
[INFO] Apache Ozone HDDS Server Framework ................. SKIPPED
[INFO] Apache Ozone/HDDS Documentation .................... SKIPPED
[INFO] Apache Ozone HDDS Container Service ................ SKIPPED
[INFO] Apache Ozone HDDS SCM Server ....................... SKIPPED
[INFO] Apache Ozone HDDS Tools ............................ SKIPPED
[INFO] Apache Ozone ....................................... SKIPPED
[INFO] Apache Ozone Client Interface ...................... SKIPPED
[INFO] Apache Ozone Common ................................ SKIPPED
[INFO] Apache Ozone Storage Interface ..................... SKIPPED
[INFO] Apache Ozone Client ................................ SKIPPED
[INFO] Apache Ozone Manager Server ........................ SKIPPED
[INFO] Apache Ozone FileSystem Common ..................... SKIPPED
[INFO] Apache Ozone FileSystem ............................ SKIPPED
[INFO] Apache Ozone Recon CodeGen ......................... SKIPPED
[INFO] Apache Ozone Recon ................................. SKIPPED
[INFO] Apache Ozone Tools ................................. SKIPPED
[INFO] Apache Ozone S3 Gateway ............................ SKIPPED
[INFO] Apache Ozone CSI service ........................... SKIPPED
[INFO] Apache Ozone Integration Tests ..................... SKIPPED
[INFO] Apache Ozone Datanode .............................. SKIPPED
[INFO] Apache Ozone Insight Tool .......................... SKIPPED
[INFO] Apache Ozone FileSystem Shaded ..................... SKIPPED
[INFO] Apache Ozone FS Hadoop 2.x compatibility ........... SKIPPED
[INFO] Apache Ozone FS Hadoop 3.x compatibility ........... SKIPPED
[INFO] Apache Ozone Distribution .......................... SKIPPED
[INFO] Apache Ozone Fault Injection Tests ................. SKIPPED
[INFO] Apache Ozone Network Tests ......................... SKIPPED
[INFO] Apache Ozone Mini Ozone Chaos Tests ................ SKIPPED
[INFO] ------------------------------------------------------------------------
[INFO] BUILD FAILURE
[INFO] ------------------------------------------------------------------------
[INFO] Total time:  3.792 s
[INFO] Finished at: 2026-05-10T11:08:57Z
[INFO] ------------------------------------------------------------------------
[ERROR] Failed to execute goal org.apache.maven.plugins:maven-antrun-plugin:3.1.0:run (default) on project hdds-interface-client: You are using 'tasks' which has been removed from the maven-antrun-plugin. Please use 'target' and refer to the >>Major Version Upgrade to version 3.0.0<< on the plugin site. -> [Help 1]
[ERROR] 
[ERROR] To see the full stack trace of the errors, re-run Maven with the -e switch.
[ERROR] Re-run Maven using the -X switch to enable full debug logging.
[ERROR] 
[ERROR] For more information about the errors and possible solutions, please read the following articles:
[ERROR] [Help 1] http://cwiki.apache.org/confluence/display/MAVEN/MojoFailureException
[ERROR] 
[ERROR] After correcting the problems, you can resume the build with the command
[ERROR]   mvn <args> -rf :hdds-interface-client
