[WARNING] 
[WARNING] Some problems were encountered while building the effective settings
[WARNING] 'profiles.profile[repos].repositories.repository.id' must be unique but found duplicate repository with id mapr-public @ /home/runner/.m2/settings.xml
[WARNING] 'profiles.profile[repos].repositories.repository.id' must be unique but found duplicate repository with id apache-snapshots @ /home/runner/.m2/settings.xml
[WARNING] 'profiles.profile[repos].repositories.repository.id' must be unique but found duplicate repository with id apache-group-snapshots @ /home/runner/.m2/settings.xml
[WARNING] 
[INFO] Scanning for projects...
[INFO] ------------------------------------------------------------------------
[INFO] Detecting the operating system and CPU architecture
[INFO] ------------------------------------------------------------------------
[INFO] os.detected.name: linux
[INFO] os.detected.arch: x86_64
[INFO] os.detected.version: 6.17
[INFO] os.detected.version.major: 6
[INFO] os.detected.version.minor: 17
[INFO] os.detected.release: ubuntu
[INFO] os.detected.release.version: 24.04
[INFO] os.detected.release.like.ubuntu: true
[INFO] os.detected.release.like.debian: true
[INFO] os.detected.classifier: linux-x86_64
[INFO] ------------------------------------------------------------------------
[INFO] Reactor Build Order:
[INFO] 
[INFO] Apache Hadoop Ozone Main                                           [pom]
[INFO] Apache Hadoop HDDS                                                 [pom]
[INFO] Apache Hadoop HDDS Hadoop Client dependencies                      [jar]
[INFO] Apache Hadoop HDDS Hadoop Test dependencies                        [jar]
[INFO] Apache Hadoop HDDS Hadoop Server dependencies                      [jar]
[INFO] Apache Hadoop HDDS Client Interface                                [jar]
[INFO] Apache Hadoop HDDS Admin Interface                                 [jar]
[INFO] Apache Hadoop HDDS Server Interface                                [jar]
[INFO] Apache Hadoop HDDS Test Utils                                      [jar]
[INFO] Apache Hadoop HDDS Config                                          [jar]
[INFO] Apache Hadoop HDDS Common                                          [jar]
[INFO] Apache Hadoop HDDS Client                                          [jar]
[INFO] Apache Hadoop HDDS Server Framework                                [jar]
[INFO] Apache Hadoop HDDS Container Service                               [jar]
[INFO] Apache Hadoop HDDS/Ozone Documentation                             [jar]
[INFO] Apache Hadoop HDDS SCM Server                                      [jar]
[INFO] Apache Hadoop HDDS Tools                                           [jar]
[INFO] Apache Hadoop Ozone                                                [pom]
[INFO] Apache Hadoop Ozone Client Interface                               [jar]
[INFO] Apache Hadoop Ozone Common                                         [jar]
[INFO] Apache Hadoop Ozone Client                                         [jar]
[INFO] Apache Hadoop Ozone Manager Server                                 [jar]
[INFO] Apache Hadoop Ozone FileSystem Common                              [jar]
[INFO] Apache Hadoop Ozone FileSystem                                     [jar]
[INFO] Apache Hadoop Ozone Tools                                          [jar]
[INFO] Apache Hadoop Ozone S3 Gateway                                     [jar]
[INFO] Apache Hadoop Ozone CSI service                                    [jar]
[INFO] Apache Hadoop Ozone Recon CodeGen                                  [jar]
[INFO] Apache Hadoop Ozone Recon                                          [jar]
[INFO] Apache Hadoop Ozone Integration Tests                              [jar]
[INFO] Apache Hadoop Ozone Datanode                                       [jar]
[INFO] Apache Hadoop Ozone In-Place Upgrade                               [jar]
[INFO] Apache Hadoop Ozone Insight Tool                                   [jar]
[INFO] Apache Hadoop Ozone FileSystem Shaded                              [jar]
[INFO] Apache Hadoop Ozone FileSystem Hadoop 2.x compatibility            [jar]
[INFO] Apache Hadoop Ozone FileSystem Hadoop 3.x compatibility            [jar]
[INFO] Apache Hadoop Ozone Distribution                                   [jar]
[INFO] Apache Hadoop Ozone Fault Injection Tests                          [pom]
[INFO] Apache Hadoop Ozone Network Tests                                  [jar]
[INFO] Apache Hadoop Ozone Mini Ozone Chaos Tests                         [jar]
[INFO] 
[INFO] ----------------< org.apache.hadoop:hadoop-main-ozone >-----------------
[INFO] Building Apache Hadoop Ozone Main 0.6.0-SNAPSHOT                  [1/40]
[INFO]   from pom.xml
[INFO] --------------------------------[ pom ]---------------------------------
[INFO] 
[INFO] --- clean:2.5:clean (default-clean) @ hadoop-main-ozone ---
[INFO] Deleting /home/runner/work/sonar-analysis/sonar-analysis/project/target
[INFO] Deleting /home/runner/work/sonar-analysis/sonar-analysis/project (includes = [dependency-reduced-pom.xml], excludes = [])
[INFO] 
[INFO] --- antrun:3.1.0:run (create-testdirs) @ hadoop-main-ozone ---
[INFO] Executing tasks
[INFO]     [mkdir] Created dir: /home/runner/work/sonar-analysis/sonar-analysis/project/target/test-dir
[INFO] Executed tasks
[INFO] 
[INFO] --- jacoco:0.8.5:prepare-agent (default-prepare-agent) @ hadoop-main-ozone ---
[INFO] argLine set to -javaagent:/home/runner/.m2/repository/org/jacoco/org.jacoco.agent/0.8.5/org.jacoco.agent-0.8.5-runtime.jar=destfile=/home/runner/work/sonar-analysis/sonar-analysis/project/target/jacoco.exec,includes=org.apache.hadoop.hdds.*:org.apache.hadoop.ozone.*:org.apache.hadoop.fs.ozone.*
[INFO] 
[INFO] --- remote-resources:1.5:process (default) @ hadoop-main-ozone ---
[INFO] 
[INFO] --- animal-sniffer:1.16:check (signature-check) @ hadoop-main-ozone ---
[INFO] Checking unresolved references to org.codehaus.mojo.signature:java18:1.0
[INFO] 
[INFO] --- install:2.5.1:install (default-install) @ hadoop-main-ozone ---
[INFO] Installing /home/runner/work/sonar-analysis/sonar-analysis/project/pom.xml to /home/runner/.m2/repository/org/apache/hadoop/hadoop-main-ozone/0.6.0-SNAPSHOT/hadoop-main-ozone-0.6.0-SNAPSHOT.pom
[INFO] 
[INFO] -------------------< org.apache.hadoop:hadoop-hdds >--------------------
[INFO] Building Apache Hadoop HDDS 0.6.0-SNAPSHOT                        [2/40]
[INFO]   from hadoop-hdds/pom.xml
[INFO] --------------------------------[ pom ]---------------------------------
[INFO] 
[INFO] --- clean:2.5:clean (default-clean) @ hadoop-hdds ---
[INFO] Deleting /home/runner/work/sonar-analysis/sonar-analysis/project/hadoop-hdds/target
[INFO] Deleting /home/runner/work/sonar-analysis/sonar-analysis/project/hadoop-hdds (includes = [dependency-reduced-pom.xml], excludes = [])
[INFO] 
[INFO] --- antrun:3.1.0:run (create-testdirs) @ hadoop-hdds ---
[INFO] Executing tasks
[INFO]     [mkdir] Created dir: /home/runner/work/sonar-analysis/sonar-analysis/project/hadoop-hdds/target/test-dir
[INFO] Executed tasks
[INFO] 
[INFO] --- jacoco:0.8.5:prepare-agent (default-prepare-agent) @ hadoop-hdds ---
[INFO] argLine set to -javaagent:/home/runner/.m2/repository/org/jacoco/org.jacoco.agent/0.8.5/org.jacoco.agent-0.8.5-runtime.jar=destfile=/home/runner/work/sonar-analysis/sonar-analysis/project/hadoop-hdds/target/jacoco.exec,includes=org.apache.hadoop.hdds.*:org.apache.hadoop.ozone.*:org.apache.hadoop.fs.ozone.*
[INFO] 
[INFO] --- remote-resources:1.5:process (default) @ hadoop-hdds ---
[INFO] 
[INFO] --- dependency:3.0.2:build-classpath (add-classpath-descriptor) @ hadoop-hdds ---
[INFO] No dependencies found.
[INFO] Wrote classpath file '/home/runner/work/sonar-analysis/sonar-analysis/project/hadoop-hdds/target/classes/hadoop-hdds.classpath'.
[INFO] 
[INFO] --- jar:2.5:test-jar (default) @ hadoop-hdds ---
[WARNING] JAR will be empty - no content was marked for inclusion!
[INFO] Building jar: /home/runner/work/sonar-analysis/sonar-analysis/project/hadoop-hdds/target/hadoop-hdds-0.6.0-SNAPSHOT-tests.jar
[INFO] 
[INFO] --- animal-sniffer:1.16:check (signature-check) @ hadoop-hdds ---
[INFO] Checking unresolved references to org.codehaus.mojo.signature:java18:1.0
[INFO] 
[INFO] --- install:2.5.1:install (default-install) @ hadoop-hdds ---
[INFO] Installing /home/runner/work/sonar-analysis/sonar-analysis/project/hadoop-hdds/pom.xml to /home/runner/.m2/repository/org/apache/hadoop/hadoop-hdds/0.6.0-SNAPSHOT/hadoop-hdds-0.6.0-SNAPSHOT.pom
[INFO] Installing /home/runner/work/sonar-analysis/sonar-analysis/project/hadoop-hdds/target/hadoop-hdds-0.6.0-SNAPSHOT-tests.jar to /home/runner/.m2/repository/org/apache/hadoop/hadoop-hdds/0.6.0-SNAPSHOT/hadoop-hdds-0.6.0-SNAPSHOT-tests.jar
[INFO] 
[INFO] -------< org.apache.hadoop:hadoop-hdds-hadoop-dependency-client >-------
[INFO] Building Apache Hadoop HDDS Hadoop Client dependencies 0.6.0-SNAPSHOT [3/40]
[INFO]   from hadoop-hdds/hadoop-dependency-client/pom.xml
[INFO] --------------------------------[ jar ]---------------------------------
[INFO] 
[INFO] --- clean:2.5:clean (default-clean) @ hadoop-hdds-hadoop-dependency-client ---
[INFO] Deleting /home/runner/work/sonar-analysis/sonar-analysis/project/hadoop-hdds/hadoop-dependency-client/target
[INFO] Deleting /home/runner/work/sonar-analysis/sonar-analysis/project/hadoop-hdds/hadoop-dependency-client (includes = [dependency-reduced-pom.xml], excludes = [])
[INFO] 
[INFO] --- antrun:3.1.0:run (create-testdirs) @ hadoop-hdds-hadoop-dependency-client ---
[INFO] Executing tasks
[INFO]     [mkdir] Created dir: /home/runner/work/sonar-analysis/sonar-analysis/project/hadoop-hdds/hadoop-dependency-client/target/test-dir
[INFO] Executed tasks
[INFO] 
[INFO] --- jacoco:0.8.5:prepare-agent (default-prepare-agent) @ hadoop-hdds-hadoop-dependency-client ---
[INFO] argLine set to -javaagent:/home/runner/.m2/repository/org/jacoco/org.jacoco.agent/0.8.5/org.jacoco.agent-0.8.5-runtime.jar=destfile=/home/runner/work/sonar-analysis/sonar-analysis/project/hadoop-hdds/hadoop-dependency-client/target/jacoco.exec,includes=org.apache.hadoop.hdds.*:org.apache.hadoop.ozone.*:org.apache.hadoop.fs.ozone.*
[INFO] 
[INFO] --- remote-resources:1.5:process (default) @ hadoop-hdds-hadoop-dependency-client ---
[INFO] 
[INFO] --- resources:3.1.0:resources (default-resources) @ hadoop-hdds-hadoop-dependency-client ---
[INFO] Using 'UTF-8' encoding to copy filtered resources.
[INFO] skip non existing resourceDirectory /home/runner/work/sonar-analysis/sonar-analysis/project/hadoop-hdds/hadoop-dependency-client/src/main/resources
[INFO] Copying 2 resources
[INFO] 
[INFO] --- compiler:3.1:compile (default-compile) @ hadoop-hdds-hadoop-dependency-client ---
[INFO] No sources to compile
[INFO] 
[INFO] --- resources:3.1.0:testResources (default-testResources) @ hadoop-hdds-hadoop-dependency-client ---
[INFO] Using 'UTF-8' encoding to copy filtered resources.
[INFO] skip non existing resourceDirectory /home/runner/work/sonar-analysis/sonar-analysis/project/hadoop-hdds/hadoop-dependency-client/src/test/resources
[INFO] Copying 2 resources
[INFO] 
[INFO] --- compiler:3.1:testCompile (default-testCompile) @ hadoop-hdds-hadoop-dependency-client ---
[INFO] No sources to compile
[INFO] 
[INFO] --- surefire:3.0.0-M1:test (default-test) @ hadoop-hdds-hadoop-dependency-client ---
[INFO] Tests are skipped.
[INFO] 
[INFO] --- dependency:3.0.2:build-classpath (add-classpath-descriptor) @ hadoop-hdds-hadoop-dependency-client ---
[INFO] Wrote classpath file '/home/runner/work/sonar-analysis/sonar-analysis/project/hadoop-hdds/hadoop-dependency-client/target/classes/hadoop-hdds-hadoop-dependency-client.classpath'.
[INFO] 
[INFO] --- jar:2.5:jar (default-jar) @ hadoop-hdds-hadoop-dependency-client ---
[INFO] Building jar: /home/runner/work/sonar-analysis/sonar-analysis/project/hadoop-hdds/hadoop-dependency-client/target/hadoop-hdds-hadoop-dependency-client-0.6.0-SNAPSHOT.jar
[INFO] 
[INFO] --- jar:2.5:test-jar (default) @ hadoop-hdds-hadoop-dependency-client ---
[INFO] Building jar: /home/runner/work/sonar-analysis/sonar-analysis/project/hadoop-hdds/hadoop-dependency-client/target/hadoop-hdds-hadoop-dependency-client-0.6.0-SNAPSHOT-tests.jar
[INFO] 
[INFO] --- animal-sniffer:1.16:check (signature-check) @ hadoop-hdds-hadoop-dependency-client ---
[INFO] Checking unresolved references to org.codehaus.mojo.signature:java18:1.0
[INFO] 
[INFO] --- install:2.5.1:install (default-install) @ hadoop-hdds-hadoop-dependency-client ---
[INFO] Installing /home/runner/work/sonar-analysis/sonar-analysis/project/hadoop-hdds/hadoop-dependency-client/target/hadoop-hdds-hadoop-dependency-client-0.6.0-SNAPSHOT.jar to /home/runner/.m2/repository/org/apache/hadoop/hadoop-hdds-hadoop-dependency-client/0.6.0-SNAPSHOT/hadoop-hdds-hadoop-dependency-client-0.6.0-SNAPSHOT.jar
[INFO] Installing /home/runner/work/sonar-analysis/sonar-analysis/project/hadoop-hdds/hadoop-dependency-client/pom.xml to /home/runner/.m2/repository/org/apache/hadoop/hadoop-hdds-hadoop-dependency-client/0.6.0-SNAPSHOT/hadoop-hdds-hadoop-dependency-client-0.6.0-SNAPSHOT.pom
[INFO] Installing /home/runner/work/sonar-analysis/sonar-analysis/project/hadoop-hdds/hadoop-dependency-client/target/hadoop-hdds-hadoop-dependency-client-0.6.0-SNAPSHOT-tests.jar to /home/runner/.m2/repository/org/apache/hadoop/hadoop-hdds-hadoop-dependency-client/0.6.0-SNAPSHOT/hadoop-hdds-hadoop-dependency-client-0.6.0-SNAPSHOT-tests.jar
[INFO] 
[INFO] --------< org.apache.hadoop:hadoop-hdds-hadoop-dependency-test >--------
[INFO] Building Apache Hadoop HDDS Hadoop Test dependencies 0.6.0-SNAPSHOT [4/40]
[INFO]   from hadoop-hdds/hadoop-dependency-test/pom.xml
[INFO] --------------------------------[ jar ]---------------------------------
[INFO] 
[INFO] --- clean:2.5:clean (default-clean) @ hadoop-hdds-hadoop-dependency-test ---
[INFO] Deleting /home/runner/work/sonar-analysis/sonar-analysis/project/hadoop-hdds/hadoop-dependency-test/target
[INFO] Deleting /home/runner/work/sonar-analysis/sonar-analysis/project/hadoop-hdds/hadoop-dependency-test (includes = [dependency-reduced-pom.xml], excludes = [])
[INFO] 
[INFO] --- antrun:3.1.0:run (create-testdirs) @ hadoop-hdds-hadoop-dependency-test ---
[INFO] Executing tasks
[INFO]     [mkdir] Created dir: /home/runner/work/sonar-analysis/sonar-analysis/project/hadoop-hdds/hadoop-dependency-test/target/test-dir
[INFO] Executed tasks
[INFO] 
[INFO] --- jacoco:0.8.5:prepare-agent (default-prepare-agent) @ hadoop-hdds-hadoop-dependency-test ---
[INFO] argLine set to -javaagent:/home/runner/.m2/repository/org/jacoco/org.jacoco.agent/0.8.5/org.jacoco.agent-0.8.5-runtime.jar=destfile=/home/runner/work/sonar-analysis/sonar-analysis/project/hadoop-hdds/hadoop-dependency-test/target/jacoco.exec,includes=org.apache.hadoop.hdds.*:org.apache.hadoop.ozone.*:org.apache.hadoop.fs.ozone.*
[INFO] 
[INFO] --- remote-resources:1.5:process (default) @ hadoop-hdds-hadoop-dependency-test ---
[INFO] 
[INFO] --- resources:3.1.0:resources (default-resources) @ hadoop-hdds-hadoop-dependency-test ---
[INFO] Using 'UTF-8' encoding to copy filtered resources.
[INFO] skip non existing resourceDirectory /home/runner/work/sonar-analysis/sonar-analysis/project/hadoop-hdds/hadoop-dependency-test/src/main/resources
[INFO] Copying 2 resources
[INFO] 
[INFO] --- compiler:3.1:compile (default-compile) @ hadoop-hdds-hadoop-dependency-test ---
[INFO] No sources to compile
[INFO] 
[INFO] --- resources:3.1.0:testResources (default-testResources) @ hadoop-hdds-hadoop-dependency-test ---
[INFO] Using 'UTF-8' encoding to copy filtered resources.
[INFO] skip non existing resourceDirectory /home/runner/work/sonar-analysis/sonar-analysis/project/hadoop-hdds/hadoop-dependency-test/src/test/resources
[INFO] Copying 2 resources
[INFO] 
[INFO] --- compiler:3.1:testCompile (default-testCompile) @ hadoop-hdds-hadoop-dependency-test ---
[INFO] No sources to compile
[INFO] 
[INFO] --- surefire:3.0.0-M1:test (default-test) @ hadoop-hdds-hadoop-dependency-test ---
[INFO] Tests are skipped.
[INFO] 
[INFO] --- dependency:3.0.2:build-classpath (add-classpath-descriptor) @ hadoop-hdds-hadoop-dependency-test ---
[INFO] Wrote classpath file '/home/runner/work/sonar-analysis/sonar-analysis/project/hadoop-hdds/hadoop-dependency-test/target/classes/hadoop-hdds-hadoop-dependency-test.classpath'.
[INFO] 
[INFO] --- jar:2.5:jar (default-jar) @ hadoop-hdds-hadoop-dependency-test ---
[INFO] Building jar: /home/runner/work/sonar-analysis/sonar-analysis/project/hadoop-hdds/hadoop-dependency-test/target/hadoop-hdds-hadoop-dependency-test-0.6.0-SNAPSHOT.jar
[INFO] 
[INFO] --- jar:2.5:test-jar (default) @ hadoop-hdds-hadoop-dependency-test ---
[INFO] Building jar: /home/runner/work/sonar-analysis/sonar-analysis/project/hadoop-hdds/hadoop-dependency-test/target/hadoop-hdds-hadoop-dependency-test-0.6.0-SNAPSHOT-tests.jar
[INFO] 
[INFO] --- animal-sniffer:1.16:check (signature-check) @ hadoop-hdds-hadoop-dependency-test ---
[INFO] Checking unresolved references to org.codehaus.mojo.signature:java18:1.0
[INFO] 
[INFO] --- install:2.5.1:install (default-install) @ hadoop-hdds-hadoop-dependency-test ---
[INFO] Installing /home/runner/work/sonar-analysis/sonar-analysis/project/hadoop-hdds/hadoop-dependency-test/target/hadoop-hdds-hadoop-dependency-test-0.6.0-SNAPSHOT.jar to /home/runner/.m2/repository/org/apache/hadoop/hadoop-hdds-hadoop-dependency-test/0.6.0-SNAPSHOT/hadoop-hdds-hadoop-dependency-test-0.6.0-SNAPSHOT.jar
[INFO] Installing /home/runner/work/sonar-analysis/sonar-analysis/project/hadoop-hdds/hadoop-dependency-test/pom.xml to /home/runner/.m2/repository/org/apache/hadoop/hadoop-hdds-hadoop-dependency-test/0.6.0-SNAPSHOT/hadoop-hdds-hadoop-dependency-test-0.6.0-SNAPSHOT.pom
[INFO] Installing /home/runner/work/sonar-analysis/sonar-analysis/project/hadoop-hdds/hadoop-dependency-test/target/hadoop-hdds-hadoop-dependency-test-0.6.0-SNAPSHOT-tests.jar to /home/runner/.m2/repository/org/apache/hadoop/hadoop-hdds-hadoop-dependency-test/0.6.0-SNAPSHOT/hadoop-hdds-hadoop-dependency-test-0.6.0-SNAPSHOT-tests.jar
[INFO] 
[INFO] -------< org.apache.hadoop:hadoop-hdds-hadoop-dependency-server >-------
[INFO] Building Apache Hadoop HDDS Hadoop Server dependencies 0.6.0-SNAPSHOT [5/40]
[INFO]   from hadoop-hdds/hadoop-dependency-server/pom.xml
[INFO] --------------------------------[ jar ]---------------------------------
[INFO] 
[INFO] --- clean:2.5:clean (default-clean) @ hadoop-hdds-hadoop-dependency-server ---
[INFO] Deleting /home/runner/work/sonar-analysis/sonar-analysis/project/hadoop-hdds/hadoop-dependency-server/target
[INFO] Deleting /home/runner/work/sonar-analysis/sonar-analysis/project/hadoop-hdds/hadoop-dependency-server (includes = [dependency-reduced-pom.xml], excludes = [])
[INFO] 
[INFO] --- antrun:3.1.0:run (create-testdirs) @ hadoop-hdds-hadoop-dependency-server ---
[INFO] Executing tasks
[INFO]     [mkdir] Created dir: /home/runner/work/sonar-analysis/sonar-analysis/project/hadoop-hdds/hadoop-dependency-server/target/test-dir
[INFO] Executed tasks
[INFO] 
[INFO] --- jacoco:0.8.5:prepare-agent (default-prepare-agent) @ hadoop-hdds-hadoop-dependency-server ---
[INFO] argLine set to -javaagent:/home/runner/.m2/repository/org/jacoco/org.jacoco.agent/0.8.5/org.jacoco.agent-0.8.5-runtime.jar=destfile=/home/runner/work/sonar-analysis/sonar-analysis/project/hadoop-hdds/hadoop-dependency-server/target/jacoco.exec,includes=org.apache.hadoop.hdds.*:org.apache.hadoop.ozone.*:org.apache.hadoop.fs.ozone.*
[INFO] 
[INFO] --- remote-resources:1.5:process (default) @ hadoop-hdds-hadoop-dependency-server ---
[INFO] 
[INFO] --- resources:3.1.0:resources (default-resources) @ hadoop-hdds-hadoop-dependency-server ---
[INFO] Using 'UTF-8' encoding to copy filtered resources.
[INFO] skip non existing resourceDirectory /home/runner/work/sonar-analysis/sonar-analysis/project/hadoop-hdds/hadoop-dependency-server/src/main/resources
[INFO] Copying 2 resources
[INFO] 
[INFO] --- compiler:3.1:compile (default-compile) @ hadoop-hdds-hadoop-dependency-server ---
[INFO] No sources to compile
[INFO] 
[INFO] --- resources:3.1.0:testResources (default-testResources) @ hadoop-hdds-hadoop-dependency-server ---
[INFO] Using 'UTF-8' encoding to copy filtered resources.
[INFO] skip non existing resourceDirectory /home/runner/work/sonar-analysis/sonar-analysis/project/hadoop-hdds/hadoop-dependency-server/src/test/resources
[INFO] Copying 2 resources
[INFO] 
[INFO] --- compiler:3.1:testCompile (default-testCompile) @ hadoop-hdds-hadoop-dependency-server ---
[INFO] No sources to compile
[INFO] 
[INFO] --- surefire:3.0.0-M1:test (default-test) @ hadoop-hdds-hadoop-dependency-server ---
[INFO] Tests are skipped.
[INFO] 
[INFO] --- dependency:3.0.2:build-classpath (add-classpath-descriptor) @ hadoop-hdds-hadoop-dependency-server ---
[INFO] Wrote classpath file '/home/runner/work/sonar-analysis/sonar-analysis/project/hadoop-hdds/hadoop-dependency-server/target/classes/hadoop-hdds-hadoop-dependency-server.classpath'.
[INFO] 
[INFO] --- jar:2.5:jar (default-jar) @ hadoop-hdds-hadoop-dependency-server ---
[INFO] Building jar: /home/runner/work/sonar-analysis/sonar-analysis/project/hadoop-hdds/hadoop-dependency-server/target/hadoop-hdds-hadoop-dependency-server-0.6.0-SNAPSHOT.jar
[INFO] 
[INFO] --- jar:2.5:test-jar (default) @ hadoop-hdds-hadoop-dependency-server ---
[INFO] Building jar: /home/runner/work/sonar-analysis/sonar-analysis/project/hadoop-hdds/hadoop-dependency-server/target/hadoop-hdds-hadoop-dependency-server-0.6.0-SNAPSHOT-tests.jar
[INFO] 
[INFO] --- animal-sniffer:1.16:check (signature-check) @ hadoop-hdds-hadoop-dependency-server ---
[INFO] Checking unresolved references to org.codehaus.mojo.signature:java18:1.0
[INFO] 
[INFO] --- install:2.5.1:install (default-install) @ hadoop-hdds-hadoop-dependency-server ---
[INFO] Installing /home/runner/work/sonar-analysis/sonar-analysis/project/hadoop-hdds/hadoop-dependency-server/target/hadoop-hdds-hadoop-dependency-server-0.6.0-SNAPSHOT.jar to /home/runner/.m2/repository/org/apache/hadoop/hadoop-hdds-hadoop-dependency-server/0.6.0-SNAPSHOT/hadoop-hdds-hadoop-dependency-server-0.6.0-SNAPSHOT.jar
[INFO] Installing /home/runner/work/sonar-analysis/sonar-analysis/project/hadoop-hdds/hadoop-dependency-server/pom.xml to /home/runner/.m2/repository/org/apache/hadoop/hadoop-hdds-hadoop-dependency-server/0.6.0-SNAPSHOT/hadoop-hdds-hadoop-dependency-server-0.6.0-SNAPSHOT.pom
[INFO] Installing /home/runner/work/sonar-analysis/sonar-analysis/project/hadoop-hdds/hadoop-dependency-server/target/hadoop-hdds-hadoop-dependency-server-0.6.0-SNAPSHOT-tests.jar to /home/runner/.m2/repository/org/apache/hadoop/hadoop-hdds-hadoop-dependency-server/0.6.0-SNAPSHOT/hadoop-hdds-hadoop-dependency-server-0.6.0-SNAPSHOT-tests.jar
[INFO] 
[INFO] -----------< org.apache.hadoop:hadoop-hdds-interface-client >-----------
[INFO] Building Apache Hadoop HDDS Client Interface 0.6.0-SNAPSHOT       [6/40]
[INFO]   from hadoop-hdds/interface-client/pom.xml
[INFO] --------------------------------[ jar ]---------------------------------
[INFO] 
[INFO] --- clean:2.5:clean (default-clean) @ hadoop-hdds-interface-client ---
[INFO] Deleting /home/runner/work/sonar-analysis/sonar-analysis/project/hadoop-hdds/interface-client/target
[INFO] Deleting /home/runner/work/sonar-analysis/sonar-analysis/project/hadoop-hdds/interface-client (includes = [dependency-reduced-pom.xml], excludes = [])
[INFO] 
[INFO] --- antrun:3.1.0:run (create-testdirs) @ hadoop-hdds-interface-client ---
[INFO] Executing tasks
[INFO]     [mkdir] Created dir: /home/runner/work/sonar-analysis/sonar-analysis/project/hadoop-hdds/interface-client/target/test-dir
[INFO] Executed tasks
[INFO] 
[INFO] --- jacoco:0.8.5:prepare-agent (default-prepare-agent) @ hadoop-hdds-interface-client ---
[INFO] argLine set to -javaagent:/home/runner/.m2/repository/org/jacoco/org.jacoco.agent/0.8.5/org.jacoco.agent-0.8.5-runtime.jar=destfile=/home/runner/work/sonar-analysis/sonar-analysis/project/hadoop-hdds/interface-client/target/jacoco.exec,includes=org.apache.hadoop.hdds.*:org.apache.hadoop.ozone.*:org.apache.hadoop.fs.ozone.*
[INFO] 
[INFO] --- protobuf:0.5.1:compile (compile-protoc-3) @ hadoop-hdds-interface-client ---
[INFO] Compiling 1 proto file(s) to /home/runner/work/sonar-analysis/sonar-analysis/project/hadoop-hdds/interface-client/target/generated-sources/java
[INFO] 
[INFO] --- protobuf:0.5.1:compile-custom (compile-protoc-3) @ hadoop-hdds-interface-client ---
[INFO] Compiling 1 proto file(s) to /home/runner/work/sonar-analysis/sonar-analysis/project/hadoop-hdds/interface-client/target/generated-sources/java
[INFO] 
[INFO] --- protobuf:0.5.1:compile (compile-protoc-2) @ hadoop-hdds-interface-client ---
[INFO] Compiling 1 proto file(s) to /home/runner/work/sonar-analysis/sonar-analysis/project/hadoop-hdds/interface-client/target/generated-sources/java
[INFO] 
[INFO] --- antrun:3.1.0:run (default) @ hadoop-hdds-interface-client ---
[WARNING]  Parameter 'tasks' is deprecated: Use {@link #target} instead. For version 3.0.0, this parameter is only defined to break the build if
            you use it!
[INFO] ------------------------------------------------------------------------
[INFO] Reactor Summary for Apache Hadoop Ozone Main 0.6.0-SNAPSHOT:
[INFO] 
[INFO] Apache Hadoop Ozone Main ........................... SUCCESS [  1.331 s]
[INFO] Apache Hadoop HDDS ................................. SUCCESS [  1.230 s]
[INFO] Apache Hadoop HDDS Hadoop Client dependencies ...... SUCCESS [  1.196 s]
[INFO] Apache Hadoop HDDS Hadoop Test dependencies ........ SUCCESS [  2.076 s]
[INFO] Apache Hadoop HDDS Hadoop Server dependencies ...... SUCCESS [  1.639 s]
[INFO] Apache Hadoop HDDS Client Interface ................ FAILURE [  0.381 s]
[INFO] Apache Hadoop HDDS Admin Interface ................. SKIPPED
[INFO] Apache Hadoop HDDS Server Interface ................ SKIPPED
[INFO] Apache Hadoop HDDS Test Utils ...................... SKIPPED
[INFO] Apache Hadoop HDDS Config .......................... SKIPPED
[INFO] Apache Hadoop HDDS Common .......................... SKIPPED
[INFO] Apache Hadoop HDDS Client .......................... SKIPPED
[INFO] Apache Hadoop HDDS Server Framework ................ SKIPPED
[INFO] Apache Hadoop HDDS Container Service ............... SKIPPED
[INFO] Apache Hadoop HDDS/Ozone Documentation ............. SKIPPED
[INFO] Apache Hadoop HDDS SCM Server ...................... SKIPPED
[INFO] Apache Hadoop HDDS Tools ........................... SKIPPED
[INFO] Apache Hadoop Ozone ................................ SKIPPED
[INFO] Apache Hadoop Ozone Client Interface ............... SKIPPED
[INFO] Apache Hadoop Ozone Common ......................... SKIPPED
[INFO] Apache Hadoop Ozone Client ......................... SKIPPED
[INFO] Apache Hadoop Ozone Manager Server ................. SKIPPED
[INFO] Apache Hadoop Ozone FileSystem Common .............. SKIPPED
[INFO] Apache Hadoop Ozone FileSystem ..................... SKIPPED
[INFO] Apache Hadoop Ozone Tools .......................... SKIPPED
[INFO] Apache Hadoop Ozone S3 Gateway ..................... SKIPPED
[INFO] Apache Hadoop Ozone CSI service .................... SKIPPED
[INFO] Apache Hadoop Ozone Recon CodeGen .................. SKIPPED
[INFO] Apache Hadoop Ozone Recon .......................... SKIPPED
[INFO] Apache Hadoop Ozone Integration Tests .............. SKIPPED
[INFO] Apache Hadoop Ozone Datanode ....................... SKIPPED
[INFO] Apache Hadoop Ozone In-Place Upgrade ............... SKIPPED
[INFO] Apache Hadoop Ozone Insight Tool ................... SKIPPED
[INFO] Apache Hadoop Ozone FileSystem Shaded .............. SKIPPED
[INFO] Apache Hadoop Ozone FileSystem Hadoop 2.x compatibility SKIPPED
[INFO] Apache Hadoop Ozone FileSystem Hadoop 3.x compatibility SKIPPED
[INFO] Apache Hadoop Ozone Distribution ................... SKIPPED
[INFO] Apache Hadoop Ozone Fault Injection Tests .......... SKIPPED
[INFO] Apache Hadoop Ozone Network Tests .................. SKIPPED
[INFO] Apache Hadoop Ozone Mini Ozone Chaos Tests ......... SKIPPED
[INFO] ------------------------------------------------------------------------
[INFO] BUILD FAILURE
[INFO] ------------------------------------------------------------------------
[INFO] Total time:  8.521 s
[INFO] Finished at: 2026-05-09T17:27:27Z
[INFO] ------------------------------------------------------------------------
[ERROR] Failed to execute goal org.apache.maven.plugins:maven-antrun-plugin:3.1.0:run (default) on project hadoop-hdds-interface-client: You are using 'tasks' which has been removed from the maven-antrun-plugin. Please use 'target' and refer to the >>Major Version Upgrade to version 3.0.0<< on the plugin site. -> [Help 1]
[ERROR] 
[ERROR] To see the full stack trace of the errors, re-run Maven with the -e switch.
[ERROR] Re-run Maven using the -X switch to enable full debug logging.
[ERROR] 
[ERROR] For more information about the errors and possible solutions, please read the following articles:
[ERROR] [Help 1] http://cwiki.apache.org/confluence/display/MAVEN/MojoFailureException
[ERROR] 
[ERROR] After correcting the problems, you can resume the build with the command
[ERROR]   mvn <args> -rf :hadoop-hdds-interface-client
