17:14:47.493 INFO  Scanner configuration file: /home/runner/work/sonar-analysis/sonar-analysis/sonar-scanner-8.1.0.6389-linux-x64/conf/sonar-scanner.properties
17:14:47.496 INFO  Project root configuration file: /home/runner/work/sonar-analysis/sonar-analysis/project/sonar-project.properties
17:14:47.510 INFO  SonarScanner CLI 8.1.0.6389
17:14:47.516 INFO  Linux 6.17.0-1018-azure amd64
17:14:50.252 INFO  Communicating with SonarQube Cloud
17:14:50.253 INFO  JRE provisioning: os[linux], arch[x86_64]
17:14:51.063 INFO  SONAR_SCANNER_JAVA_OPTS=-Xmx6656m -XX:+UseG1GC -XX:MaxMetaspaceSize=384m
17:14:51.315 INFO  Starting SonarScanner Engine...
17:14:51.315 INFO  Java 21.0.11 Eclipse Adoptium (64-bit)
17:14:54.251 INFO  Load global settings
17:14:54.969 INFO  Load global settings (done) | time=712ms
17:14:55.053 INFO  Server id: 1BD809FA-AWHW8ct9-T_TB3XqouNu
17:14:55.241 INFO  Loading required plugins
17:14:55.243 INFO  Load plugins index
17:14:55.420 INFO  Load plugins index (done) | time=178ms
17:14:55.423 INFO  Load/download plugins
17:14:55.489 INFO  Load/download plugins (done) | time=66ms
17:14:55.735 INFO  Loaded core extensions: sca, a3s, architecture
17:14:56.012 INFO  Process project properties
17:14:56.044 INFO  Project key: smallklauss_hdfs:HDFS-16447
17:14:56.044 INFO  Base dir: /home/runner/work/sonar-analysis/sonar-analysis/project
17:14:56.045 INFO  Working dir: /home/runner/work/sonar-analysis/sonar-analysis/project/.scannerwork
17:14:56.055 INFO  Load project settings for component key: 'smallklauss_hdfs:HDFS-16447'
17:14:56.121 ERROR Not authorized or project not found. Please check the 'SONAR_TOKEN' environment variable, the 'sonar.projectKey' and 'sonar.organization' properties, or contact the project administrator to verify the token's permissions.
17:14:56.443 INFO  EXECUTION FAILURE
17:14:56.444 INFO  Total time: 8.961s
