16:37:35.443 INFO  Scanner configuration file: /home/runner/work/sonar-analysis/sonar-analysis/sonar-scanner-8.1.0.6389-linux-x64/conf/sonar-scanner.properties
16:37:35.445 INFO  Project root configuration file: /home/runner/work/sonar-analysis/sonar-analysis/project/sonar-project.properties
16:37:35.460 INFO  SonarScanner CLI 8.1.0.6389
16:37:35.466 INFO  Linux 6.17.0-1018-azure amd64
16:37:38.000 INFO  Communicating with SonarQube Cloud
16:37:38.001 INFO  JRE provisioning: os[linux], arch[x86_64]
16:37:38.851 INFO  SONAR_SCANNER_JAVA_OPTS=-Xmx6656m -XX:+UseG1GC -XX:MaxMetaspaceSize=384m
16:37:39.098 INFO  Starting SonarScanner Engine...
16:37:39.098 INFO  Java 21.0.11 Eclipse Adoptium (64-bit)
16:37:41.936 INFO  Load global settings
16:37:42.560 INFO  Load global settings (done) | time=618ms
16:37:42.646 INFO  Server id: 1BD809FA-AWHW8ct9-T_TB3XqouNu
16:37:42.884 INFO  Loading required plugins
16:37:42.884 INFO  Load plugins index
16:37:43.067 INFO  Load plugins index (done) | time=181ms
16:37:43.067 INFO  Load/download plugins
16:37:43.132 INFO  Load/download plugins (done) | time=65ms
16:37:43.383 INFO  Loaded core extensions: sca, a3s, architecture
16:37:43.630 INFO  Process project properties
16:37:43.663 INFO  Project key: smallklauss_hdfs:HDFS-16400
16:37:43.663 INFO  Base dir: /home/runner/work/sonar-analysis/sonar-analysis/project
16:37:43.663 INFO  Working dir: /home/runner/work/sonar-analysis/sonar-analysis/project/.scannerwork
16:37:43.671 INFO  Load project settings for component key: 'smallklauss_hdfs:HDFS-16400'
16:37:43.754 ERROR Not authorized or project not found. Please check the 'SONAR_TOKEN' environment variable, the 'sonar.projectKey' and 'sonar.organization' properties, or contact the project administrator to verify the token's permissions.
16:37:44.076 INFO  EXECUTION FAILURE
16:37:44.077 INFO  Total time: 8.644s
