16:33:19.582 INFO  Scanner configuration file: /home/runner/work/sonar-analysis/sonar-analysis/sonar-scanner-8.1.0.6389-linux-x64/conf/sonar-scanner.properties
16:33:19.585 INFO  Project root configuration file: /home/runner/work/sonar-analysis/sonar-analysis/project/sonar-project.properties
16:33:19.602 INFO  SonarScanner CLI 8.1.0.6389
16:33:19.608 INFO  Linux 6.17.0-1018-azure amd64
16:33:22.930 INFO  Communicating with SonarQube Cloud
16:33:22.931 INFO  JRE provisioning: os[linux], arch[x86_64]
16:33:23.635 INFO  SONAR_SCANNER_JAVA_OPTS=-Xmx6656m -XX:+UseG1GC -XX:MaxMetaspaceSize=384m
16:33:23.895 INFO  Starting SonarScanner Engine...
16:33:23.895 INFO  Java 21.0.11 Eclipse Adoptium (64-bit)
16:33:27.491 INFO  Load global settings
16:33:28.236 INFO  Load global settings (done) | time=738ms
16:33:28.326 INFO  Server id: 1BD809FA-AWHW8ct9-T_TB3XqouNu
16:33:28.579 INFO  Loading required plugins
16:33:28.580 INFO  Load plugins index
16:33:28.721 INFO  Load plugins index (done) | time=139ms
16:33:28.722 INFO  Load/download plugins
16:33:28.799 INFO  Load/download plugins (done) | time=78ms
16:33:28.985 INFO  Loaded core extensions: sca, a3s, architecture
16:33:29.254 INFO  Process project properties
16:33:29.286 INFO  Project key: smallklauss_hdfs:HDFS-15934
16:33:29.287 INFO  Base dir: /home/runner/work/sonar-analysis/sonar-analysis/project
16:33:29.289 INFO  Working dir: /home/runner/work/sonar-analysis/sonar-analysis/project/.scannerwork
16:33:29.297 INFO  Load project settings for component key: 'smallklauss_hdfs:HDFS-15934'
16:33:29.433 ERROR Not authorized or project not found. Please check the 'SONAR_TOKEN' environment variable, the 'sonar.projectKey' and 'sonar.organization' properties, or contact the project administrator to verify the token's permissions.
16:33:29.759 INFO  EXECUTION FAILURE
16:33:29.760 INFO  Total time: 10.188s
