16:48:01.741 INFO  Scanner configuration file: /home/runner/work/sonar-analysis/sonar-analysis/sonar-scanner-8.1.0.6389-linux-x64/conf/sonar-scanner.properties
16:48:01.744 INFO  Project root configuration file: /home/runner/work/sonar-analysis/sonar-analysis/project/sonar-project.properties
16:48:01.763 INFO  SonarScanner CLI 8.1.0.6389
16:48:01.769 INFO  Linux 6.17.0-1018-azure amd64
16:48:04.746 INFO  Communicating with SonarQube Cloud
16:48:04.747 INFO  JRE provisioning: os[linux], arch[x86_64]
16:48:05.647 INFO  SONAR_SCANNER_JAVA_OPTS=-Xmx6656m -XX:+UseG1GC -XX:MaxMetaspaceSize=384m
16:48:05.943 INFO  Starting SonarScanner Engine...
16:48:05.943 INFO  Java 21.0.11 Eclipse Adoptium (64-bit)
16:48:09.391 INFO  Load global settings
16:48:10.431 INFO  Load global settings (done) | time=1032ms
16:48:10.518 INFO  Server id: 1BD809FA-AWHW8ct9-T_TB3XqouNu
16:48:10.727 INFO  Loading required plugins
16:48:10.728 INFO  Load plugins index
16:48:10.925 INFO  Load plugins index (done) | time=196ms
16:48:10.925 INFO  Load/download plugins
16:48:11.001 INFO  Load/download plugins (done) | time=76ms
16:48:11.251 INFO  Loaded core extensions: sca, a3s, architecture
16:48:11.521 INFO  Process project properties
16:48:11.556 INFO  Project key: smallklauss_hdfs:HDFS-15920
16:48:11.556 INFO  Base dir: /home/runner/work/sonar-analysis/sonar-analysis/project
16:48:11.556 INFO  Working dir: /home/runner/work/sonar-analysis/sonar-analysis/project/.scannerwork
16:48:11.562 INFO  Load project settings for component key: 'smallklauss_hdfs:HDFS-15920'
16:48:11.764 ERROR Not authorized or project not found. Please check the 'SONAR_TOKEN' environment variable, the 'sonar.projectKey' and 'sonar.organization' properties, or contact the project administrator to verify the token's permissions.
16:48:12.093 INFO  EXECUTION FAILURE
16:48:12.094 INFO  Total time: 10.365s
