16:13:38.744 INFO  Scanner configuration file: /home/runner/work/sonar-analysis/sonar-analysis/sonar-scanner-8.1.0.6389-linux-x64/conf/sonar-scanner.properties
16:13:38.747 INFO  Project root configuration file: /home/runner/work/sonar-analysis/sonar-analysis/project/sonar-project.properties
16:13:38.760 INFO  SonarScanner CLI 8.1.0.6389
16:13:38.764 INFO  Linux 6.17.0-1018-azure amd64
16:13:42.019 INFO  Communicating with SonarQube Cloud
16:13:42.020 INFO  JRE provisioning: os[linux], arch[x86_64]
16:13:42.754 INFO  SONAR_SCANNER_JAVA_OPTS=-Xmx6656m -XX:+UseG1GC -XX:MaxMetaspaceSize=384m
16:13:43.028 INFO  Starting SonarScanner Engine...
16:13:43.028 INFO  Java 21.0.11 Eclipse Adoptium (64-bit)
16:13:46.545 INFO  Load global settings
16:13:47.227 INFO  Load global settings (done) | time=676ms
16:13:47.317 INFO  Server id: 1BD809FA-AWHW8ct9-T_TB3XqouNu
16:13:47.505 INFO  Loading required plugins
16:13:47.505 INFO  Load plugins index
16:13:47.631 INFO  Load plugins index (done) | time=126ms
16:13:47.634 INFO  Load/download plugins
16:13:47.716 INFO  Load/download plugins (done) | time=83ms
16:13:47.898 INFO  Loaded core extensions: sca, a3s, architecture
16:13:48.161 INFO  Process project properties
16:13:48.191 INFO  Project key: smallklauss_hdfs:HDFS-13616
16:13:48.191 INFO  Base dir: /home/runner/work/sonar-analysis/sonar-analysis/project
16:13:48.192 INFO  Working dir: /home/runner/work/sonar-analysis/sonar-analysis/project/.scannerwork
16:13:48.199 INFO  Load project settings for component key: 'smallklauss_hdfs:HDFS-13616'
16:13:48.334 ERROR Not authorized or project not found. Please check the 'SONAR_TOKEN' environment variable, the 'sonar.projectKey' and 'sonar.organization' properties, or contact the project administrator to verify the token's permissions.
16:13:48.660 INFO  EXECUTION FAILURE
16:13:48.661 INFO  Total time: 9.927s
