16:18:11.566 INFO  Scanner configuration file: /home/runner/work/sonar-analysis/sonar-analysis/sonar-scanner-8.1.0.6389-linux-x64/conf/sonar-scanner.properties
16:18:11.568 INFO  Project root configuration file: /home/runner/work/sonar-analysis/sonar-analysis/project/sonar-project.properties
16:18:11.588 INFO  SonarScanner CLI 8.1.0.6389
16:18:11.593 INFO  Linux 6.17.0-1018-azure amd64
16:18:14.669 INFO  Communicating with SonarQube Cloud
16:18:14.670 INFO  JRE provisioning: os[linux], arch[x86_64]
16:18:15.496 INFO  SONAR_SCANNER_JAVA_OPTS=-Xmx6656m -XX:+UseG1GC -XX:MaxMetaspaceSize=384m
16:18:15.772 INFO  Starting SonarScanner Engine...
16:18:15.772 INFO  Java 21.0.11 Eclipse Adoptium (64-bit)
16:18:19.151 INFO  Load global settings
16:18:20.133 INFO  Load global settings (done) | time=975ms
16:18:20.220 INFO  Server id: 1BD809FA-AWHW8ct9-T_TB3XqouNu
16:18:20.444 INFO  Loading required plugins
16:18:20.445 INFO  Load plugins index
16:18:20.635 INFO  Load plugins index (done) | time=188ms
16:18:20.637 INFO  Load/download plugins
16:18:20.721 INFO  Load/download plugins (done) | time=88ms
16:18:20.969 INFO  Loaded core extensions: sca, a3s, architecture
16:18:21.229 INFO  Process project properties
16:18:21.259 INFO  Project key: smallklauss_hdfs:HDFS-16175
16:18:21.259 INFO  Base dir: /home/runner/work/sonar-analysis/sonar-analysis/project
16:18:21.259 INFO  Working dir: /home/runner/work/sonar-analysis/sonar-analysis/project/.scannerwork
16:18:21.268 INFO  Load project settings for component key: 'smallklauss_hdfs:HDFS-16175'
16:18:21.477 ERROR Not authorized or project not found. Please check the 'SONAR_TOKEN' environment variable, the 'sonar.projectKey' and 'sonar.organization' properties, or contact the project administrator to verify the token's permissions.
16:18:21.802 INFO  EXECUTION FAILURE
16:18:21.803 INFO  Total time: 10.248s
