16:58:17.858 INFO  Scanner configuration file: /home/runner/work/sonar-analysis/sonar-analysis/sonar-scanner-8.1.0.6389-linux-x64/conf/sonar-scanner.properties
16:58:17.861 INFO  Project root configuration file: /home/runner/work/sonar-analysis/sonar-analysis/project/sonar-project.properties
16:58:17.877 INFO  SonarScanner CLI 8.1.0.6389
16:58:17.882 INFO  Linux 6.17.0-1018-azure amd64
16:58:20.933 INFO  Communicating with SonarQube Cloud
16:58:20.933 INFO  JRE provisioning: os[linux], arch[x86_64]
16:58:21.660 INFO  SONAR_SCANNER_JAVA_OPTS=-Xmx6656m -XX:+UseG1GC -XX:MaxMetaspaceSize=384m
16:58:21.933 INFO  Starting SonarScanner Engine...
16:58:21.934 INFO  Java 21.0.11 Eclipse Adoptium (64-bit)
16:58:25.303 INFO  Load global settings
16:58:26.153 INFO  Load global settings (done) | time=842ms
16:58:26.234 INFO  Server id: 1BD809FA-AWHW8ct9-T_TB3XqouNu
16:58:26.443 INFO  Loading required plugins
16:58:26.443 INFO  Load plugins index
16:58:26.580 INFO  Load plugins index (done) | time=136ms
16:58:26.582 INFO  Load/download plugins
16:58:26.672 INFO  Load/download plugins (done) | time=92ms
16:58:26.878 INFO  Loaded core extensions: sca, a3s, architecture
16:58:27.163 INFO  Process project properties
16:58:27.195 INFO  Project key: smallklauss_hdfs:HDFS-16480
16:58:27.196 INFO  Base dir: /home/runner/work/sonar-analysis/sonar-analysis/project
16:58:27.197 INFO  Working dir: /home/runner/work/sonar-analysis/sonar-analysis/project/.scannerwork
16:58:27.204 INFO  Load project settings for component key: 'smallklauss_hdfs:HDFS-16480'
16:58:27.353 ERROR Not authorized or project not found. Please check the 'SONAR_TOKEN' environment variable, the 'sonar.projectKey' and 'sonar.organization' properties, or contact the project administrator to verify the token's permissions.
16:58:27.680 INFO  EXECUTION FAILURE
16:58:27.681 INFO  Total time: 9.833s
