16:28:01.625 INFO  Scanner configuration file: /home/runner/work/sonar-analysis/sonar-analysis/sonar-scanner-8.1.0.6389-linux-x64/conf/sonar-scanner.properties
16:28:01.628 INFO  Project root configuration file: /home/runner/work/sonar-analysis/sonar-analysis/project/sonar-project.properties
16:28:01.644 INFO  SonarScanner CLI 8.1.0.6389
16:28:01.650 INFO  Linux 6.17.0-1018-azure amd64
16:28:04.712 INFO  Communicating with SonarQube Cloud
16:28:04.712 INFO  JRE provisioning: os[linux], arch[x86_64]
16:28:05.500 INFO  SONAR_SCANNER_JAVA_OPTS=-Xmx6656m -XX:+UseG1GC -XX:MaxMetaspaceSize=384m
16:28:05.808 INFO  Starting SonarScanner Engine...
16:28:05.808 INFO  Java 21.0.11 Eclipse Adoptium (64-bit)
16:28:09.208 INFO  Load global settings
16:28:09.842 INFO  Load global settings (done) | time=627ms
16:28:09.941 INFO  Server id: 1BD809FA-AWHW8ct9-T_TB3XqouNu
16:28:10.229 INFO  Loading required plugins
16:28:10.229 INFO  Load plugins index
16:28:10.434 INFO  Load plugins index (done) | time=206ms
16:28:10.436 INFO  Load/download plugins
16:28:10.512 INFO  Load/download plugins (done) | time=75ms
16:28:10.798 INFO  Loaded core extensions: sca, a3s, architecture
16:28:11.057 INFO  Process project properties
16:28:11.085 INFO  Project key: smallklauss_hdfs:HDFS-16173
16:28:11.086 INFO  Base dir: /home/runner/work/sonar-analysis/sonar-analysis/project
16:28:11.086 INFO  Working dir: /home/runner/work/sonar-analysis/sonar-analysis/project/.scannerwork
16:28:11.094 INFO  Load project settings for component key: 'smallklauss_hdfs:HDFS-16173'
16:28:11.202 ERROR Not authorized or project not found. Please check the 'SONAR_TOKEN' environment variable, the 'sonar.projectKey' and 'sonar.organization' properties, or contact the project administrator to verify the token's permissions.
16:28:11.528 INFO  EXECUTION FAILURE
16:28:11.529 INFO  Total time: 9.915s
