17:06:23.985 INFO  Scanner configuration file: /home/runner/work/sonar-analysis/sonar-analysis/sonar-scanner-8.1.0.6389-linux-x64/conf/sonar-scanner.properties
17:06:23.987 INFO  Project root configuration file: /home/runner/work/sonar-analysis/sonar-analysis/project/sonar-project.properties
17:06:23.999 INFO  SonarScanner CLI 8.1.0.6389
17:06:24.004 INFO  Linux 6.17.0-1018-azure amd64
17:06:26.554 INFO  Communicating with SonarQube Cloud
17:06:26.555 INFO  JRE provisioning: os[linux], arch[x86_64]
17:06:27.306 INFO  SONAR_SCANNER_JAVA_OPTS=-Xmx6656m -XX:+UseG1GC -XX:MaxMetaspaceSize=384m
17:06:27.505 INFO  Starting SonarScanner Engine...
17:06:27.506 INFO  Java 21.0.11 Eclipse Adoptium (64-bit)
17:06:30.225 INFO  Load global settings
17:06:30.984 INFO  Load global settings (done) | time=754ms
17:06:31.055 INFO  Server id: 1BD809FA-AWHW8ct9-T_TB3XqouNu
17:06:31.251 INFO  Loading required plugins
17:06:31.253 INFO  Load plugins index
17:06:31.402 INFO  Load plugins index (done) | time=149ms
17:06:31.402 INFO  Load/download plugins
17:06:31.473 INFO  Load/download plugins (done) | time=70ms
17:06:31.681 INFO  Loaded core extensions: sca, a3s, architecture
17:06:31.872 INFO  Process project properties
17:06:31.894 INFO  Project key: smallklauss_hdfs:HDFS-16386
17:06:31.894 INFO  Base dir: /home/runner/work/sonar-analysis/sonar-analysis/project
17:06:31.894 INFO  Working dir: /home/runner/work/sonar-analysis/sonar-analysis/project/.scannerwork
17:06:31.900 INFO  Load project settings for component key: 'smallklauss_hdfs:HDFS-16386'
17:06:32.045 ERROR Not authorized or project not found. Please check the 'SONAR_TOKEN' environment variable, the 'sonar.projectKey' and 'sonar.organization' properties, or contact the project administrator to verify the token's permissions.
17:06:32.434 INFO  EXECUTION FAILURE
17:06:32.435 INFO  Total time: 8.460s
