16:26:42.074 INFO  Scanner configuration file: /home/runner/work/sonar-analysis/sonar-analysis/sonar-scanner-8.1.0.6389-linux-x64/conf/sonar-scanner.properties
16:26:42.077 INFO  Project root configuration file: /home/runner/work/sonar-analysis/sonar-analysis/project/sonar-project.properties
16:26:42.092 INFO  SonarScanner CLI 8.1.0.6389
16:26:42.096 INFO  Linux 6.17.0-1018-azure amd64
16:26:45.066 INFO  Communicating with SonarQube Cloud
16:26:45.066 INFO  JRE provisioning: os[linux], arch[x86_64]
16:26:45.940 INFO  SONAR_SCANNER_JAVA_OPTS=-Xmx6656m -XX:+UseG1GC -XX:MaxMetaspaceSize=384m
16:26:46.230 INFO  Starting SonarScanner Engine...
16:26:46.230 INFO  Java 21.0.11 Eclipse Adoptium (64-bit)
16:26:49.644 INFO  Load global settings
16:26:50.265 INFO  Load global settings (done) | time=613ms
16:26:50.355 INFO  Server id: 1BD809FA-AWHW8ct9-T_TB3XqouNu
16:26:50.572 INFO  Loading required plugins
16:26:50.572 INFO  Load plugins index
16:26:50.700 INFO  Load plugins index (done) | time=127ms
16:26:50.700 INFO  Load/download plugins
16:26:50.795 INFO  Load/download plugins (done) | time=95ms
16:26:50.989 INFO  Loaded core extensions: sca, a3s, architecture
16:26:51.271 INFO  Process project properties
16:26:51.309 INFO  Project key: smallklauss_hdfs:HDFS-13916
16:26:51.309 INFO  Base dir: /home/runner/work/sonar-analysis/sonar-analysis/project
16:26:51.309 INFO  Working dir: /home/runner/work/sonar-analysis/sonar-analysis/project/.scannerwork
16:26:51.319 INFO  Load project settings for component key: 'smallklauss_hdfs:HDFS-13916'
16:26:51.463 ERROR Not authorized or project not found. Please check the 'SONAR_TOKEN' environment variable, the 'sonar.projectKey' and 'sonar.organization' properties, or contact the project administrator to verify the token's permissions.
16:26:51.791 INFO  EXECUTION FAILURE
16:26:51.791 INFO  Total time: 9.729s
