16:56:11.783 INFO  Scanner configuration file: /home/runner/work/sonar-analysis/sonar-analysis/sonar-scanner-8.1.0.6389-linux-x64/conf/sonar-scanner.properties
16:56:11.785 INFO  Project root configuration file: /home/runner/work/sonar-analysis/sonar-analysis/project/sonar-project.properties
16:56:11.799 INFO  SonarScanner CLI 8.1.0.6389
16:56:11.804 INFO  Linux 6.17.0-1018-azure amd64
16:56:14.338 INFO  Communicating with SonarQube Cloud
16:56:14.339 INFO  JRE provisioning: os[linux], arch[x86_64]
16:56:15.270 INFO  SONAR_SCANNER_JAVA_OPTS=-Xmx6656m -XX:+UseG1GC -XX:MaxMetaspaceSize=384m
16:56:15.537 INFO  Starting SonarScanner Engine...
16:56:15.538 INFO  Java 21.0.11 Eclipse Adoptium (64-bit)
16:56:18.384 INFO  Load global settings
16:56:18.956 INFO  Load global settings (done) | time=565ms
16:56:19.035 INFO  Server id: 1BD809FA-AWHW8ct9-T_TB3XqouNu
16:56:19.267 INFO  Loading required plugins
16:56:19.268 INFO  Load plugins index
16:56:19.445 INFO  Load plugins index (done) | time=175ms
16:56:19.445 INFO  Load/download plugins
16:56:19.510 INFO  Load/download plugins (done) | time=66ms
16:56:19.750 INFO  Loaded core extensions: sca, a3s, architecture
16:56:19.995 INFO  Process project properties
16:56:20.026 INFO  Project key: smallklauss_hdfs:HDFS-16262
16:56:20.026 INFO  Base dir: /home/runner/work/sonar-analysis/sonar-analysis/project
16:56:20.026 INFO  Working dir: /home/runner/work/sonar-analysis/sonar-analysis/project/.scannerwork
16:56:20.034 INFO  Load project settings for component key: 'smallklauss_hdfs:HDFS-16262'
16:56:20.105 ERROR Not authorized or project not found. Please check the 'SONAR_TOKEN' environment variable, the 'sonar.projectKey' and 'sonar.organization' properties, or contact the project administrator to verify the token's permissions.
16:56:20.429 INFO  EXECUTION FAILURE
16:56:20.430 INFO  Total time: 8.657s
