16:54:09.356 INFO  Scanner configuration file: /home/runner/work/sonar-analysis/sonar-analysis/sonar-scanner-8.1.0.6389-linux-x64/conf/sonar-scanner.properties
16:54:09.359 INFO  Project root configuration file: /home/runner/work/sonar-analysis/sonar-analysis/project/sonar-project.properties
16:54:09.374 INFO  SonarScanner CLI 8.1.0.6389
16:54:09.379 INFO  Linux 6.17.0-1018-azure amd64
16:54:12.409 INFO  Communicating with SonarQube Cloud
16:54:12.409 INFO  JRE provisioning: os[linux], arch[x86_64]
16:54:13.246 INFO  SONAR_SCANNER_JAVA_OPTS=-Xmx6656m -XX:+UseG1GC -XX:MaxMetaspaceSize=384m
16:54:13.513 INFO  Starting SonarScanner Engine...
16:54:13.514 INFO  Java 21.0.11 Eclipse Adoptium (64-bit)
16:54:16.898 INFO  Load global settings
16:54:17.720 INFO  Load global settings (done) | time=816ms
16:54:17.812 INFO  Server id: 1BD809FA-AWHW8ct9-T_TB3XqouNu
16:54:18.097 INFO  Loading required plugins
16:54:18.097 INFO  Load plugins index
16:54:18.243 INFO  Load plugins index (done) | time=147ms
16:54:18.245 INFO  Load/download plugins
16:54:18.335 INFO  Load/download plugins (done) | time=90ms
16:54:18.528 INFO  Loaded core extensions: sca, a3s, architecture
16:54:18.797 INFO  Process project properties
16:54:18.830 INFO  Project key: smallklauss_hdfs:HDFS-15842
16:54:18.830 INFO  Base dir: /home/runner/work/sonar-analysis/sonar-analysis/project
16:54:18.831 INFO  Working dir: /home/runner/work/sonar-analysis/sonar-analysis/project/.scannerwork
16:54:18.837 INFO  Load project settings for component key: 'smallklauss_hdfs:HDFS-15842'
16:54:18.983 ERROR Not authorized or project not found. Please check the 'SONAR_TOKEN' environment variable, the 'sonar.projectKey' and 'sonar.organization' properties, or contact the project administrator to verify the token's permissions.
16:54:19.311 INFO  EXECUTION FAILURE
16:54:19.311 INFO  Total time: 9.967s
