16:57:48.394 INFO  Scanner configuration file: /home/runner/work/sonar-analysis/sonar-analysis/sonar-scanner-8.1.0.6389-linux-x64/conf/sonar-scanner.properties
16:57:48.397 INFO  Project root configuration file: /home/runner/work/sonar-analysis/sonar-analysis/project/sonar-project.properties
16:57:48.410 INFO  SonarScanner CLI 8.1.0.6389
16:57:48.414 INFO  Linux 6.17.0-1018-azure amd64
16:57:50.890 INFO  Communicating with SonarQube Cloud
16:57:50.891 INFO  JRE provisioning: os[linux], arch[x86_64]
16:57:51.656 INFO  SONAR_SCANNER_JAVA_OPTS=-Xmx6656m -XX:+UseG1GC -XX:MaxMetaspaceSize=384m
16:57:51.869 INFO  Starting SonarScanner Engine...
16:57:51.870 INFO  Java 21.0.11 Eclipse Adoptium (64-bit)
16:57:54.640 INFO  Load global settings
16:57:55.328 INFO  Load global settings (done) | time=682ms
16:57:55.393 INFO  Server id: 1BD809FA-AWHW8ct9-T_TB3XqouNu
16:57:55.545 INFO  Loading required plugins
16:57:55.545 INFO  Load plugins index
16:57:55.695 INFO  Load plugins index (done) | time=148ms
16:57:55.695 INFO  Load/download plugins
16:57:55.762 INFO  Load/download plugins (done) | time=67ms
16:57:55.945 INFO  Loaded core extensions: sca, a3s, architecture
16:57:56.145 INFO  Process project properties
16:57:56.169 INFO  Project key: smallklauss_hdfs:HDFS-16327
16:57:56.169 INFO  Base dir: /home/runner/work/sonar-analysis/sonar-analysis/project
16:57:56.170 INFO  Working dir: /home/runner/work/sonar-analysis/sonar-analysis/project/.scannerwork
16:57:56.175 INFO  Load project settings for component key: 'smallklauss_hdfs:HDFS-16327'
16:57:56.330 ERROR Not authorized or project not found. Please check the 'SONAR_TOKEN' environment variable, the 'sonar.projectKey' and 'sonar.organization' properties, or contact the project administrator to verify the token's permissions.
16:57:56.654 INFO  EXECUTION FAILURE
16:57:56.655 INFO  Total time: 8.271s
