16:14:47.787 INFO  Scanner configuration file: /home/runner/work/sonar-analysis/sonar-analysis/sonar-scanner-8.1.0.6389-linux-x64/conf/sonar-scanner.properties
16:14:47.790 INFO  Project root configuration file: /home/runner/work/sonar-analysis/sonar-analysis/project/sonar-project.properties
16:14:47.804 INFO  SonarScanner CLI 8.1.0.6389
16:14:47.810 INFO  Linux 6.17.0-1018-azure amd64
16:14:50.862 INFO  Communicating with SonarQube Cloud
16:14:50.863 INFO  JRE provisioning: os[linux], arch[x86_64]
16:14:51.682 INFO  SONAR_SCANNER_JAVA_OPTS=-Xmx6656m -XX:+UseG1GC -XX:MaxMetaspaceSize=384m
16:14:51.993 INFO  Starting SonarScanner Engine...
16:14:51.993 INFO  Java 21.0.11 Eclipse Adoptium (64-bit)
16:14:55.389 INFO  Load global settings
16:14:56.055 INFO  Load global settings (done) | time=659ms
16:14:56.148 INFO  Server id: 1BD809FA-AWHW8ct9-T_TB3XqouNu
16:14:56.437 INFO  Loading required plugins
16:14:56.437 INFO  Load plugins index
16:14:56.571 INFO  Load plugins index (done) | time=133ms
16:14:56.573 INFO  Load/download plugins
16:14:56.662 INFO  Load/download plugins (done) | time=90ms
16:14:56.856 INFO  Loaded core extensions: sca, a3s, architecture
16:14:57.124 INFO  Process project properties
16:14:57.154 INFO  Project key: smallklauss_hdfs:HDFS-16085
16:14:57.155 INFO  Base dir: /home/runner/work/sonar-analysis/sonar-analysis/project
16:14:57.155 INFO  Working dir: /home/runner/work/sonar-analysis/sonar-analysis/project/.scannerwork
16:14:57.163 INFO  Load project settings for component key: 'smallklauss_hdfs:HDFS-16085'
16:14:57.311 ERROR Not authorized or project not found. Please check the 'SONAR_TOKEN' environment variable, the 'sonar.projectKey' and 'sonar.organization' properties, or contact the project administrator to verify the token's permissions.
16:14:57.638 INFO  EXECUTION FAILURE
16:14:57.638 INFO  Total time: 9.862s
