17:13:37.218 INFO  Scanner configuration file: /home/runner/work/sonar-analysis/sonar-analysis/sonar-scanner-8.1.0.6389-linux-x64/conf/sonar-scanner.properties
17:13:37.221 INFO  Project root configuration file: /home/runner/work/sonar-analysis/sonar-analysis/project/sonar-project.properties
17:13:37.240 INFO  SonarScanner CLI 8.1.0.6389
17:13:37.245 INFO  Linux 6.17.0-1018-azure amd64
17:13:40.357 INFO  Communicating with SonarQube Cloud
17:13:40.358 INFO  JRE provisioning: os[linux], arch[x86_64]
17:13:41.066 INFO  SONAR_SCANNER_JAVA_OPTS=-Xmx6656m -XX:+UseG1GC -XX:MaxMetaspaceSize=384m
17:13:41.351 INFO  Starting SonarScanner Engine...
17:13:41.352 INFO  Java 21.0.11 Eclipse Adoptium (64-bit)
17:13:44.706 INFO  Load global settings
17:13:45.523 INFO  Load global settings (done) | time=812ms
17:13:45.619 INFO  Server id: 1BD809FA-AWHW8ct9-T_TB3XqouNu
17:13:45.897 INFO  Loading required plugins
17:13:45.897 INFO  Load plugins index
17:13:46.088 INFO  Load plugins index (done) | time=192ms
17:13:46.089 INFO  Load/download plugins
17:13:46.147 INFO  Load/download plugins (done) | time=58ms
17:13:46.325 INFO  Loaded core extensions: sca, a3s, architecture
17:13:46.613 INFO  Process project properties
17:13:46.645 INFO  Project key: smallklauss_hdfs:HDFS-16076
17:13:46.647 INFO  Base dir: /home/runner/work/sonar-analysis/sonar-analysis/project
17:13:46.647 INFO  Working dir: /home/runner/work/sonar-analysis/sonar-analysis/project/.scannerwork
17:13:46.654 INFO  Load project settings for component key: 'smallklauss_hdfs:HDFS-16076'
17:13:46.793 ERROR Not authorized or project not found. Please check the 'SONAR_TOKEN' environment variable, the 'sonar.projectKey' and 'sonar.organization' properties, or contact the project administrator to verify the token's permissions.
17:13:47.120 INFO  EXECUTION FAILURE
17:13:47.121 INFO  Total time: 9.914s
