16:23:07.978 INFO  Scanner configuration file: /home/runner/work/sonar-analysis/sonar-analysis/sonar-scanner-8.1.0.6389-linux-x64/conf/sonar-scanner.properties
16:23:07.980 INFO  Project root configuration file: /home/runner/work/sonar-analysis/sonar-analysis/project/sonar-project.properties
16:23:07.992 INFO  SonarScanner CLI 8.1.0.6389
16:23:07.996 INFO  Linux 6.17.0-1018-azure amd64
16:23:10.534 INFO  Communicating with SonarQube Cloud
16:23:10.535 INFO  JRE provisioning: os[linux], arch[x86_64]
16:23:11.207 INFO  SONAR_SCANNER_JAVA_OPTS=-Xmx6656m -XX:+UseG1GC -XX:MaxMetaspaceSize=384m
16:23:11.446 INFO  Starting SonarScanner Engine...
16:23:11.446 INFO  Java 21.0.11 Eclipse Adoptium (64-bit)
16:23:14.298 INFO  Load global settings
16:23:15.125 INFO  Load global settings (done) | time=822ms
16:23:15.197 INFO  Server id: 1BD809FA-AWHW8ct9-T_TB3XqouNu
16:23:15.362 INFO  Loading required plugins
16:23:15.362 INFO  Load plugins index
16:23:15.510 INFO  Load plugins index (done) | time=145ms
16:23:15.511 INFO  Load/download plugins
16:23:15.567 INFO  Load/download plugins (done) | time=58ms
16:23:15.765 INFO  Loaded core extensions: sca, a3s, architecture
16:23:15.966 INFO  Process project properties
16:23:15.991 INFO  Project key: smallklauss_hdfs:HDFS-16266
16:23:15.991 INFO  Base dir: /home/runner/work/sonar-analysis/sonar-analysis/project
16:23:15.991 INFO  Working dir: /home/runner/work/sonar-analysis/sonar-analysis/project/.scannerwork
16:23:15.997 INFO  Load project settings for component key: 'smallklauss_hdfs:HDFS-16266'
16:23:16.149 ERROR Not authorized or project not found. Please check the 'SONAR_TOKEN' environment variable, the 'sonar.projectKey' and 'sonar.organization' properties, or contact the project administrator to verify the token's permissions.
16:23:16.472 INFO  EXECUTION FAILURE
16:23:16.473 INFO  Total time: 8.503s
