17:19:06.798 INFO  Scanner configuration file: /home/runner/work/sonar-analysis/sonar-analysis/sonar-scanner-8.1.0.6389-linux-x64/conf/sonar-scanner.properties
17:19:06.801 INFO  Project root configuration file: /home/runner/work/sonar-analysis/sonar-analysis/project/sonar-project.properties
17:19:06.819 INFO  SonarScanner CLI 8.1.0.6389
17:19:06.824 INFO  Linux 6.17.0-1018-azure amd64
17:19:09.901 INFO  Communicating with SonarQube Cloud
17:19:09.902 INFO  JRE provisioning: os[linux], arch[x86_64]
17:19:14.643 INFO  SONAR_SCANNER_JAVA_OPTS=-Xmx6656m -XX:+UseG1GC -XX:MaxMetaspaceSize=384m
17:19:14.931 INFO  Starting SonarScanner Engine...
17:19:14.932 INFO  Java 21.0.11 Eclipse Adoptium (64-bit)
17:19:18.255 INFO  Load global settings
17:19:19.124 INFO  Load global settings (done) | time=862ms
17:19:19.218 INFO  Server id: 1BD809FA-AWHW8ct9-T_TB3XqouNu
17:19:19.448 INFO  Loading required plugins
17:19:19.448 INFO  Load plugins index
17:19:19.642 INFO  Load plugins index (done) | time=193ms
17:19:19.643 INFO  Load/download plugins
17:19:19.716 INFO  Load/download plugins (done) | time=73ms
17:19:19.974 INFO  Loaded core extensions: sca, a3s, architecture
17:19:20.241 INFO  Process project properties
17:19:20.272 INFO  Project key: smallklauss_hdfs:HDFS-16091
17:19:20.272 INFO  Base dir: /home/runner/work/sonar-analysis/sonar-analysis/project
17:19:20.272 INFO  Working dir: /home/runner/work/sonar-analysis/sonar-analysis/project/.scannerwork
17:19:20.279 INFO  Load project settings for component key: 'smallklauss_hdfs:HDFS-16091'
17:19:20.491 ERROR Not authorized or project not found. Please check the 'SONAR_TOKEN' environment variable, the 'sonar.projectKey' and 'sonar.organization' properties, or contact the project administrator to verify the token's permissions.
17:19:20.817 INFO  EXECUTION FAILURE
17:19:20.818 INFO  Total time: 14.031s
