16:58:11.013 INFO  Scanner configuration file: /home/runner/work/sonar-analysis/sonar-analysis/sonar-scanner-8.1.0.6389-linux-x64/conf/sonar-scanner.properties
16:58:11.016 INFO  Project root configuration file: /home/runner/work/sonar-analysis/sonar-analysis/project/sonar-project.properties
16:58:11.033 INFO  SonarScanner CLI 8.1.0.6389
16:58:11.040 INFO  Linux 6.17.0-1018-azure amd64
16:58:14.132 INFO  Communicating with SonarQube Cloud
16:58:14.132 INFO  JRE provisioning: os[linux], arch[x86_64]
16:58:15.056 INFO  SONAR_SCANNER_JAVA_OPTS=-Xmx6656m -XX:+UseG1GC -XX:MaxMetaspaceSize=384m
16:58:15.332 INFO  Starting SonarScanner Engine...
16:58:15.332 INFO  Java 21.0.11 Eclipse Adoptium (64-bit)
16:58:18.785 INFO  Load global settings
16:58:19.636 INFO  Load global settings (done) | time=845ms
16:58:19.732 INFO  Server id: 1BD809FA-AWHW8ct9-T_TB3XqouNu
16:58:19.942 INFO  Loading required plugins
16:58:19.943 INFO  Load plugins index
16:58:20.132 INFO  Load plugins index (done) | time=188ms
16:58:20.133 INFO  Load/download plugins
16:58:20.220 INFO  Load/download plugins (done) | time=87ms
16:58:20.444 INFO  Loaded core extensions: sca, a3s, architecture
16:58:20.698 INFO  Process project properties
16:58:20.730 INFO  Project key: smallklauss_hdfs:HDFS-10648
16:58:20.730 INFO  Base dir: /home/runner/work/sonar-analysis/sonar-analysis/project
16:58:20.731 INFO  Working dir: /home/runner/work/sonar-analysis/sonar-analysis/project/.scannerwork
16:58:20.739 INFO  Load project settings for component key: 'smallklauss_hdfs:HDFS-10648'
16:58:20.944 ERROR Not authorized or project not found. Please check the 'SONAR_TOKEN' environment variable, the 'sonar.projectKey' and 'sonar.organization' properties, or contact the project administrator to verify the token's permissions.
16:58:21.268 INFO  EXECUTION FAILURE
16:58:21.269 INFO  Total time: 10.267s
