16:15:24.965 INFO  Scanner configuration file: /home/runner/work/sonar-analysis/sonar-analysis/sonar-scanner-8.1.0.6389-linux-x64/conf/sonar-scanner.properties
16:15:24.968 INFO  Project root configuration file: /home/runner/work/sonar-analysis/sonar-analysis/project/sonar-project.properties
16:15:24.985 INFO  SonarScanner CLI 8.1.0.6389
16:15:24.991 INFO  Linux 6.17.0-1018-azure amd64
16:15:28.084 INFO  Communicating with SonarQube Cloud
16:15:28.084 INFO  JRE provisioning: os[linux], arch[x86_64]
16:15:28.841 INFO  SONAR_SCANNER_JAVA_OPTS=-Xmx6656m -XX:+UseG1GC -XX:MaxMetaspaceSize=384m
16:15:29.128 INFO  Starting SonarScanner Engine...
16:15:29.129 INFO  Java 21.0.11 Eclipse Adoptium (64-bit)
16:15:32.496 INFO  Load global settings
16:15:33.216 INFO  Load global settings (done) | time=715ms
16:15:33.303 INFO  Server id: 1BD809FA-AWHW8ct9-T_TB3XqouNu
16:15:33.515 INFO  Loading required plugins
16:15:33.515 INFO  Load plugins index
16:15:33.645 INFO  Load plugins index (done) | time=128ms
16:15:33.645 INFO  Load/download plugins
16:15:33.722 INFO  Load/download plugins (done) | time=76ms
16:15:33.941 INFO  Loaded core extensions: sca, a3s, architecture
16:15:34.207 INFO  Process project properties
16:15:34.237 INFO  Project key: smallklauss_hdfs:HDFS-16007
16:15:34.237 INFO  Base dir: /home/runner/work/sonar-analysis/sonar-analysis/project
16:15:34.237 INFO  Working dir: /home/runner/work/sonar-analysis/sonar-analysis/project/.scannerwork
16:15:34.245 INFO  Load project settings for component key: 'smallklauss_hdfs:HDFS-16007'
16:15:34.385 ERROR Not authorized or project not found. Please check the 'SONAR_TOKEN' environment variable, the 'sonar.projectKey' and 'sonar.organization' properties, or contact the project administrator to verify the token's permissions.
16:15:34.712 INFO  EXECUTION FAILURE
16:15:34.712 INFO  Total time: 9.758s
