16:28:14.960 INFO  Scanner configuration file: /home/runner/work/sonar-analysis/sonar-analysis/sonar-scanner-8.1.0.6389-linux-x64/conf/sonar-scanner.properties
16:28:14.963 INFO  Project root configuration file: /home/runner/work/sonar-analysis/sonar-analysis/project/sonar-project.properties
16:28:14.977 INFO  SonarScanner CLI 8.1.0.6389
16:28:14.983 INFO  Linux 6.17.0-1018-azure amd64
16:28:17.654 INFO  Communicating with SonarQube Cloud
16:28:17.655 INFO  JRE provisioning: os[linux], arch[x86_64]
16:28:18.832 INFO  SONAR_SCANNER_JAVA_OPTS=-Xmx6656m -XX:+UseG1GC -XX:MaxMetaspaceSize=384m
16:28:19.086 INFO  Starting SonarScanner Engine...
16:28:19.087 INFO  Java 21.0.11 Eclipse Adoptium (64-bit)
16:28:22.072 INFO  Load global settings
16:28:22.642 INFO  Load global settings (done) | time=564ms
16:28:22.723 INFO  Server id: 1BD809FA-AWHW8ct9-T_TB3XqouNu
16:28:22.955 INFO  Loading required plugins
16:28:22.956 INFO  Load plugins index
16:28:23.137 INFO  Load plugins index (done) | time=180ms
16:28:23.137 INFO  Load/download plugins
16:28:23.202 INFO  Load/download plugins (done) | time=65ms
16:28:23.440 INFO  Loaded core extensions: sca, a3s, architecture
16:28:23.691 INFO  Process project properties
16:28:23.718 INFO  Project key: smallklauss_hdfs:HDFS-16404
16:28:23.718 INFO  Base dir: /home/runner/work/sonar-analysis/sonar-analysis/project
16:28:23.719 INFO  Working dir: /home/runner/work/sonar-analysis/sonar-analysis/project/.scannerwork
16:28:23.726 INFO  Load project settings for component key: 'smallklauss_hdfs:HDFS-16404'
16:28:23.783 ERROR Not authorized or project not found. Please check the 'SONAR_TOKEN' environment variable, the 'sonar.projectKey' and 'sonar.organization' properties, or contact the project administrator to verify the token's permissions.
16:28:24.106 INFO  EXECUTION FAILURE
16:28:24.107 INFO  Total time: 9.157s
