16:56:22.330 INFO  Scanner configuration file: /home/runner/work/sonar-analysis/sonar-analysis/sonar-scanner-8.1.0.6389-linux-x64/conf/sonar-scanner.properties
16:56:22.333 INFO  Project root configuration file: /home/runner/work/sonar-analysis/sonar-analysis/project/sonar-project.properties
16:56:22.352 INFO  SonarScanner CLI 8.1.0.6389
16:56:22.357 INFO  Linux 6.17.0-1018-azure amd64
16:56:25.425 INFO  Communicating with SonarQube Cloud
16:56:25.426 INFO  JRE provisioning: os[linux], arch[x86_64]
16:56:26.241 INFO  SONAR_SCANNER_JAVA_OPTS=-Xmx6656m -XX:+UseG1GC -XX:MaxMetaspaceSize=384m
16:56:26.528 INFO  Starting SonarScanner Engine...
16:56:26.528 INFO  Java 21.0.11 Eclipse Adoptium (64-bit)
16:56:29.822 INFO  Load global settings
16:56:30.585 INFO  Load global settings (done) | time=756ms
16:56:30.674 INFO  Server id: 1BD809FA-AWHW8ct9-T_TB3XqouNu
16:56:30.896 INFO  Loading required plugins
16:56:30.897 INFO  Load plugins index
16:56:31.031 INFO  Load plugins index (done) | time=134ms
16:56:31.032 INFO  Load/download plugins
16:56:31.131 INFO  Load/download plugins (done) | time=100ms
16:56:31.331 INFO  Loaded core extensions: sca, a3s, architecture
16:56:31.616 INFO  Process project properties
16:56:31.648 INFO  Project key: smallklauss_hdfs:HDFS-16119
16:56:31.648 INFO  Base dir: /home/runner/work/sonar-analysis/sonar-analysis/project
16:56:31.649 INFO  Working dir: /home/runner/work/sonar-analysis/sonar-analysis/project/.scannerwork
16:56:31.658 INFO  Load project settings for component key: 'smallklauss_hdfs:HDFS-16119'
16:56:31.796 ERROR Not authorized or project not found. Please check the 'SONAR_TOKEN' environment variable, the 'sonar.projectKey' and 'sonar.organization' properties, or contact the project administrator to verify the token's permissions.
16:56:32.127 INFO  EXECUTION FAILURE
16:56:32.127 INFO  Total time: 9.809s
