17:18:38.365 INFO  Scanner configuration file: /home/runner/work/sonar-analysis/sonar-analysis/sonar-scanner-8.1.0.6389-linux-x64/conf/sonar-scanner.properties
17:18:38.367 INFO  Project root configuration file: /home/runner/work/sonar-analysis/sonar-analysis/project/sonar-project.properties
17:18:38.385 INFO  SonarScanner CLI 8.1.0.6389
17:18:38.390 INFO  Linux 6.17.0-1018-azure amd64
17:18:41.428 INFO  Communicating with SonarQube Cloud
17:18:41.429 INFO  JRE provisioning: os[linux], arch[x86_64]
17:18:42.191 INFO  SONAR_SCANNER_JAVA_OPTS=-Xmx6656m -XX:+UseG1GC -XX:MaxMetaspaceSize=384m
17:18:42.467 INFO  Starting SonarScanner Engine...
17:18:42.468 INFO  Java 21.0.11 Eclipse Adoptium (64-bit)
17:18:45.867 INFO  Load global settings
17:18:46.586 INFO  Load global settings (done) | time=714ms
17:18:46.684 INFO  Server id: 1BD809FA-AWHW8ct9-T_TB3XqouNu
17:18:46.879 INFO  Loading required plugins
17:18:46.879 INFO  Load plugins index
17:18:47.010 INFO  Load plugins index (done) | time=130ms
17:18:47.010 INFO  Load/download plugins
17:18:47.080 INFO  Load/download plugins (done) | time=69ms
17:18:47.270 INFO  Loaded core extensions: sca, a3s, architecture
17:18:47.536 INFO  Process project properties
17:18:47.569 INFO  Project key: smallklauss_hdfs:HDFS-16527
17:18:47.570 INFO  Base dir: /home/runner/work/sonar-analysis/sonar-analysis/project
17:18:47.570 INFO  Working dir: /home/runner/work/sonar-analysis/sonar-analysis/project/.scannerwork
17:18:47.580 INFO  Load project settings for component key: 'smallklauss_hdfs:HDFS-16527'
17:18:47.724 ERROR Not authorized or project not found. Please check the 'SONAR_TOKEN' environment variable, the 'sonar.projectKey' and 'sonar.organization' properties, or contact the project administrator to verify the token's permissions.
17:18:48.052 INFO  EXECUTION FAILURE
17:18:48.053 INFO  Total time: 9.698s
