16:37:33.195 INFO  Scanner configuration file: /home/runner/work/sonar-analysis/sonar-analysis/sonar-scanner-8.1.0.6389-linux-x64/conf/sonar-scanner.properties
16:37:33.197 INFO  Project root configuration file: /home/runner/work/sonar-analysis/sonar-analysis/project/sonar-project.properties
16:37:33.213 INFO  SonarScanner CLI 8.1.0.6389
16:37:33.219 INFO  Linux 6.17.0-1018-azure amd64
16:37:36.215 INFO  Communicating with SonarQube Cloud
16:37:36.215 INFO  JRE provisioning: os[linux], arch[x86_64]
16:37:37.040 INFO  SONAR_SCANNER_JAVA_OPTS=-Xmx6656m -XX:+UseG1GC -XX:MaxMetaspaceSize=384m
16:37:37.344 INFO  Starting SonarScanner Engine...
16:37:37.345 INFO  Java 21.0.11 Eclipse Adoptium (64-bit)
16:37:40.721 INFO  Load global settings
16:37:41.432 INFO  Load global settings (done) | time=703ms
16:37:41.520 INFO  Server id: 1BD809FA-AWHW8ct9-T_TB3XqouNu
16:37:41.720 INFO  Loading required plugins
16:37:41.721 INFO  Load plugins index
16:37:41.853 INFO  Load plugins index (done) | time=131ms
16:37:41.853 INFO  Load/download plugins
16:37:41.924 INFO  Load/download plugins (done) | time=71ms
16:37:42.102 INFO  Loaded core extensions: sca, a3s, architecture
16:37:42.355 INFO  Process project properties
16:37:42.386 INFO  Project key: smallklauss_hdfs:HDFS-16461
16:37:42.387 INFO  Base dir: /home/runner/work/sonar-analysis/sonar-analysis/project
16:37:42.387 INFO  Working dir: /home/runner/work/sonar-analysis/sonar-analysis/project/.scannerwork
16:37:42.393 INFO  Load project settings for component key: 'smallklauss_hdfs:HDFS-16461'
16:37:42.543 ERROR Not authorized or project not found. Please check the 'SONAR_TOKEN' environment variable, the 'sonar.projectKey' and 'sonar.organization' properties, or contact the project administrator to verify the token's permissions.
16:37:42.867 INFO  EXECUTION FAILURE
16:37:42.868 INFO  Total time: 9.685s
