17:06:09.053 INFO  Scanner configuration file: /home/runner/work/sonar-analysis/sonar-analysis/sonar-scanner-8.1.0.6389-linux-x64/conf/sonar-scanner.properties
17:06:09.056 INFO  Project root configuration file: /home/runner/work/sonar-analysis/sonar-analysis/project/sonar-project.properties
17:06:09.076 INFO  SonarScanner CLI 8.1.0.6389
17:06:09.082 INFO  Linux 6.17.0-1018-azure amd64
17:06:12.203 INFO  Communicating with SonarQube Cloud
17:06:12.204 INFO  JRE provisioning: os[linux], arch[x86_64]
17:06:12.886 INFO  SONAR_SCANNER_JAVA_OPTS=-Xmx6656m -XX:+UseG1GC -XX:MaxMetaspaceSize=384m
17:06:13.173 INFO  Starting SonarScanner Engine...
17:06:13.175 INFO  Java 21.0.11 Eclipse Adoptium (64-bit)
17:06:16.616 INFO  Load global settings
17:06:17.336 INFO  Load global settings (done) | time=713ms
17:06:17.423 INFO  Server id: 1BD809FA-AWHW8ct9-T_TB3XqouNu
17:06:17.647 INFO  Loading required plugins
17:06:17.647 INFO  Load plugins index
17:06:17.783 INFO  Load plugins index (done) | time=136ms
17:06:17.785 INFO  Load/download plugins
17:06:17.863 INFO  Load/download plugins (done) | time=78ms
17:06:18.060 INFO  Loaded core extensions: sca, a3s, architecture
17:06:18.349 INFO  Process project properties
17:06:18.379 INFO  Project key: smallklauss_hdfs:HDFS-16137
17:06:18.379 INFO  Base dir: /home/runner/work/sonar-analysis/sonar-analysis/project
17:06:18.379 INFO  Working dir: /home/runner/work/sonar-analysis/sonar-analysis/project/.scannerwork
17:06:18.390 INFO  Load project settings for component key: 'smallklauss_hdfs:HDFS-16137'
17:06:18.538 ERROR Not authorized or project not found. Please check the 'SONAR_TOKEN' environment variable, the 'sonar.projectKey' and 'sonar.organization' properties, or contact the project administrator to verify the token's permissions.
17:06:18.865 INFO  EXECUTION FAILURE
17:06:18.866 INFO  Total time: 9.824s
