17:05:21.940 INFO  Scanner configuration file: /home/runner/work/sonar-analysis/sonar-analysis/sonar-scanner-8.1.0.6389-linux-x64/conf/sonar-scanner.properties
17:05:21.942 INFO  Project root configuration file: /home/runner/work/sonar-analysis/sonar-analysis/project/sonar-project.properties
17:05:21.957 INFO  SonarScanner CLI 8.1.0.6389
17:05:21.962 INFO  Linux 6.17.0-1018-azure amd64
17:05:24.589 INFO  Communicating with SonarQube Cloud
17:05:24.590 INFO  JRE provisioning: os[linux], arch[x86_64]
17:05:25.672 INFO  SONAR_SCANNER_JAVA_OPTS=-Xmx6656m -XX:+UseG1GC -XX:MaxMetaspaceSize=384m
17:05:25.930 INFO  Starting SonarScanner Engine...
17:05:25.931 INFO  Java 21.0.11 Eclipse Adoptium (64-bit)
17:05:28.884 INFO  Load global settings
17:05:29.410 INFO  Load global settings (done) | time=520ms
17:05:29.494 INFO  Server id: 1BD809FA-AWHW8ct9-T_TB3XqouNu
17:05:29.684 INFO  Loading required plugins
17:05:29.684 INFO  Load plugins index
17:05:29.852 INFO  Load plugins index (done) | time=168ms
17:05:29.854 INFO  Load/download plugins
17:05:29.935 INFO  Load/download plugins (done) | time=80ms
17:05:30.165 INFO  Loaded core extensions: sca, a3s, architecture
17:05:30.406 INFO  Process project properties
17:05:30.438 INFO  Project key: smallklauss_hdfs:HDFS-16398
17:05:30.441 INFO  Base dir: /home/runner/work/sonar-analysis/sonar-analysis/project
17:05:30.441 INFO  Working dir: /home/runner/work/sonar-analysis/sonar-analysis/project/.scannerwork
17:05:30.447 INFO  Load project settings for component key: 'smallklauss_hdfs:HDFS-16398'
17:05:30.513 ERROR Not authorized or project not found. Please check the 'SONAR_TOKEN' environment variable, the 'sonar.projectKey' and 'sonar.organization' properties, or contact the project administrator to verify the token's permissions.
17:05:30.835 INFO  EXECUTION FAILURE
17:05:30.835 INFO  Total time: 8.906s
