16:36:34.462 INFO  Scanner configuration file: /home/runner/work/sonar-analysis/sonar-analysis/sonar-scanner-8.1.0.6389-linux-x64/conf/sonar-scanner.properties
16:36:34.465 INFO  Project root configuration file: /home/runner/work/sonar-analysis/sonar-analysis/project/sonar-project.properties
16:36:34.483 INFO  SonarScanner CLI 8.1.0.6389
16:36:34.488 INFO  Linux 6.17.0-1018-azure amd64
16:36:37.559 INFO  Communicating with SonarQube Cloud
16:36:37.559 INFO  JRE provisioning: os[linux], arch[x86_64]
16:36:38.345 INFO  SONAR_SCANNER_JAVA_OPTS=-Xmx6656m -XX:+UseG1GC -XX:MaxMetaspaceSize=384m
16:36:38.622 INFO  Starting SonarScanner Engine...
16:36:38.622 INFO  Java 21.0.11 Eclipse Adoptium (64-bit)
16:36:42.067 INFO  Load global settings
16:36:42.855 INFO  Load global settings (done) | time=781ms
16:36:42.959 INFO  Server id: 1BD809FA-AWHW8ct9-T_TB3XqouNu
16:36:43.148 INFO  Loading required plugins
16:36:43.148 INFO  Load plugins index
16:36:43.283 INFO  Load plugins index (done) | time=135ms
16:36:43.285 INFO  Load/download plugins
16:36:43.359 INFO  Load/download plugins (done) | time=76ms
16:36:43.547 INFO  Loaded core extensions: sca, a3s, architecture
16:36:43.854 INFO  Process project properties
16:36:43.891 INFO  Project key: smallklauss_hdfs:HDFS-16088
16:36:43.891 INFO  Base dir: /home/runner/work/sonar-analysis/sonar-analysis/project
16:36:43.891 INFO  Working dir: /home/runner/work/sonar-analysis/sonar-analysis/project/.scannerwork
16:36:43.899 INFO  Load project settings for component key: 'smallklauss_hdfs:HDFS-16088'
16:36:44.048 ERROR Not authorized or project not found. Please check the 'SONAR_TOKEN' environment variable, the 'sonar.projectKey' and 'sonar.organization' properties, or contact the project administrator to verify the token's permissions.
16:36:44.378 INFO  EXECUTION FAILURE
16:36:44.379 INFO  Total time: 9.928s
