17:16:09.170 INFO  Scanner configuration file: /home/runner/work/sonar-analysis/sonar-analysis/sonar-scanner-8.1.0.6389-linux-x64/conf/sonar-scanner.properties
17:16:09.173 INFO  Project root configuration file: /home/runner/work/sonar-analysis/sonar-analysis/project/sonar-project.properties
17:16:09.191 INFO  SonarScanner CLI 8.1.0.6389
17:16:09.197 INFO  Linux 6.17.0-1018-azure amd64
17:16:12.255 INFO  Communicating with SonarQube Cloud
17:16:12.255 INFO  JRE provisioning: os[linux], arch[x86_64]
17:16:12.983 INFO  SONAR_SCANNER_JAVA_OPTS=-Xmx6656m -XX:+UseG1GC -XX:MaxMetaspaceSize=384m
17:16:13.283 INFO  Starting SonarScanner Engine...
17:16:13.284 INFO  Java 21.0.11 Eclipse Adoptium (64-bit)
17:16:16.729 INFO  Load global settings
17:16:17.504 INFO  Load global settings (done) | time=768ms
17:16:17.588 INFO  Server id: 1BD809FA-AWHW8ct9-T_TB3XqouNu
17:16:17.813 INFO  Loading required plugins
17:16:17.813 INFO  Load plugins index
17:16:17.947 INFO  Load plugins index (done) | time=135ms
17:16:17.952 INFO  Load/download plugins
17:16:18.017 INFO  Load/download plugins (done) | time=68ms
17:16:18.216 INFO  Loaded core extensions: sca, a3s, architecture
17:16:18.500 INFO  Process project properties
17:16:18.531 INFO  Project key: smallklauss_hdfs:HDFS-16163
17:16:18.531 INFO  Base dir: /home/runner/work/sonar-analysis/sonar-analysis/project
17:16:18.531 INFO  Working dir: /home/runner/work/sonar-analysis/sonar-analysis/project/.scannerwork
17:16:18.540 INFO  Load project settings for component key: 'smallklauss_hdfs:HDFS-16163'
17:16:18.685 ERROR Not authorized or project not found. Please check the 'SONAR_TOKEN' environment variable, the 'sonar.projectKey' and 'sonar.organization' properties, or contact the project administrator to verify the token's permissions.
17:16:19.013 INFO  EXECUTION FAILURE
17:16:19.014 INFO  Total time: 9.856s
