17:08:25.007 INFO  Scanner configuration file: /home/runner/work/sonar-analysis/sonar-analysis/sonar-scanner-8.1.0.6389-linux-x64/conf/sonar-scanner.properties
17:08:25.010 INFO  Project root configuration file: /home/runner/work/sonar-analysis/sonar-analysis/project/sonar-project.properties
17:08:25.027 INFO  SonarScanner CLI 8.1.0.6389
17:08:25.033 INFO  Linux 6.17.0-1018-azure amd64
17:08:28.113 INFO  Communicating with SonarQube Cloud
17:08:28.114 INFO  JRE provisioning: os[linux], arch[x86_64]
17:08:28.972 INFO  SONAR_SCANNER_JAVA_OPTS=-Xmx6656m -XX:+UseG1GC -XX:MaxMetaspaceSize=384m
17:08:29.258 INFO  Starting SonarScanner Engine...
17:08:29.258 INFO  Java 21.0.11 Eclipse Adoptium (64-bit)
17:08:32.569 INFO  Load global settings
17:08:33.599 INFO  Load global settings (done) | time=1023ms
17:08:33.700 INFO  Server id: 1BD809FA-AWHW8ct9-T_TB3XqouNu
17:08:33.996 INFO  Loading required plugins
17:08:33.997 INFO  Load plugins index
17:08:34.184 INFO  Load plugins index (done) | time=188ms
17:08:34.186 INFO  Load/download plugins
17:08:34.276 INFO  Load/download plugins (done) | time=90ms
17:08:34.524 INFO  Loaded core extensions: sca, a3s, architecture
17:08:34.799 INFO  Process project properties
17:08:34.829 INFO  Project key: smallklauss_hdfs:HDFS-16241
17:08:34.830 INFO  Base dir: /home/runner/work/sonar-analysis/sonar-analysis/project
17:08:34.830 INFO  Working dir: /home/runner/work/sonar-analysis/sonar-analysis/project/.scannerwork
17:08:34.840 INFO  Load project settings for component key: 'smallklauss_hdfs:HDFS-16241'
17:08:35.038 ERROR Not authorized or project not found. Please check the 'SONAR_TOKEN' environment variable, the 'sonar.projectKey' and 'sonar.organization' properties, or contact the project administrator to verify the token's permissions.
17:08:35.365 INFO  EXECUTION FAILURE
17:08:35.366 INFO  Total time: 10.370s
