16:18:49.210 INFO  Scanner configuration file: /home/runner/work/sonar-analysis/sonar-analysis/sonar-scanner-8.1.0.6389-linux-x64/conf/sonar-scanner.properties
16:18:49.213 INFO  Project root configuration file: /home/runner/work/sonar-analysis/sonar-analysis/project/sonar-project.properties
16:18:49.228 INFO  SonarScanner CLI 8.1.0.6389
16:18:49.233 INFO  Linux 6.17.0-1018-azure amd64
16:18:51.894 INFO  Communicating with SonarQube Cloud
16:18:51.894 INFO  JRE provisioning: os[linux], arch[x86_64]
16:18:52.745 INFO  SONAR_SCANNER_JAVA_OPTS=-Xmx6656m -XX:+UseG1GC -XX:MaxMetaspaceSize=384m
16:18:53.006 INFO  Starting SonarScanner Engine...
16:18:53.008 INFO  Java 21.0.11 Eclipse Adoptium (64-bit)
16:18:55.926 INFO  Load global settings
16:18:56.794 INFO  Load global settings (done) | time=862ms
16:18:56.877 INFO  Server id: 1BD809FA-AWHW8ct9-T_TB3XqouNu
16:18:57.109 INFO  Loading required plugins
16:18:57.111 INFO  Load plugins index
16:18:57.395 INFO  Load plugins index (done) | time=284ms
16:18:57.396 INFO  Load/download plugins
16:18:57.464 INFO  Load/download plugins (done) | time=68ms
16:18:57.677 INFO  Loaded core extensions: sca, a3s, architecture
16:18:57.913 INFO  Process project properties
16:18:57.944 INFO  Project key: smallklauss_hdfs:HDFS-16348
16:18:57.944 INFO  Base dir: /home/runner/work/sonar-analysis/sonar-analysis/project
16:18:57.944 INFO  Working dir: /home/runner/work/sonar-analysis/sonar-analysis/project/.scannerwork
16:18:57.953 INFO  Load project settings for component key: 'smallklauss_hdfs:HDFS-16348'
16:18:58.122 ERROR Not authorized or project not found. Please check the 'SONAR_TOKEN' environment variable, the 'sonar.projectKey' and 'sonar.organization' properties, or contact the project administrator to verify the token's permissions.
16:18:58.443 INFO  EXECUTION FAILURE
16:18:58.444 INFO  Total time: 9.249s
