16:40:19.518 INFO  Scanner configuration file: /home/runner/work/sonar-analysis/sonar-analysis/sonar-scanner-8.1.0.6389-linux-x64/conf/sonar-scanner.properties
16:40:19.521 INFO  Project root configuration file: /home/runner/work/sonar-analysis/sonar-analysis/project/sonar-project.properties
16:40:19.534 INFO  SonarScanner CLI 8.1.0.6389
16:40:19.539 INFO  Linux 6.17.0-1018-azure amd64
16:40:22.109 INFO  Communicating with SonarQube Cloud
16:40:22.110 INFO  JRE provisioning: os[linux], arch[x86_64]
16:40:22.862 INFO  SONAR_SCANNER_JAVA_OPTS=-Xmx6656m -XX:+UseG1GC -XX:MaxMetaspaceSize=384m
16:40:23.073 INFO  Starting SonarScanner Engine...
16:40:23.073 INFO  Java 21.0.11 Eclipse Adoptium (64-bit)
16:40:25.885 INFO  Load global settings
16:40:26.622 INFO  Load global settings (done) | time=731ms
16:40:26.695 INFO  Server id: 1BD809FA-AWHW8ct9-T_TB3XqouNu
16:40:26.823 INFO  Loading required plugins
16:40:26.824 INFO  Load plugins index
16:40:26.966 INFO  Load plugins index (done) | time=142ms
16:40:26.967 INFO  Load/download plugins
16:40:27.026 INFO  Load/download plugins (done) | time=59ms
16:40:27.215 INFO  Loaded core extensions: sca, a3s, architecture
16:40:27.425 INFO  Process project properties
16:40:27.453 INFO  Project key: smallklauss_hdfs:HDFS-16331
16:40:27.453 INFO  Base dir: /home/runner/work/sonar-analysis/sonar-analysis/project
16:40:27.454 INFO  Working dir: /home/runner/work/sonar-analysis/sonar-analysis/project/.scannerwork
16:40:27.459 INFO  Load project settings for component key: 'smallklauss_hdfs:HDFS-16331'
16:40:27.610 ERROR Not authorized or project not found. Please check the 'SONAR_TOKEN' environment variable, the 'sonar.projectKey' and 'sonar.organization' properties, or contact the project administrator to verify the token's permissions.
16:40:27.934 INFO  EXECUTION FAILURE
16:40:27.935 INFO  Total time: 8.426s
