16:27:12.231 INFO  Scanner configuration file: /home/runner/work/sonar-analysis/sonar-analysis/sonar-scanner-8.1.0.6389-linux-x64/conf/sonar-scanner.properties
16:27:12.234 INFO  Project root configuration file: /home/runner/work/sonar-analysis/sonar-analysis/project/sonar-project.properties
16:27:12.250 INFO  SonarScanner CLI 8.1.0.6389
16:27:12.255 INFO  Linux 6.17.0-1018-azure amd64
16:27:15.277 INFO  Communicating with SonarQube Cloud
16:27:15.277 INFO  JRE provisioning: os[linux], arch[x86_64]
16:27:16.026 INFO  SONAR_SCANNER_JAVA_OPTS=-Xmx6656m -XX:+UseG1GC -XX:MaxMetaspaceSize=384m
16:27:16.339 INFO  Starting SonarScanner Engine...
16:27:16.340 INFO  Java 21.0.11 Eclipse Adoptium (64-bit)
16:27:19.617 INFO  Load global settings
16:27:20.375 INFO  Load global settings (done) | time=753ms
16:27:20.464 INFO  Server id: 1BD809FA-AWHW8ct9-T_TB3XqouNu
16:27:20.677 INFO  Loading required plugins
16:27:20.677 INFO  Load plugins index
16:27:20.801 INFO  Load plugins index (done) | time=124ms
16:27:20.802 INFO  Load/download plugins
16:27:20.859 INFO  Load/download plugins (done) | time=57ms
16:27:21.067 INFO  Loaded core extensions: sca, a3s, architecture
16:27:21.344 INFO  Process project properties
16:27:21.378 INFO  Project key: smallklauss_hdfs:HDFS-16459
16:27:21.378 INFO  Base dir: /home/runner/work/sonar-analysis/sonar-analysis/project
16:27:21.378 INFO  Working dir: /home/runner/work/sonar-analysis/sonar-analysis/project/.scannerwork
16:27:21.386 INFO  Load project settings for component key: 'smallklauss_hdfs:HDFS-16459'
16:27:21.521 ERROR Not authorized or project not found. Please check the 'SONAR_TOKEN' environment variable, the 'sonar.projectKey' and 'sonar.organization' properties, or contact the project administrator to verify the token's permissions.
16:27:21.847 INFO  EXECUTION FAILURE
16:27:21.847 INFO  Total time: 9.628s
