16:16:46.435 INFO  Scanner configuration file: /home/runner/work/sonar-analysis/sonar-analysis/sonar-scanner-8.1.0.6389-linux-x64/conf/sonar-scanner.properties
16:16:46.437 INFO  Project root configuration file: /home/runner/work/sonar-analysis/sonar-analysis/project/sonar-project.properties
16:16:46.456 INFO  SonarScanner CLI 8.1.0.6389
16:16:46.461 INFO  Linux 6.17.0-1018-azure amd64
16:16:49.399 INFO  Communicating with SonarQube Cloud
16:16:49.400 INFO  JRE provisioning: os[linux], arch[x86_64]
16:16:50.207 INFO  SONAR_SCANNER_JAVA_OPTS=-Xmx6656m -XX:+UseG1GC -XX:MaxMetaspaceSize=384m
16:16:50.480 INFO  Starting SonarScanner Engine...
16:16:50.480 INFO  Java 21.0.11 Eclipse Adoptium (64-bit)
16:16:53.800 INFO  Load global settings
16:16:54.486 INFO  Load global settings (done) | time=679ms
16:16:54.570 INFO  Server id: 1BD809FA-AWHW8ct9-T_TB3XqouNu
16:16:54.780 INFO  Loading required plugins
16:16:54.780 INFO  Load plugins index
16:16:54.903 INFO  Load plugins index (done) | time=122ms
16:16:54.906 INFO  Load/download plugins
16:16:54.962 INFO  Load/download plugins (done) | time=59ms
16:16:55.144 INFO  Loaded core extensions: sca, a3s, architecture
16:16:55.439 INFO  Process project properties
16:16:55.473 INFO  Project key: smallklauss_hdfs:HDFS-16396
16:16:55.473 INFO  Base dir: /home/runner/work/sonar-analysis/sonar-analysis/project
16:16:55.477 INFO  Working dir: /home/runner/work/sonar-analysis/sonar-analysis/project/.scannerwork
16:16:55.481 INFO  Load project settings for component key: 'smallklauss_hdfs:HDFS-16396'
16:16:55.621 ERROR Not authorized or project not found. Please check the 'SONAR_TOKEN' environment variable, the 'sonar.projectKey' and 'sonar.organization' properties, or contact the project administrator to verify the token's permissions.
16:16:55.945 INFO  EXECUTION FAILURE
16:16:55.945 INFO  Total time: 9.522s
