16:46:25.575 INFO  Scanner configuration file: /home/runner/work/sonar-analysis/sonar-analysis/sonar-scanner-8.1.0.6389-linux-x64/conf/sonar-scanner.properties
16:46:25.577 INFO  Project root configuration file: /home/runner/work/sonar-analysis/sonar-analysis/project/sonar-project.properties
16:46:25.593 INFO  SonarScanner CLI 8.1.0.6389
16:46:25.599 INFO  Linux 6.17.0-1018-azure amd64
16:46:28.641 INFO  Communicating with SonarQube Cloud
16:46:28.642 INFO  JRE provisioning: os[linux], arch[x86_64]
16:46:29.322 INFO  SONAR_SCANNER_JAVA_OPTS=-Xmx6656m -XX:+UseG1GC -XX:MaxMetaspaceSize=384m
16:46:29.616 INFO  Starting SonarScanner Engine...
16:46:29.616 INFO  Java 21.0.11 Eclipse Adoptium (64-bit)
16:46:33.009 INFO  Load global settings
16:46:33.549 INFO  Load global settings (done) | time=533ms
16:46:33.633 INFO  Server id: 1BD809FA-AWHW8ct9-T_TB3XqouNu
16:46:33.854 INFO  Loading required plugins
16:46:33.855 INFO  Load plugins index
16:46:33.984 INFO  Load plugins index (done) | time=129ms
16:46:33.988 INFO  Load/download plugins
16:46:34.080 INFO  Load/download plugins (done) | time=95ms
16:46:34.285 INFO  Loaded core extensions: sca, a3s, architecture
16:46:34.586 INFO  Process project properties
16:46:34.622 INFO  Project key: smallklauss_hdfs:HDFS-15785
16:46:34.624 INFO  Base dir: /home/runner/work/sonar-analysis/sonar-analysis/project
16:46:34.624 INFO  Working dir: /home/runner/work/sonar-analysis/sonar-analysis/project/.scannerwork
16:46:34.632 INFO  Load project settings for component key: 'smallklauss_hdfs:HDFS-15785'
16:46:34.693 ERROR Not authorized or project not found. Please check the 'SONAR_TOKEN' environment variable, the 'sonar.projectKey' and 'sonar.organization' properties, or contact the project administrator to verify the token's permissions.
16:46:35.020 INFO  EXECUTION FAILURE
16:46:35.021 INFO  Total time: 9.457s
