16:31:35.438 INFO  Scanner configuration file: /home/runner/work/sonar-analysis/sonar-analysis/sonar-scanner-8.1.0.6389-linux-x64/conf/sonar-scanner.properties
16:31:35.440 INFO  Project root configuration file: /home/runner/work/sonar-analysis/sonar-analysis/project/sonar-project.properties
16:31:35.453 INFO  SonarScanner CLI 8.1.0.6389
16:31:35.457 INFO  Linux 6.17.0-1018-azure amd64
16:31:37.925 INFO  Communicating with SonarQube Cloud
16:31:37.926 INFO  JRE provisioning: os[linux], arch[x86_64]
16:31:38.651 INFO  SONAR_SCANNER_JAVA_OPTS=-Xmx6656m -XX:+UseG1GC -XX:MaxMetaspaceSize=384m
16:31:38.855 INFO  Starting SonarScanner Engine...
16:31:38.855 INFO  Java 21.0.11 Eclipse Adoptium (64-bit)
16:31:41.634 INFO  Load global settings
16:31:42.394 INFO  Load global settings (done) | time=755ms
16:31:42.463 INFO  Server id: 1BD809FA-AWHW8ct9-T_TB3XqouNu
16:31:42.656 INFO  Loading required plugins
16:31:42.656 INFO  Load plugins index
16:31:42.800 INFO  Load plugins index (done) | time=145ms
16:31:42.801 INFO  Load/download plugins
16:31:42.859 INFO  Load/download plugins (done) | time=57ms
16:31:43.048 INFO  Loaded core extensions: sca, a3s, architecture
16:31:43.241 INFO  Process project properties
16:31:43.263 INFO  Project key: smallklauss_hdfs:HDFS-16320
16:31:43.264 INFO  Base dir: /home/runner/work/sonar-analysis/sonar-analysis/project
16:31:43.264 INFO  Working dir: /home/runner/work/sonar-analysis/sonar-analysis/project/.scannerwork
16:31:43.270 INFO  Load project settings for component key: 'smallklauss_hdfs:HDFS-16320'
16:31:43.421 ERROR Not authorized or project not found. Please check the 'SONAR_TOKEN' environment variable, the 'sonar.projectKey' and 'sonar.organization' properties, or contact the project administrator to verify the token's permissions.
16:31:43.747 INFO  EXECUTION FAILURE
16:31:43.748 INFO  Total time: 8.319s
