16:14:39.297 INFO  Scanner configuration file: /home/runner/work/sonar-analysis/sonar-analysis/sonar-scanner-8.1.0.6389-linux-x64/conf/sonar-scanner.properties
16:14:39.300 INFO  Project root configuration file: /home/runner/work/sonar-analysis/sonar-analysis/project/sonar-project.properties
16:14:39.311 INFO  SonarScanner CLI 8.1.0.6389
16:14:39.315 INFO  Linux 6.17.0-1018-azure amd64
16:14:41.869 INFO  Communicating with SonarQube Cloud
16:14:41.869 INFO  JRE provisioning: os[linux], arch[x86_64]
16:14:42.658 INFO  SONAR_SCANNER_JAVA_OPTS=-Xmx6656m -XX:+UseG1GC -XX:MaxMetaspaceSize=384m
16:14:42.863 INFO  Starting SonarScanner Engine...
16:14:42.863 INFO  Java 21.0.11 Eclipse Adoptium (64-bit)
16:14:45.667 INFO  Load global settings
16:14:46.484 INFO  Load global settings (done) | time=811ms
16:14:46.558 INFO  Server id: 1BD809FA-AWHW8ct9-T_TB3XqouNu
16:14:46.778 INFO  Loading required plugins
16:14:46.778 INFO  Load plugins index
16:14:46.926 INFO  Load plugins index (done) | time=147ms
16:14:46.927 INFO  Load/download plugins
16:14:46.992 INFO  Load/download plugins (done) | time=66ms
16:14:47.199 INFO  Loaded core extensions: sca, a3s, architecture
16:14:47.397 INFO  Process project properties
16:14:47.418 INFO  Project key: smallklauss_hdfs:HDFS-16286
16:14:47.419 INFO  Base dir: /home/runner/work/sonar-analysis/sonar-analysis/project
16:14:47.419 INFO  Working dir: /home/runner/work/sonar-analysis/sonar-analysis/project/.scannerwork
16:14:47.425 INFO  Load project settings for component key: 'smallklauss_hdfs:HDFS-16286'
16:14:47.583 ERROR Not authorized or project not found. Please check the 'SONAR_TOKEN' environment variable, the 'sonar.projectKey' and 'sonar.organization' properties, or contact the project administrator to verify the token's permissions.
16:14:47.907 INFO  EXECUTION FAILURE
16:14:47.908 INFO  Total time: 8.620s
