16:44:27.747 INFO  Scanner configuration file: /home/runner/work/sonar-analysis/sonar-analysis/sonar-scanner-8.1.0.6389-linux-x64/conf/sonar-scanner.properties
16:44:27.749 INFO  Project root configuration file: /home/runner/work/sonar-analysis/sonar-analysis/project/sonar-project.properties
16:44:27.765 INFO  SonarScanner CLI 8.1.0.6389
16:44:27.770 INFO  Linux 6.17.0-1018-azure amd64
16:44:30.757 INFO  Communicating with SonarQube Cloud
16:44:30.758 INFO  JRE provisioning: os[linux], arch[x86_64]
16:44:31.552 INFO  SONAR_SCANNER_JAVA_OPTS=-Xmx6656m -XX:+UseG1GC -XX:MaxMetaspaceSize=384m
16:44:31.844 INFO  Starting SonarScanner Engine...
16:44:31.844 INFO  Java 21.0.11 Eclipse Adoptium (64-bit)
16:44:35.113 INFO  Load global settings
16:44:35.733 INFO  Load global settings (done) | time=613ms
16:44:35.822 INFO  Server id: 1BD809FA-AWHW8ct9-T_TB3XqouNu
16:44:36.038 INFO  Loading required plugins
16:44:36.038 INFO  Load plugins index
16:44:36.179 INFO  Load plugins index (done) | time=140ms
16:44:36.180 INFO  Load/download plugins
16:44:36.255 INFO  Load/download plugins (done) | time=77ms
16:44:36.487 INFO  Loaded core extensions: sca, a3s, architecture
16:44:36.746 INFO  Process project properties
16:44:36.781 INFO  Project key: smallklauss_hdfs:HDFS-16048
16:44:36.781 INFO  Base dir: /home/runner/work/sonar-analysis/sonar-analysis/project
16:44:36.781 INFO  Working dir: /home/runner/work/sonar-analysis/sonar-analysis/project/.scannerwork
16:44:36.788 INFO  Load project settings for component key: 'smallklauss_hdfs:HDFS-16048'
16:44:36.934 ERROR Not authorized or project not found. Please check the 'SONAR_TOKEN' environment variable, the 'sonar.projectKey' and 'sonar.organization' properties, or contact the project administrator to verify the token's permissions.
16:44:37.258 INFO  EXECUTION FAILURE
16:44:37.258 INFO  Total time: 9.523s
