16:38:02.971 INFO  Scanner configuration file: /home/runner/work/sonar-analysis/sonar-analysis/sonar-scanner-8.1.0.6389-linux-x64/conf/sonar-scanner.properties
16:38:02.974 INFO  Project root configuration file: /home/runner/work/sonar-analysis/sonar-analysis/project/sonar-project.properties
16:38:02.989 INFO  SonarScanner CLI 8.1.0.6389
16:38:02.994 INFO  Linux 6.17.0-1018-azure amd64
16:38:06.049 INFO  Communicating with SonarQube Cloud
16:38:06.050 INFO  JRE provisioning: os[linux], arch[x86_64]
16:38:06.836 INFO  SONAR_SCANNER_JAVA_OPTS=-Xmx6656m -XX:+UseG1GC -XX:MaxMetaspaceSize=384m
16:38:07.114 INFO  Starting SonarScanner Engine...
16:38:07.115 INFO  Java 21.0.11 Eclipse Adoptium (64-bit)
16:38:10.428 INFO  Load global settings
16:38:11.122 INFO  Load global settings (done) | time=688ms
16:38:11.222 INFO  Server id: 1BD809FA-AWHW8ct9-T_TB3XqouNu
16:38:11.504 INFO  Loading required plugins
16:38:11.505 INFO  Load plugins index
16:38:11.698 INFO  Load plugins index (done) | time=192ms
16:38:11.701 INFO  Load/download plugins
16:38:11.776 INFO  Load/download plugins (done) | time=75ms
16:38:12.023 INFO  Loaded core extensions: sca, a3s, architecture
16:38:12.296 INFO  Process project properties
16:38:12.323 INFO  Project key: smallklauss_hdfs:HDFS-16197
16:38:12.323 INFO  Base dir: /home/runner/work/sonar-analysis/sonar-analysis/project
16:38:12.324 INFO  Working dir: /home/runner/work/sonar-analysis/sonar-analysis/project/.scannerwork
16:38:12.331 INFO  Load project settings for component key: 'smallklauss_hdfs:HDFS-16197'
16:38:12.386 ERROR Not authorized or project not found. Please check the 'SONAR_TOKEN' environment variable, the 'sonar.projectKey' and 'sonar.organization' properties, or contact the project administrator to verify the token's permissions.
16:38:12.714 INFO  EXECUTION FAILURE
16:38:12.715 INFO  Total time: 9.755s
