16:25:04.980 INFO  Scanner configuration file: /home/runner/work/sonar-analysis/sonar-analysis/sonar-scanner-8.1.0.6389-linux-x64/conf/sonar-scanner.properties
16:25:04.982 INFO  Project root configuration file: /home/runner/work/sonar-analysis/sonar-analysis/project/sonar-project.properties
16:25:04.999 INFO  SonarScanner CLI 8.1.0.6389
16:25:05.004 INFO  Linux 6.17.0-1018-azure amd64
16:25:08.056 INFO  Communicating with SonarQube Cloud
16:25:08.057 INFO  JRE provisioning: os[linux], arch[x86_64]
16:25:08.739 INFO  SONAR_SCANNER_JAVA_OPTS=-Xmx6656m -XX:+UseG1GC -XX:MaxMetaspaceSize=384m
16:25:09.005 INFO  Starting SonarScanner Engine...
16:25:09.005 INFO  Java 21.0.11 Eclipse Adoptium (64-bit)
16:25:12.337 INFO  Load global settings
16:25:12.887 INFO  Load global settings (done) | time=544ms
16:25:12.972 INFO  Server id: 1BD809FA-AWHW8ct9-T_TB3XqouNu
16:25:13.177 INFO  Loading required plugins
16:25:13.177 INFO  Load plugins index
16:25:13.310 INFO  Load plugins index (done) | time=133ms
16:25:13.310 INFO  Load/download plugins
16:25:13.400 INFO  Load/download plugins (done) | time=89ms
16:25:13.590 INFO  Loaded core extensions: sca, a3s, architecture
16:25:13.856 INFO  Process project properties
16:25:13.886 INFO  Project key: smallklauss_hdfs:HDFS-15877
16:25:13.886 INFO  Base dir: /home/runner/work/sonar-analysis/sonar-analysis/project
16:25:13.887 INFO  Working dir: /home/runner/work/sonar-analysis/sonar-analysis/project/.scannerwork
16:25:13.896 INFO  Load project settings for component key: 'smallklauss_hdfs:HDFS-15877'
16:25:14.038 ERROR Not authorized or project not found. Please check the 'SONAR_TOKEN' environment variable, the 'sonar.projectKey' and 'sonar.organization' properties, or contact the project administrator to verify the token's permissions.
16:25:14.365 INFO  EXECUTION FAILURE
16:25:14.366 INFO  Total time: 9.397s
