17:08:07.296 INFO  Scanner configuration file: /home/runner/work/sonar-analysis/sonar-analysis/sonar-scanner-8.1.0.6389-linux-x64/conf/sonar-scanner.properties
17:08:07.299 INFO  Project root configuration file: /home/runner/work/sonar-analysis/sonar-analysis/project/sonar-project.properties
17:08:07.316 INFO  SonarScanner CLI 8.1.0.6389
17:08:07.321 INFO  Linux 6.17.0-1018-azure amd64
17:08:10.276 INFO  Communicating with SonarQube Cloud
17:08:10.277 INFO  JRE provisioning: os[linux], arch[x86_64]
17:08:11.032 INFO  SONAR_SCANNER_JAVA_OPTS=-Xmx6656m -XX:+UseG1GC -XX:MaxMetaspaceSize=384m
17:08:11.329 INFO  Starting SonarScanner Engine...
17:08:11.329 INFO  Java 21.0.11 Eclipse Adoptium (64-bit)
17:08:14.720 INFO  Load global settings
17:08:15.396 INFO  Load global settings (done) | time=670ms
17:08:15.484 INFO  Server id: 1BD809FA-AWHW8ct9-T_TB3XqouNu
17:08:15.699 INFO  Loading required plugins
17:08:15.699 INFO  Load plugins index
17:08:15.873 INFO  Load plugins index (done) | time=173ms
17:08:15.873 INFO  Load/download plugins
17:08:15.950 INFO  Load/download plugins (done) | time=76ms
17:08:16.218 INFO  Loaded core extensions: sca, a3s, architecture
17:08:16.487 INFO  Process project properties
17:08:16.520 INFO  Project key: smallklauss_hdfs:HDFS-16434
17:08:16.521 INFO  Base dir: /home/runner/work/sonar-analysis/sonar-analysis/project
17:08:16.521 INFO  Working dir: /home/runner/work/sonar-analysis/sonar-analysis/project/.scannerwork
17:08:16.529 INFO  Load project settings for component key: 'smallklauss_hdfs:HDFS-16434'
17:08:16.621 ERROR Not authorized or project not found. Please check the 'SONAR_TOKEN' environment variable, the 'sonar.projectKey' and 'sonar.organization' properties, or contact the project administrator to verify the token's permissions.
17:08:16.948 INFO  EXECUTION FAILURE
17:08:16.949 INFO  Total time: 9.663s
