16:34:48.034 INFO  Scanner configuration file: /home/runner/work/sonar-analysis/sonar-analysis/sonar-scanner-8.1.0.6389-linux-x64/conf/sonar-scanner.properties
16:34:48.037 INFO  Project root configuration file: /home/runner/work/sonar-analysis/sonar-analysis/project/sonar-project.properties
16:34:48.052 INFO  SonarScanner CLI 8.1.0.6389
16:34:48.058 INFO  Linux 6.17.0-1018-azure amd64
16:34:51.111 INFO  Communicating with SonarQube Cloud
16:34:51.111 INFO  JRE provisioning: os[linux], arch[x86_64]
16:34:51.906 INFO  SONAR_SCANNER_JAVA_OPTS=-Xmx6656m -XX:+UseG1GC -XX:MaxMetaspaceSize=384m
16:34:52.169 INFO  Starting SonarScanner Engine...
16:34:52.169 INFO  Java 21.0.11 Eclipse Adoptium (64-bit)
16:34:55.495 INFO  Load global settings
16:34:56.214 INFO  Load global settings (done) | time=712ms
16:34:56.311 INFO  Server id: 1BD809FA-AWHW8ct9-T_TB3XqouNu
16:34:56.518 INFO  Loading required plugins
16:34:56.518 INFO  Load plugins index
16:34:56.645 INFO  Load plugins index (done) | time=127ms
16:34:56.646 INFO  Load/download plugins
16:34:56.737 INFO  Load/download plugins (done) | time=90ms
16:34:56.933 INFO  Loaded core extensions: sca, a3s, architecture
16:34:57.200 INFO  Process project properties
16:34:57.233 INFO  Project key: smallklauss_hdfs:HDFS-15757
16:34:57.234 INFO  Base dir: /home/runner/work/sonar-analysis/sonar-analysis/project
16:34:57.234 INFO  Working dir: /home/runner/work/sonar-analysis/sonar-analysis/project/.scannerwork
16:34:57.239 INFO  Load project settings for component key: 'smallklauss_hdfs:HDFS-15757'
16:34:57.380 ERROR Not authorized or project not found. Please check the 'SONAR_TOKEN' environment variable, the 'sonar.projectKey' and 'sonar.organization' properties, or contact the project administrator to verify the token's permissions.
16:34:57.706 INFO  EXECUTION FAILURE
16:34:57.707 INFO  Total time: 9.683s
