16:47:57.799 INFO  Scanner configuration file: /home/runner/work/sonar-analysis/sonar-analysis/sonar-scanner-8.1.0.6389-linux-x64/conf/sonar-scanner.properties
16:47:57.802 INFO  Project root configuration file: /home/runner/work/sonar-analysis/sonar-analysis/project/sonar-project.properties
16:47:57.820 INFO  SonarScanner CLI 8.1.0.6389
16:47:57.826 INFO  Linux 6.17.0-1018-azure amd64
16:48:00.835 INFO  Communicating with SonarQube Cloud
16:48:00.835 INFO  JRE provisioning: os[linux], arch[x86_64]
16:48:01.730 INFO  SONAR_SCANNER_JAVA_OPTS=-Xmx6656m -XX:+UseG1GC -XX:MaxMetaspaceSize=384m
16:48:01.995 INFO  Starting SonarScanner Engine...
16:48:01.995 INFO  Java 21.0.11 Eclipse Adoptium (64-bit)
16:48:05.300 INFO  Load global settings
16:48:05.949 INFO  Load global settings (done) | time=643ms
16:48:06.046 INFO  Server id: 1BD809FA-AWHW8ct9-T_TB3XqouNu
16:48:06.392 INFO  Loading required plugins
16:48:06.392 INFO  Load plugins index
16:48:06.525 INFO  Load plugins index (done) | time=133ms
16:48:06.526 INFO  Load/download plugins
16:48:06.598 INFO  Load/download plugins (done) | time=72ms
16:48:06.787 INFO  Loaded core extensions: sca, a3s, architecture
16:48:07.050 INFO  Process project properties
16:48:07.077 INFO  Project key: smallklauss_hdfs:HDFS-16397
16:48:07.077 INFO  Base dir: /home/runner/work/sonar-analysis/sonar-analysis/project
16:48:07.077 INFO  Working dir: /home/runner/work/sonar-analysis/sonar-analysis/project/.scannerwork
16:48:07.086 INFO  Load project settings for component key: 'smallklauss_hdfs:HDFS-16397'
16:48:07.232 ERROR Not authorized or project not found. Please check the 'SONAR_TOKEN' environment variable, the 'sonar.projectKey' and 'sonar.organization' properties, or contact the project administrator to verify the token's permissions.
16:48:07.558 INFO  EXECUTION FAILURE
16:48:07.558 INFO  Total time: 9.770s
