17:03:59.633 INFO  Scanner configuration file: /home/runner/work/sonar-analysis/sonar-analysis/sonar-scanner-8.1.0.6389-linux-x64/conf/sonar-scanner.properties
17:03:59.637 INFO  Project root configuration file: /home/runner/work/sonar-analysis/sonar-analysis/project/sonar-project.properties
17:03:59.654 INFO  SonarScanner CLI 8.1.0.6389
17:03:59.660 INFO  Linux 6.17.0-1018-azure amd64
17:04:02.730 INFO  Communicating with SonarQube Cloud
17:04:02.731 INFO  JRE provisioning: os[linux], arch[x86_64]
17:04:03.393 INFO  SONAR_SCANNER_JAVA_OPTS=-Xmx6656m -XX:+UseG1GC -XX:MaxMetaspaceSize=384m
17:04:03.674 INFO  Starting SonarScanner Engine...
17:04:03.674 INFO  Java 21.0.11 Eclipse Adoptium (64-bit)
17:04:07.056 INFO  Load global settings
17:04:07.819 INFO  Load global settings (done) | time=757ms
17:04:07.904 INFO  Server id: 1BD809FA-AWHW8ct9-T_TB3XqouNu
17:04:08.116 INFO  Loading required plugins
17:04:08.117 INFO  Load plugins index
17:04:08.246 INFO  Load plugins index (done) | time=128ms
17:04:08.246 INFO  Load/download plugins
17:04:08.320 INFO  Load/download plugins (done) | time=74ms
17:04:08.518 INFO  Loaded core extensions: sca, a3s, architecture
17:04:08.814 INFO  Process project properties
17:04:08.847 INFO  Project key: smallklauss_hdfs:HDFS-16082
17:04:08.847 INFO  Base dir: /home/runner/work/sonar-analysis/sonar-analysis/project
17:04:08.848 INFO  Working dir: /home/runner/work/sonar-analysis/sonar-analysis/project/.scannerwork
17:04:08.855 INFO  Load project settings for component key: 'smallklauss_hdfs:HDFS-16082'
17:04:08.999 ERROR Not authorized or project not found. Please check the 'SONAR_TOKEN' environment variable, the 'sonar.projectKey' and 'sonar.organization' properties, or contact the project administrator to verify the token's permissions.
17:04:09.326 INFO  EXECUTION FAILURE
17:04:09.327 INFO  Total time: 9.709s
