[WARNING] 
[WARNING] Some problems were encountered while building the effective settings
[WARNING] 'profiles.profile[repos].repositories.repository.id' must be unique but found duplicate repository with id mapr-public @ /home/runner/.m2/settings.xml
[WARNING] 'profiles.profile[repos].repositories.repository.id' must be unique but found duplicate repository with id apache-snapshots @ /home/runner/.m2/settings.xml
[WARNING] 
[INFO] Scanning for projects...
[INFO] ------------------------------------------------------------------------
[INFO] Detecting the operating system and CPU architecture
[INFO] ------------------------------------------------------------------------
[INFO] os.detected.name: linux
[INFO] os.detected.arch: x86_64
[INFO] os.detected.bitness: 64
[INFO] os.detected.version: 6.17
[INFO] os.detected.version.major: 6
[INFO] os.detected.version.minor: 17
[INFO] os.detected.release: ubuntu
[INFO] os.detected.release.version: 24.04
[INFO] os.detected.release.like.ubuntu: true
[INFO] os.detected.release.like.debian: true
[INFO] os.detected.classifier: linux-x86_64
[INFO] ------------------------------------------------------------------------
[INFO] Reactor Build Order:
[INFO] 
[INFO] Apache Hadoop Main                                                 [pom]
[INFO] Apache Hadoop Build Tools                                          [jar]
[INFO] Apache Hadoop Project POM                                          [pom]
[INFO] Apache Hadoop Annotations                                          [jar]
[INFO] Apache Hadoop Project Dist POM                                     [pom]
[INFO] Apache Hadoop Assemblies                                           [jar]
[INFO] Apache Hadoop Maven Plugins                               [maven-plugin]
[INFO] Apache Hadoop MiniKDC                                              [jar]
[INFO] Apache Hadoop Auth                                                 [jar]
[INFO] Apache Hadoop Auth Examples                                        [war]
[INFO] Apache Hadoop Common                                               [jar]
[INFO] Apache Hadoop NFS                                                  [jar]
[INFO] Apache Hadoop KMS                                                  [jar]
[INFO] Apache Hadoop Registry                                             [jar]
[INFO] Apache Hadoop Common Project                                       [pom]
[INFO] Apache Hadoop HDFS Client                                          [jar]
[INFO] Apache Hadoop HDFS                                                 [jar]
[INFO] Apache Hadoop HDFS Native Client                                   [jar]
[INFO] Apache Hadoop HttpFS                                               [jar]
[INFO] Apache Hadoop HDFS-NFS                                             [jar]
[INFO] Apache Hadoop YARN                                                 [pom]
[INFO] Apache Hadoop YARN API                                             [jar]
[INFO] Apache Hadoop YARN Common                                          [jar]
[INFO] Apache Hadoop YARN Server                                          [pom]
[INFO] Apache Hadoop YARN Server Common                                   [jar]
[INFO] Apache Hadoop YARN ApplicationHistoryService                       [jar]
[INFO] Apache Hadoop YARN Timeline Service                                [jar]
[INFO] Apache Hadoop YARN Web Proxy                                       [jar]
[INFO] Apache Hadoop YARN ResourceManager                                 [jar]
[INFO] Apache Hadoop YARN NodeManager                                     [jar]
[INFO] Apache Hadoop YARN Server Tests                                    [jar]
[INFO] Apache Hadoop YARN Client                                          [jar]
[INFO] Apache Hadoop MapReduce Client                                     [pom]
[INFO] Apache Hadoop MapReduce Core                                       [jar]
[INFO] Apache Hadoop MapReduce Common                                     [jar]
[INFO] Apache Hadoop MapReduce Shuffle                                    [jar]
[INFO] Apache Hadoop MapReduce App                                        [jar]
[INFO] Apache Hadoop MapReduce HistoryServer                              [jar]
[INFO] Apache Hadoop MapReduce JobClient                                  [jar]
[INFO] Apache Hadoop Distributed Copy                                     [jar]
[INFO] Apache Hadoop Mini-Cluster                                         [jar]
[INFO] Apache Hadoop Federation Balance                                   [jar]
[INFO] Apache Hadoop HDFS-RBF                                             [jar]
[INFO] Apache Hadoop HDFS Project                                         [pom]
[INFO] Apache Hadoop YARN SharedCacheManager                              [jar]
[INFO] Apache Hadoop YARN Timeline Plugin Storage                         [jar]
[INFO] Apache Hadoop YARN TimelineService HBase Backend                   [pom]
[INFO] Apache Hadoop YARN TimelineService HBase Common                    [jar]
[INFO] Apache Hadoop YARN TimelineService HBase Client                    [jar]
[INFO] Apache Hadoop YARN TimelineService HBase Servers                   [pom]
[INFO] Apache Hadoop YARN TimelineService HBase Server 2.5                [jar]
[INFO] Apache Hadoop YARN TimelineService HBase tests                     [jar]
[INFO] Apache Hadoop YARN Router                                          [jar]
[INFO] Apache Hadoop YARN TimelineService DocumentStore                   [jar]
[INFO] Apache Hadoop YARN GlobalPolicyGenerator                           [jar]
[INFO] Apache Hadoop YARN Applications                                    [pom]
[INFO] Apache Hadoop YARN DistributedShell                                [jar]
[INFO] Apache Hadoop YARN Unmanaged Am Launcher                           [jar]
[INFO] Apache Hadoop YARN Services                                        [pom]
[INFO] Apache Hadoop YARN Services Core                                   [jar]
[INFO] Apache Hadoop YARN Services API                                    [jar]
[INFO] Apache Hadoop YARN Application Catalog                             [pom]
[INFO] Apache Hadoop YARN Application Catalog Webapp                      [war]
[INFO] Apache Hadoop YARN Application Catalog Docker Image                [pom]
[INFO] Apache Hadoop YARN Application MaWo                                [pom]
[INFO] Apache Hadoop YARN Application MaWo Core                           [jar]
[INFO] Apache Hadoop YARN Site                                            [pom]
[INFO] Apache Hadoop YARN Registry                                        [jar]
[INFO] Apache Hadoop YARN UI                                              [pom]
[INFO] Apache Hadoop YARN CSI                                             [jar]
[INFO] Apache Hadoop YARN Project                                         [pom]
[INFO] Apache Hadoop MapReduce HistoryServer Plugins                      [jar]
[INFO] Apache Hadoop MapReduce NativeTask                                 [jar]
[INFO] Apache Hadoop MapReduce Uploader                                   [jar]
[INFO] Apache Hadoop MapReduce Examples                                   [jar]
[INFO] Apache Hadoop MapReduce                                            [pom]
[INFO] Apache Hadoop MapReduce Streaming                                  [jar]
[INFO] Apache Hadoop Client Aggregator                                    [jar]
[INFO] Apache Hadoop Dynamometer Workload Simulator                       [jar]
[INFO] Apache Hadoop Dynamometer Cluster Simulator                        [jar]
[INFO] Apache Hadoop Dynamometer Block Listing Generator                  [jar]
[INFO] Apache Hadoop Dynamometer Dist                                     [jar]
[INFO] Apache Hadoop Dynamometer                                          [pom]
[INFO] Apache Hadoop Archives                                             [jar]
[INFO] Apache Hadoop Archive Logs                                         [jar]
[INFO] Apache Hadoop Rumen                                                [jar]
[INFO] Apache Hadoop Gridmix                                              [jar]
[INFO] Apache Hadoop Data Join                                            [jar]
[INFO] Apache Hadoop Extras                                               [jar]
[INFO] Apache Hadoop Pipes                                                [pom]
[INFO] Apache Hadoop Amazon Web Services support                          [jar]
[INFO] Apache Hadoop Kafka Library support                                [jar]
[INFO] Apache Hadoop Azure support                                        [jar]
[INFO] Apache Hadoop Aliyun OSS support                                   [jar]
[INFO] Apache Hadoop Scheduler Load Simulator                             [jar]
[INFO] Apache Hadoop Resource Estimator Service                           [jar]
[INFO] Apache Hadoop Azure Data Lake support                              [jar]
[INFO] Apache Hadoop Image Generation Tool                                [jar]
[INFO] Apache Hadoop Tools Dist                                           [jar]
[INFO] Apache Hadoop OpenStack support                                    [jar]
[INFO] Apache Hadoop Common Benchmark                                     [jar]
[INFO] Apache Hadoop Compatibility Benchmark                              [jar]
[INFO] Apache Hadoop Tools                                                [pom]
[INFO] Apache Hadoop Client API                                           [jar]
[INFO] Apache Hadoop Client Runtime                                       [jar]
[INFO] Apache Hadoop Client Packaging Invariants                          [pom]
[INFO] Apache Hadoop Client Test Minicluster                              [jar]
[INFO] Apache Hadoop Client Packaging Invariants for Test                 [pom]
[INFO] Apache Hadoop Client Packaging Integration Tests                   [jar]
[INFO] Apache Hadoop Distribution                                         [jar]
[INFO] Apache Hadoop Client Modules                                       [pom]
[INFO] Apache Hadoop Tencent COS Support                                  [jar]
[INFO] Apache Hadoop OBS support                                          [jar]
[INFO] Apache Hadoop Cloud Storage                                        [jar]
[INFO] Apache Hadoop Cloud Storage Project                                [pom]
[INFO] 
[INFO] -------------------< org.apache.hadoop:hadoop-main >--------------------
[INFO] Building Apache Hadoop Main 3.5.0-SNAPSHOT                       [1/115]
[INFO]   from pom.xml
[INFO] --------------------------------[ pom ]---------------------------------
[INFO] 
[INFO] --- enforcer:3.5.0:enforce (clean) @ hadoop-main ---
[INFO] Artifact org.apache:apache:pom:30 is present in the local repository, but cached from a remote repository ID that is unavailable in current build context, verifying that is downloadable from [central (https://repo.maven.apache.org/maven2, default, releases), apache.snapshots (https://repository.apache.org/snapshots, default, snapshots)]
[INFO] Artifact org.apache:apache:pom:30 is present in the local repository, but cached from a remote repository ID that is unavailable in current build context, verifying that is downloadable from [central (https://repo.maven.apache.org/maven2, default, releases), apache.snapshots (https://repository.apache.org/snapshots, default, snapshots)]
[INFO] Artifact commons-io:commons-io:jar:2.16.1 is present in the local repository, but cached from a remote repository ID that is unavailable in current build context, verifying that is downloadable from [central (https://repo.maven.apache.org/maven2, default, releases), apache.snapshots (https://repository.apache.org/snapshots, default, snapshots)]
[INFO] Artifact commons-io:commons-io:jar:2.16.1 is present in the local repository, but cached from a remote repository ID that is unavailable in current build context, verifying that is downloadable from [central (https://repo.maven.apache.org/maven2, default, releases), apache.snapshots (https://repository.apache.org/snapshots, default, snapshots)]
[INFO] Skipping Rule Enforcement.
[INFO] 
[INFO] --- clean:3.2.0:clean (default-clean) @ hadoop-main ---
[INFO] 
[INFO] --- enforcer:3.5.0:enforce (default) @ hadoop-main ---
[INFO] Skipping Rule Enforcement.
[INFO] 
[INFO] --- enforcer:3.5.0:enforce (enforce-property) @ hadoop-main ---
[INFO] Skipping Rule Enforcement.
[INFO] 
[INFO] --- enforcer:3.5.0:enforce (banned-illegal-imports) @ hadoop-main ---
[INFO] Skipping Rule Enforcement.
[INFO] 
[INFO] --- site:3.9.1:attach-descriptor (attach-descriptor) @ hadoop-main ---
[INFO] No site descriptor found: nothing to attach.
[INFO] 
[INFO] --- install:3.1.4:install (default-install) @ hadoop-main ---
[INFO] Installing /home/runner/work/sonar-analysis/sonar-analysis/project/pom.xml to /home/runner/.m2/repository/org/apache/hadoop/hadoop-main/3.5.0-SNAPSHOT/hadoop-main-3.5.0-SNAPSHOT.pom
[INFO] 
[INFO] ----------------< org.apache.hadoop:hadoop-build-tools >----------------
[INFO] Building Apache Hadoop Build Tools 3.5.0-SNAPSHOT                [2/115]
[INFO]   from hadoop-build-tools/pom.xml
[INFO] --------------------------------[ jar ]---------------------------------
[INFO] 
[INFO] --- clean:3.2.0:clean (default-clean) @ hadoop-build-tools ---
[INFO] Deleting /home/runner/work/sonar-analysis/sonar-analysis/project/hadoop-build-tools/target
[INFO] 
[INFO] --- resources:3.0.1:copy-resources (copy-resources) @ hadoop-build-tools ---
[INFO] Using 'UTF-8' encoding to copy filtered resources.
[INFO] Copying 2 resources
[INFO] 
[INFO] --- antrun:1.7:run (dummy) @ hadoop-build-tools ---
[INFO] No ant target defined - SKIPPED
[INFO] 
[INFO] --- enforcer:3.5.0:enforce (banned-illegal-imports) @ hadoop-build-tools ---
[INFO] Skipping Rule Enforcement.
[INFO] 
[INFO] --- resources:3.0.1:resources (default-resources) @ hadoop-build-tools ---
[INFO] Using 'UTF-8' encoding to copy filtered resources.
[INFO] Copying 2 resources to META-INF
[INFO] Copying 3 resources
[INFO] 
[INFO] --- remote-resources:1.5:bundle (default) @ hadoop-build-tools ---
[INFO] 
[INFO] --- compiler:3.10.1:compile (default-compile) @ hadoop-build-tools ---
[INFO] No sources to compile
[INFO] 
[INFO] --- resources:3.0.1:testResources (default-testResources) @ hadoop-build-tools ---
[INFO] Using 'UTF-8' encoding to copy filtered resources.
[INFO] skip non existing resourceDirectory /home/runner/work/sonar-analysis/sonar-analysis/project/hadoop-build-tools/src/test/resources
[INFO] 
[INFO] --- compiler:3.10.1:testCompile (default-testCompile) @ hadoop-build-tools ---
[INFO] No sources to compile
[INFO] 
[INFO] --- surefire:3.5.4:test (default-test) @ hadoop-build-tools ---
[INFO] Tests are skipped.
[INFO] 
[INFO] --- jar:3.5.0:jar (default-jar) @ hadoop-build-tools ---
[INFO] Building jar: /home/runner/work/sonar-analysis/sonar-analysis/project/hadoop-build-tools/target/hadoop-build-tools-3.5.0-SNAPSHOT.jar
[INFO] 
[INFO] --- site:3.9.1:attach-descriptor (attach-descriptor) @ hadoop-build-tools ---
[INFO] Skipping because packaging 'jar' is not pom.
[INFO] 
[INFO] --- install:3.1.4:install (default-install) @ hadoop-build-tools ---
[INFO] Installing /home/runner/work/sonar-analysis/sonar-analysis/project/hadoop-build-tools/pom.xml to /home/runner/.m2/repository/org/apache/hadoop/hadoop-build-tools/3.5.0-SNAPSHOT/hadoop-build-tools-3.5.0-SNAPSHOT.pom
[INFO] Installing /home/runner/work/sonar-analysis/sonar-analysis/project/hadoop-build-tools/target/hadoop-build-tools-3.5.0-SNAPSHOT.jar to /home/runner/.m2/repository/org/apache/hadoop/hadoop-build-tools/3.5.0-SNAPSHOT/hadoop-build-tools-3.5.0-SNAPSHOT.jar
[INFO] 
[INFO] ------------------< org.apache.hadoop:hadoop-project >------------------
[INFO] Building Apache Hadoop Project POM 3.5.0-SNAPSHOT                [3/115]
[INFO]   from hadoop-project/pom.xml
[INFO] --------------------------------[ pom ]---------------------------------
[INFO] 
[INFO] --- clean:3.1.0:clean (default-clean) @ hadoop-project ---
[INFO] Deleting /home/runner/work/sonar-analysis/sonar-analysis/project/hadoop-project/target
[INFO] Deleting /home/runner/work/sonar-analysis/sonar-analysis/project/hadoop-project (includes = [dependency-reduced-pom.xml], excludes = [])
[INFO] 
[INFO] --- antrun:1.7:run (create-testdirs) @ hadoop-project ---
[INFO] Executing tasks

main:
    [mkdir] Created dir: /home/runner/work/sonar-analysis/sonar-analysis/project/hadoop-project/target/test-dir
[INFO] Executed tasks
[INFO] 
[INFO] --- replacer:1.5.3:replace (replace-generated-sources) @ hadoop-project ---
[INFO] Skipping
[INFO] 
[INFO] --- replacer:1.5.3:replace (replace-sources) @ hadoop-project ---
[INFO] Skipping
[INFO] 
[INFO] --- enforcer:3.5.0:enforce (banned-illegal-imports) @ hadoop-project ---
[INFO] Skipping Rule Enforcement.
[INFO] 
[INFO] --- remote-resources:1.5:process (default) @ hadoop-project ---
[INFO] 
[INFO] --- replacer:1.5.3:replace (replace-test-sources) @ hadoop-project ---
[INFO] Skipping
[INFO] 
[INFO] --- replacer:1.5.3:replace (replace-generated-test-sources) @ hadoop-project ---
[INFO] Skipping
[INFO] 
[INFO] --- site:3.9.1:attach-descriptor (attach-descriptor) @ hadoop-project ---
[INFO] Attaching 'src/site/site.xml' site descriptor with classifier 'site'.
[INFO] 
[INFO] --- enforcer:3.5.0:enforce (depcheck) @ hadoop-project ---
[INFO] Skipping Rule Enforcement.
[INFO] 
[INFO] --- install:2.5.1:install (default-install) @ hadoop-project ---
[INFO] Installing /home/runner/work/sonar-analysis/sonar-analysis/project/hadoop-project/pom.xml to /home/runner/.m2/repository/org/apache/hadoop/hadoop-project/3.5.0-SNAPSHOT/hadoop-project-3.5.0-SNAPSHOT.pom
[INFO] Installing /home/runner/work/sonar-analysis/sonar-analysis/project/hadoop-project/target/hadoop-project-3.5.0-SNAPSHOT-site.xml to /home/runner/.m2/repository/org/apache/hadoop/hadoop-project/3.5.0-SNAPSHOT/hadoop-project-3.5.0-SNAPSHOT-site.xml
[INFO] 
[INFO] ----------------< org.apache.hadoop:hadoop-annotations >----------------
[INFO] Building Apache Hadoop Annotations 3.5.0-SNAPSHOT                [4/115]
[INFO]   from hadoop-common-project/hadoop-annotations/pom.xml
[INFO] --------------------------------[ jar ]---------------------------------
[INFO] 
[INFO] --- clean:3.1.0:clean (default-clean) @ hadoop-annotations ---
[INFO] Deleting /home/runner/work/sonar-analysis/sonar-analysis/project/hadoop-common-project/hadoop-annotations/target
[INFO] Deleting /home/runner/work/sonar-analysis/sonar-analysis/project/hadoop-common-project/hadoop-annotations (includes = [dependency-reduced-pom.xml], excludes = [])
[INFO] 
[INFO] --- antrun:1.7:run (create-testdirs) @ hadoop-annotations ---
[INFO] Executing tasks

main:
    [mkdir] Created dir: /home/runner/work/sonar-analysis/sonar-analysis/project/hadoop-common-project/hadoop-annotations/target/test-dir
[INFO] Executed tasks
[INFO] 
[INFO] --- replacer:1.5.3:replace (replace-generated-sources) @ hadoop-annotations ---
[INFO] Skipping
[INFO] 
[INFO] --- replacer:1.5.3:replace (replace-sources) @ hadoop-annotations ---
[INFO] Skipping
[INFO] 
[INFO] --- enforcer:3.5.0:enforce (banned-illegal-imports) @ hadoop-annotations ---
[INFO] Skipping Rule Enforcement.
[INFO] 
[INFO] --- remote-resources:1.5:process (default) @ hadoop-annotations ---
[INFO] 
[INFO] --- resources:2.6:resources (default-resources) @ hadoop-annotations ---
[INFO] Using 'UTF-8' encoding to copy filtered resources.
[INFO] skip non existing resourceDirectory /home/runner/work/sonar-analysis/sonar-analysis/project/hadoop-common-project/hadoop-annotations/src/main/resources
[INFO] Copying 2 resources
[INFO] 
[INFO] --- compiler:3.10.1:compile (default-compile) @ hadoop-annotations ---
[INFO] Compiling 3 source files to /home/runner/work/sonar-analysis/sonar-analysis/project/hadoop-common-project/hadoop-annotations/target/classes
[INFO] ------------------------------------------------------------------------
[INFO] Reactor Summary for Apache Hadoop Main 3.5.0-SNAPSHOT:
[INFO] 
[INFO] Apache Hadoop Main ................................. SUCCESS [  2.061 s]
[INFO] Apache Hadoop Build Tools .......................... SUCCESS [  1.479 s]
[INFO] Apache Hadoop Project POM .......................... SUCCESS [  0.878 s]
[INFO] Apache Hadoop Annotations .......................... FAILURE [  0.286 s]
[INFO] Apache Hadoop Project Dist POM ..................... SKIPPED
[INFO] Apache Hadoop Assemblies ........................... SKIPPED
[INFO] Apache Hadoop Maven Plugins ........................ SKIPPED
[INFO] Apache Hadoop MiniKDC .............................. SKIPPED
[INFO] Apache Hadoop Auth ................................. SKIPPED
[INFO] Apache Hadoop Auth Examples ........................ SKIPPED
[INFO] Apache Hadoop Common ............................... SKIPPED
[INFO] Apache Hadoop NFS .................................. SKIPPED
[INFO] Apache Hadoop KMS .................................. SKIPPED
[INFO] Apache Hadoop Registry ............................. SKIPPED
[INFO] Apache Hadoop Common Project ....................... SKIPPED
[INFO] Apache Hadoop HDFS Client .......................... SKIPPED
[INFO] Apache Hadoop HDFS ................................. SKIPPED
[INFO] Apache Hadoop HDFS Native Client ................... SKIPPED
[INFO] Apache Hadoop HttpFS ............................... SKIPPED
[INFO] Apache Hadoop HDFS-NFS ............................. SKIPPED
[INFO] Apache Hadoop YARN ................................. SKIPPED
[INFO] Apache Hadoop YARN API ............................. SKIPPED
[INFO] Apache Hadoop YARN Common .......................... SKIPPED
[INFO] Apache Hadoop YARN Server .......................... SKIPPED
[INFO] Apache Hadoop YARN Server Common ................... SKIPPED
[INFO] Apache Hadoop YARN ApplicationHistoryService ....... SKIPPED
[INFO] Apache Hadoop YARN Timeline Service ................ SKIPPED
[INFO] Apache Hadoop YARN Web Proxy ....................... SKIPPED
[INFO] Apache Hadoop YARN ResourceManager ................. SKIPPED
[INFO] Apache Hadoop YARN NodeManager ..................... SKIPPED
[INFO] Apache Hadoop YARN Server Tests .................... SKIPPED
[INFO] Apache Hadoop YARN Client .......................... SKIPPED
[INFO] Apache Hadoop MapReduce Client ..................... SKIPPED
[INFO] Apache Hadoop MapReduce Core ....................... SKIPPED
[INFO] Apache Hadoop MapReduce Common ..................... SKIPPED
[INFO] Apache Hadoop MapReduce Shuffle .................... SKIPPED
[INFO] Apache Hadoop MapReduce App ........................ SKIPPED
[INFO] Apache Hadoop MapReduce HistoryServer .............. SKIPPED
[INFO] Apache Hadoop MapReduce JobClient .................. SKIPPED
[INFO] Apache Hadoop Distributed Copy ..................... SKIPPED
[INFO] Apache Hadoop Mini-Cluster ......................... SKIPPED
[INFO] Apache Hadoop Federation Balance ................... SKIPPED
[INFO] Apache Hadoop HDFS-RBF ............................. SKIPPED
[INFO] Apache Hadoop HDFS Project ......................... SKIPPED
[INFO] Apache Hadoop YARN SharedCacheManager .............. SKIPPED
[INFO] Apache Hadoop YARN Timeline Plugin Storage ......... SKIPPED
[INFO] Apache Hadoop YARN TimelineService HBase Backend ... SKIPPED
[INFO] Apache Hadoop YARN TimelineService HBase Common .... SKIPPED
[INFO] Apache Hadoop YARN TimelineService HBase Client .... SKIPPED
[INFO] Apache Hadoop YARN TimelineService HBase Servers ... SKIPPED
[INFO] Apache Hadoop YARN TimelineService HBase Server 2.5  SKIPPED
[INFO] Apache Hadoop YARN TimelineService HBase tests ..... SKIPPED
[INFO] Apache Hadoop YARN Router .......................... SKIPPED
[INFO] Apache Hadoop YARN TimelineService DocumentStore ... SKIPPED
[INFO] Apache Hadoop YARN GlobalPolicyGenerator ........... SKIPPED
[INFO] Apache Hadoop YARN Applications .................... SKIPPED
[INFO] Apache Hadoop YARN DistributedShell ................ SKIPPED
[INFO] Apache Hadoop YARN Unmanaged Am Launcher ........... SKIPPED
[INFO] Apache Hadoop YARN Services ........................ SKIPPED
[INFO] Apache Hadoop YARN Services Core ................... SKIPPED
[INFO] Apache Hadoop YARN Services API .................... SKIPPED
[INFO] Apache Hadoop YARN Application Catalog ............. SKIPPED
[INFO] Apache Hadoop YARN Application Catalog Webapp ...... SKIPPED
[INFO] Apache Hadoop YARN Application Catalog Docker Image  SKIPPED
[INFO] Apache Hadoop YARN Application MaWo ................ SKIPPED
[INFO] Apache Hadoop YARN Application MaWo Core ........... SKIPPED
[INFO] Apache Hadoop YARN Site ............................ SKIPPED
[INFO] Apache Hadoop YARN Registry ........................ SKIPPED
[INFO] Apache Hadoop YARN UI .............................. SKIPPED
[INFO] Apache Hadoop YARN CSI ............................. SKIPPED
[INFO] Apache Hadoop YARN Project ......................... SKIPPED
[INFO] Apache Hadoop MapReduce HistoryServer Plugins ...... SKIPPED
[INFO] Apache Hadoop MapReduce NativeTask ................. SKIPPED
[INFO] Apache Hadoop MapReduce Uploader ................... SKIPPED
[INFO] Apache Hadoop MapReduce Examples ................... SKIPPED
[INFO] Apache Hadoop MapReduce ............................ SKIPPED
[INFO] Apache Hadoop MapReduce Streaming .................. SKIPPED
[INFO] Apache Hadoop Client Aggregator .................... SKIPPED
[INFO] Apache Hadoop Dynamometer Workload Simulator ....... SKIPPED
[INFO] Apache Hadoop Dynamometer Cluster Simulator ........ SKIPPED
[INFO] Apache Hadoop Dynamometer Block Listing Generator .. SKIPPED
[INFO] Apache Hadoop Dynamometer Dist ..................... SKIPPED
[INFO] Apache Hadoop Dynamometer .......................... SKIPPED
[INFO] Apache Hadoop Archives ............................. SKIPPED
[INFO] Apache Hadoop Archive Logs ......................... SKIPPED
[INFO] Apache Hadoop Rumen ................................ SKIPPED
[INFO] Apache Hadoop Gridmix .............................. SKIPPED
[INFO] Apache Hadoop Data Join ............................ SKIPPED
[INFO] Apache Hadoop Extras ............................... SKIPPED
[INFO] Apache Hadoop Pipes ................................ SKIPPED
[INFO] Apache Hadoop Amazon Web Services support .......... SKIPPED
[INFO] Apache Hadoop Kafka Library support ................ SKIPPED
[INFO] Apache Hadoop Azure support ........................ SKIPPED
[INFO] Apache Hadoop Aliyun OSS support ................... SKIPPED
[INFO] Apache Hadoop Scheduler Load Simulator ............. SKIPPED
[INFO] Apache Hadoop Resource Estimator Service ........... SKIPPED
[INFO] Apache Hadoop Azure Data Lake support .............. SKIPPED
[INFO] Apache Hadoop Image Generation Tool ................ SKIPPED
[INFO] Apache Hadoop Tools Dist ........................... SKIPPED
[INFO] Apache Hadoop OpenStack support .................... SKIPPED
[INFO] Apache Hadoop Common Benchmark ..................... SKIPPED
[INFO] Apache Hadoop Compatibility Benchmark .............. SKIPPED
[INFO] Apache Hadoop Tools ................................ SKIPPED
[INFO] Apache Hadoop Client API ........................... SKIPPED
[INFO] Apache Hadoop Client Runtime ....................... SKIPPED
[INFO] Apache Hadoop Client Packaging Invariants .......... SKIPPED
[INFO] Apache Hadoop Client Test Minicluster .............. SKIPPED
[INFO] Apache Hadoop Client Packaging Invariants for Test . SKIPPED
[INFO] Apache Hadoop Client Packaging Integration Tests ... SKIPPED
[INFO] Apache Hadoop Distribution ......................... SKIPPED
[INFO] Apache Hadoop Client Modules ....................... SKIPPED
[INFO] Apache Hadoop Tencent COS Support .................. SKIPPED
[INFO] Apache Hadoop OBS support .......................... SKIPPED
[INFO] Apache Hadoop Cloud Storage ........................ SKIPPED
[INFO] Apache Hadoop Cloud Storage Project ................ SKIPPED
[INFO] ------------------------------------------------------------------------
[INFO] BUILD FAILURE
[INFO] ------------------------------------------------------------------------
[INFO] Total time:  6.584 s
[INFO] Finished at: 2026-05-08T16:04:55Z
[INFO] ------------------------------------------------------------------------
[ERROR] Failed to execute goal org.apache.maven.plugins:maven-compiler-plugin:3.10.1:compile (default-compile) on project hadoop-annotations: Fatal error compiling: error: release version 1.8 not supported -> [Help 1]
[ERROR] 
[ERROR] To see the full stack trace of the errors, re-run Maven with the -e switch.
[ERROR] Re-run Maven using the -X switch to enable full debug logging.
[ERROR] 
[ERROR] For more information about the errors and possible solutions, please read the following articles:
[ERROR] [Help 1] http://cwiki.apache.org/confluence/display/MAVEN/MojoExecutionException
[ERROR] 
[ERROR] After correcting the problems, you can resume the build with the command
[ERROR]   mvn <args> -rf :hadoop-annotations
