16:46:55.719 INFO  Scanner configuration file: /home/runner/work/sonar-analysis/sonar-analysis/sonar-scanner-8.1.0.6389-linux-x64/conf/sonar-scanner.properties
16:46:55.721 INFO  Project root configuration file: /home/runner/work/sonar-analysis/sonar-analysis/project/sonar-project.properties
16:46:55.736 INFO  SonarScanner CLI 8.1.0.6389
16:46:55.741 INFO  Linux 6.17.0-1018-azure amd64
16:46:58.339 INFO  Communicating with SonarQube Cloud
16:46:58.340 INFO  JRE provisioning: os[linux], arch[x86_64]
16:46:59.376 INFO  SONAR_SCANNER_JAVA_OPTS=-Xmx6656m -XX:+UseG1GC -XX:MaxMetaspaceSize=384m
16:46:59.643 INFO  Starting SonarScanner Engine...
16:46:59.644 INFO  Java 21.0.11 Eclipse Adoptium (64-bit)
16:47:02.629 INFO  Load global settings
16:47:03.563 INFO  Load global settings (done) | time=929ms
16:47:03.643 INFO  Server id: 1BD809FA-AWHW8ct9-T_TB3XqouNu
16:47:03.830 INFO  Loading required plugins
16:47:03.831 INFO  Load plugins index
16:47:03.998 INFO  Load plugins index (done) | time=168ms
16:47:03.999 INFO  Load/download plugins
16:47:04.064 INFO  Load/download plugins (done) | time=66ms
16:47:04.319 INFO  Loaded core extensions: sca, a3s, architecture
16:47:04.558 INFO  Process project properties
16:47:04.588 INFO  Project key: smallklauss_hdfs:HDFS-16399
16:47:04.588 INFO  Base dir: /home/runner/work/sonar-analysis/sonar-analysis/project
16:47:04.588 INFO  Working dir: /home/runner/work/sonar-analysis/sonar-analysis/project/.scannerwork
16:47:04.598 INFO  Load project settings for component key: 'smallklauss_hdfs:HDFS-16399'
16:47:04.767 ERROR Not authorized or project not found. Please check the 'SONAR_TOKEN' environment variable, the 'sonar.projectKey' and 'sonar.organization' properties, or contact the project administrator to verify the token's permissions.
16:47:05.090 INFO  EXECUTION FAILURE
16:47:05.091 INFO  Total time: 9.384s
