16:48:53.869 INFO  Scanner configuration file: /home/runner/work/sonar-analysis/sonar-analysis/sonar-scanner-8.1.0.6389-linux-x64/conf/sonar-scanner.properties
16:48:53.871 INFO  Project root configuration file: /home/runner/work/sonar-analysis/sonar-analysis/project/sonar-project.properties
16:48:53.882 INFO  SonarScanner CLI 8.1.0.6389
16:48:53.885 INFO  Linux 6.17.0-1018-azure amd64
16:48:56.380 INFO  Communicating with SonarQube Cloud
16:48:56.381 INFO  JRE provisioning: os[linux], arch[x86_64]
16:48:57.025 INFO  SONAR_SCANNER_JAVA_OPTS=-Xmx6656m -XX:+UseG1GC -XX:MaxMetaspaceSize=384m
16:48:57.266 INFO  Starting SonarScanner Engine...
16:48:57.266 INFO  Java 21.0.11 Eclipse Adoptium (64-bit)
16:49:00.042 INFO  Load global settings
16:49:00.695 INFO  Load global settings (done) | time=648ms
16:49:00.770 INFO  Server id: 1BD809FA-AWHW8ct9-T_TB3XqouNu
16:49:00.912 INFO  Loading required plugins
16:49:00.913 INFO  Load plugins index
16:49:01.054 INFO  Load plugins index (done) | time=140ms
16:49:01.054 INFO  Load/download plugins
16:49:01.110 INFO  Load/download plugins (done) | time=55ms
16:49:01.314 INFO  Loaded core extensions: sca, a3s, architecture
16:49:01.506 INFO  Process project properties
16:49:01.532 INFO  Project key: smallklauss_hdfs:HDFS-16314
16:49:01.533 INFO  Base dir: /home/runner/work/sonar-analysis/sonar-analysis/project
16:49:01.533 INFO  Working dir: /home/runner/work/sonar-analysis/sonar-analysis/project/.scannerwork
16:49:01.539 INFO  Load project settings for component key: 'smallklauss_hdfs:HDFS-16314'
16:49:01.678 ERROR Not authorized or project not found. Please check the 'SONAR_TOKEN' environment variable, the 'sonar.projectKey' and 'sonar.organization' properties, or contact the project administrator to verify the token's permissions.
16:49:02.003 INFO  EXECUTION FAILURE
16:49:02.004 INFO  Total time: 8.143s
