
> Configure project :
Starting build with version 4.1.0-SNAPSHOT (commit id fcf6da0a) using Gradle 8.10.2, Java 17 and Scala 2.13.15
Build properties: ignoreFailures=false, maxParallelForks=4, maxScalacThreads=4, maxTestRetries=0

> Task :connect:clean
> Task :coordinator-common:clean
> Task :examples:clean
> Task :clean
> Task :generator:clean
> Task :group-coordinator:clean
> Task :jmh-benchmarks:clean
> Task :raft:clean
> Task :core:clean
> Task :server:clean
> Task :share-coordinator:clean
> Task :shell:clean
> Task :server-common:clean
> Task :metadata:clean
> Task :test-common:clean
> Task :storage:clean
> Task :transaction-coordinator:clean
> Task :tools:clean
> Task :clients:clients-integration-tests:clean
> Task :trogdor:clean
> Task :connect:basic-auth-extension:clean
> Task :connect:api:clean
> Task :connect:file:clean
> Task :connect:json:clean
> Task :connect:mirror:clean
> Task :connect:mirror-client:clean
> Task :connect:test-plugins:clean
> Task :connect:transforms:clean
> Task :group-coordinator:group-coordinator-api:clean
> Task :storage:storage-api:clean
> Task :streams:clean
> Task :connect:runtime:clean
> Task :streams:examples:clean
> Task :streams:integration-tests:clean
> Task :streams:streams-scala:clean
> Task :streams:upgrade-system-tests-0110:clean
> Task :streams:upgrade-system-tests-10:clean
> Task :streams:upgrade-system-tests-11:clean
> Task :streams:upgrade-system-tests-20:clean
> Task :streams:upgrade-system-tests-21:clean
> Task :streams:upgrade-system-tests-22:clean
> Task :streams:upgrade-system-tests-23:clean
> Task :streams:test-utils:clean
> Task :streams:upgrade-system-tests-24:clean
> Task :streams:upgrade-system-tests-25:clean
> Task :streams:upgrade-system-tests-26:clean
> Task :streams:upgrade-system-tests-27:clean
> Task :streams:upgrade-system-tests-28:clean
> Task :streams:upgrade-system-tests-30:clean
> Task :streams:upgrade-system-tests-31:clean
> Task :streams:upgrade-system-tests-32:clean
> Task :streams:upgrade-system-tests-33:clean
> Task :streams:upgrade-system-tests-34:clean
> Task :streams:upgrade-system-tests-35:clean
> Task :streams:upgrade-system-tests-36:clean
> Task :streams:upgrade-system-tests-38:clean
> Task :streams:upgrade-system-tests-37:clean
> Task :streams:upgrade-system-tests-40:clean
> Task :streams:upgrade-system-tests-39:clean
> Task :test-common:test-common-internal-api:clean
> Task :test-common:test-common-runtime:clean
> Task :compileJava NO-SOURCE
> Task :test-common:test-common-util:clean
> Task :processResources NO-SOURCE
> Task :classes UP-TO-DATE
> Task :tools:tools-api:clean
> Task :jar
> Task :assemble
> Task :spotlessCheck UP-TO-DATE
> Task :clients:clean
> Task :spotlessInternalRegisterDependencies
> Task :connect:compileJava NO-SOURCE
> Task :connect:processResources NO-SOURCE
> Task :connect:classes UP-TO-DATE
> Task :connect:jar
> Task :connect:assemble
> Task :connect:javadoc NO-SOURCE
> Task :connect:spotbugsMain NO-SOURCE
> Task :connect:compileTestJava NO-SOURCE
> Task :connect:processTestResources NO-SOURCE
> Task :connect:testClasses UP-TO-DATE
> Task :connect:spotbugsTest SKIPPED
> Task :clients:processResources
> Task :clients:createVersionFile
> Task :clients:processTestResources
> Task :test-common:test-common-util:compileJava
> Task :coordinator-common:processResources NO-SOURCE
> Task :server-common:processResources NO-SOURCE
> Task :server-common:processTestResources
> Task :coordinator-common:processTestResources NO-SOURCE
> Task :connect:spotlessJava
> Task :connect:spotlessJavaCheck
> Task :connect:spotlessCheck
> Task :connect:check
> Task :connect:build
> Task :core:processResources NO-SOURCE
> Task :group-coordinator:processResources
> Task :metadata:processResources
> Task :raft:processResources
> Task :raft:createVersionFile
> Task :server:processResources NO-SOURCE
> Task :server:createVersionFile
> Task :server-common:createVersionFile
> Task :share-coordinator:processResources
> Task :storage:processResources
> Task :storage:createVersionFile
> Task :transaction-coordinator:processResources
> Task :group-coordinator:group-coordinator-api:processResources NO-SOURCE
> Task :group-coordinator:group-coordinator-api:createVersionFile
> Task :storage:storage-api:processResources NO-SOURCE
> Task :storage:storage-api:createVersionFile
> Task :tools:tools-api:processResources NO-SOURCE
> Task :tools:tools-api:createVersionFile
> Task :group-coordinator:processTestResources
> Task :raft:processTestResources
> Task :metadata:processTestResources
> Task :server:processTestResources NO-SOURCE
> Task :share-coordinator:processTestResources NO-SOURCE
> Task :storage:storage-api:processTestResources NO-SOURCE
> Task :core:processTestResources
> Task :coordinator-common:spotlessJava
> Task :coordinator-common:spotlessJavaCheck
> Task :coordinator-common:spotlessCheck
> Task :examples:processResources NO-SOURCE
> Task :examples:processTestResources NO-SOURCE
> Task :examples:spotlessJava
> Task :examples:spotlessJavaCheck
> Task :examples:spotlessCheck
> Task :core:spotlessJava
> Task :core:spotlessJavaCheck
> Task :core:spotlessCheck
> Task :jmh-benchmarks:processResources NO-SOURCE
> Task :jmh-benchmarks:processTestResources NO-SOURCE
> Task :generator:compileJava
> Task :generator:processResources NO-SOURCE
> Task :generator:classes
> Task :generator:jar
> Task :jmh-benchmarks:spotlessJava
> Task :group-coordinator:spotlessJava

> Task :raft:processMessages
MessageGenerator: processed 1 Kafka message JSON files(s).

> Task :metadata:processMessages
MessageGenerator: processed 26 Kafka message JSON files(s).

> Task :group-coordinator:processMessages
MessageGenerator: processed 48 Kafka message JSON files(s).

> Task :share-coordinator:processMessages
MessageGenerator: processed 4 Kafka message JSON files(s).

> Task :storage:processMessages
MessageGenerator: processed 5 Kafka message JSON files(s).

> Task :generator:assemble
> Task :generator:javadoc SKIPPED

> Task :streams:processMessages
MessageGenerator: processed 1 Kafka message JSON files(s).

> Task :generator:compileTestJava
> Task :generator:processTestResources NO-SOURCE
> Task :generator:testClasses
> Task :generator:spotbugsTest SKIPPED

> Task :transaction-coordinator:processMessages
MessageGenerator: processed 2 Kafka message JSON files(s).

> Task :group-coordinator:spotlessJavaCheck
> Task :group-coordinator:spotlessCheck
> Task :jmh-benchmarks:spotlessJavaCheck
> Task :jmh-benchmarks:spotlessCheck
> Task :generator:spotlessJava
> Task :generator:spotlessJavaCheck
> Task :generator:spotlessCheck
> Task :clients:spotlessJava
> Task :raft:spotlessJava
> Task :raft:spotlessJavaCheck
> Task :raft:spotlessCheck
> Task :server:spotlessJava
> Task :server:spotlessJavaCheck
> Task :server:spotlessCheck
> Task :metadata:spotlessJava
> Task :metadata:spotlessJavaCheck
> Task :metadata:spotlessCheck
> Task :share-coordinator:spotlessJava
> Task :share-coordinator:spotlessJavaCheck
> Task :share-coordinator:spotlessCheck
> Task :shell:processResources NO-SOURCE
> Task :shell:processTestResources
> Task :shell:spotlessJava
> Task :shell:spotlessJavaCheck
> Task :shell:spotlessCheck
> Task :storage:processTestResources
> Task :server-common:spotlessJava
> Task :server-common:spotlessJavaCheck
> Task :server-common:spotlessCheck
> Task :streams:processResources
> Task :streams:createStreamsVersionFile
> Task :streams:processTestResources
> Task :storage:spotlessJava
> Task :storage:spotlessJavaCheck
> Task :storage:spotlessCheck
> Task :test-common:compileJava NO-SOURCE
> Task :test-common:processResources NO-SOURCE
> Task :test-common:classes UP-TO-DATE
> Task :test-common:jar
> Task :test-common:assemble
> Task :test-common:javadoc NO-SOURCE
> Task :test-common:spotbugsMain NO-SOURCE
> Task :test-common:compileTestJava NO-SOURCE
> Task :test-common:processTestResources NO-SOURCE
> Task :test-common:testClasses UP-TO-DATE
> Task :test-common:spotbugsTest SKIPPED
> Task :test-common:spotlessJava
> Task :test-common:spotlessJavaCheck
> Task :test-common:spotlessCheck
> Task :test-common:check
> Task :test-common:build
> Task :tools:processResources NO-SOURCE
> Task :connect:api:processResources
> Task :connect:json:processResources
> Task :connect:runtime:processResources
> Task :connect:transforms:processResources
> Task :connect:runtime:processTestResources
> Task :streams:integration-tests:compileJava NO-SOURCE
> Task :streams:integration-tests:compileScala NO-SOURCE
> Task :streams:integration-tests:processResources NO-SOURCE
> Task :streams:integration-tests:classes UP-TO-DATE
> Task :streams:integration-tests:processTestResources
> Task :tools:processTestResources
> Task :tools:spotlessJava
> Task :tools:spotlessJavaCheck
> Task :tools:spotlessCheck
> Task :transaction-coordinator:processTestResources NO-SOURCE
> Task :transaction-coordinator:spotlessJava
> Task :transaction-coordinator:spotlessJavaCheck
> Task :transaction-coordinator:spotlessCheck
> Task :trogdor:processResources NO-SOURCE
> Task :trogdor:processTestResources
> Task :trogdor:spotlessJava
> Task :trogdor:spotlessJavaCheck
> Task :trogdor:spotlessCheck
> Task :clients:clients-integration-tests:processResources NO-SOURCE
> Task :clients:clients-integration-tests:processTestResources
> Task :clients:clients-integration-tests:spotlessJava
> Task :clients:clients-integration-tests:spotlessJavaCheck
> Task :clients:clients-integration-tests:spotlessCheck

> Task :clients:processMessages
MessageGenerator: processed 197 Kafka message JSON files(s).

> Task :connect:api:processTestResources
> Task :connect:api:spotlessJava
> Task :connect:api:spotlessJavaCheck
> Task :connect:api:spotlessCheck
> Task :connect:basic-auth-extension:processResources
> Task :connect:basic-auth-extension:processTestResources NO-SOURCE
> Task :connect:basic-auth-extension:spotlessJava
> Task :connect:basic-auth-extension:spotlessJavaCheck
> Task :connect:basic-auth-extension:spotlessCheck
> Task :connect:file:processResources
> Task :connect:file:processTestResources
> Task :connect:file:spotlessJava
> Task :connect:file:spotlessJavaCheck
> Task :connect:file:spotlessCheck
> Task :connect:json:processTestResources
> Task :connect:json:spotlessJava
> Task :connect:json:spotlessJavaCheck
> Task :connect:json:spotlessCheck
> Task :connect:mirror:processResources
> Task :connect:mirror-client:processResources NO-SOURCE
> Task :connect:mirror:processTestResources
> Task :connect:mirror:spotlessJava
> Task :connect:mirror:spotlessJavaCheck
> Task :connect:mirror:spotlessCheck
> Task :connect:mirror-client:processTestResources NO-SOURCE
> Task :connect:mirror-client:spotlessJava
> Task :connect:mirror-client:spotlessJavaCheck
> Task :connect:mirror-client:spotlessCheck

> Task :clients:processTestMessages
MessageGenerator: processed 4 Kafka message JSON files(s).

> Task :connect:runtime:spotlessJava
> Task :streams:spotlessJava
> Task :streams:spotlessJavaCheck
> Task :streams:spotlessCheck
> Task :connect:runtime:spotlessJavaCheck
> Task :connect:runtime:spotlessCheck
> Task :connect:test-plugins:processResources
> Task :connect:test-plugins:processTestResources NO-SOURCE
> Task :connect:test-plugins:spotlessJava
> Task :connect:test-plugins:spotlessJavaCheck
> Task :connect:test-plugins:spotlessCheck
> Task :connect:transforms:processTestResources NO-SOURCE
> Task :connect:transforms:spotlessJava
> Task :connect:transforms:spotlessJavaCheck
> Task :connect:transforms:spotlessCheck
> Task :group-coordinator:group-coordinator-api:processTestResources NO-SOURCE
> Task :group-coordinator:group-coordinator-api:spotlessJava
> Task :group-coordinator:group-coordinator-api:spotlessJavaCheck
> Task :group-coordinator:group-coordinator-api:spotlessCheck
> Task :storage:storage-api:spotlessJava
> Task :storage:storage-api:spotlessJavaCheck
> Task :storage:storage-api:spotlessCheck
> Task :streams:examples:processResources NO-SOURCE
> Task :streams:examples:processTestResources NO-SOURCE
> Task :streams:examples:spotlessJava
> Task :streams:examples:spotlessJavaCheck
> Task :streams:examples:spotlessCheck
> Task :streams:integration-tests:jar
> Task :streams:integration-tests:assemble
> Task :streams:integration-tests:javadoc NO-SOURCE
> Task :streams:integration-tests:spotbugsMain NO-SOURCE
> Task :streams:integration-tests:spotlessJava
> Task :streams:integration-tests:spotlessJavaCheck
> Task :streams:integration-tests:spotlessCheck
> Task :streams:streams-scala:processResources NO-SOURCE
> Task :streams:streams-scala:processTestResources
> Task :streams:streams-scala:spotlessJava
> Task :streams:streams-scala:spotlessJavaCheck
> Task :rat
> Task :check
> Task :build
> Task :streams:test-utils:processResources NO-SOURCE
> Task :streams:test-utils:processTestResources
> Task :streams:test-utils:spotlessJava
> Task :streams:test-utils:spotlessJavaCheck
> Task :streams:test-utils:spotlessCheck
> Task :streams:upgrade-system-tests-0110:compileJava NO-SOURCE
> Task :streams:upgrade-system-tests-0110:processResources NO-SOURCE
> Task :streams:upgrade-system-tests-0110:classes UP-TO-DATE
> Task :streams:upgrade-system-tests-0110:jar
> Task :streams:upgrade-system-tests-0110:assemble
> Task :streams:upgrade-system-tests-0110:javadoc NO-SOURCE
> Task :streams:upgrade-system-tests-0110:spotbugsMain NO-SOURCE
> Task :streams:upgrade-system-tests-0110:compileTestJava
> Task :streams:upgrade-system-tests-0110:processTestResources NO-SOURCE
> Task :streams:upgrade-system-tests-0110:testClasses
> Task :streams:upgrade-system-tests-0110:spotbugsTest SKIPPED
> Task :streams:upgrade-system-tests-0110:spotlessJava
> Task :streams:upgrade-system-tests-0110:spotlessJavaCheck
> Task :streams:upgrade-system-tests-0110:spotlessCheck
> Task :streams:upgrade-system-tests-0110:check
> Task :streams:upgrade-system-tests-0110:build
> Task :streams:upgrade-system-tests-10:compileJava NO-SOURCE
> Task :streams:upgrade-system-tests-10:processResources NO-SOURCE
> Task :streams:upgrade-system-tests-10:classes UP-TO-DATE
> Task :streams:upgrade-system-tests-10:jar
> Task :streams:upgrade-system-tests-10:assemble
> Task :streams:upgrade-system-tests-10:javadoc NO-SOURCE
> Task :streams:upgrade-system-tests-10:spotbugsMain NO-SOURCE
> Task :streams:upgrade-system-tests-10:compileTestJava
> Task :streams:upgrade-system-tests-10:processTestResources NO-SOURCE
> Task :streams:upgrade-system-tests-10:testClasses
> Task :streams:upgrade-system-tests-10:spotbugsTest SKIPPED
> Task :streams:upgrade-system-tests-10:spotlessJava
> Task :streams:upgrade-system-tests-10:spotlessJavaCheck
> Task :streams:upgrade-system-tests-10:spotlessCheck
> Task :streams:upgrade-system-tests-10:check
> Task :streams:upgrade-system-tests-10:build
> Task :streams:upgrade-system-tests-11:compileJava NO-SOURCE
> Task :streams:upgrade-system-tests-11:processResources NO-SOURCE
> Task :streams:upgrade-system-tests-11:classes UP-TO-DATE
> Task :streams:upgrade-system-tests-11:jar
> Task :streams:upgrade-system-tests-11:assemble
> Task :streams:upgrade-system-tests-11:javadoc NO-SOURCE
> Task :streams:upgrade-system-tests-11:spotbugsMain NO-SOURCE
> Task :streams:upgrade-system-tests-11:compileTestJava
> Task :streams:upgrade-system-tests-11:processTestResources NO-SOURCE
> Task :streams:upgrade-system-tests-11:testClasses
> Task :streams:upgrade-system-tests-11:spotbugsTest SKIPPED
> Task :streams:upgrade-system-tests-11:spotlessJava
> Task :streams:upgrade-system-tests-11:spotlessJavaCheck
> Task :streams:upgrade-system-tests-11:spotlessCheck
> Task :streams:upgrade-system-tests-11:check
> Task :streams:upgrade-system-tests-11:build
> Task :streams:upgrade-system-tests-20:compileJava NO-SOURCE
> Task :streams:upgrade-system-tests-20:processResources NO-SOURCE
> Task :streams:upgrade-system-tests-20:classes UP-TO-DATE
> Task :streams:upgrade-system-tests-20:jar
> Task :streams:upgrade-system-tests-20:assemble
> Task :streams:upgrade-system-tests-20:javadoc NO-SOURCE
> Task :streams:upgrade-system-tests-20:spotbugsMain NO-SOURCE
> Task :streams:upgrade-system-tests-20:compileTestJava
> Task :streams:upgrade-system-tests-20:processTestResources NO-SOURCE
> Task :streams:upgrade-system-tests-20:testClasses
> Task :streams:upgrade-system-tests-20:spotbugsTest SKIPPED
> Task :streams:upgrade-system-tests-20:spotlessJava
> Task :streams:upgrade-system-tests-20:spotlessJavaCheck
> Task :streams:upgrade-system-tests-20:spotlessCheck
> Task :streams:upgrade-system-tests-20:check
> Task :streams:upgrade-system-tests-20:build
> Task :streams:upgrade-system-tests-21:compileJava NO-SOURCE
> Task :streams:upgrade-system-tests-21:processResources NO-SOURCE
> Task :streams:upgrade-system-tests-21:classes UP-TO-DATE
> Task :streams:upgrade-system-tests-21:jar
> Task :streams:upgrade-system-tests-21:assemble
> Task :streams:upgrade-system-tests-21:javadoc NO-SOURCE
> Task :streams:upgrade-system-tests-21:spotbugsMain NO-SOURCE
> Task :streams:upgrade-system-tests-21:compileTestJava
> Task :streams:upgrade-system-tests-21:processTestResources NO-SOURCE
> Task :streams:upgrade-system-tests-21:testClasses
> Task :streams:upgrade-system-tests-21:spotbugsTest SKIPPED
> Task :streams:upgrade-system-tests-21:spotlessJava
> Task :streams:upgrade-system-tests-21:spotlessJavaCheck
> Task :streams:upgrade-system-tests-21:spotlessCheck
> Task :streams:upgrade-system-tests-21:check
> Task :streams:upgrade-system-tests-21:build
> Task :streams:upgrade-system-tests-22:compileJava NO-SOURCE
> Task :streams:upgrade-system-tests-22:processResources NO-SOURCE
> Task :streams:upgrade-system-tests-22:classes UP-TO-DATE
> Task :streams:upgrade-system-tests-22:jar
> Task :streams:upgrade-system-tests-22:assemble
> Task :streams:upgrade-system-tests-22:javadoc NO-SOURCE
> Task :streams:upgrade-system-tests-22:spotbugsMain NO-SOURCE
> Task :streams:upgrade-system-tests-22:compileTestJava
> Task :streams:upgrade-system-tests-22:processTestResources NO-SOURCE
> Task :streams:upgrade-system-tests-22:testClasses
> Task :streams:upgrade-system-tests-22:spotbugsTest SKIPPED
> Task :streams:upgrade-system-tests-22:spotlessJava
> Task :streams:upgrade-system-tests-22:spotlessJavaCheck
> Task :streams:upgrade-system-tests-22:spotlessCheck
> Task :streams:upgrade-system-tests-22:check
> Task :streams:upgrade-system-tests-22:build
> Task :streams:upgrade-system-tests-23:compileJava NO-SOURCE
> Task :streams:upgrade-system-tests-23:processResources NO-SOURCE
> Task :streams:upgrade-system-tests-23:classes UP-TO-DATE
> Task :streams:upgrade-system-tests-23:jar
> Task :streams:upgrade-system-tests-23:assemble
> Task :streams:upgrade-system-tests-23:javadoc NO-SOURCE
> Task :streams:upgrade-system-tests-23:spotbugsMain NO-SOURCE
> Task :streams:upgrade-system-tests-23:compileTestJava
> Task :streams:upgrade-system-tests-23:processTestResources NO-SOURCE
> Task :streams:upgrade-system-tests-23:testClasses
> Task :streams:upgrade-system-tests-23:spotbugsTest SKIPPED
> Task :streams:upgrade-system-tests-23:spotlessJava
> Task :streams:upgrade-system-tests-23:spotlessJavaCheck
> Task :streams:upgrade-system-tests-23:spotlessCheck
> Task :streams:upgrade-system-tests-23:check
> Task :streams:upgrade-system-tests-23:build
> Task :streams:upgrade-system-tests-24:compileJava NO-SOURCE
> Task :streams:upgrade-system-tests-24:processResources NO-SOURCE
> Task :streams:upgrade-system-tests-24:classes UP-TO-DATE
> Task :streams:upgrade-system-tests-24:jar
> Task :streams:upgrade-system-tests-24:assemble
> Task :streams:upgrade-system-tests-24:javadoc NO-SOURCE
> Task :streams:upgrade-system-tests-24:spotbugsMain NO-SOURCE
> Task :streams:upgrade-system-tests-24:compileTestJava
> Task :streams:upgrade-system-tests-24:processTestResources NO-SOURCE
> Task :streams:upgrade-system-tests-24:testClasses
> Task :streams:upgrade-system-tests-24:spotbugsTest SKIPPED
> Task :streams:upgrade-system-tests-24:spotlessJava
> Task :streams:upgrade-system-tests-24:spotlessJavaCheck
> Task :streams:upgrade-system-tests-24:spotlessCheck
> Task :streams:upgrade-system-tests-24:check
> Task :streams:upgrade-system-tests-24:build
> Task :streams:upgrade-system-tests-25:compileJava NO-SOURCE
> Task :streams:upgrade-system-tests-25:processResources NO-SOURCE
> Task :streams:upgrade-system-tests-25:classes UP-TO-DATE
> Task :streams:upgrade-system-tests-25:jar
> Task :streams:upgrade-system-tests-25:assemble
> Task :streams:upgrade-system-tests-25:javadoc NO-SOURCE
> Task :streams:upgrade-system-tests-25:spotbugsMain NO-SOURCE
> Task :streams:upgrade-system-tests-25:compileTestJava
> Task :streams:upgrade-system-tests-25:processTestResources NO-SOURCE
> Task :streams:upgrade-system-tests-25:testClasses
> Task :streams:upgrade-system-tests-25:spotbugsTest SKIPPED
> Task :streams:upgrade-system-tests-25:spotlessJava
> Task :streams:upgrade-system-tests-25:spotlessJavaCheck
> Task :streams:upgrade-system-tests-25:spotlessCheck
> Task :streams:upgrade-system-tests-25:check
> Task :streams:upgrade-system-tests-25:build
> Task :streams:upgrade-system-tests-26:compileJava NO-SOURCE
> Task :streams:upgrade-system-tests-26:processResources NO-SOURCE
> Task :streams:upgrade-system-tests-26:classes UP-TO-DATE
> Task :streams:upgrade-system-tests-26:jar
> Task :streams:upgrade-system-tests-26:assemble
> Task :streams:upgrade-system-tests-26:javadoc NO-SOURCE
> Task :streams:upgrade-system-tests-26:spotbugsMain NO-SOURCE
> Task :streams:upgrade-system-tests-26:compileTestJava
> Task :streams:upgrade-system-tests-26:processTestResources NO-SOURCE
> Task :streams:upgrade-system-tests-26:testClasses
> Task :streams:upgrade-system-tests-26:spotbugsTest SKIPPED
> Task :streams:upgrade-system-tests-26:spotlessJava
> Task :streams:upgrade-system-tests-26:spotlessJavaCheck
> Task :streams:upgrade-system-tests-26:spotlessCheck
> Task :streams:upgrade-system-tests-26:check
> Task :streams:upgrade-system-tests-26:build
> Task :streams:upgrade-system-tests-27:compileJava NO-SOURCE
> Task :streams:upgrade-system-tests-27:processResources NO-SOURCE
> Task :streams:upgrade-system-tests-27:classes UP-TO-DATE
> Task :streams:upgrade-system-tests-27:jar
> Task :streams:upgrade-system-tests-27:assemble
> Task :streams:upgrade-system-tests-27:javadoc NO-SOURCE
> Task :streams:upgrade-system-tests-27:spotbugsMain NO-SOURCE
> Task :streams:upgrade-system-tests-27:compileTestJava
> Task :streams:upgrade-system-tests-27:processTestResources NO-SOURCE
> Task :streams:upgrade-system-tests-27:testClasses
> Task :streams:upgrade-system-tests-27:spotbugsTest SKIPPED
> Task :streams:upgrade-system-tests-27:spotlessJava
> Task :streams:upgrade-system-tests-27:spotlessJavaCheck
> Task :streams:upgrade-system-tests-27:spotlessCheck
> Task :streams:upgrade-system-tests-27:check
> Task :streams:upgrade-system-tests-27:build
> Task :streams:upgrade-system-tests-28:compileJava NO-SOURCE
> Task :streams:upgrade-system-tests-28:processResources NO-SOURCE
> Task :streams:upgrade-system-tests-28:classes UP-TO-DATE
> Task :streams:upgrade-system-tests-28:jar
> Task :streams:upgrade-system-tests-28:assemble
> Task :streams:upgrade-system-tests-28:javadoc NO-SOURCE
> Task :streams:upgrade-system-tests-28:spotbugsMain NO-SOURCE
> Task :streams:upgrade-system-tests-28:compileTestJava
> Task :streams:upgrade-system-tests-28:processTestResources NO-SOURCE
> Task :streams:upgrade-system-tests-28:testClasses
> Task :streams:upgrade-system-tests-28:spotbugsTest SKIPPED
> Task :streams:upgrade-system-tests-28:spotlessJava
> Task :streams:upgrade-system-tests-28:spotlessJavaCheck
> Task :streams:upgrade-system-tests-28:spotlessCheck
> Task :streams:upgrade-system-tests-28:check
> Task :streams:upgrade-system-tests-28:build
> Task :streams:upgrade-system-tests-30:compileJava NO-SOURCE
> Task :streams:upgrade-system-tests-30:processResources NO-SOURCE
> Task :streams:upgrade-system-tests-30:classes UP-TO-DATE
> Task :streams:upgrade-system-tests-30:jar
> Task :streams:upgrade-system-tests-30:assemble
> Task :streams:upgrade-system-tests-30:javadoc NO-SOURCE
> Task :streams:upgrade-system-tests-30:spotbugsMain NO-SOURCE
> Task :streams:upgrade-system-tests-30:compileTestJava
> Task :streams:upgrade-system-tests-30:processTestResources NO-SOURCE
> Task :streams:upgrade-system-tests-30:testClasses
> Task :streams:upgrade-system-tests-30:spotbugsTest SKIPPED
> Task :streams:upgrade-system-tests-30:spotlessJava
> Task :streams:upgrade-system-tests-30:spotlessJavaCheck
> Task :streams:upgrade-system-tests-30:spotlessCheck
> Task :streams:upgrade-system-tests-30:check
> Task :streams:upgrade-system-tests-30:build
> Task :streams:upgrade-system-tests-31:compileJava NO-SOURCE
> Task :streams:upgrade-system-tests-31:processResources NO-SOURCE
> Task :streams:upgrade-system-tests-31:classes UP-TO-DATE
> Task :streams:upgrade-system-tests-31:jar
> Task :streams:upgrade-system-tests-31:assemble
> Task :streams:upgrade-system-tests-31:javadoc NO-SOURCE
> Task :streams:upgrade-system-tests-31:spotbugsMain NO-SOURCE
> Task :streams:upgrade-system-tests-31:compileTestJava
> Task :streams:upgrade-system-tests-31:processTestResources NO-SOURCE
> Task :streams:upgrade-system-tests-31:testClasses
> Task :streams:upgrade-system-tests-31:spotbugsTest SKIPPED
> Task :streams:upgrade-system-tests-31:spotlessJava
> Task :streams:upgrade-system-tests-31:spotlessJavaCheck
> Task :streams:upgrade-system-tests-31:spotlessCheck
> Task :streams:upgrade-system-tests-31:check
> Task :streams:upgrade-system-tests-31:build
> Task :streams:upgrade-system-tests-32:compileJava NO-SOURCE
> Task :streams:upgrade-system-tests-32:processResources NO-SOURCE
> Task :streams:upgrade-system-tests-32:classes UP-TO-DATE
> Task :streams:upgrade-system-tests-32:jar
> Task :streams:upgrade-system-tests-32:assemble
> Task :streams:upgrade-system-tests-32:javadoc NO-SOURCE
> Task :streams:upgrade-system-tests-32:spotbugsMain NO-SOURCE
> Task :streams:upgrade-system-tests-32:compileTestJava
> Task :streams:upgrade-system-tests-32:processTestResources NO-SOURCE
> Task :streams:upgrade-system-tests-32:testClasses
> Task :streams:upgrade-system-tests-32:spotbugsTest SKIPPED
> Task :streams:upgrade-system-tests-32:spotlessJava
> Task :streams:upgrade-system-tests-32:spotlessJavaCheck
> Task :streams:upgrade-system-tests-32:spotlessCheck
> Task :streams:upgrade-system-tests-32:check
> Task :streams:upgrade-system-tests-32:build
> Task :streams:upgrade-system-tests-33:compileJava NO-SOURCE
> Task :streams:upgrade-system-tests-33:processResources NO-SOURCE
> Task :streams:upgrade-system-tests-33:classes UP-TO-DATE
> Task :streams:upgrade-system-tests-33:jar
> Task :streams:upgrade-system-tests-33:assemble
> Task :streams:upgrade-system-tests-33:javadoc NO-SOURCE
> Task :streams:upgrade-system-tests-33:spotbugsMain NO-SOURCE
> Task :streams:upgrade-system-tests-33:compileTestJava
> Task :streams:upgrade-system-tests-33:processTestResources NO-SOURCE
> Task :streams:upgrade-system-tests-33:testClasses
> Task :streams:upgrade-system-tests-33:spotbugsTest SKIPPED
> Task :streams:upgrade-system-tests-33:spotlessJava
> Task :streams:upgrade-system-tests-33:spotlessJavaCheck
> Task :streams:upgrade-system-tests-33:spotlessCheck
> Task :streams:upgrade-system-tests-33:check
> Task :streams:upgrade-system-tests-33:build
> Task :streams:upgrade-system-tests-34:compileJava NO-SOURCE
> Task :streams:upgrade-system-tests-34:processResources NO-SOURCE
> Task :streams:upgrade-system-tests-34:classes UP-TO-DATE
> Task :streams:upgrade-system-tests-34:jar
> Task :streams:upgrade-system-tests-34:assemble
> Task :streams:upgrade-system-tests-34:javadoc NO-SOURCE
> Task :streams:upgrade-system-tests-34:spotbugsMain NO-SOURCE
> Task :streams:upgrade-system-tests-34:compileTestJava
> Task :streams:upgrade-system-tests-34:processTestResources NO-SOURCE
> Task :streams:upgrade-system-tests-34:testClasses
> Task :streams:upgrade-system-tests-34:spotbugsTest SKIPPED
> Task :streams:upgrade-system-tests-34:spotlessJava
> Task :streams:upgrade-system-tests-34:spotlessJavaCheck
> Task :streams:upgrade-system-tests-34:spotlessCheck
> Task :streams:upgrade-system-tests-34:check
> Task :streams:upgrade-system-tests-34:build
> Task :streams:upgrade-system-tests-35:compileJava NO-SOURCE
> Task :streams:upgrade-system-tests-35:processResources NO-SOURCE
> Task :streams:upgrade-system-tests-35:classes UP-TO-DATE
> Task :streams:upgrade-system-tests-35:jar
> Task :streams:upgrade-system-tests-35:assemble
> Task :streams:upgrade-system-tests-35:javadoc NO-SOURCE
> Task :streams:upgrade-system-tests-35:spotbugsMain NO-SOURCE
> Task :streams:upgrade-system-tests-35:compileTestJava
> Task :streams:upgrade-system-tests-35:processTestResources NO-SOURCE
> Task :streams:upgrade-system-tests-35:testClasses
> Task :streams:upgrade-system-tests-35:spotbugsTest SKIPPED
> Task :streams:upgrade-system-tests-35:spotlessJava
> Task :streams:upgrade-system-tests-35:spotlessJavaCheck
> Task :streams:upgrade-system-tests-35:spotlessCheck
> Task :streams:upgrade-system-tests-35:check
> Task :streams:upgrade-system-tests-35:build
> Task :streams:upgrade-system-tests-36:compileJava NO-SOURCE
> Task :streams:upgrade-system-tests-36:processResources NO-SOURCE
> Task :streams:upgrade-system-tests-36:classes UP-TO-DATE
> Task :streams:upgrade-system-tests-36:jar
> Task :streams:upgrade-system-tests-36:assemble
> Task :streams:upgrade-system-tests-36:javadoc NO-SOURCE
> Task :streams:upgrade-system-tests-36:spotbugsMain NO-SOURCE
> Task :streams:streams-scala:spotlessScala
> Task :streams:streams-scala:spotlessScalaCheck
> Task :streams:streams-scala:spotlessCheck
> Task :streams:upgrade-system-tests-37:compileJava NO-SOURCE
> Task :streams:upgrade-system-tests-37:processResources NO-SOURCE
> Task :streams:upgrade-system-tests-37:classes UP-TO-DATE
> Task :streams:upgrade-system-tests-37:jar
> Task :streams:upgrade-system-tests-37:assemble
> Task :streams:upgrade-system-tests-37:javadoc NO-SOURCE
> Task :streams:upgrade-system-tests-37:spotbugsMain NO-SOURCE
> Task :streams:upgrade-system-tests-36:compileTestJava
> Task :streams:upgrade-system-tests-36:processTestResources NO-SOURCE
> Task :streams:upgrade-system-tests-36:testClasses
> Task :streams:upgrade-system-tests-36:spotbugsTest SKIPPED
> Task :streams:upgrade-system-tests-36:spotlessJava
> Task :streams:upgrade-system-tests-36:spotlessJavaCheck
> Task :streams:upgrade-system-tests-36:spotlessCheck
> Task :streams:upgrade-system-tests-36:check
> Task :streams:upgrade-system-tests-36:build
> Task :streams:upgrade-system-tests-38:compileJava NO-SOURCE
> Task :streams:upgrade-system-tests-38:processResources NO-SOURCE
> Task :streams:upgrade-system-tests-38:classes UP-TO-DATE
> Task :streams:upgrade-system-tests-38:jar
> Task :streams:upgrade-system-tests-38:assemble
> Task :streams:upgrade-system-tests-38:javadoc NO-SOURCE
> Task :streams:upgrade-system-tests-38:spotbugsMain NO-SOURCE
> Task :generator:spotbugsMain
> Task :generator:check
> Task :generator:build
> Task :streams:upgrade-system-tests-39:compileJava NO-SOURCE
> Task :streams:upgrade-system-tests-39:processResources NO-SOURCE
> Task :streams:upgrade-system-tests-39:classes UP-TO-DATE
> Task :streams:upgrade-system-tests-39:jar
> Task :streams:upgrade-system-tests-39:assemble
> Task :streams:upgrade-system-tests-39:javadoc NO-SOURCE
> Task :streams:upgrade-system-tests-39:spotbugsMain NO-SOURCE
> Task :streams:upgrade-system-tests-37:compileTestJava
> Task :streams:upgrade-system-tests-37:processTestResources NO-SOURCE
> Task :streams:upgrade-system-tests-37:testClasses
> Task :streams:upgrade-system-tests-37:spotbugsTest SKIPPED
> Task :streams:upgrade-system-tests-37:spotlessJava
> Task :streams:upgrade-system-tests-37:spotlessJavaCheck
> Task :streams:upgrade-system-tests-37:spotlessCheck
> Task :streams:upgrade-system-tests-37:check
> Task :streams:upgrade-system-tests-37:build
> Task :streams:upgrade-system-tests-40:compileJava NO-SOURCE
> Task :streams:upgrade-system-tests-40:processResources NO-SOURCE
> Task :streams:upgrade-system-tests-40:classes UP-TO-DATE
> Task :streams:upgrade-system-tests-40:jar
> Task :streams:upgrade-system-tests-40:assemble
> Task :streams:upgrade-system-tests-40:javadoc NO-SOURCE
> Task :streams:upgrade-system-tests-40:spotbugsMain NO-SOURCE
> Task :streams:upgrade-system-tests-38:compileTestJava
> Task :streams:upgrade-system-tests-38:processTestResources NO-SOURCE
> Task :streams:upgrade-system-tests-38:testClasses
> Task :streams:upgrade-system-tests-38:spotbugsTest SKIPPED
> Task :streams:upgrade-system-tests-38:spotlessJava
> Task :streams:upgrade-system-tests-38:spotlessJavaCheck
> Task :streams:upgrade-system-tests-38:spotlessCheck
> Task :streams:upgrade-system-tests-38:check
> Task :streams:upgrade-system-tests-38:build
> Task :test-common:test-common-internal-api:processResources NO-SOURCE
> Task :test-common:test-common-internal-api:processTestResources
> Task :streams:upgrade-system-tests-39:compileTestJava
> Task :streams:upgrade-system-tests-39:processTestResources NO-SOURCE
> Task :streams:upgrade-system-tests-39:testClasses
> Task :streams:upgrade-system-tests-39:spotbugsTest SKIPPED
> Task :test-common:test-common-internal-api:spotlessJava
> Task :test-common:test-common-internal-api:spotlessJavaCheck
> Task :test-common:test-common-internal-api:spotlessCheck
> Task :test-common:test-common-runtime:processResources
> Task :test-common:test-common-runtime:processTestResources NO-SOURCE
> Task :streams:upgrade-system-tests-39:spotlessJava
> Task :streams:upgrade-system-tests-39:spotlessJavaCheck
> Task :streams:upgrade-system-tests-39:spotlessCheck
> Task :streams:upgrade-system-tests-39:check
> Task :streams:upgrade-system-tests-39:build
> Task :test-common:test-common-util:processResources
> Task :test-common:test-common-util:classes
> Task :test-common:test-common-util:jar
> Task :test-common:test-common-util:assemble
> Task :test-common:test-common-util:javadoc SKIPPED
> Task :test-common:test-common-runtime:spotlessJava
> Task :test-common:test-common-runtime:spotlessJavaCheck
> Task :test-common:test-common-runtime:spotlessCheck
> Task :test-common:test-common-util:compileTestJava
> Task :test-common:test-common-util:processTestResources NO-SOURCE
> Task :test-common:test-common-util:testClasses
> Task :test-common:test-common-util:spotbugsTest SKIPPED
> Task :test-common:test-common-util:spotlessJava
> Task :test-common:test-common-util:spotlessJavaCheck
> Task :test-common:test-common-util:spotlessCheck
> Task :tools:tools-api:processTestResources NO-SOURCE
> Task :tools:tools-api:spotlessJava
> Task :tools:tools-api:spotlessJavaCheck
> Task :tools:tools-api:spotlessCheck
> Task :streams:upgrade-system-tests-40:compileTestJava
> Task :streams:upgrade-system-tests-40:processTestResources NO-SOURCE
> Task :streams:upgrade-system-tests-40:testClasses
> Task :streams:upgrade-system-tests-40:spotbugsTest SKIPPED
> Task :streams:upgrade-system-tests-40:spotlessJava
> Task :streams:upgrade-system-tests-40:spotlessJavaCheck
> Task :streams:upgrade-system-tests-40:spotlessCheck
> Task :streams:upgrade-system-tests-40:check
> Task :streams:upgrade-system-tests-40:build
> Task :clients:compileJava
> Task :clients:classes
> Task :group-coordinator:group-coordinator-api:compileJava
> Task :tools:tools-api:compileJava
> Task :group-coordinator:group-coordinator-api:classes
> Task :group-coordinator:group-coordinator-api:jar
> Task :tools:tools-api:classes
> Task :tools:tools-api:jar
> Task :examples:compileJava
> Task :examples:classes
> Task :examples:jar
> Task :examples:assemble
> Task :examples:javadoc SKIPPED
> Task :server-common:compileJava
> Task :raft:compileJava
> Task :test-common:test-common-util:spotbugsMain
> Task :metadata:compileJava
> Task :server-common:classes
> Task :metadata:classes
> Task :metadata:jar
> Task :raft:classes
> Task :storage:storage-api:compileJava
> Task :raft:jar
> Task :server-common:jar
> Task :storage:storage-api:classes
> Task :storage:storage-api:jar
> Task :test-common:test-common-internal-api:compileJava
> Task :examples:compileTestJava NO-SOURCE
> Task :examples:testClasses UP-TO-DATE
> Task :examples:spotbugsTest SKIPPED
> Task :connect:api:compileJava
> Task :connect:json:compileJava
> Task :clients:shadowJar
> Task :clients:jar SKIPPED
> Task :clients:assemble UP-TO-DATE
> Task :connect:transforms:compileJava
> Task :storage:compileJava
> Task :coordinator-common:compileJava
> Task :coordinator-common:classes
> Task :coordinator-common:jar
> Task :coordinator-common:assemble
> Task :coordinator-common:javadoc SKIPPED
> Task :examples:spotbugsMain
> Task :streams:compileJava
> Task :share-coordinator:compileJava
> Task :group-coordinator:compileJava
> Task :group-coordinator:classes
> Task :transaction-coordinator:compileJava
> Task :group-coordinator:jar
> Task :share-coordinator:classes
> Task :share-coordinator:jar
> Task :storage:classes
> Task :storage:jar
> Task :transaction-coordinator:classes
> Task :transaction-coordinator:jar
> Task :examples:check
> Task :examples:build
> Task :group-coordinator:assemble
> Task :group-coordinator:javadoc SKIPPED
> Task :server:compileJava
> Task :core:compileJava NO-SOURCE
> Task :clients:javadoc
> Task :coordinator-common:spotbugsMain
> Task :group-coordinator:spotbugsMain
> Task :core:compileScala
> Task :clients:spotbugsMain
> Task :clients:compileTestJava
Note: Some input files use or override a deprecated API.
Note: Recompile with -Xlint:deprecation for details.

> Task :clients:testClasses
> Task :clients:spotbugsTest SKIPPED
> Task :clients:spotlessJavaCheck
> Task :clients:spotlessCheck
> Task :server-common:compileTestJava
> Task :server-common:testClasses
> Task :server:classes
> Task :server:jar
> Task :coordinator-common:compileTestJava
> Task :coordinator-common:testClasses
> Task :coordinator-common:spotbugsTest SKIPPED
> Task :coordinator-common:check
> Task :coordinator-common:build
> Task :raft:compileTestJava
> Task :raft:testClasses
> Task :metadata:compileTestJava
> Task :metadata:testClasses
> Task :share-coordinator:compileTestJava
> Task :share-coordinator:testClasses
> Task :storage:storage-api:compileTestJava
> Task :storage:storage-api:testClasses
> Task :metadata:assemble
> Task :metadata:javadoc SKIPPED
> Task :group-coordinator:compileTestJava
> Task :group-coordinator:testClasses
> Task :group-coordinator:spotbugsTest SKIPPED
> Task :group-coordinator:check
> Task :group-coordinator:build
> Task :metadata:spotbugsTest SKIPPED
> Task :raft:assemble
> Task :raft:javadoc SKIPPED
> Task :metadata:spotbugsMain
> Task :raft:spotbugsMain
> Task :raft:spotbugsTest SKIPPED
> Task :raft:check
> Task :raft:build
> Task :server:assemble
> Task :server:javadoc SKIPPED
> Task :core:classes
> Task :core:copyDependantLibs
> Task :core:jar
> Task :core:assemble
> Task :test-common:test-common-runtime:compileJava
> Task :server:compileTestJava
> Task :server:testClasses
> Task :metadata:check
> Task :metadata:build
> Task :server:spotbugsTest SKIPPED
> Task :server-common:assemble
> Task :server-common:javadoc SKIPPED
> Task :core:javadoc
> Task :server:spotbugsMain
> Task :core:compileTestJava NO-SOURCE
> Task :server-common:spotbugsMain
> Task :core:spotbugsMain
> Task :server:check
> Task :server:build
> Task :server-common:spotbugsTest SKIPPED
> Task :server-common:check
> Task :server-common:build
> Task :share-coordinator:assemble
> Task :share-coordinator:javadoc SKIPPED
> Task :core:compileTestScala
> Task :share-coordinator:spotbugsMain
> Task :share-coordinator:spotbugsTest SKIPPED
> Task :share-coordinator:check
> Task :share-coordinator:build
> Task :shell:compileJava
> Task :shell:classes
> Task :shell:copyDependantLibs
> Task :shell:jar
> Task :shell:assemble
> Task :shell:javadoc SKIPPED
> Task :clients:check
> Task :clients:build
> Task :shell:compileTestJava
> Task :shell:testClasses
> Task :shell:spotbugsTest SKIPPED
> Task :storage:assemble
> Task :storage:javadoc SKIPPED
> Task :shell:spotbugsMain
> Task :shell:check
> Task :shell:build
> Task :streams:classes
> Task :streams:copyDependantLibs
> Task :streams:jar
> Task :streams:assemble
> Task :streams:javadoc
> Task :storage:spotbugsMain
> Task :streams:test-utils:compileJava
> Task :connect:runtime:compileJava
> Task :tools:compileJava
> Task :tools:classes
> Task :connect:api:classes
> Task :connect:api:copyDependantLibs
> Task :connect:api:jar
> Task :connect:json:classes
> Task :connect:json:copyDependantLibs
> Task :connect:json:jar
> Task :connect:runtime:classes
> Task :connect:transforms:classes
> Task :connect:transforms:copyDependantLibs
> Task :connect:transforms:jar
> Task :connect:runtime:copyDependantLibs
> Task :connect:runtime:jar
> Task :tools:copyDependantLibs
> Task :tools:jar
> Task :tools:assemble
> Task :tools:javadoc SKIPPED
> Task :streams:spotbugsMain
> Task :streams:compileTestJava
> Task :tools:spotbugsMain

> Task :streams:compileTestJava
Note: Some input files use or override a deprecated API.
Note: Recompile with -Xlint:deprecation for details.

> Task :streams:testClasses
> Task :streams:spotbugsTest SKIPPED
> Task :connect:test-plugins:compileJava
> Task :streams:streams-scala:compileJava NO-SOURCE
> Task :streams:check
> Task :streams:build
> Task :transaction-coordinator:assemble
> Task :transaction-coordinator:javadoc SKIPPED

> Task :connect:runtime:compileTestJava
Note: Some input files use unchecked or unsafe operations.
Note: Recompile with -Xlint:unchecked for details.

> Task :connect:runtime:testClasses
> Task :transaction-coordinator:compileTestJava
> Task :transaction-coordinator:testClasses
> Task :transaction-coordinator:spotbugsTest SKIPPED
> Task :trogdor:compileJava
> Task :trogdor:classes
> Task :trogdor:copyDependantLibs
> Task :trogdor:jar
> Task :trogdor:assemble
> Task :trogdor:javadoc SKIPPED
> Task :core:testClasses
> Task :core:spotbugsTest SKIPPED
> Task :core:check
> Task :core:build
> Task :transaction-coordinator:spotbugsMain
> Task :storage:compileTestJava
> Task :storage:testClasses
> Task :storage:spotbugsTest SKIPPED
> Task :storage:check
> Task :storage:build
> Task :transaction-coordinator:check
> Task :transaction-coordinator:build
> Task :trogdor:compileTestJava
> Task :trogdor:testClasses
> Task :trogdor:spotbugsTest SKIPPED
> Task :clients:clients-integration-tests:compileJava NO-SOURCE
> Task :clients:clients-integration-tests:classes UP-TO-DATE
> Task :clients:clients-integration-tests:jar
> Task :clients:clients-integration-tests:assemble
> Task :clients:clients-integration-tests:javadoc NO-SOURCE
> Task :clients:clients-integration-tests:spotbugsMain NO-SOURCE
> Task :jmh-benchmarks:compileJava
> Task :jmh-benchmarks:classes
> Task :jmh-benchmarks:jar
> Task :jmh-benchmarks:assemble
> Task :jmh-benchmarks:javadoc SKIPPED

> Task :clients:clients-integration-tests:compileTestJava
Note: /home/runner/work/sonar-analysis/sonar-analysis/project/clients/clients-integration-tests/src/test/java/org/apache/kafka/clients/admin/ClientTelemetryTest.java uses unchecked or unsafe operations.
Note: Recompile with -Xlint:unchecked for details.

> Task :jmh-benchmarks:compileTestJava NO-SOURCE
> Task :jmh-benchmarks:testClasses UP-TO-DATE
> Task :jmh-benchmarks:spotbugsTest SKIPPED
> Task :clients:clients-integration-tests:testClasses
> Task :clients:clients-integration-tests:spotbugsTest SKIPPED
> Task :clients:clients-integration-tests:check
> Task :clients:clients-integration-tests:build
> Task :connect:api:assemble
> Task :streams:streams-scala:compileScala
> Task :streams:integration-tests:compileTestJava NO-SOURCE
> Task :connect:api:javadoc
> Task :trogdor:spotbugsMain
> Task :trogdor:check
> Task :trogdor:build
> Task :connect:api:compileTestJava
> Task :connect:api:testClasses
> Task :connect:api:spotbugsTest SKIPPED
> Task :connect:basic-auth-extension:compileJava
> Task :connect:basic-auth-extension:classes
> Task :connect:basic-auth-extension:copyDependantLibs
> Task :connect:basic-auth-extension:jar
> Task :connect:basic-auth-extension:assemble
> Task :connect:basic-auth-extension:javadoc SKIPPED
> Task :jmh-benchmarks:spotbugsMain
> Task :streams:integration-tests:compileTestScala
> Task :connect:api:spotbugsMain
> Task :connect:api:check
> Task :connect:api:build
> Task :connect:basic-auth-extension:compileTestJava
> Task :connect:basic-auth-extension:testClasses
> Task :connect:basic-auth-extension:spotbugsTest SKIPPED
> Task :connect:file:compileJava
> Task :connect:file:classes
> Task :connect:basic-auth-extension:spotbugsMain
> Task :connect:basic-auth-extension:check
> Task :connect:basic-auth-extension:build
> Task :connect:json:assemble
> Task :connect:json:javadoc SKIPPED
> Task :connect:file:copyDependantLibs
> Task :connect:file:jar
> Task :connect:file:assemble
> Task :connect:file:javadoc SKIPPED
> Task :streams:integration-tests:testClasses
> Task :tools:compileTestJava
> Task :tools:testClasses
> Task :tools:spotbugsTest SKIPPED
> Task :tools:check
> Task :tools:build
> Task :connect:file:compileTestJava
> Task :connect:file:testClasses
> Task :connect:file:spotbugsTest SKIPPED
> Task :connect:json:compileTestJava
> Task :connect:json:testClasses
> Task :connect:json:spotbugsTest SKIPPED
> Task :connect:mirror-client:compileJava
> Task :connect:mirror:compileJava
> Task :connect:mirror:classes
> Task :connect:mirror-client:classes
> Task :connect:mirror-client:copyDependantLibs
> Task :connect:mirror-client:jar
> Task :connect:mirror:copyDependantLibs
> Task :connect:mirror:jar
> Task :connect:mirror:assemble
> Task :connect:mirror:javadoc SKIPPED
> Task :connect:file:spotbugsMain
> Task :connect:file:check
> Task :connect:file:build
> Task :connect:mirror:compileTestJava
> Task :connect:mirror:testClasses
> Task :connect:mirror:spotbugsTest SKIPPED
> Task :connect:mirror-client:assemble
> Task :connect:json:spotbugsMain
> Task :connect:json:check
> Task :connect:json:build
> Task :connect:runtime:assemble
> Task :connect:runtime:javadoc SKIPPED
> Task :connect:mirror-client:javadoc
> Task :connect:mirror-client:spotbugsMain
> Task :connect:mirror-client:compileTestJava
> Task :connect:mirror-client:testClasses
> Task :connect:mirror-client:spotbugsTest SKIPPED
> Task :connect:mirror-client:check
> Task :connect:mirror-client:build
> Task :connect:runtime:spotbugsTest SKIPPED
> Task :connect:test-plugins:classes
> Task :connect:test-plugins:jar
> Task :connect:test-plugins:assemble
> Task :connect:mirror:spotbugsMain
> Task :connect:mirror:check
> Task :connect:mirror:build
> Task :connect:transforms:assemble
> Task :connect:transforms:javadoc SKIPPED
> Task :connect:test-plugins:javadoc
> Task :connect:runtime:spotbugsMain
> Task :connect:test-plugins:spotbugsMain
> Task :connect:test-plugins:compileTestJava NO-SOURCE
> Task :connect:test-plugins:testClasses UP-TO-DATE
> Task :connect:test-plugins:spotbugsTest SKIPPED
> Task :connect:test-plugins:check
> Task :connect:test-plugins:build
> Task :connect:transforms:compileTestJava
> Task :connect:transforms:testClasses
> Task :connect:transforms:spotbugsTest SKIPPED
> Task :group-coordinator:group-coordinator-api:assemble
> Task :jmh-benchmarks:check
> Task :jmh-benchmarks:build
> Task :storage:storage-api:assemble
> Task :connect:transforms:spotbugsMain
> Task :connect:transforms:check
> Task :connect:transforms:build
> Task :streams:examples:compileJava
> Task :streams:examples:classes
> Task :streams:examples:copyDependantLibs
> Task :streams:examples:jar
> Task :streams:examples:assemble
> Task :streams:examples:javadoc SKIPPED
> Task :group-coordinator:group-coordinator-api:javadoc
> Task :storage:storage-api:javadoc
> Task :group-coordinator:group-coordinator-api:compileTestJava NO-SOURCE
> Task :group-coordinator:group-coordinator-api:testClasses UP-TO-DATE
> Task :group-coordinator:group-coordinator-api:spotbugsTest SKIPPED
> Task :connect:runtime:check
> Task :connect:runtime:build
> Task :storage:storage-api:spotbugsTest SKIPPED
> Task :streams:examples:compileTestJava
> Task :streams:examples:testClasses
> Task :streams:examples:spotbugsTest SKIPPED
> Task :streams:integration-tests:spotbugsTest SKIPPED
> Task :streams:integration-tests:check
> Task :streams:integration-tests:build
> Task :streams:streams-scala:classes
> Task :streams:streams-scala:copyDependantLibs
> Task :streams:streams-scala:jar
> Task :streams:streams-scala:assemble
> Task :streams:streams-scala:javadoc NO-SOURCE
> Task :group-coordinator:group-coordinator-api:spotbugsMain
> Task :group-coordinator:group-coordinator-api:check
> Task :group-coordinator:group-coordinator-api:build
> Task :streams:streams-scala:compileTestJava NO-SOURCE
> Task :streams:examples:spotbugsMain
> Task :streams:examples:check
> Task :streams:examples:build
> Task :streams:test-utils:classes
> Task :storage:storage-api:spotbugsMain
> Task :storage:storage-api:check
> Task :storage:storage-api:build
> Task :test-common:test-common-internal-api:classes
> Task :test-common:test-common-internal-api:jar
> Task :test-common:test-common-internal-api:assemble
> Task :test-common:test-common-internal-api:javadoc SKIPPED
> Task :streams:test-utils:copyDependantLibs
> Task :streams:test-utils:jar
> Task :streams:test-utils:assemble
> Task :streams:test-utils:javadoc
> Task :streams:streams-scala:compileTestScala
> Task :streams:streams-scala:testClasses
> Task :streams:streams-scala:spotbugsTest SKIPPED
> Task :streams:streams-scala:spotbugsMain
> Task :streams:streams-scala:check
> Task :streams:streams-scala:build
> Task :test-common:test-common-internal-api:compileTestJava
> Task :test-common:test-common-internal-api:testClasses
> Task :test-common:test-common-internal-api:spotbugsTest SKIPPED
> Task :test-common:test-common-runtime:classes
> Task :test-common:test-common-runtime:jar
> Task :test-common:test-common-runtime:assemble
> Task :test-common:test-common-runtime:javadoc SKIPPED
> Task :streams:test-utils:compileTestJava
> Task :streams:test-utils:testClasses
> Task :streams:test-utils:spotbugsTest SKIPPED
> Task :test-common:test-common-runtime:compileTestJava
> Task :test-common:test-common-runtime:testClasses
> Task :test-common:test-common-runtime:spotbugsTest SKIPPED
> Task :test-common:test-common-util:check
> Task :test-common:test-common-util:build
> Task :tools:tools-api:assemble
> Task :test-common:test-common-internal-api:spotbugsMain
> Task :test-common:test-common-internal-api:check
> Task :test-common:test-common-internal-api:build
> Task :tools:tools-api:javadoc
> Task :tools:tools-api:compileTestJava
> Task :tools:tools-api:testClasses
> Task :tools:tools-api:spotbugsTest SKIPPED
> Task :streams:test-utils:spotbugsMain
> Task :streams:test-utils:check
> Task :streams:test-utils:build
> Task :tools:tools-api:spotbugsMain
> Task :tools:tools-api:check
> Task :tools:tools-api:build
> Task :test-common:test-common-runtime:spotbugsMain
> Task :test-common:test-common-runtime:check
> Task :test-common:test-common-runtime:build

BUILD SUCCESSFUL in 8m 25s
470 actionable tasks: 470 executed
