
> Configure project :
Starting build with version 4.0.0-SNAPSHOT (commit id 1f3f0357) using Gradle 8.10.2, Java 11 and Scala 2.13.15
Build properties: ignoreFailures=false, maxParallelForks=4, maxScalacThreads=4, maxTestRetries=0

> Task :clean
> Task :coordinator-common:clean
> Task :connect:clean
> Task :examples:clean
> Task :generator:clean
> Task :group-coordinator:clean
> Task :jmh-benchmarks:clean
> Task :raft:clean
> Task :metadata:clean
> Task :server:clean
> Task :share:clean
> Task :server-common:clean
> Task :shell:clean
> Task :share-coordinator:clean
> Task :core:clean
> Task :test-common:clean
> Task :storage:clean
> Task :transaction-coordinator:clean
> Task :tools:clean
> Task :trogdor:clean
> Task :connect:api:clean
> Task :connect:basic-auth-extension:clean
> Task :connect:file:clean
> Task :connect:json:clean
> Task :connect:mirror-client:clean
> Task :connect:mirror:clean
> Task :connect:test-plugins:clean
> Task :connect:transforms:clean
> Task :group-coordinator:group-coordinator-api:clean
> Task :storage:storage-api:clean
> Task :streams:clean
> Task :streams:integration-tests:clean
> Task :connect:runtime:clean
> Task :clients:clean
> Task :streams:examples:clean
> Task :streams:upgrade-system-tests-0100:clean
> Task :streams:upgrade-system-tests-0101:clean
> Task :streams:upgrade-system-tests-0102:clean
> Task :streams:upgrade-system-tests-0110:clean
> Task :streams:upgrade-system-tests-10:clean
> Task :streams:upgrade-system-tests-11:clean
> Task :streams:upgrade-system-tests-21:clean
> Task :streams:upgrade-system-tests-20:clean
> Task :streams:upgrade-system-tests-22:clean
> Task :streams:upgrade-system-tests-23:clean
> Task :streams:test-utils:clean
> Task :streams:upgrade-system-tests-24:clean
> Task :streams:streams-scala:clean
> Task :streams:upgrade-system-tests-25:clean
> Task :streams:upgrade-system-tests-27:clean
> Task :streams:upgrade-system-tests-26:clean
> Task :streams:upgrade-system-tests-28:clean
> Task :streams:upgrade-system-tests-31:clean
> Task :streams:upgrade-system-tests-30:clean
> Task :streams:upgrade-system-tests-32:clean
> Task :streams:upgrade-system-tests-33:clean
> Task :streams:upgrade-system-tests-34:clean
> Task :streams:upgrade-system-tests-36:clean
> Task :streams:upgrade-system-tests-37:clean
> Task :streams:upgrade-system-tests-38:clean
> Task :test-common:test-common-runtime:clean
> Task :streams:upgrade-system-tests-35:clean
> Task :compileJava NO-SOURCE
> Task :processResources NO-SOURCE
> Task :test-common:test-common-api:clean
> Task :tools:tools-api:clean
> Task :classes UP-TO-DATE
> Task :streams:upgrade-system-tests-39:clean
> Task :connect:compileJava NO-SOURCE
> Task :connect:processResources NO-SOURCE
> Task :connect:classes UP-TO-DATE
> Task :jar
> Task :assemble
> Task :spotlessCheck UP-TO-DATE
> Task :spotlessInternalRegisterDependencies
> Task :coordinator-common:processResources NO-SOURCE
> Task :server-common:processResources NO-SOURCE
> Task :connect:jar
> Task :connect:assemble
> Task :server-common:processTestResources
> Task :connect:spotbugsMain NO-SOURCE
> Task :coordinator-common:processTestResources NO-SOURCE
> Task :connect:compileTestJava NO-SOURCE
> Task :connect:processTestResources NO-SOURCE
> Task :connect:testClasses UP-TO-DATE
> Task :connect:spotbugsTest SKIPPED
> Task :clients:processResources
> Task :clients:createVersionFile
> Task :clients:processTestResources
> Task :connect:spotlessJava
> Task :connect:spotlessJavaCheck
> Task :connect:spotlessCheck
> Task :connect:check
> Task :connect:build
> Task :core:processResources NO-SOURCE
> Task :group-coordinator:processResources
> Task :metadata:processResources
> Task :raft:processResources
> Task :raft:createVersionFile
> Task :server:processResources NO-SOURCE
> Task :server:createVersionFile
> Task :server-common:createVersionFile
> Task :share:processResources NO-SOURCE
> Task :share-coordinator:processResources
> Task :storage:processResources
> Task :storage:createVersionFile
> Task :transaction-coordinator:processResources
> Task :group-coordinator:group-coordinator-api:processResources NO-SOURCE
> Task :group-coordinator:group-coordinator-api:createVersionFile
> Task :storage:storage-api:processResources NO-SOURCE
> Task :storage:storage-api:createVersionFile
> Task :tools:tools-api:processResources NO-SOURCE
> Task :tools:tools-api:createVersionFile
> Task :group-coordinator:processTestResources
> Task :raft:processTestResources
> Task :metadata:processTestResources
> Task :server:processTestResources NO-SOURCE
> Task :share:processTestResources NO-SOURCE
> Task :share-coordinator:processTestResources NO-SOURCE
> Task :storage:storage-api:processTestResources NO-SOURCE
> Task :core:processTestResources
> Task :coordinator-common:spotlessJava
> Task :coordinator-common:spotlessJavaCheck
> Task :coordinator-common:spotlessCheck
> Task :examples:processResources NO-SOURCE
> Task :examples:processTestResources NO-SOURCE
> Task :examples:spotlessJava
> Task :examples:spotlessJavaCheck
> Task :examples:spotlessCheck
> Task :core:spotlessJava
> Task :core:spotlessJavaCheck
> Task :core:spotlessCheck
> Task :jmh-benchmarks:processResources NO-SOURCE
> Task :jmh-benchmarks:processTestResources NO-SOURCE
> Task :jmh-benchmarks:spotlessJava
> Task :jmh-benchmarks:spotlessJavaCheck
> Task :jmh-benchmarks:spotlessCheck
> Task :group-coordinator:spotlessJava
> Task :group-coordinator:spotlessJavaCheck
> Task :group-coordinator:spotlessCheck
> Task :raft:spotlessJava
> Task :raft:spotlessJavaCheck
> Task :raft:spotlessCheck
> Task :server:spotlessJava
> Task :server:spotlessJavaCheck
> Task :server:spotlessCheck
> Task :metadata:spotlessJava
> Task :metadata:spotlessJavaCheck
> Task :metadata:spotlessCheck
> Task :server-common:spotlessJava
> Task :server-common:spotlessJavaCheck
> Task :server-common:spotlessCheck
> Task :share-coordinator:spotlessJava
> Task :share-coordinator:spotlessJavaCheck
> Task :share-coordinator:spotlessCheck
> Task :shell:processResources NO-SOURCE
> Task :shell:processTestResources
> Task :shell:spotlessJava
> Task :shell:spotlessJavaCheck
> Task :shell:spotlessCheck
> Task :storage:processTestResources
> Task :share:spotlessJava
> Task :share:spotlessJavaCheck
> Task :share:spotlessCheck
> Task :streams:processResources
> Task :streams:createStreamsVersionFile
> Task :streams:processTestResources
> Task :storage:spotlessJava
> Task :storage:spotlessJavaCheck
> Task :storage:spotlessCheck
> Task :test-common:processResources
> Task :test-common:processTestResources NO-SOURCE
> Task :test-common:spotlessJava
> Task :test-common:spotlessJavaCheck
> Task :test-common:spotlessCheck
> Task :tools:processResources NO-SOURCE
> Task :connect:api:processResources
> Task :connect:json:processResources
> Task :connect:runtime:processResources
> Task :connect:transforms:processResources
> Task :connect:runtime:processTestResources
> Task :streams:integration-tests:compileJava NO-SOURCE
> Task :streams:integration-tests:compileScala NO-SOURCE
> Task :streams:integration-tests:processResources NO-SOURCE
> Task :streams:integration-tests:classes UP-TO-DATE
> Task :streams:integration-tests:processTestResources
> Task :tools:processTestResources
> Task :tools:spotlessJava
> Task :tools:spotlessJavaCheck
> Task :tools:spotlessCheck
> Task :transaction-coordinator:processTestResources NO-SOURCE
> Task :transaction-coordinator:spotlessJava
> Task :transaction-coordinator:spotlessJavaCheck
> Task :transaction-coordinator:spotlessCheck
> Task :trogdor:processResources NO-SOURCE
> Task :trogdor:processTestResources
> Task :trogdor:spotlessJava
> Task :trogdor:spotlessJavaCheck
> Task :trogdor:spotlessCheck
> Task :connect:api:processTestResources
> Task :connect:api:spotlessJava
> Task :connect:api:spotlessJavaCheck
> Task :connect:api:spotlessCheck
> Task :connect:basic-auth-extension:processResources
> Task :connect:basic-auth-extension:processTestResources NO-SOURCE
> Task :connect:basic-auth-extension:spotlessJava
> Task :connect:basic-auth-extension:spotlessJavaCheck
> Task :connect:basic-auth-extension:spotlessCheck
> Task :connect:file:processResources
> Task :connect:file:processTestResources
> Task :connect:file:spotlessJava
> Task :connect:file:spotlessJavaCheck
> Task :connect:file:spotlessCheck
> Task :connect:json:processTestResources
> Task :connect:json:spotlessJava
> Task :connect:json:spotlessJavaCheck
> Task :connect:json:spotlessCheck
> Task :connect:mirror:processResources
> Task :connect:mirror-client:processResources NO-SOURCE
> Task :connect:mirror:processTestResources
> Task :connect:mirror:spotlessJava
> Task :connect:mirror:spotlessJavaCheck
> Task :connect:mirror:spotlessCheck
> Task :connect:mirror-client:processTestResources NO-SOURCE
> Task :connect:mirror-client:spotlessJava
> Task :connect:mirror-client:spotlessJavaCheck
> Task :connect:mirror-client:spotlessCheck
> Task :connect:runtime:spotlessJava
> Task :connect:runtime:spotlessJavaCheck
> Task :connect:runtime:spotlessCheck
> Task :connect:test-plugins:processResources
> Task :connect:test-plugins:processTestResources NO-SOURCE
> Task :connect:test-plugins:spotlessJava
> Task :connect:test-plugins:spotlessJavaCheck
> Task :connect:test-plugins:spotlessCheck
> Task :connect:transforms:processTestResources NO-SOURCE
> Task :clients:spotlessJava
> Task :clients:spotlessJavaCheck
> Task :clients:spotlessCheck
> Task :group-coordinator:group-coordinator-api:processTestResources NO-SOURCE
> Task :group-coordinator:group-coordinator-api:spotlessJava
> Task :group-coordinator:group-coordinator-api:spotlessJavaCheck
> Task :group-coordinator:group-coordinator-api:spotlessCheck
> Task :connect:transforms:spotlessJava
> Task :connect:transforms:spotlessJavaCheck
> Task :connect:transforms:spotlessCheck
> Task :streams:examples:processResources NO-SOURCE
> Task :streams:examples:processTestResources NO-SOURCE
> Task :storage:storage-api:spotlessJava
> Task :storage:storage-api:spotlessJavaCheck
> Task :storage:storage-api:spotlessCheck
> Task :streams:integration-tests:jar
> Task :streams:integration-tests:assemble
> Task :streams:integration-tests:spotbugsMain NO-SOURCE
> Task :streams:examples:spotlessJava
> Task :streams:examples:spotlessJavaCheck
> Task :streams:examples:spotlessCheck
> Task :streams:streams-scala:processResources NO-SOURCE
> Task :streams:streams-scala:processTestResources
> Task :streams:streams-scala:spotlessJava
> Task :streams:streams-scala:spotlessJavaCheck
> Task :streams:integration-tests:spotlessJava
> Task :streams:integration-tests:spotlessJavaCheck
> Task :streams:integration-tests:spotlessCheck
> Task :streams:test-utils:processResources NO-SOURCE
> Task :streams:test-utils:processTestResources
> Task :streams:test-utils:spotlessJava
> Task :streams:test-utils:spotlessJavaCheck
> Task :streams:test-utils:spotlessCheck
> Task :streams:upgrade-system-tests-0100:compileJava NO-SOURCE
> Task :streams:upgrade-system-tests-0100:processResources NO-SOURCE
> Task :streams:upgrade-system-tests-0100:classes UP-TO-DATE
> Task :streams:upgrade-system-tests-0100:jar
> Task :streams:upgrade-system-tests-0100:assemble
> Task :streams:upgrade-system-tests-0100:spotbugsMain NO-SOURCE
> Task :streams:spotlessJava
> Task :streams:spotlessJavaCheck
> Task :streams:spotlessCheck
> Task :streams:upgrade-system-tests-0101:compileJava NO-SOURCE
> Task :streams:upgrade-system-tests-0101:processResources NO-SOURCE
> Task :streams:upgrade-system-tests-0101:classes UP-TO-DATE
> Task :streams:upgrade-system-tests-0101:jar
> Task :streams:upgrade-system-tests-0101:assemble
> Task :streams:upgrade-system-tests-0101:spotbugsMain NO-SOURCE
> Task :streams:upgrade-system-tests-0100:compileTestJava FAILED
> Task :streams:upgrade-system-tests-0101:compileTestJava FAILED
> Task :generator:compileJava FAILED
> Task :streams:streams-scala:spotlessScala

FAILURE: Build completed with 3 failures.

1: Task failed with an exception.
-----------
* What went wrong:
Execution failed for task ':streams:upgrade-system-tests-0100:compileTestJava'.
> error: release version 17 not supported

* Try:
> Run with --stacktrace option to get the stack trace.
> Run with --info or --debug option to get more log output.
> Get more help at https://help.gradle.org.
==============================================================================

2: Task failed with an exception.
-----------
* What went wrong:
Execution failed for task ':streams:upgrade-system-tests-0101:compileTestJava'.
> error: release version 17 not supported

* Try:
> Run with --stacktrace option to get the stack trace.
> Run with --info or --debug option to get more log output.
> Get more help at https://help.gradle.org.
==============================================================================

3: Task failed with an exception.
-----------
* What went wrong:
Execution failed for task ':generator:compileJava'.
> error: release version 17 not supported

* Try:
> Run with --stacktrace option to get the stack trace.
> Run with --info or --debug option to get more log output.
> Get more help at https://help.gradle.org.
==============================================================================

Deprecated Gradle features were used in this build, making it incompatible with Gradle 9.0.

You can use '--warning-mode all' to show the individual deprecation warnings and determine if they come from your own scripts or plugins.

For more on this, please refer to https://docs.gradle.org/8.10.2/userguide/command_line_interface.html#sec:command_line_warnings in the Gradle documentation.

BUILD FAILED in 16s
190 actionable tasks: 190 executed
