
Welcome to Gradle 7.6.4!

Here are the highlights of this release:
 - Added support for Java 19.
 - Introduced `--rerun` flag for individual task rerun.
 - Improved dependency block for test suites to be strongly typed.
 - Added a pluggable system for Java toolchains provisioning.

For more details see https://docs.gradle.org/7.6.4/release-notes.html

Starting a Gradle Daemon (subsequent builds will be faster)

> Configure project :
Starting build with version 3.6.0-SNAPSHOT (commit id 7a679af6) using Gradle 8.1.1, Java 11 and Scala 2.13.10
Build properties: maxParallelForks=4, maxScalacThreads=4, maxTestRetries=0

FAILURE: Build failed with an exception.

* Where:
Build file '/home/runner/work/sonar-analysis/sonar-analysis/project/build.gradle' line: 2522

* What went wrong:
A problem occurred evaluating root project 'kafka'.
> Failed to apply plugin class 'com.github.jengelman.gradle.plugins.shadow.ShadowBasePlugin'.
   > This version of Shadow supports Gradle 8.0+ only. Please upgrade.

* Try:
> Run with --stacktrace option to get the stack trace.
> Run with --info or --debug option to get more log output.
> Run with --scan to get full insights.

* Get more help at https://help.gradle.org

Deprecated Gradle features were used in this build, making it incompatible with Gradle 8.0.

You can use '--warning-mode all' to show the individual deprecation warnings and determine if they come from your own scripts or plugins.

See https://docs.gradle.org/7.6.4/userguide/command_line_interface.html#sec:command_line_warnings

BUILD FAILED in 46s
