
> Configure project :
Starting build with version 3.6.0-SNAPSHOT (commit id e2994234) using Gradle 8.1.1, Java 17 and Scala 2.13.10
Build properties: maxParallelForks=4, maxScalacThreads=4, maxTestRetries=0

> Task :clean
> Task :connect:clean
> Task :examples:clean
> Task :generator:clean
> Task :group-coordinator:clean
> Task :log4j-appender:clean
> Task :jmh-benchmarks:clean
> Task :metadata:clean
> Task :raft:clean
> Task :server-common:clean
> Task :shell:clean
> Task :storage:clean
> Task :tools:clean
> Task :trogdor:clean
> Task :connect:api:clean
> Task :connect:basic-auth-extension:clean
> Task :connect:file:clean
> Task :connect:json:clean
> Task :streams:clean
> Task :connect:mirror-client:clean
> Task :connect:mirror:clean
> Task :connect:transforms:clean
> Task :core:clean
> Task :storage:api:clean
> Task :clients:clean
> Task :streams:examples:clean
> Task :streams:upgrade-system-tests-0100:clean
> Task :streams:upgrade-system-tests-0101:clean
> Task :streams:upgrade-system-tests-0102:clean
> Task :streams:upgrade-system-tests-0110:clean
> Task :streams:streams-scala:clean
> Task :streams:upgrade-system-tests-10:clean
> Task :streams:upgrade-system-tests-20:clean
> Task :streams:upgrade-system-tests-11:clean
> Task :streams:upgrade-system-tests-21:clean
> Task :streams:upgrade-system-tests-22:clean
> Task :streams:test-utils:clean
> Task :streams:upgrade-system-tests-25:clean
> Task :streams:upgrade-system-tests-24:clean
> Task :streams:upgrade-system-tests-26:clean
> Task :streams:upgrade-system-tests-23:clean
> Task :streams:upgrade-system-tests-27:clean
> Task :streams:upgrade-system-tests-28:clean
> Task :streams:upgrade-system-tests-31:clean
> Task :streams:upgrade-system-tests-32:clean
> Task :connect:runtime:clean
> Task :streams:upgrade-system-tests-30:clean
> Task :compileJava NO-SOURCE
> Task :streams:upgrade-system-tests-33:clean
> Task :tools:tools-api:clean
> Task :processResources NO-SOURCE
> Task :classes UP-TO-DATE
> Task :connect:compileJava NO-SOURCE
> Task :connect:processResources NO-SOURCE
> Task :connect:classes UP-TO-DATE
> Task :jar
> Task :assemble
> Task :connect:jar
> Task :connect:assemble
> Task :core:processResources
> Task :server-common:processResources NO-SOURCE
> Task :server-common:processTestResources
> Task :group-coordinator:processResources
> Task :group-coordinator:processTestResources
> Task :raft:processResources
> Task :metadata:processResources
> Task :raft:processTestResources
> Task :metadata:processTestResources
> Task :raft:createVersionFile
> Task :server-common:createVersionFile
> Task :storage:api:processResources NO-SOURCE
> Task :storage:api:createVersionFile
> Task :storage:api:processTestResources NO-SOURCE
> Task :tools:tools-api:processResources NO-SOURCE
> Task :tools:tools-api:createVersionFile
> Task :examples:processResources NO-SOURCE
> Task :storage:processResources
> Task :core:processTestResources
> Task :jmh-benchmarks:processResources NO-SOURCE
> Task :storage:createVersionFile
> Task :log4j-appender:processResources NO-SOURCE
> Task :shell:processResources NO-SOURCE
> Task :tools:processResources NO-SOURCE
> Task :trogdor:processResources NO-SOURCE
> Task :connect:api:processResources NO-SOURCE
> Task :streams:processResources
> Task :streams:createStreamsVersionFile
> Task :connect:file:processResources NO-SOURCE
> Task :connect:json:processResources NO-SOURCE
> Task :connect:basic-auth-extension:processResources
> Task :connect:mirror:processResources NO-SOURCE
> Task :connect:mirror-client:processResources NO-SOURCE
> Task :connect:transforms:processResources NO-SOURCE
> Task :streams:examples:processResources NO-SOURCE
> Task :connect:runtime:processResources
> Task :streams:streams-scala:processResources NO-SOURCE
> Task :streams:test-utils:processResources NO-SOURCE
> Task :streams:upgrade-system-tests-0100:compileJava NO-SOURCE
> Task :streams:upgrade-system-tests-0100:processResources NO-SOURCE
> Task :streams:upgrade-system-tests-0100:classes UP-TO-DATE
> Task :streams:upgrade-system-tests-0100:jar
> Task :streams:upgrade-system-tests-0100:assemble
> Task :streams:upgrade-system-tests-0101:compileJava NO-SOURCE
> Task :streams:upgrade-system-tests-0101:processResources NO-SOURCE
> Task :streams:upgrade-system-tests-0101:classes UP-TO-DATE
> Task :streams:upgrade-system-tests-0101:jar
> Task :streams:upgrade-system-tests-0101:assemble
> Task :streams:upgrade-system-tests-0102:compileJava NO-SOURCE
> Task :clients:processResources
> Task :streams:upgrade-system-tests-0102:processResources NO-SOURCE
> Task :streams:upgrade-system-tests-0102:classes UP-TO-DATE
> Task :connect:runtime:processTestResources
> Task :clients:createVersionFile
> Task :streams:upgrade-system-tests-0110:compileJava NO-SOURCE
> Task :streams:upgrade-system-tests-0110:processResources NO-SOURCE
> Task :streams:upgrade-system-tests-0110:classes UP-TO-DATE
> Task :clients:processTestResources
> Task :streams:upgrade-system-tests-10:compileJava NO-SOURCE
> Task :streams:upgrade-system-tests-10:processResources NO-SOURCE
> Task :streams:upgrade-system-tests-0102:jar
> Task :streams:upgrade-system-tests-0102:assemble
> Task :streams:upgrade-system-tests-10:classes UP-TO-DATE
> Task :streams:upgrade-system-tests-11:compileJava NO-SOURCE
> Task :streams:upgrade-system-tests-11:processResources NO-SOURCE
> Task :streams:upgrade-system-tests-0110:jar
> Task :streams:upgrade-system-tests-0110:assemble
> Task :streams:upgrade-system-tests-11:classes UP-TO-DATE
> Task :streams:upgrade-system-tests-20:compileJava NO-SOURCE
> Task :streams:upgrade-system-tests-20:processResources NO-SOURCE
> Task :streams:upgrade-system-tests-20:classes UP-TO-DATE
> Task :streams:upgrade-system-tests-11:jar
> Task :streams:upgrade-system-tests-11:assemble
> Task :streams:upgrade-system-tests-10:jar
> Task :streams:upgrade-system-tests-10:assemble
> Task :streams:upgrade-system-tests-21:compileJava NO-SOURCE
> Task :streams:upgrade-system-tests-22:compileJava NO-SOURCE
> Task :streams:upgrade-system-tests-21:processResources NO-SOURCE
> Task :streams:upgrade-system-tests-21:classes UP-TO-DATE
> Task :streams:upgrade-system-tests-22:processResources NO-SOURCE
> Task :streams:upgrade-system-tests-22:classes UP-TO-DATE
> Task :streams:upgrade-system-tests-21:jar
> Task :streams:upgrade-system-tests-21:assemble
> Task :streams:upgrade-system-tests-23:compileJava NO-SOURCE
> Task :streams:upgrade-system-tests-23:processResources NO-SOURCE
> Task :streams:upgrade-system-tests-23:classes UP-TO-DATE
> Task :streams:upgrade-system-tests-20:jar
> Task :streams:upgrade-system-tests-20:assemble
> Task :streams:upgrade-system-tests-24:compileJava NO-SOURCE
> Task :streams:upgrade-system-tests-22:jar
> Task :streams:upgrade-system-tests-22:assemble
> Task :streams:upgrade-system-tests-24:processResources NO-SOURCE
> Task :streams:upgrade-system-tests-25:compileJava NO-SOURCE
> Task :streams:upgrade-system-tests-24:classes UP-TO-DATE
> Task :streams:upgrade-system-tests-25:processResources NO-SOURCE
> Task :streams:upgrade-system-tests-25:classes UP-TO-DATE
> Task :streams:upgrade-system-tests-23:jar
> Task :streams:upgrade-system-tests-23:assemble
> Task :streams:upgrade-system-tests-26:compileJava NO-SOURCE
> Task :streams:upgrade-system-tests-26:processResources NO-SOURCE
> Task :streams:upgrade-system-tests-26:classes UP-TO-DATE
> Task :streams:upgrade-system-tests-25:jar
> Task :streams:upgrade-system-tests-25:assemble
> Task :streams:upgrade-system-tests-27:compileJava NO-SOURCE
> Task :streams:upgrade-system-tests-27:processResources NO-SOURCE
> Task :streams:upgrade-system-tests-24:jar
> Task :streams:upgrade-system-tests-27:classes UP-TO-DATE
> Task :streams:upgrade-system-tests-24:assemble
> Task :streams:upgrade-system-tests-26:jar
> Task :streams:upgrade-system-tests-26:assemble
> Task :streams:upgrade-system-tests-28:compileJava NO-SOURCE
> Task :streams:upgrade-system-tests-28:processResources NO-SOURCE
> Task :streams:upgrade-system-tests-28:classes UP-TO-DATE
> Task :streams:upgrade-system-tests-30:compileJava NO-SOURCE
> Task :streams:upgrade-system-tests-30:processResources NO-SOURCE
> Task :streams:upgrade-system-tests-30:classes UP-TO-DATE
> Task :streams:upgrade-system-tests-27:jar
> Task :streams:upgrade-system-tests-27:assemble
> Task :streams:upgrade-system-tests-31:compileJava NO-SOURCE
> Task :streams:upgrade-system-tests-30:jar
> Task :streams:upgrade-system-tests-30:assemble
> Task :streams:upgrade-system-tests-31:processResources NO-SOURCE
> Task :streams:upgrade-system-tests-31:classes UP-TO-DATE
> Task :streams:upgrade-system-tests-32:compileJava NO-SOURCE
> Task :streams:upgrade-system-tests-32:processResources NO-SOURCE
> Task :streams:upgrade-system-tests-28:jar
> Task :streams:upgrade-system-tests-28:assemble
> Task :streams:upgrade-system-tests-32:classes UP-TO-DATE
> Task :streams:upgrade-system-tests-33:compileJava NO-SOURCE
> Task :streams:upgrade-system-tests-33:processResources NO-SOURCE
> Task :streams:upgrade-system-tests-33:classes UP-TO-DATE
> Task :streams:upgrade-system-tests-31:jar
> Task :streams:upgrade-system-tests-31:assemble
> Task :streams:upgrade-system-tests-33:jar
> Task :streams:upgrade-system-tests-33:assemble
> Task :streams:upgrade-system-tests-32:jar
> Task :streams:upgrade-system-tests-32:assemble
> Task :generator:compileJava
> Task :generator:processResources NO-SOURCE
> Task :generator:classes
> Task :generator:jar
> Task :core:processMessages UP-TO-DATE
> Task :clients:processMessages UP-TO-DATE
> Task :group-coordinator:processMessages UP-TO-DATE
> Task :raft:processMessages UP-TO-DATE
> Task :storage:processMessages UP-TO-DATE
> Task :generator:assemble
> Task :metadata:processMessages UP-TO-DATE
> Task :streams:processMessages UP-TO-DATE
> Task :clients:compileJava
> Task :clients:classes
> Task :tools:tools-api:compileJava
> Task :tools:tools-api:classes
> Task :tools:tools-api:jar
> Task :storage:api:compileJava
> Task :storage:api:classes
> Task :storage:api:jar
> Task :log4j-appender:compileJava
> Task :log4j-appender:classes
> Task :log4j-appender:jar
> Task :log4j-appender:assemble
> Task :server-common:compileJava
> Task :clients:jar
> Task :clients:assemble
> Task :raft:compileJava
> Task :storage:compileJava
> Task :clients:processTestMessages UP-TO-DATE
> Task :trogdor:compileJava
> Task :server-common:classes
> Task :raft:classes
> Task :raft:jar
> Task :server-common:jar
> Task :storage:classes
> Task :storage:jar
> Task :examples:compileJava
> Task :examples:classes
> Task :examples:jar
> Task :examples:assemble
> Task :raft:assemble
> Task :server-common:assemble
> Task :storage:assemble
> Task :metadata:compileJava
> Task :tools:compileJava
> Task :metadata:classes
> Task :metadata:jar
> Task :metadata:assemble
> Task :tools:classes
> Task :trogdor:classes
> Task :group-coordinator:compileJava
> Task :core:compileJava NO-SOURCE
> Task :connect:api:compileJava
> Task :group-coordinator:classes
> Task :group-coordinator:jar
> Task :group-coordinator:assemble
> Task :connect:api:classes
> Task :connect:basic-auth-extension:compileJava
> Task :connect:basic-auth-extension:classes
> Task :connect:file:compileJava
> Task :connect:file:classes
> Task :connect:json:compileJava
> Task :connect:json:classes
> Task :connect:mirror-client:compileJava
> Task :connect:transforms:compileJava
> Task :streams:compileJava
> Task :streams:classes
> Task :streams:copyDependantLibs
> Task :streams:jar
> Task :streams:assemble
> Task :connect:mirror-client:classes
> Task :connect:transforms:classes
> Task :storage:api:assemble
> Task :streams:examples:compileJava
> Task :streams:examples:classes
> Task :streams:streams-scala:compileJava NO-SOURCE
> Task :connect:runtime:compileJava
> Task :connect:mirror:compileJava
> Task :connect:mirror:classes
> Task :connect:runtime:classes
> Task :streams:test-utils:compileJava
> Task :streams:test-utils:classes
> Task :streams:test-utils:copyDependantLibs
> Task :streams:test-utils:jar
> Task :streams:test-utils:assemble
> Task :tools:tools-api:assemble
> Task :streams:streams-scala:compileScala
> Task :streams:streams-scala:classes
> Task :streams:streams-scala:copyDependantLibs
> Task :streams:streams-scala:jar
> Task :streams:streams-scala:assemble
> Task :clients:compileTestJava
> Task :clients:testClasses
> Task :storage:api:compileTestJava
> Task :storage:api:testClasses
> Task :trogdor:copyDependantLibs
> Task :trogdor:jar
> Task :trogdor:assemble
> Task :connect:api:copyDependantLibs
> Task :connect:api:jar
> Task :connect:api:assemble
> Task :connect:basic-auth-extension:copyDependantLibs
> Task :connect:basic-auth-extension:jar
> Task :connect:basic-auth-extension:assemble
> Task :server-common:compileTestJava
> Task :server-common:testClasses
> Task :connect:file:copyDependantLibs
> Task :connect:file:jar
> Task :connect:file:assemble
> Task :connect:json:copyDependantLibs
> Task :connect:json:jar
> Task :connect:json:assemble
> Task :connect:mirror-client:copyDependantLibs
> Task :connect:mirror-client:jar
> Task :connect:transforms:copyDependantLibs
> Task :connect:transforms:jar
> Task :connect:mirror-client:assemble
> Task :connect:transforms:assemble
> Task :group-coordinator:compileTestJava
> Task :group-coordinator:testClasses
> Task :streams:examples:copyDependantLibs
> Task :streams:examples:jar
> Task :streams:examples:assemble
> Task :raft:compileTestJava
> Task :raft:testClasses
> Task :metadata:compileTestJava
> Task :metadata:testClasses
> Task :core:compileScala
[Warn] /home/runner/.gradle/workers/warning:[options] bootstrap class path not set in conjunction with -source 8
/home/runner/work/sonar-analysis/sonar-analysis/project/core/src/main/java/kafka/log/remote/RemoteLogManager.java:62:  [removal] AccessController in java.security has been deprecated and marked for removal
[Warn] /home/runner/work/sonar-analysis/sonar-analysis/project/core/src/main/java/kafka/log/remote/RemoteLogManager.java:163:  [removal] AccessController in java.security has been deprecated and marked for removal

> Task :core:classes
> Task :core:copyDependantLibs
> Task :shell:compileJava
> Task :shell:classes
> Task :core:jar
> Task :core:assemble
> Task :core:compileTestJava NO-SOURCE
> Task :shell:copyDependantLibs
> Task :shell:jar
> Task :shell:assemble
> Task :core:compileTestScala
Unexpected javac output: warning: [options] bootstrap class path not set in conjunction with -source 8
Note: /home/runner/work/sonar-analysis/sonar-analysis/project/core/src/test/java/kafka/log/remote/RemoteLogManagerTest.java uses or overrides a deprecated API.
Note: Recompile with -Xlint:deprecation for details.
Note: /home/runner/work/sonar-analysis/sonar-analysis/project/core/src/test/java/kafka/log/remote/RemoteLogManagerTest.java uses unchecked or unsafe operations.
Note: Recompile with -Xlint:unchecked for details.
1 warning.

> Task :core:testClasses
> Task :tools:copyDependantLibs
> Task :tools:jar
> Task :tools:assemble
> Task :jmh-benchmarks:compileJava
> Task :jmh-benchmarks:classes
> Task :jmh-benchmarks:jar
> Task :jmh-benchmarks:assemble
> Task :connect:runtime:compileTestJava
> Task :connect:runtime:copyDependantLibs
> Task :connect:runtime:jar
> Task :connect:runtime:testClasses
> Task :connect:runtime:assemble
> Task :connect:mirror:copyDependantLibs
> Task :connect:mirror:jar
> Task :connect:mirror:assemble

BUILD SUCCESSFUL in 1m 28s
181 actionable tasks: 173 executed, 8 up-to-date
