
> Configure project :
Starting build with version 4.1.0-SNAPSHOT (commit id ae771d73) using Gradle 8.10.2, Java 17 and Scala 2.13.15
Build properties: ignoreFailures=false, maxParallelForks=4, maxScalacThreads=4, maxTestRetries=0

> Task :connect:clean
> Task :clean
> Task :coordinator-common:clean
> Task :examples:clean
> Task :generator:clean
> Task :group-coordinator:clean
> Task :jmh-benchmarks:clean
> Task :core:clean
> Task :server:clean
> Task :raft:clean
> Task :metadata:clean
> Task :share-coordinator:clean
> Task :shell:clean
> Task :server-common:clean
> Task :test-common:clean
> Task :storage:clean
> Task :transaction-coordinator:clean
> Task :tools:clean
> Task :clients:clients-integration-tests:clean
> Task :connect:api:clean
> Task :trogdor:clean
> Task :connect:basic-auth-extension:clean
> Task :connect:file:clean
> Task :connect:json:clean
> Task :connect:mirror-client:clean
> Task :connect:mirror:clean
> Task :streams:clean
> Task :connect:test-plugins:clean
> Task :group-coordinator:group-coordinator-api:clean
> Task :connect:transforms:clean
> Task :storage:storage-api:clean
> Task :streams:examples:clean
> Task :streams:integration-tests:clean
> Task :connect:runtime:clean
> Task :streams:upgrade-system-tests-0110:clean
> Task :streams:upgrade-system-tests-10:clean
> Task :streams:upgrade-system-tests-11:clean
> Task :streams:streams-scala:clean
> Task :streams:test-utils:clean
> Task :streams:upgrade-system-tests-20:clean
> Task :streams:upgrade-system-tests-21:clean
> Task :streams:upgrade-system-tests-22:clean
> Task :streams:upgrade-system-tests-23:clean
> Task :streams:upgrade-system-tests-25:clean
> Task :streams:upgrade-system-tests-24:clean
> Task :streams:upgrade-system-tests-26:clean
> Task :streams:upgrade-system-tests-27:clean
> Task :streams:upgrade-system-tests-28:clean
> Task :streams:upgrade-system-tests-30:clean
> Task :streams:upgrade-system-tests-32:clean
> Task :streams:upgrade-system-tests-31:clean
> Task :streams:upgrade-system-tests-33:clean
> Task :streams:upgrade-system-tests-35:clean
> Task :streams:upgrade-system-tests-34:clean
> Task :streams:upgrade-system-tests-36:clean
> Task :streams:upgrade-system-tests-37:clean
> Task :streams:upgrade-system-tests-38:clean
> Task :streams:upgrade-system-tests-39:clean
> Task :test-common:test-common-internal-api:clean
> Task :streams:upgrade-system-tests-40:clean
> Task :test-common:test-common-util:clean
> Task :tools:tools-api:clean
> Task :test-common:test-common-runtime:clean
> Task :compileJava NO-SOURCE
> Task :connect:compileJava NO-SOURCE
> Task :connect:processResources NO-SOURCE
> Task :processResources NO-SOURCE
> Task :connect:classes UP-TO-DATE
> Task :classes UP-TO-DATE
> Task :clients:clean
> Task :connect:jar
> Task :connect:assemble
> Task :coordinator-common:processResources NO-SOURCE
> Task :core:processResources NO-SOURCE
> Task :jar
> Task :assemble
> Task :metadata:processResources
> Task :raft:processResources
> Task :raft:createVersionFile
> Task :server:processResources NO-SOURCE
> Task :group-coordinator:processResources
> Task :server-common:processResources NO-SOURCE
> Task :server:createVersionFile
> Task :server-common:createVersionFile
> Task :share-coordinator:processResources
> Task :storage:processResources
> Task :storage:createVersionFile
> Task :group-coordinator:group-coordinator-api:processResources NO-SOURCE
> Task :transaction-coordinator:processResources
> Task :storage:storage-api:processResources NO-SOURCE
> Task :group-coordinator:group-coordinator-api:createVersionFile
> Task :tools:tools-api:processResources NO-SOURCE
> Task :storage:storage-api:createVersionFile
> Task :examples:processResources NO-SOURCE
> Task :tools:tools-api:createVersionFile
> Task :server-common:processTestResources
> Task :coordinator-common:processTestResources NO-SOURCE
> Task :group-coordinator:processTestResources
> Task :raft:processTestResources
> Task :metadata:processTestResources
> Task :storage:storage-api:processTestResources NO-SOURCE
> Task :server:processTestResources NO-SOURCE
> Task :share-coordinator:processTestResources NO-SOURCE
> Task :core:processTestResources
> Task :clients:processResources
> Task :jmh-benchmarks:processResources NO-SOURCE
> Task :shell:processResources NO-SOURCE
> Task :clients:createVersionFile
> Task :streams:processResources
> Task :streams:createStreamsVersionFile
> Task :test-common:compileJava NO-SOURCE
> Task :test-common:processResources NO-SOURCE
> Task :test-common:classes UP-TO-DATE
> Task :clients:processTestResources
> Task :tools:processResources NO-SOURCE
> Task :test-common:jar
> Task :test-common:assemble
> Task :connect:api:processResources
> Task :connect:json:processResources
> Task :connect:runtime:processResources
> Task :trogdor:processResources NO-SOURCE
> Task :clients:clients-integration-tests:processResources NO-SOURCE
> Task :connect:transforms:processResources
> Task :connect:basic-auth-extension:processResources
> Task :connect:file:processResources
> Task :connect:mirror:processResources
> Task :connect:mirror-client:processResources NO-SOURCE
> Task :streams:examples:processResources NO-SOURCE
> Task :streams:integration-tests:compileJava NO-SOURCE
> Task :streams:integration-tests:compileScala NO-SOURCE
> Task :connect:test-plugins:processResources
> Task :streams:integration-tests:processResources NO-SOURCE
> Task :streams:streams-scala:processResources NO-SOURCE
> Task :streams:integration-tests:classes UP-TO-DATE
> Task :streams:test-utils:processResources NO-SOURCE
> Task :streams:upgrade-system-tests-0110:compileJava NO-SOURCE
> Task :streams:upgrade-system-tests-0110:processResources NO-SOURCE
> Task :streams:upgrade-system-tests-0110:classes UP-TO-DATE
> Task :streams:integration-tests:jar
> Task :streams:integration-tests:assemble
> Task :streams:upgrade-system-tests-10:compileJava NO-SOURCE
> Task :streams:upgrade-system-tests-10:processResources NO-SOURCE
> Task :streams:upgrade-system-tests-10:classes UP-TO-DATE
> Task :streams:upgrade-system-tests-10:jar
> Task :streams:upgrade-system-tests-10:assemble
> Task :streams:upgrade-system-tests-0110:jar
> Task :streams:upgrade-system-tests-0110:assemble
> Task :streams:upgrade-system-tests-11:compileJava NO-SOURCE
> Task :streams:upgrade-system-tests-11:processResources NO-SOURCE
> Task :streams:upgrade-system-tests-11:classes UP-TO-DATE
> Task :streams:upgrade-system-tests-20:compileJava NO-SOURCE
> Task :streams:upgrade-system-tests-20:processResources NO-SOURCE
> Task :streams:upgrade-system-tests-20:classes UP-TO-DATE
> Task :streams:upgrade-system-tests-11:jar
> Task :streams:upgrade-system-tests-11:assemble
> Task :streams:upgrade-system-tests-21:compileJava NO-SOURCE
> Task :streams:upgrade-system-tests-21:processResources NO-SOURCE
> Task :streams:upgrade-system-tests-21:classes UP-TO-DATE
> Task :streams:upgrade-system-tests-20:jar
> Task :streams:upgrade-system-tests-20:assemble
> Task :streams:upgrade-system-tests-22:compileJava NO-SOURCE
> Task :streams:upgrade-system-tests-21:jar
> Task :streams:upgrade-system-tests-21:assemble
> Task :streams:upgrade-system-tests-22:processResources NO-SOURCE
> Task :streams:upgrade-system-tests-22:classes UP-TO-DATE
> Task :streams:upgrade-system-tests-23:compileJava NO-SOURCE
> Task :streams:upgrade-system-tests-23:processResources NO-SOURCE
> Task :streams:upgrade-system-tests-23:classes UP-TO-DATE
> Task :streams:upgrade-system-tests-23:jar
> Task :streams:upgrade-system-tests-23:assemble
> Task :streams:upgrade-system-tests-22:jar
> Task :streams:upgrade-system-tests-24:compileJava NO-SOURCE
> Task :streams:upgrade-system-tests-22:assemble
> Task :streams:upgrade-system-tests-24:processResources NO-SOURCE
> Task :streams:upgrade-system-tests-24:classes UP-TO-DATE
> Task :streams:upgrade-system-tests-25:compileJava NO-SOURCE
> Task :streams:upgrade-system-tests-25:processResources NO-SOURCE
> Task :streams:upgrade-system-tests-25:classes UP-TO-DATE
> Task :streams:upgrade-system-tests-24:jar
> Task :streams:upgrade-system-tests-24:assemble
> Task :streams:upgrade-system-tests-26:compileJava NO-SOURCE
> Task :streams:upgrade-system-tests-26:processResources NO-SOURCE
> Task :streams:upgrade-system-tests-26:classes UP-TO-DATE
> Task :streams:upgrade-system-tests-25:jar
> Task :streams:upgrade-system-tests-25:assemble
> Task :streams:upgrade-system-tests-27:compileJava NO-SOURCE
> Task :streams:upgrade-system-tests-27:processResources NO-SOURCE
> Task :streams:upgrade-system-tests-27:classes UP-TO-DATE
> Task :streams:upgrade-system-tests-26:jar
> Task :streams:upgrade-system-tests-26:assemble
> Task :streams:upgrade-system-tests-28:compileJava NO-SOURCE
> Task :streams:upgrade-system-tests-28:processResources NO-SOURCE
> Task :streams:upgrade-system-tests-28:classes UP-TO-DATE
> Task :streams:upgrade-system-tests-27:jar
> Task :streams:upgrade-system-tests-27:assemble
> Task :streams:upgrade-system-tests-30:compileJava NO-SOURCE
> Task :streams:upgrade-system-tests-30:processResources NO-SOURCE
> Task :streams:upgrade-system-tests-30:classes UP-TO-DATE
> Task :streams:upgrade-system-tests-28:jar
> Task :streams:upgrade-system-tests-28:assemble
> Task :streams:upgrade-system-tests-31:compileJava NO-SOURCE
> Task :streams:upgrade-system-tests-30:jar
> Task :streams:upgrade-system-tests-30:assemble
> Task :streams:upgrade-system-tests-31:processResources NO-SOURCE
> Task :streams:upgrade-system-tests-31:classes UP-TO-DATE
> Task :streams:upgrade-system-tests-32:compileJava NO-SOURCE
> Task :streams:upgrade-system-tests-32:processResources NO-SOURCE
> Task :streams:upgrade-system-tests-32:classes UP-TO-DATE
> Task :streams:upgrade-system-tests-32:jar
> Task :streams:upgrade-system-tests-32:assemble
> Task :streams:upgrade-system-tests-31:jar
> Task :streams:upgrade-system-tests-33:compileJava NO-SOURCE
> Task :streams:upgrade-system-tests-33:processResources NO-SOURCE
> Task :streams:upgrade-system-tests-31:assemble
> Task :streams:upgrade-system-tests-33:classes UP-TO-DATE
> Task :streams:upgrade-system-tests-34:compileJava NO-SOURCE
> Task :streams:upgrade-system-tests-34:processResources NO-SOURCE
> Task :streams:upgrade-system-tests-34:classes UP-TO-DATE
> Task :streams:upgrade-system-tests-33:jar
> Task :streams:upgrade-system-tests-33:assemble
> Task :streams:upgrade-system-tests-35:compileJava NO-SOURCE
> Task :streams:upgrade-system-tests-35:processResources NO-SOURCE
> Task :streams:upgrade-system-tests-35:classes UP-TO-DATE
> Task :streams:upgrade-system-tests-34:jar
> Task :streams:upgrade-system-tests-34:assemble
> Task :streams:upgrade-system-tests-36:compileJava NO-SOURCE
> Task :streams:upgrade-system-tests-35:jar
> Task :streams:upgrade-system-tests-35:assemble
> Task :streams:upgrade-system-tests-36:processResources NO-SOURCE
> Task :streams:upgrade-system-tests-36:classes UP-TO-DATE
> Task :streams:upgrade-system-tests-37:compileJava NO-SOURCE
> Task :streams:upgrade-system-tests-37:processResources NO-SOURCE
> Task :streams:upgrade-system-tests-37:classes UP-TO-DATE
> Task :streams:upgrade-system-tests-37:jar
> Task :streams:upgrade-system-tests-37:assemble
> Task :streams:upgrade-system-tests-36:jar
> Task :streams:upgrade-system-tests-36:assemble
> Task :streams:upgrade-system-tests-38:compileJava NO-SOURCE
> Task :streams:upgrade-system-tests-38:processResources NO-SOURCE
> Task :streams:upgrade-system-tests-38:classes UP-TO-DATE
> Task :streams:upgrade-system-tests-39:compileJava NO-SOURCE
> Task :streams:upgrade-system-tests-39:processResources NO-SOURCE
> Task :streams:upgrade-system-tests-39:classes UP-TO-DATE
> Task :streams:upgrade-system-tests-38:jar
> Task :streams:upgrade-system-tests-38:assemble
> Task :streams:upgrade-system-tests-40:compileJava NO-SOURCE
> Task :streams:upgrade-system-tests-40:processResources NO-SOURCE
> Task :streams:upgrade-system-tests-39:jar
> Task :streams:upgrade-system-tests-40:classes UP-TO-DATE
> Task :streams:upgrade-system-tests-39:assemble
> Task :test-common:test-common-internal-api:processResources NO-SOURCE
> Task :streams:upgrade-system-tests-40:jar
> Task :streams:upgrade-system-tests-40:assemble
> Task :test-common:test-common-runtime:processResources
> Task :test-common:test-common-util:compileJava
> Task :test-common:test-common-util:processResources
> Task :test-common:test-common-util:classes
> Task :test-common:test-common-util:jar
> Task :test-common:test-common-util:assemble
> Task :generator:compileJava
> Task :generator:processResources NO-SOURCE
> Task :generator:classes
> Task :generator:jar

> Task :raft:processMessages
MessageGenerator: processed 1 Kafka message JSON files(s).

> Task :storage:processMessages
MessageGenerator: processed 5 Kafka message JSON files(s).

> Task :metadata:processMessages
MessageGenerator: processed 26 Kafka message JSON files(s).

> Task :clients:processMessages
MessageGenerator: processed 197 Kafka message JSON files(s).

> Task :share-coordinator:processMessages
MessageGenerator: processed 4 Kafka message JSON files(s).

> Task :generator:assemble

> Task :group-coordinator:processMessages
MessageGenerator: processed 48 Kafka message JSON files(s).

> Task :transaction-coordinator:processMessages
MessageGenerator: processed 2 Kafka message JSON files(s).

> Task :streams:processMessages
MessageGenerator: processed 1 Kafka message JSON files(s).

> Task :clients:compileJava
> Task :clients:classes
> Task :group-coordinator:group-coordinator-api:compileJava
> Task :group-coordinator:group-coordinator-api:classes
> Task :group-coordinator:group-coordinator-api:jar
> Task :tools:tools-api:compileJava
> Task :tools:tools-api:classes
> Task :tools:tools-api:jar
> Task :examples:compileJava
> Task :examples:classes
> Task :examples:jar
> Task :examples:assemble
> Task :connect:mirror-client:compileJava
> Task :connect:mirror-client:classes
> Task :group-coordinator:group-coordinator-api:assemble
> Task :tools:tools-api:assemble
> Task :connect:api:compileJava
> Task :connect:json:compileJava
> Task :connect:api:classes
> Task :connect:json:classes
> Task :connect:basic-auth-extension:compileJava
> Task :connect:basic-auth-extension:classes
> Task :connect:transforms:compileJava
> Task :connect:file:compileJava
> Task :connect:transforms:classes
> Task :connect:file:classes
> Task :server-common:compileJava
> Task :storage:storage-api:compileJava
> Task :server-common:classes
> Task :server-common:jar
> Task :storage:storage-api:classes
> Task :storage:storage-api:jar
> Task :test-common:test-common-internal-api:compileJava
> Task :server-common:assemble
> Task :connect:test-plugins:compileJava
> Task :connect:test-plugins:classes
> Task :connect:test-plugins:jar
> Task :connect:test-plugins:assemble
> Task :storage:storage-api:assemble
> Task :test-common:test-common-internal-api:classes
> Task :test-common:test-common-internal-api:jar
> Task :test-common:test-common-internal-api:assemble
> Task :raft:compileJava
> Task :raft:classes
> Task :raft:jar
> Task :raft:assemble
> Task :connect:runtime:compileJava
> Task :connect:runtime:classes
> Task :connect:mirror:compileJava
> Task :connect:mirror:classes
> Task :metadata:compileJava
> Task :metadata:classes
> Task :metadata:jar
> Task :metadata:assemble
> Task :clients:shadowJar
> Task :clients:jar SKIPPED
> Task :clients:assemble UP-TO-DATE
> Task :connect:api:copyDependantLibs
> Task :connect:api:jar
> Task :connect:json:copyDependantLibs
> Task :connect:json:jar
> Task :connect:transforms:copyDependantLibs
> Task :connect:transforms:jar
> Task :connect:runtime:copyDependantLibs
> Task :storage:compileJava
> Task :connect:runtime:jar
> Task :storage:classes
> Task :storage:jar
> Task :storage:assemble
> Task :connect:api:assemble
> Task :connect:basic-auth-extension:copyDependantLibs
> Task :connect:basic-auth-extension:jar
> Task :connect:basic-auth-extension:assemble
> Task :connect:file:copyDependantLibs
> Task :coordinator-common:compileJava
> Task :coordinator-common:classes
> Task :connect:file:jar
> Task :coordinator-common:jar
> Task :coordinator-common:assemble
> Task :share-coordinator:compileJava
> Task :transaction-coordinator:compileJava
> Task :share-coordinator:classes
> Task :share-coordinator:jar
> Task :transaction-coordinator:classes
> Task :transaction-coordinator:jar
> Task :share-coordinator:assemble
> Task :transaction-coordinator:assemble
> Task :connect:file:assemble
> Task :connect:json:assemble

> Task :clients:processTestMessages
MessageGenerator: processed 4 Kafka message JSON files(s).

> Task :connect:mirror-client:copyDependantLibs
> Task :connect:mirror-client:jar
> Task :connect:mirror:copyDependantLibs
> Task :connect:mirror:jar
> Task :connect:mirror:assemble
> Task :connect:mirror-client:assemble
> Task :connect:runtime:assemble
> Task :connect:transforms:assemble
> Task :group-coordinator:compileJava
> Task :group-coordinator:classes
> Task :group-coordinator:jar
> Task :group-coordinator:assemble
> Task :server:compileJava
> Task :core:compileJava NO-SOURCE
> Task :trogdor:compileJava
> Task :server:classes
> Task :server:jar
> Task :server:assemble
> Task :streams:compileJava
> Task :streams:classes
> Task :streams:copyDependantLibs
> Task :streams:jar
> Task :streams:assemble
> Task :trogdor:classes
> Task :trogdor:copyDependantLibs
> Task :trogdor:jar
> Task :trogdor:assemble
> Task :clients:clients-integration-tests:compileJava NO-SOURCE
> Task :clients:clients-integration-tests:classes UP-TO-DATE
> Task :clients:clients-integration-tests:jar
> Task :clients:clients-integration-tests:assemble
> Task :tools:compileJava
> Task :tools:classes
> Task :tools:copyDependantLibs
> Task :streams:examples:compileJava
> Task :streams:examples:classes
> Task :tools:jar
> Task :tools:assemble
> Task :streams:streams-scala:compileJava NO-SOURCE
> Task :streams:examples:copyDependantLibs
> Task :streams:examples:jar
> Task :streams:examples:assemble
> Task :streams:test-utils:compileJava
> Task :streams:test-utils:classes
> Task :streams:test-utils:copyDependantLibs
> Task :streams:test-utils:jar
> Task :streams:test-utils:assemble
> Task :streams:streams-scala:compileScala
> Task :streams:streams-scala:classes
> Task :streams:streams-scala:copyDependantLibs
> Task :streams:streams-scala:jar
> Task :streams:streams-scala:assemble

> Task :clients:compileTestJava
Note: Some input files use or override a deprecated API.
Note: Recompile with -Xlint:deprecation for details.

> Task :clients:testClasses
> Task :storage:storage-api:compileTestJava
> Task :storage:storage-api:testClasses
> Task :server-common:compileTestJava
> Task :server-common:testClasses
> Task :coordinator-common:compileTestJava
> Task :coordinator-common:testClasses
> Task :share-coordinator:compileTestJava
> Task :share-coordinator:testClasses
> Task :raft:compileTestJava
> Task :raft:testClasses
> Task :metadata:compileTestJava
> Task :metadata:testClasses
> Task :core:compileScala
> Task :core:classes
> Task :core:copyDependantLibs
> Task :shell:compileJava
> Task :shell:classes
> Task :core:jar
> Task :core:assemble
> Task :shell:copyDependantLibs
> Task :shell:jar
> Task :shell:assemble
> Task :test-common:test-common-runtime:compileJava
> Task :test-common:test-common-runtime:classes
> Task :test-common:test-common-runtime:jar
> Task :test-common:test-common-runtime:assemble
> Task :server:compileTestJava
> Task :server:testClasses
> Task :group-coordinator:compileTestJava
> Task :group-coordinator:testClasses
> Task :core:compileTestJava NO-SOURCE
> Task :core:compileTestScala
> Task :core:testClasses
> Task :jmh-benchmarks:compileJava
> Task :jmh-benchmarks:classes
> Task :jmh-benchmarks:jar
> Task :jmh-benchmarks:assemble

BUILD SUCCESSFUL in 1m 18s
232 actionable tasks: 232 executed
