
> Configure project :
Starting build with version 3.5.0-SNAPSHOT (commit id 38c409cf) using Gradle 8.0.1, Java 11 and Scala 2.13.10
Build properties: maxParallelForks=4, maxScalacThreads=4, maxTestRetries=0

> Task :clean
> Task :connect:clean
> Task :generator:clean
> Task :examples:clean
> Task :group-coordinator:clean
> Task :log4j-appender:clean
> Task :metadata:clean
> Task :jmh-benchmarks:clean
> Task :raft:clean
> Task :shell:clean
> Task :server-common:clean
> Task :storage:clean
> Task :tools:clean
> Task :trogdor:clean
> Task :connect:api:clean
> Task :connect:basic-auth-extension:clean
> Task :connect:file:clean
> Task :connect:json:clean
> Task :core:clean
> Task :connect:mirror-client:clean
> Task :connect:mirror:clean
> Task :clients:clean
> Task :storage:api:clean
> Task :connect:transforms:clean
> Task :connect:runtime:clean
> Task :streams:examples:clean
> Task :streams:upgrade-system-tests-0100:clean
> Task :streams:upgrade-system-tests-0101:clean
> Task :streams:upgrade-system-tests-0102:clean
> Task :streams:upgrade-system-tests-0110:clean
> Task :streams:upgrade-system-tests-10:clean
> Task :streams:upgrade-system-tests-11:clean
> Task :streams:test-utils:clean
> Task :streams:upgrade-system-tests-20:clean
> Task :streams:upgrade-system-tests-21:clean
> Task :streams:upgrade-system-tests-22:clean
> Task :streams:upgrade-system-tests-23:clean
> Task :streams:upgrade-system-tests-24:clean
> Task :streams:upgrade-system-tests-26:clean
> Task :streams:upgrade-system-tests-25:clean
> Task :streams:upgrade-system-tests-27:clean
> Task :streams:upgrade-system-tests-30:clean
> Task :streams:upgrade-system-tests-31:clean
> Task :streams:upgrade-system-tests-32:clean
> Task :streams:streams-scala:clean
> Task :streams:upgrade-system-tests-28:clean
> Task :compileJava NO-SOURCE
> Task :streams:upgrade-system-tests-33:clean
> Task :processResources NO-SOURCE
> Task :classes UP-TO-DATE
> Task :streams:clean
> Task :connect:compileJava NO-SOURCE
> Task :connect:processResources NO-SOURCE
> Task :connect:classes UP-TO-DATE
> Task :jar
> Task :connect:jar
> Task :assemble
> Task :connect:assemble
> Task :connect:spotbugsMain NO-SOURCE
> Task :connect:compileTestJava NO-SOURCE
> Task :connect:processTestResources NO-SOURCE
> Task :connect:testClasses UP-TO-DATE
> Task :connect:spotbugsTest SKIPPED
> Task :connect:check
> Task :connect:build
> Task :clients:processResources
> Task :clients:createVersionFile
> Task :clients:processTestResources
> Task :group-coordinator:processResources
> Task :server-common:processResources NO-SOURCE
> Task :server-common:processTestResources
> Task :group-coordinator:processTestResources
> Task :metadata:processResources
> Task :raft:processResources
> Task :raft:processTestResources
> Task :metadata:processTestResources
> Task :raft:createVersionFile
> Task :server-common:createVersionFile
> Task :storage:processResources
> Task :storage:createVersionFile
> Task :storage:api:processResources NO-SOURCE
> Task :storage:api:createVersionFile
> Task :storage:api:processTestResources NO-SOURCE
> Task :examples:processResources NO-SOURCE
> Task :examples:processTestResources NO-SOURCE
> Task :jmh-benchmarks:processResources NO-SOURCE
> Task :jmh-benchmarks:processTestResources NO-SOURCE
> Task :log4j-appender:processResources NO-SOURCE
> Task :log4j-appender:processTestResources NO-SOURCE
> Task :shell:processResources NO-SOURCE
> Task :shell:processTestResources NO-SOURCE
> Task :core:processResources
> Task :storage:processTestResources
> Task :streams:processResources
> Task :streams:createStreamsVersionFile
> Task :core:processTestResources
> Task :tools:processResources NO-SOURCE
> Task :streams:processTestResources
> Task :trogdor:processResources NO-SOURCE
> Task :tools:processTestResources
> Task :connect:api:processResources NO-SOURCE
> Task :connect:api:processTestResources NO-SOURCE
> Task :connect:basic-auth-extension:processResources
> Task :connect:basic-auth-extension:processTestResources NO-SOURCE
> Task :trogdor:processTestResources
> Task :connect:file:processResources NO-SOURCE
> Task :connect:json:processResources NO-SOURCE
> Task :connect:file:processTestResources NO-SOURCE
> Task :connect:mirror:processResources NO-SOURCE
> Task :connect:json:processTestResources
> Task :connect:mirror-client:processResources NO-SOURCE
> Task :connect:transforms:processResources NO-SOURCE
> Task :connect:mirror:processTestResources
> Task :connect:mirror-client:processTestResources NO-SOURCE
> Task :connect:transforms:processTestResources NO-SOURCE
> Task :streams:examples:processResources NO-SOURCE
> Task :streams:examples:processTestResources NO-SOURCE
> Task :streams:streams-scala:processResources NO-SOURCE
> Task :streams:streams-scala:processTestResources
> Task :streams:test-utils:processResources NO-SOURCE
> Task :streams:test-utils:processTestResources
> Task :connect:runtime:processResources
> Task :streams:upgrade-system-tests-0100:compileJava NO-SOURCE
> Task :streams:upgrade-system-tests-0100:processResources NO-SOURCE
> Task :streams:upgrade-system-tests-0100:classes UP-TO-DATE
> Task :streams:upgrade-system-tests-0100:jar
> Task :streams:upgrade-system-tests-0100:assemble
> Task :streams:upgrade-system-tests-0100:spotbugsMain NO-SOURCE
> Task :connect:runtime:processTestResources
> Task :streams:upgrade-system-tests-0101:compileJava NO-SOURCE
> Task :streams:upgrade-system-tests-0101:processResources NO-SOURCE
> Task :streams:upgrade-system-tests-0101:classes UP-TO-DATE
> Task :streams:upgrade-system-tests-0101:jar
> Task :streams:upgrade-system-tests-0101:assemble
> Task :streams:upgrade-system-tests-0101:spotbugsMain NO-SOURCE
> Task :streams:upgrade-system-tests-0101:compileTestJava
> Task :streams:upgrade-system-tests-0101:processTestResources NO-SOURCE
> Task :streams:upgrade-system-tests-0101:testClasses
> Task :streams:upgrade-system-tests-0101:spotbugsTest SKIPPED
> Task :streams:upgrade-system-tests-0101:check
> Task :streams:upgrade-system-tests-0101:build
> Task :streams:upgrade-system-tests-0102:compileJava NO-SOURCE
> Task :streams:upgrade-system-tests-0102:processResources NO-SOURCE
> Task :streams:upgrade-system-tests-0102:classes UP-TO-DATE
> Task :streams:upgrade-system-tests-0102:jar
> Task :streams:upgrade-system-tests-0102:assemble
> Task :streams:upgrade-system-tests-0102:spotbugsMain NO-SOURCE
> Task :streams:upgrade-system-tests-0100:compileTestJava
> Task :streams:upgrade-system-tests-0100:processTestResources NO-SOURCE
> Task :streams:upgrade-system-tests-0100:testClasses
> Task :streams:upgrade-system-tests-0100:spotbugsTest SKIPPED
> Task :streams:upgrade-system-tests-0100:check
> Task :streams:upgrade-system-tests-0100:build
> Task :streams:upgrade-system-tests-0110:compileJava NO-SOURCE
> Task :streams:upgrade-system-tests-0110:processResources NO-SOURCE
> Task :streams:upgrade-system-tests-0110:classes UP-TO-DATE
> Task :streams:upgrade-system-tests-0110:jar
> Task :streams:upgrade-system-tests-0110:assemble
> Task :streams:upgrade-system-tests-0110:spotbugsMain NO-SOURCE
> Task :generator:compileJava
> Task :generator:processResources NO-SOURCE
> Task :generator:classes
> Task :streams:upgrade-system-tests-0102:compileTestJava
> Task :streams:upgrade-system-tests-0102:processTestResources NO-SOURCE
> Task :streams:upgrade-system-tests-0102:testClasses
> Task :streams:upgrade-system-tests-0102:spotbugsTest SKIPPED
> Task :streams:upgrade-system-tests-0102:check
> Task :streams:upgrade-system-tests-0102:build
> Task :streams:upgrade-system-tests-10:compileJava NO-SOURCE
> Task :streams:upgrade-system-tests-10:processResources NO-SOURCE
> Task :streams:upgrade-system-tests-10:classes UP-TO-DATE
> Task :generator:jar
> Task :streams:upgrade-system-tests-10:jar
> Task :core:processMessages UP-TO-DATE
> Task :group-coordinator:processMessages UP-TO-DATE
> Task :streams:upgrade-system-tests-0110:compileTestJava
> Task :raft:processMessages UP-TO-DATE
> Task :storage:processMessages UP-TO-DATE
> Task :generator:assemble

> Task :metadata:processMessages
MessageGenerator: processed 21 Kafka message JSON files(s).

> Task :generator:compileTestJava
> Task :generator:processTestResources NO-SOURCE
> Task :generator:testClasses
> Task :generator:spotbugsTest SKIPPED
> Task :streams:processMessages UP-TO-DATE
> Task :spotlessInternalRegisterDependencies
> Task :rat
> Task :check
> Task :build
> Task :streams:upgrade-system-tests-0110:processTestResources NO-SOURCE
> Task :streams:upgrade-system-tests-0110:testClasses
> Task :streams:upgrade-system-tests-0110:spotbugsTest SKIPPED
> Task :streams:upgrade-system-tests-0110:check
> Task :streams:upgrade-system-tests-0110:build
> Task :streams:upgrade-system-tests-10:assemble
> Task :streams:upgrade-system-tests-10:spotbugsMain NO-SOURCE
> Task :streams:upgrade-system-tests-10:compileTestJava
> Task :streams:upgrade-system-tests-10:processTestResources NO-SOURCE
> Task :streams:upgrade-system-tests-10:testClasses
> Task :streams:upgrade-system-tests-10:spotbugsTest SKIPPED
> Task :streams:upgrade-system-tests-10:check
> Task :streams:upgrade-system-tests-10:build
> Task :streams:upgrade-system-tests-11:compileJava NO-SOURCE
> Task :streams:upgrade-system-tests-11:processResources NO-SOURCE
> Task :streams:upgrade-system-tests-11:classes UP-TO-DATE
> Task :streams:upgrade-system-tests-11:jar
> Task :streams:upgrade-system-tests-11:assemble
> Task :streams:upgrade-system-tests-11:spotbugsMain NO-SOURCE
> Task :streams:upgrade-system-tests-11:compileTestJava
> Task :streams:upgrade-system-tests-11:processTestResources NO-SOURCE
> Task :streams:upgrade-system-tests-11:testClasses
> Task :streams:upgrade-system-tests-11:spotbugsTest SKIPPED
> Task :streams:upgrade-system-tests-11:check
> Task :streams:upgrade-system-tests-11:build
> Task :streams:upgrade-system-tests-20:compileJava NO-SOURCE
> Task :streams:upgrade-system-tests-20:processResources NO-SOURCE
> Task :streams:upgrade-system-tests-20:classes UP-TO-DATE
> Task :streams:upgrade-system-tests-20:jar
> Task :streams:upgrade-system-tests-20:assemble
> Task :streams:upgrade-system-tests-20:spotbugsMain NO-SOURCE
> Task :streams:upgrade-system-tests-20:compileTestJava
> Task :streams:upgrade-system-tests-20:processTestResources NO-SOURCE
> Task :streams:upgrade-system-tests-20:testClasses
> Task :streams:upgrade-system-tests-20:spotbugsTest SKIPPED
> Task :streams:upgrade-system-tests-20:check
> Task :streams:upgrade-system-tests-20:build
> Task :streams:upgrade-system-tests-21:compileJava NO-SOURCE
> Task :streams:upgrade-system-tests-21:processResources NO-SOURCE
> Task :streams:upgrade-system-tests-21:classes UP-TO-DATE
> Task :streams:upgrade-system-tests-21:jar
> Task :streams:upgrade-system-tests-21:assemble
> Task :streams:upgrade-system-tests-21:spotbugsMain NO-SOURCE
> Task :streams:upgrade-system-tests-21:compileTestJava
> Task :streams:upgrade-system-tests-21:processTestResources NO-SOURCE
> Task :streams:upgrade-system-tests-21:testClasses
> Task :streams:upgrade-system-tests-21:spotbugsTest SKIPPED
> Task :streams:upgrade-system-tests-21:check
> Task :streams:upgrade-system-tests-21:build
> Task :streams:upgrade-system-tests-22:compileJava NO-SOURCE
> Task :streams:upgrade-system-tests-22:processResources NO-SOURCE
> Task :streams:upgrade-system-tests-22:classes UP-TO-DATE
> Task :streams:upgrade-system-tests-22:jar
> Task :streams:upgrade-system-tests-22:assemble
> Task :streams:upgrade-system-tests-22:spotbugsMain NO-SOURCE
> Task :streams:upgrade-system-tests-22:compileTestJava
> Task :streams:upgrade-system-tests-22:processTestResources NO-SOURCE
> Task :streams:upgrade-system-tests-22:testClasses
> Task :streams:upgrade-system-tests-22:spotbugsTest SKIPPED
> Task :streams:upgrade-system-tests-22:check
> Task :streams:upgrade-system-tests-22:build
> Task :streams:upgrade-system-tests-23:compileJava NO-SOURCE
> Task :streams:upgrade-system-tests-23:processResources NO-SOURCE
> Task :streams:upgrade-system-tests-23:classes UP-TO-DATE
> Task :streams:upgrade-system-tests-23:jar
> Task :streams:upgrade-system-tests-23:assemble
> Task :streams:upgrade-system-tests-23:spotbugsMain NO-SOURCE

> Task :clients:processMessages
MessageGenerator: processed 146 Kafka message JSON files(s).

> Task :streams:upgrade-system-tests-23:compileTestJava
> Task :streams:upgrade-system-tests-23:processTestResources NO-SOURCE
> Task :streams:upgrade-system-tests-23:testClasses
> Task :streams:upgrade-system-tests-23:spotbugsTest SKIPPED
> Task :streams:upgrade-system-tests-23:check
> Task :streams:upgrade-system-tests-23:build
> Task :streams:upgrade-system-tests-24:compileJava NO-SOURCE
> Task :streams:upgrade-system-tests-24:processResources NO-SOURCE
> Task :streams:upgrade-system-tests-24:classes UP-TO-DATE
> Task :streams:upgrade-system-tests-24:jar
> Task :streams:upgrade-system-tests-24:assemble
> Task :streams:upgrade-system-tests-24:spotbugsMain NO-SOURCE
> Task :streams:upgrade-system-tests-24:compileTestJava
> Task :streams:upgrade-system-tests-24:processTestResources NO-SOURCE
> Task :streams:upgrade-system-tests-24:testClasses
> Task :streams:upgrade-system-tests-24:spotbugsTest SKIPPED
> Task :streams:upgrade-system-tests-24:check
> Task :streams:upgrade-system-tests-24:build
> Task :streams:upgrade-system-tests-25:compileJava NO-SOURCE
> Task :streams:upgrade-system-tests-25:processResources NO-SOURCE
> Task :streams:upgrade-system-tests-25:classes UP-TO-DATE
> Task :streams:upgrade-system-tests-25:jar
> Task :streams:upgrade-system-tests-25:assemble
> Task :streams:upgrade-system-tests-25:spotbugsMain NO-SOURCE
> Task :streams:upgrade-system-tests-25:compileTestJava
> Task :streams:upgrade-system-tests-25:processTestResources NO-SOURCE
> Task :streams:upgrade-system-tests-25:testClasses
> Task :streams:upgrade-system-tests-25:spotbugsTest SKIPPED
> Task :streams:upgrade-system-tests-25:check
> Task :streams:upgrade-system-tests-25:build
> Task :streams:upgrade-system-tests-26:compileJava NO-SOURCE
> Task :streams:upgrade-system-tests-26:processResources NO-SOURCE
> Task :streams:upgrade-system-tests-26:classes UP-TO-DATE
> Task :streams:upgrade-system-tests-26:jar
> Task :streams:upgrade-system-tests-26:assemble
> Task :streams:upgrade-system-tests-26:spotbugsMain NO-SOURCE
> Task :streams:upgrade-system-tests-26:compileTestJava
> Task :streams:upgrade-system-tests-26:processTestResources NO-SOURCE
> Task :streams:upgrade-system-tests-26:testClasses
> Task :streams:upgrade-system-tests-26:spotbugsTest SKIPPED
> Task :streams:upgrade-system-tests-26:check
> Task :streams:upgrade-system-tests-26:build
> Task :streams:upgrade-system-tests-27:compileJava NO-SOURCE
> Task :streams:upgrade-system-tests-27:processResources NO-SOURCE
> Task :streams:upgrade-system-tests-27:classes UP-TO-DATE
> Task :streams:upgrade-system-tests-27:jar
> Task :streams:upgrade-system-tests-27:assemble
> Task :streams:upgrade-system-tests-27:spotbugsMain NO-SOURCE
> Task :streams:upgrade-system-tests-27:compileTestJava
> Task :streams:upgrade-system-tests-27:processTestResources NO-SOURCE
> Task :streams:upgrade-system-tests-27:testClasses
> Task :streams:upgrade-system-tests-27:spotbugsTest SKIPPED
> Task :streams:upgrade-system-tests-27:check
> Task :streams:upgrade-system-tests-27:build
> Task :streams:upgrade-system-tests-28:compileJava NO-SOURCE
> Task :streams:upgrade-system-tests-28:processResources NO-SOURCE
> Task :streams:upgrade-system-tests-28:classes UP-TO-DATE
> Task :streams:upgrade-system-tests-28:jar
> Task :streams:upgrade-system-tests-28:assemble
> Task :streams:upgrade-system-tests-28:spotbugsMain NO-SOURCE
> Task :streams:upgrade-system-tests-28:compileTestJava
> Task :streams:upgrade-system-tests-28:processTestResources NO-SOURCE
> Task :streams:upgrade-system-tests-28:testClasses
> Task :streams:upgrade-system-tests-28:spotbugsTest SKIPPED
> Task :streams:upgrade-system-tests-28:check
> Task :streams:upgrade-system-tests-28:build
> Task :streams:upgrade-system-tests-30:compileJava NO-SOURCE
> Task :streams:upgrade-system-tests-30:processResources NO-SOURCE
> Task :streams:upgrade-system-tests-30:classes UP-TO-DATE
> Task :streams:upgrade-system-tests-30:jar
> Task :streams:upgrade-system-tests-30:assemble
> Task :streams:upgrade-system-tests-30:spotbugsMain NO-SOURCE
> Task :streams:upgrade-system-tests-30:compileTestJava
> Task :streams:upgrade-system-tests-30:processTestResources NO-SOURCE
> Task :streams:upgrade-system-tests-30:testClasses
> Task :streams:upgrade-system-tests-30:spotbugsTest SKIPPED
> Task :streams:upgrade-system-tests-30:check
> Task :streams:upgrade-system-tests-30:build
> Task :streams:upgrade-system-tests-31:compileJava NO-SOURCE
> Task :streams:upgrade-system-tests-31:processResources NO-SOURCE
> Task :streams:upgrade-system-tests-31:classes UP-TO-DATE
> Task :streams:upgrade-system-tests-31:jar
> Task :streams:upgrade-system-tests-31:assemble
> Task :streams:upgrade-system-tests-31:spotbugsMain NO-SOURCE
> Task :streams:upgrade-system-tests-31:compileTestJava
> Task :streams:upgrade-system-tests-31:processTestResources NO-SOURCE
> Task :streams:upgrade-system-tests-31:testClasses
> Task :streams:upgrade-system-tests-31:spotbugsTest SKIPPED
> Task :streams:upgrade-system-tests-31:check
> Task :streams:upgrade-system-tests-31:build
> Task :streams:upgrade-system-tests-32:compileJava NO-SOURCE
> Task :streams:upgrade-system-tests-32:processResources NO-SOURCE
> Task :streams:upgrade-system-tests-32:classes UP-TO-DATE
> Task :streams:upgrade-system-tests-32:jar
> Task :streams:upgrade-system-tests-32:assemble
> Task :streams:upgrade-system-tests-32:spotbugsMain NO-SOURCE
> Task :streams:upgrade-system-tests-32:compileTestJava
> Task :streams:upgrade-system-tests-32:processTestResources NO-SOURCE
> Task :streams:upgrade-system-tests-32:testClasses
> Task :streams:upgrade-system-tests-32:spotbugsTest SKIPPED
> Task :streams:upgrade-system-tests-32:check
> Task :streams:upgrade-system-tests-32:build
> Task :streams:upgrade-system-tests-33:compileJava NO-SOURCE
> Task :streams:upgrade-system-tests-33:processResources NO-SOURCE
> Task :streams:upgrade-system-tests-33:classes UP-TO-DATE
> Task :streams:upgrade-system-tests-33:jar
> Task :streams:upgrade-system-tests-33:assemble
> Task :streams:upgrade-system-tests-33:spotbugsMain NO-SOURCE
> Task :streams:upgrade-system-tests-33:compileTestJava
> Task :streams:upgrade-system-tests-33:processTestResources NO-SOURCE
> Task :streams:upgrade-system-tests-33:testClasses
> Task :streams:upgrade-system-tests-33:spotbugsTest SKIPPED
> Task :streams:upgrade-system-tests-33:check
> Task :streams:upgrade-system-tests-33:build
> Task :generator:spotbugsMain
> Task :generator:check
> Task :generator:build
> Task :streams:streams-scala:spotlessScala
> Task :streams:streams-scala:spotlessScalaCheck
> Task :streams:streams-scala:spotlessCheck
> Task :clients:compileJava
> Task :clients:classes
> Task :storage:api:compileJava
> Task :storage:api:classes
> Task :storage:api:jar
> Task :server-common:compileJava
> Task :log4j-appender:compileJava
> Task :group-coordinator:compileJava
> Task :raft:compileJava
> Task :clients:jar
> Task :clients:assemble
> Task :storage:compileJava
> Task :clients:processTestMessages UP-TO-DATE
> Task :metadata:compileJava
> Task :core:compileJava NO-SOURCE
> Task :streams:compileJava
> Task :group-coordinator:classes
> Task :server-common:classes
> Task :group-coordinator:jar
> Task :metadata:classes
> Task :raft:classes
> Task :metadata:jar
> Task :raft:jar
> Task :server-common:jar
> Task :storage:classes
> Task :storage:jar
> Task :examples:compileJava
> Task :examples:classes
> Task :examples:jar
> Task :examples:assemble
> Task :examples:spotbugsMain
> Task :examples:compileTestJava NO-SOURCE
> Task :examples:testClasses UP-TO-DATE
> Task :examples:spotbugsTest SKIPPED
> Task :examples:check
> Task :examples:build
> Task :group-coordinator:assemble
> Task :clients:compileTestJava
> Task :clients:testClasses
> Task :clients:spotbugsTest SKIPPED
> Task :server-common:compileTestJava
> Task :server-common:testClasses
> Task :group-coordinator:compileTestJava
> Task :group-coordinator:testClasses
> Task :raft:compileTestJava
> Task :raft:testClasses
> Task :clients:spotbugsMain
> Task :metadata:compileTestJava
> Task :metadata:testClasses
> Task :storage:api:compileTestJava
> Task :storage:api:testClasses
> Task :group-coordinator:spotbugsTest SKIPPED
> Task :log4j-appender:classes
> Task :log4j-appender:jar
> Task :log4j-appender:assemble
> Task :core:compileScala
> Task :group-coordinator:spotbugsMain
> Task :group-coordinator:check
> Task :group-coordinator:build
> Task :log4j-appender:compileTestJava
> Task :log4j-appender:testClasses
> Task :log4j-appender:spotbugsTest SKIPPED
> Task :metadata:assemble
> Task :log4j-appender:spotbugsMain
> Task :log4j-appender:check
> Task :log4j-appender:build
> Task :metadata:spotbugsTest SKIPPED
> Task :raft:assemble
> Task :metadata:spotbugsMain
> Task :raft:spotbugsMain
> Task :raft:spotbugsTest SKIPPED
> Task :raft:check
> Task :raft:build
> Task :server-common:assemble

> Task :core:compileScala
Unexpected javac output: warning: [options] bootstrap class path not set in conjunction with -source 8
Note: /home/runner/work/sonar-analysis/sonar-analysis/project/core/src/main/java/kafka/server/ReplicaFetcherTierStateMachine.java uses or overrides a deprecated API.
Note: Recompile with -Xlint:deprecation for details.
1 warning.

> Task :metadata:check
> Task :metadata:build
> Task :server-common:spotbugsTest SKIPPED
> Task :storage:assemble
> Task :core:classes
> Task :core:copyDependantLibs
> Task :core:jar
> Task :core:assemble
> Task :server-common:spotbugsMain
> Task :core:compileTestJava NO-SOURCE
> Task :storage:spotbugsMain
> Task :server-common:check
> Task :server-common:build
> Task :shell:compileJava
> Task :shell:classes
> Task :shell:copyDependantLibs
> Task :shell:jar
> Task :shell:assemble
> Task :core:spotbugsMain
> Task :core:compileTestScala
> Task :shell:spotbugsMain
> Task :shell:compileTestJava
> Task :shell:testClasses
> Task :shell:spotbugsTest SKIPPED
> Task :shell:check
> Task :shell:build
> Task :streams:classes
> Task :streams:copyDependantLibs
> Task :streams:jar
> Task :streams:assemble
> Task :streams:spotbugsMain
> Task :clients:check
> Task :clients:build
> Task :streams:test-utils:compileJava
> Task :tools:compileJava
> Task :tools:classes
> Task :tools:spotbugsMain
> Task :trogdor:compileJava
> Task :trogdor:classes
> Task :trogdor:copyDependantLibs
> Task :trogdor:jar
> Task :trogdor:assemble
> Task :trogdor:compileTestJava
> Task :trogdor:testClasses
> Task :trogdor:spotbugsTest SKIPPED
> Task :connect:api:compileJava
> Task :connect:api:classes
> Task :connect:api:copyDependantLibs
> Task :connect:api:jar
> Task :connect:api:assemble
> Task :trogdor:spotbugsMain
> Task :trogdor:check
> Task :trogdor:build
> Task :connect:api:spotbugsMain
> Task :connect:basic-auth-extension:compileJava
> Task :connect:basic-auth-extension:classes
> Task :connect:basic-auth-extension:copyDependantLibs
> Task :connect:basic-auth-extension:jar
> Task :connect:basic-auth-extension:assemble
> Task :connect:api:compileTestJava
> Task :connect:api:testClasses
> Task :connect:api:spotbugsTest SKIPPED
> Task :connect:api:check
> Task :connect:api:build
> Task :connect:basic-auth-extension:compileTestJava
> Task :connect:basic-auth-extension:testClasses
> Task :connect:basic-auth-extension:spotbugsTest SKIPPED
> Task :connect:file:compileJava
> Task :connect:file:classes
> Task :connect:file:copyDependantLibs
> Task :connect:file:jar
> Task :connect:file:assemble
> Task :connect:basic-auth-extension:spotbugsMain
> Task :connect:basic-auth-extension:check
> Task :connect:basic-auth-extension:build
> Task :connect:file:compileTestJava
> Task :connect:file:testClasses
> Task :connect:file:spotbugsTest SKIPPED
> Task :connect:file:spotbugsMain
> Task :connect:file:check
> Task :connect:file:build
> Task :connect:json:compileJava
> Task :connect:json:classes
> Task :connect:mirror-client:compileJava
> Task :connect:json:copyDependantLibs
> Task :connect:json:jar
> Task :connect:json:assemble
> Task :connect:transforms:compileJava
> Task :connect:json:compileTestJava
> Task :connect:json:testClasses
> Task :connect:json:spotbugsTest SKIPPED
> Task :connect:runtime:compileJava
> Task :connect:mirror:compileJava
> Task :connect:mirror:classes
> Task :connect:mirror-client:classes
> Task :connect:mirror-client:copyDependantLibs
> Task :connect:mirror-client:jar
> Task :connect:runtime:classes
> Task :connect:transforms:classes
> Task :connect:transforms:copyDependantLibs
> Task :connect:transforms:jar
> Task :connect:mirror-client:assemble
> Task :connect:json:spotbugsMain
> Task :connect:json:check
> Task :connect:json:build
> Task :connect:mirror-client:compileTestJava
> Task :connect:mirror-client:testClasses
> Task :connect:mirror-client:spotbugsTest SKIPPED
> Task :connect:mirror-client:spotbugsMain
> Task :connect:mirror-client:check
> Task :connect:mirror-client:build
> Task :connect:transforms:assemble
> Task :connect:mirror:spotbugsMain
> Task :connect:transforms:compileTestJava
> Task :connect:transforms:testClasses
> Task :connect:transforms:spotbugsTest SKIPPED
> Task :storage:api:assemble

> Task :core:compileTestScala
Unexpected javac output: warning: [options] bootstrap class path not set in conjunction with -source 8
1 warning.

> Task :connect:runtime:spotbugsMain
> Task :core:testClasses
> Task :core:spotbugsTest SKIPPED
> Task :core:check
> Task :core:build
> Task :storage:api:spotbugsMain
> Task :storage:compileTestJava
> Task :storage:testClasses
> Task :storage:spotbugsTest SKIPPED
> Task :storage:check
> Task :storage:build
> Task :connect:transforms:spotbugsMain
> Task :tools:copyDependantLibs
> Task :tools:jar
> Task :tools:assemble
> Task :tools:compileTestJava
> Task :tools:testClasses
> Task :tools:spotbugsTest SKIPPED
> Task :tools:check
> Task :tools:build
> Task :jmh-benchmarks:compileJava
> Task :jmh-benchmarks:classes
> Task :jmh-benchmarks:jar
> Task :jmh-benchmarks:assemble
> Task :connect:runtime:compileTestJava
> Task :jmh-benchmarks:compileTestJava NO-SOURCE
> Task :jmh-benchmarks:testClasses UP-TO-DATE
> Task :jmh-benchmarks:spotbugsTest SKIPPED
> Task :connect:runtime:copyDependantLibs
> Task :connect:runtime:jar
> Task :connect:runtime:testClasses
> Task :connect:mirror:copyDependantLibs
> Task :connect:mirror:jar
> Task :connect:mirror:assemble
> Task :connect:mirror:compileTestJava
> Task :connect:mirror:testClasses
> Task :connect:mirror:spotbugsTest SKIPPED
> Task :connect:mirror:check
> Task :connect:mirror:build
> Task :connect:runtime:assemble
> Task :connect:runtime:spotbugsTest SKIPPED
> Task :connect:transforms:check
> Task :connect:transforms:build
> Task :storage:api:spotbugsTest SKIPPED
> Task :storage:api:check
> Task :storage:api:build
> Task :streams:examples:compileJava
> Task :streams:examples:classes
> Task :connect:runtime:check
> Task :connect:runtime:build
> Task :streams:streams-scala:compileJava NO-SOURCE
> Task :streams:examples:copyDependantLibs
> Task :streams:examples:jar
> Task :streams:examples:assemble
> Task :streams:streams-scala:compileScala
> Task :streams:examples:compileTestJava
> Task :streams:examples:testClasses
> Task :streams:examples:spotbugsTest SKIPPED
> Task :streams:streams-scala:classes
> Task :streams:streams-scala:copyDependantLibs
> Task :streams:streams-scala:jar
> Task :streams:streams-scala:assemble
> Task :streams:examples:spotbugsMain
> Task :streams:examples:check
> Task :streams:examples:build
> Task :streams:test-utils:classes
> Task :streams:test-utils:copyDependantLibs
> Task :streams:test-utils:jar
> Task :streams:test-utils:assemble
> Task :streams:compileTestJava
> Task :jmh-benchmarks:spotbugsMain
> Task :streams:streams-scala:spotbugsMain
> Task :streams:test-utils:compileTestJava
> Task :streams:test-utils:testClasses
> Task :streams:test-utils:spotbugsTest SKIPPED
> Task :streams:test-utils:spotbugsMain
> Task :streams:test-utils:check
> Task :streams:test-utils:build
> Task :streams:testClasses
> Task :streams:spotbugsTest SKIPPED
> Task :streams:check
> Task :streams:build
> Task :streams:streams-scala:compileTestJava NO-SOURCE
> Task :streams:streams-scala:compileTestScala
> Task :streams:streams-scala:testClasses
> Task :streams:streams-scala:spotbugsTest SKIPPED
> Task :streams:streams-scala:check
> Task :streams:streams-scala:build
> Task :jmh-benchmarks:check
> Task :jmh-benchmarks:build

BUILD SUCCESSFUL in 6m 8s
252 actionable tasks: 246 executed, 6 up-to-date
