
Welcome to Gradle 7.6.4!

Here are the highlights of this release:
 - Added support for Java 19.
 - Introduced `--rerun` flag for individual task rerun.
 - Improved dependency block for test suites to be strongly typed.
 - Added a pluggable system for Java toolchains provisioning.

For more details see https://docs.gradle.org/7.6.4/release-notes.html

Starting a Gradle Daemon (subsequent builds will be faster)

> Configure project :
Starting build with version 3.2.0-SNAPSHOT using Gradle 7.2, Java 11 and Scala 2.13.6

> Task :core:clean UP-TO-DATE
> Task :connect:clean UP-TO-DATE
> Task :clean
> Task :clients:clean UP-TO-DATE
> Task :jmh-benchmarks:clean UP-TO-DATE
> Task :generator:clean UP-TO-DATE
> Task :log4j-appender:clean UP-TO-DATE
> Task :metadata:clean UP-TO-DATE
> Task :raft:clean UP-TO-DATE
> Task :shell:clean UP-TO-DATE
> Task :streams:clean UP-TO-DATE
> Task :examples:clean UP-TO-DATE
> Task :server-common:clean UP-TO-DATE
> Task :connect:api:clean UP-TO-DATE
> Task :trogdor:clean UP-TO-DATE
> Task :tools:clean UP-TO-DATE
> Task :storage:clean UP-TO-DATE
> Task :connect:file:clean UP-TO-DATE
> Task :connect:basic-auth-extension:clean UP-TO-DATE
> Task :connect:mirror-client:clean UP-TO-DATE
> Task :connect:runtime:clean UP-TO-DATE
> Task :connect:mirror:clean UP-TO-DATE
> Task :streams:examples:clean UP-TO-DATE
> Task :streams:streams-scala:clean UP-TO-DATE
> Task :connect:json:clean UP-TO-DATE
> Task :streams:upgrade-system-tests-0100:clean UP-TO-DATE
> Task :streams:test-utils:clean UP-TO-DATE
> Task :streams:upgrade-system-tests-0102:clean UP-TO-DATE
> Task :connect:transforms:clean UP-TO-DATE
> Task :streams:upgrade-system-tests-10:clean UP-TO-DATE
> Task :streams:upgrade-system-tests-11:clean UP-TO-DATE
> Task :storage:api:clean UP-TO-DATE
> Task :streams:upgrade-system-tests-0101:clean UP-TO-DATE
> Task :streams:upgrade-system-tests-0110:clean UP-TO-DATE
> Task :streams:upgrade-system-tests-20:clean UP-TO-DATE
> Task :streams:upgrade-system-tests-21:clean UP-TO-DATE
> Task :streams:upgrade-system-tests-23:clean UP-TO-DATE
> Task :streams:upgrade-system-tests-25:clean UP-TO-DATE
> Task :streams:upgrade-system-tests-24:clean UP-TO-DATE
> Task :streams:upgrade-system-tests-27:clean UP-TO-DATE
> Task :streams:upgrade-system-tests-28:clean UP-TO-DATE
> Task :streams:upgrade-system-tests-26:clean UP-TO-DATE
> Task :streams:upgrade-system-tests-22:clean UP-TO-DATE
> Task :compileJava NO-SOURCE
> Task :processResources NO-SOURCE
> Task :classes UP-TO-DATE
> Task :connect:compileJava NO-SOURCE
> Task :connect:processResources NO-SOURCE
> Task :connect:classes UP-TO-DATE
> Task :jar
> Task :assemble
> Task :connect:jar
> Task :connect:assemble
> Task :connect:spotbugsMain NO-SOURCE
> Task :connect:compileTestJava NO-SOURCE
> Task :connect:processTestResources NO-SOURCE
> Task :connect:testClasses UP-TO-DATE
> Task :connect:spotbugsTest SKIPPED
> Task :connect:check
> Task :connect:build
> Task :clients:processResources
> Task :clients:determineCommitId UP-TO-DATE
> Task :clients:createVersionFile
> Task :clients:processTestResources
> Task :metadata:processResources
> Task :raft:processResources
> Task :raft:processTestResources
> Task :metadata:processTestResources
> Task :raft:determineCommitId UP-TO-DATE
> Task :raft:createVersionFile
> Task :server-common:processResources NO-SOURCE
> Task :server-common:determineCommitId UP-TO-DATE
> Task :server-common:createVersionFile
> Task :storage:processResources
> Task :storage:determineCommitId UP-TO-DATE
> Task :storage:createVersionFile
> Task :storage:api:processResources NO-SOURCE
> Task :storage:api:determineCommitId UP-TO-DATE
> Task :storage:api:createVersionFile
> Task :examples:processResources NO-SOURCE
> Task :examples:processTestResources NO-SOURCE
> Task :jmh-benchmarks:processResources NO-SOURCE
> Task :jmh-benchmarks:processTestResources NO-SOURCE
> Task :log4j-appender:processResources NO-SOURCE
> Task :log4j-appender:processTestResources NO-SOURCE
> Task :server-common:processTestResources NO-SOURCE
> Task :shell:processResources NO-SOURCE
> Task :shell:processTestResources NO-SOURCE
> Task :storage:processTestResources
> Task :streams:processResources
> Task :streams:determineCommitId UP-TO-DATE
> Task :streams:createStreamsVersionFile
> Task :streams:processTestResources
> Task :tools:processResources NO-SOURCE
> Task :tools:processTestResources
> Task :trogdor:processResources NO-SOURCE
> Task :core:processResources
> Task :trogdor:processTestResources
> Task :connect:api:processResources NO-SOURCE
> Task :connect:api:processTestResources NO-SOURCE
> Task :core:processTestResources
> Task :connect:file:processResources NO-SOURCE
> Task :connect:file:processTestResources NO-SOURCE
> Task :connect:basic-auth-extension:processResources
> Task :connect:json:processResources NO-SOURCE
> Task :connect:basic-auth-extension:processTestResources NO-SOURCE
> Task :connect:mirror:processResources NO-SOURCE
> Task :connect:mirror-client:processResources NO-SOURCE
> Task :connect:json:processTestResources
> Task :connect:transforms:processResources NO-SOURCE
> Task :connect:runtime:processResources
> Task :connect:mirror:processTestResources
> Task :connect:mirror-client:processTestResources NO-SOURCE
> Task :connect:transforms:processTestResources NO-SOURCE
> Task :storage:api:processTestResources NO-SOURCE
> Task :streams:examples:processResources NO-SOURCE
> Task :streams:examples:processTestResources NO-SOURCE
> Task :streams:streams-scala:processResources NO-SOURCE
> Task :streams:streams-scala:processTestResources
> Task :connect:runtime:processTestResources
> Task :streams:test-utils:processResources NO-SOURCE
> Task :streams:upgrade-system-tests-0100:compileJava NO-SOURCE
> Task :streams:upgrade-system-tests-0100:processResources NO-SOURCE
> Task :streams:upgrade-system-tests-0100:classes UP-TO-DATE
> Task :streams:test-utils:processTestResources
> Task :streams:upgrade-system-tests-0100:jar
> Task :streams:upgrade-system-tests-0100:assemble
> Task :streams:upgrade-system-tests-0101:compileJava NO-SOURCE
> Task :streams:upgrade-system-tests-0101:processResources NO-SOURCE
> Task :streams:upgrade-system-tests-0101:classes UP-TO-DATE
> Task :streams:upgrade-system-tests-0100:spotbugsMain NO-SOURCE
> Task :streams:upgrade-system-tests-0101:jar
> Task :streams:upgrade-system-tests-0101:assemble
> Task :streams:upgrade-system-tests-0101:spotbugsMain NO-SOURCE
> Task :generator:compileJava
> Task :rat
> Task :generator:processResources NO-SOURCE
> Task :generator:classes
> Task :streams:upgrade-system-tests-0101:compileTestJava
> Task :streams:upgrade-system-tests-0100:compileTestJava

> Task :core:processMessages
MessageGenerator: processed 6 Kafka message JSON files(s).

> Task :clients:processMessages
MessageGenerator: processed 144 Kafka message JSON files(s).

> Task :raft:processMessages
MessageGenerator: processed 1 Kafka message JSON files(s).

> Task :metadata:processMessages
MessageGenerator: processed 17 Kafka message JSON files(s).

> Task :generator:jar
> Task :generator:assemble

> Task :storage:processMessages
MessageGenerator: processed 4 Kafka message JSON files(s).

> Task :streams:processMessages
MessageGenerator: processed 1 Kafka message JSON files(s).

> Task :streams:upgrade-system-tests-0100:processTestResources NO-SOURCE
> Task :streams:upgrade-system-tests-0100:testClasses
> Task :streams:upgrade-system-tests-0100:spotbugsTest SKIPPED
> Task :streams:upgrade-system-tests-0100:check
> Task :streams:upgrade-system-tests-0100:build
> Task :streams:upgrade-system-tests-0101:processTestResources NO-SOURCE
> Task :streams:upgrade-system-tests-0101:testClasses
> Task :streams:upgrade-system-tests-0101:spotbugsTest SKIPPED
> Task :streams:upgrade-system-tests-0101:check
> Task :streams:upgrade-system-tests-0101:build
> Task :streams:upgrade-system-tests-0102:compileJava NO-SOURCE
> Task :streams:upgrade-system-tests-0102:processResources NO-SOURCE
> Task :streams:upgrade-system-tests-0102:classes UP-TO-DATE
> Task :streams:upgrade-system-tests-0102:jar
> Task :streams:upgrade-system-tests-0102:assemble
> Task :streams:upgrade-system-tests-0102:spotbugsMain NO-SOURCE
> Task :streams:upgrade-system-tests-0102:compileTestJava

> Task :spotlessScala
Execution optimizations have been disabled for task ':spotlessScala' to ensure correctness due to the following reasons:
  - Gradle detected a problem with the following location: '/home/runner/work/sonar-analysis/sonar-analysis/project'. Reason: Task ':spotlessScala' uses this output of task ':streams:processResources' without declaring an explicit or implicit dependency. This can lead to incorrect results being produced, depending on what order the tasks are executed. Please refer to https://docs.gradle.org/7.6.4/userguide/validation_problems.html#implicit_dependency for more details about this problem.
  - Gradle detected a problem with the following location: '/home/runner/work/sonar-analysis/sonar-analysis/project'. Reason: Task ':spotlessScala' uses this output of task ':streams:processTestResources' without declaring an explicit or implicit dependency. This can lead to incorrect results being produced, depending on what order the tasks are executed. Please refer to https://docs.gradle.org/7.6.4/userguide/validation_problems.html#implicit_dependency for more details about this problem.
  - Gradle detected a problem with the following location: '/home/runner/work/sonar-analysis/sonar-analysis/project'. Reason: Task ':spotlessScala' uses this output of task ':streams:processMessages' without declaring an explicit or implicit dependency. This can lead to incorrect results being produced, depending on what order the tasks are executed. Please refer to https://docs.gradle.org/7.6.4/userguide/validation_problems.html#implicit_dependency for more details about this problem.
  - Gradle detected a problem with the following location: '/home/runner/work/sonar-analysis/sonar-analysis/project'. Reason: Task ':spotlessScala' uses this output of task ':streams:streams-scala:processTestResources' without declaring an explicit or implicit dependency. This can lead to incorrect results being produced, depending on what order the tasks are executed. Please refer to https://docs.gradle.org/7.6.4/userguide/validation_problems.html#implicit_dependency for more details about this problem.
  - Gradle detected a problem with the following location: '/home/runner/work/sonar-analysis/sonar-analysis/project'. Reason: Task ':spotlessScala' uses this output of task ':streams:test-utils:processTestResources' without declaring an explicit or implicit dependency. This can lead to incorrect results being produced, depending on what order the tasks are executed. Please refer to https://docs.gradle.org/7.6.4/userguide/validation_problems.html#implicit_dependency for more details about this problem.
  - Gradle detected a problem with the following location: '/home/runner/work/sonar-analysis/sonar-analysis/project'. Reason: Task ':spotlessScala' uses this output of task ':streams:upgrade-system-tests-0100:compileTestJava' without declaring an explicit or implicit dependency. This can lead to incorrect results being produced, depending on what order the tasks are executed. Please refer to https://docs.gradle.org/7.6.4/userguide/validation_problems.html#implicit_dependency for more details about this problem.
  - Gradle detected a problem with the following location: '/home/runner/work/sonar-analysis/sonar-analysis/project'. Reason: Task ':spotlessScala' uses this output of task ':streams:upgrade-system-tests-0101:compileTestJava' without declaring an explicit or implicit dependency. This can lead to incorrect results being produced, depending on what order the tasks are executed. Please refer to https://docs.gradle.org/7.6.4/userguide/validation_problems.html#implicit_dependency for more details about this problem.
  - Gradle detected a problem with the following location: '/home/runner/work/sonar-analysis/sonar-analysis/project'. Reason: Task ':spotlessScala' uses this output of task ':streams:upgrade-system-tests-0102:compileTestJava' without declaring an explicit or implicit dependency. This can lead to incorrect results being produced, depending on what order the tasks are executed. Please refer to https://docs.gradle.org/7.6.4/userguide/validation_problems.html#implicit_dependency for more details about this problem.

> Task :generator:compileTestJava
> Task :generator:processTestResources NO-SOURCE
> Task :generator:testClasses
> Task :generator:spotbugsTest SKIPPED
> Task :streams:upgrade-system-tests-0102:processTestResources NO-SOURCE
> Task :streams:upgrade-system-tests-0102:testClasses
> Task :streams:upgrade-system-tests-0102:spotbugsTest SKIPPED
> Task :streams:upgrade-system-tests-0102:check
> Task :streams:upgrade-system-tests-0102:build
> Task :streams:upgrade-system-tests-0110:compileJava NO-SOURCE
> Task :streams:upgrade-system-tests-0110:processResources NO-SOURCE
> Task :streams:upgrade-system-tests-0110:classes UP-TO-DATE
> Task :streams:upgrade-system-tests-0110:jar
> Task :streams:upgrade-system-tests-0110:assemble
> Task :streams:upgrade-system-tests-0110:spotbugsMain NO-SOURCE
> Task :streams:upgrade-system-tests-0110:compileTestJava
> Task :streams:upgrade-system-tests-0110:processTestResources NO-SOURCE
> Task :streams:upgrade-system-tests-0110:testClasses
> Task :streams:upgrade-system-tests-0110:spotbugsTest SKIPPED
> Task :streams:upgrade-system-tests-0110:check
> Task :streams:upgrade-system-tests-0110:build
> Task :streams:upgrade-system-tests-10:compileJava NO-SOURCE
> Task :streams:upgrade-system-tests-10:processResources NO-SOURCE
> Task :streams:upgrade-system-tests-10:classes UP-TO-DATE
> Task :streams:upgrade-system-tests-10:jar
> Task :streams:upgrade-system-tests-10:assemble
> Task :streams:upgrade-system-tests-10:spotbugsMain NO-SOURCE
> Task :spotlessScalaCheck
> Task :spotlessCheck
> Task :check
> Task :build
> Task :streams:upgrade-system-tests-11:compileJava NO-SOURCE
> Task :streams:upgrade-system-tests-11:processResources NO-SOURCE
> Task :streams:upgrade-system-tests-11:classes UP-TO-DATE
> Task :streams:upgrade-system-tests-11:jar
> Task :streams:upgrade-system-tests-11:assemble
> Task :streams:upgrade-system-tests-11:spotbugsMain NO-SOURCE
> Task :clients:compileJava
> Task :clients:classes
> Task :generator:spotbugsMain
> Task :server-common:compileJava
> Task :clients:jar
> Task :clients:assemble
> Task :raft:compileJava
> Task :streams:upgrade-system-tests-10:compileTestJava
> Task :streams:upgrade-system-tests-11:compileTestJava
> Task :storage:api:compileJava
> Task :storage:compileJava
> Task :raft:classes
> Task :raft:jar
> Task :server-common:classes
> Task :server-common:jar
> Task :storage:classes

> Task :clients:processTestMessages
MessageGenerator: processed 2 Kafka message JSON files(s).

> Task :storage:jar
> Task :storage:api:classes
> Task :storage:api:jar
> Task :generator:check
> Task :generator:build
> Task :metadata:compileJava
> Task :core:compileJava NO-SOURCE
> Task :streams:compileJava
> Task :metadata:classes
> Task :metadata:jar
> Task :log4j-appender:compileJava
> Task :log4j-appender:classes
> Task :log4j-appender:jar
> Task :log4j-appender:assemble
> Task :core:compileScala FAILED
> Task :log4j-appender:spotbugsMain
> Task :clients:compileTestJava
> Task :clients:spotbugsMain

FAILURE: Build failed with an exception.

* What went wrong:
Execution failed for task ':core:compileScala'.
> Could not resolve all files for configuration ':core:zinc'.
   > Could not find org.scala-sbt:zinc_2.13:1.3.5.
     Searched in the following locations:
       - https://maven.pkg.github.com/SmallKlaus/maven-artifacts/org/scala-sbt/zinc_2.13/1.3.5/zinc_2.13-1.3.5.pom
       - https://repo.maven.apache.org/maven2/org/scala-sbt/zinc_2.13/1.3.5/zinc_2.13-1.3.5.pom
       - https://plugins.gradle.org/m2/org/scala-sbt/zinc_2.13/1.3.5/zinc_2.13-1.3.5.pom
     Required by:
         project :core

* Try:
> Run with --stacktrace option to get the stack trace.
> Run with --info or --debug option to get more log output.
> Run with --scan to get full insights.

* Get more help at https://help.gradle.org

Deprecated Gradle features were used in this build, making it incompatible with Gradle 8.0.

You can use '--warning-mode all' to show the individual deprecation warnings and determine if they come from your own scripts or plugins.

See https://docs.gradle.org/7.6.4/userguide/command_line_interface.html#sec:command_line_warnings

Execution optimizations have been disabled for 1 invalid unit(s) of work during this build to ensure correctness.
Please consult deprecation warnings for more details.

BUILD FAILED in 1m 34s
117 actionable tasks: 75 executed, 42 up-to-date
