
> Configure project :
Starting build with version 3.8.0-SNAPSHOT (commit id 5d3f8670) using Gradle 8.7, Java 11 and Scala 2.13.12
Build properties: maxParallelForks=4, maxScalacThreads=4, maxTestRetries=0

> Task :clean
> Task :connect:clean
> Task :examples:clean
> Task :generator:clean
> Task :group-coordinator:clean
> Task :log4j-appender:clean
> Task :jmh-benchmarks:clean
> Task :raft:clean
> Task :server:clean
> Task :metadata:clean
> Task :shell:clean
> Task :server-common:clean
> Task :storage:clean
> Task :tools:clean
> Task :transaction-coordinator:clean
> Task :trogdor:clean
> Task :core:clean
> Task :connect:basic-auth-extension:clean
> Task :connect:api:clean
> Task :connect:json:clean
> Task :connect:file:clean
> Task :connect:mirror-client:clean
> Task :clients:clean
> Task :streams:clean
> Task :connect:test-plugins:clean
> Task :connect:mirror:clean
> Task :streams:examples:clean
> Task :connect:transforms:clean
> Task :storage:storage-api:clean
> Task :streams:upgrade-system-tests-0100:clean
> Task :streams:upgrade-system-tests-0101:clean
> Task :streams:streams-scala:clean
> Task :streams:upgrade-system-tests-0102:clean
> Task :streams:upgrade-system-tests-10:clean
> Task :streams:upgrade-system-tests-0110:clean
> Task :streams:test-utils:clean
> Task :streams:upgrade-system-tests-20:clean
> Task :streams:upgrade-system-tests-21:clean
> Task :streams:upgrade-system-tests-11:clean
> Task :streams:upgrade-system-tests-22:clean
> Task :streams:upgrade-system-tests-24:clean
> Task :streams:upgrade-system-tests-25:clean
> Task :streams:upgrade-system-tests-23:clean
> Task :streams:upgrade-system-tests-28:clean
> Task :streams:upgrade-system-tests-26:clean
> Task :streams:upgrade-system-tests-27:clean
> Task :streams:upgrade-system-tests-30:clean
> Task :streams:upgrade-system-tests-31:clean
> Task :streams:upgrade-system-tests-32:clean
> Task :streams:upgrade-system-tests-33:clean
> Task :streams:upgrade-system-tests-34:clean
> Task :streams:upgrade-system-tests-35:clean
> Task :streams:upgrade-system-tests-36:clean
> Task :streams:upgrade-system-tests-37:clean
> Task :compileJava NO-SOURCE
> Task :tools:tools-api:clean
> Task :processResources NO-SOURCE
> Task :classes UP-TO-DATE
> Task :connect:runtime:clean
> Task :connect:compileJava NO-SOURCE
> Task :connect:processResources NO-SOURCE
> Task :connect:classes UP-TO-DATE
> Task :connect:jar
> Task :connect:assemble
> Task :jar
> Task :assemble
> Task :connect:spotbugsMain NO-SOURCE
> Task :connect:compileTestJava NO-SOURCE
> Task :connect:processTestResources NO-SOURCE
> Task :connect:testClasses UP-TO-DATE
> Task :connect:spotbugsTest SKIPPED
> Task :connect:check
> Task :connect:build
> Task :core:processResources
> Task :group-coordinator:processResources
> Task :server-common:processResources NO-SOURCE
> Task :server-common:processTestResources
> Task :group-coordinator:processTestResources
> Task :transaction-coordinator:compileJava
> Task :raft:processResources
> Task :raft:processTestResources
> Task :raft:createVersionFile
> Task :server:processResources NO-SOURCE
> Task :server:createVersionFile
> Task :server:processTestResources NO-SOURCE
> Task :server-common:createVersionFile
> Task :metadata:processResources
> Task :metadata:processTestResources
> Task :transaction-coordinator:processResources NO-SOURCE
> Task :transaction-coordinator:classes
> Task :storage:processResources
> Task :transaction-coordinator:jar
> Task :storage:createVersionFile
> Task :storage:storage-api:processResources NO-SOURCE
> Task :tools:tools-api:processResources NO-SOURCE
> Task :storage:storage-api:createVersionFile
> Task :storage:storage-api:processTestResources NO-SOURCE
> Task :tools:tools-api:createVersionFile
> Task :examples:processResources NO-SOURCE
> Task :examples:processTestResources NO-SOURCE
> Task :jmh-benchmarks:processResources NO-SOURCE
> Task :jmh-benchmarks:processTestResources NO-SOURCE
> Task :log4j-appender:processResources NO-SOURCE
> Task :log4j-appender:processTestResources NO-SOURCE
> Task :shell:processResources NO-SOURCE
> Task :shell:processTestResources
> Task :clients:processResources
> Task :core:processTestResources
> Task :storage:processTestResources
> Task :tools:processResources NO-SOURCE
> Task :clients:createVersionFile
> Task :streams:processResources
> Task :streams:createStreamsVersionFile
> Task :connect:api:processResources
> Task :streams:processTestResources
> Task :connect:json:processResources
> Task :connect:runtime:processResources
> Task :clients:processTestResources
> Task :connect:test-plugins:processResources
> Task :tools:processTestResources
> Task :transaction-coordinator:assemble
> Task :connect:transforms:processResources
> Task :trogdor:processResources NO-SOURCE
> Task :trogdor:processTestResources
> Task :connect:api:processTestResources
> Task :connect:basic-auth-extension:processResources
> Task :connect:basic-auth-extension:processTestResources NO-SOURCE
> Task :connect:file:processResources
> Task :connect:file:processTestResources
> Task :connect:json:processTestResources
> Task :connect:mirror:processResources
> Task :connect:mirror-client:processResources NO-SOURCE
> Task :connect:mirror:processTestResources
> Task :connect:mirror-client:processTestResources NO-SOURCE
> Task :connect:test-plugins:processTestResources NO-SOURCE
> Task :connect:transforms:processTestResources NO-SOURCE
> Task :streams:examples:processResources NO-SOURCE
> Task :streams:examples:processTestResources NO-SOURCE
> Task :streams:streams-scala:processResources NO-SOURCE
> Task :streams:streams-scala:processTestResources
> Task :transaction-coordinator:compileTestJava NO-SOURCE
> Task :transaction-coordinator:processTestResources NO-SOURCE
> Task :transaction-coordinator:testClasses UP-TO-DATE
> Task :transaction-coordinator:spotbugsTest SKIPPED
> Task :spotlessInternalRegisterDependencies
> Task :connect:runtime:processTestResources
> Task :streams:test-utils:processResources NO-SOURCE
> Task :streams:test-utils:processTestResources
> Task :streams:upgrade-system-tests-0100:compileJava NO-SOURCE
> Task :streams:upgrade-system-tests-0100:processResources NO-SOURCE
> Task :streams:upgrade-system-tests-0100:classes UP-TO-DATE
> Task :streams:upgrade-system-tests-0100:jar
> Task :streams:upgrade-system-tests-0100:assemble
> Task :streams:upgrade-system-tests-0100:spotbugsMain NO-SOURCE
> Task :streams:upgrade-system-tests-0100:compileTestJava
> Task :streams:upgrade-system-tests-0100:processTestResources NO-SOURCE
> Task :streams:upgrade-system-tests-0100:testClasses
> Task :streams:upgrade-system-tests-0100:spotbugsTest SKIPPED
> Task :streams:upgrade-system-tests-0100:check
> Task :streams:upgrade-system-tests-0100:build
> Task :streams:upgrade-system-tests-0101:compileJava NO-SOURCE
> Task :streams:upgrade-system-tests-0101:processResources NO-SOURCE
> Task :streams:upgrade-system-tests-0101:classes UP-TO-DATE
> Task :streams:upgrade-system-tests-0101:jar
> Task :streams:upgrade-system-tests-0101:assemble
> Task :streams:upgrade-system-tests-0101:spotbugsMain NO-SOURCE
> Task :generator:compileJava
> Task :generator:processResources NO-SOURCE
> Task :generator:classes
> Task :generator:jar
> Task :clients:processMessages UP-TO-DATE
> Task :clients:processTestMessages UP-TO-DATE
> Task :core:processMessages UP-TO-DATE
> Task :group-coordinator:processMessages UP-TO-DATE
> Task :streams:upgrade-system-tests-0101:compileTestJava
> Task :metadata:processMessages UP-TO-DATE
> Task :storage:processMessages UP-TO-DATE
> Task :raft:processMessages UP-TO-DATE
> Task :streams:processMessages UP-TO-DATE
> Task :transaction-coordinator:spotbugsMain
> Task :generator:assemble
> Task :rat
> Task :check
> Task :build
> Task :generator:compileTestJava
> Task :generator:processTestResources NO-SOURCE
> Task :generator:testClasses
> Task :generator:spotbugsTest SKIPPED
> Task :transaction-coordinator:check
> Task :transaction-coordinator:build
> Task :streams:upgrade-system-tests-0101:processTestResources NO-SOURCE
> Task :streams:upgrade-system-tests-0101:testClasses
> Task :streams:upgrade-system-tests-0101:spotbugsTest SKIPPED
> Task :streams:upgrade-system-tests-0101:check
> Task :streams:upgrade-system-tests-0101:build
> Task :streams:upgrade-system-tests-0102:compileJava NO-SOURCE
> Task :streams:upgrade-system-tests-0102:processResources NO-SOURCE
> Task :streams:upgrade-system-tests-0102:classes UP-TO-DATE
> Task :streams:upgrade-system-tests-0102:jar
> Task :streams:upgrade-system-tests-0102:assemble
> Task :streams:upgrade-system-tests-0102:spotbugsMain NO-SOURCE
> Task :streams:upgrade-system-tests-0102:compileTestJava
> Task :streams:upgrade-system-tests-0102:processTestResources NO-SOURCE
> Task :streams:upgrade-system-tests-0102:testClasses
> Task :streams:upgrade-system-tests-0102:spotbugsTest SKIPPED
> Task :streams:upgrade-system-tests-0102:check
> Task :streams:upgrade-system-tests-0102:build
> Task :streams:upgrade-system-tests-0110:compileJava NO-SOURCE
> Task :streams:upgrade-system-tests-0110:processResources NO-SOURCE
> Task :streams:upgrade-system-tests-0110:classes UP-TO-DATE
> Task :streams:upgrade-system-tests-0110:jar
> Task :streams:upgrade-system-tests-0110:assemble
> Task :streams:upgrade-system-tests-0110:spotbugsMain NO-SOURCE
> Task :streams:upgrade-system-tests-0110:compileTestJava
> Task :streams:upgrade-system-tests-0110:processTestResources NO-SOURCE
> Task :streams:upgrade-system-tests-0110:testClasses
> Task :streams:upgrade-system-tests-0110:spotbugsTest SKIPPED
> Task :streams:upgrade-system-tests-0110:check
> Task :streams:upgrade-system-tests-0110:build
> Task :streams:upgrade-system-tests-10:compileJava NO-SOURCE
> Task :streams:upgrade-system-tests-10:processResources NO-SOURCE
> Task :streams:upgrade-system-tests-10:classes UP-TO-DATE
> Task :streams:upgrade-system-tests-10:jar
> Task :streams:upgrade-system-tests-10:assemble
> Task :streams:upgrade-system-tests-10:spotbugsMain NO-SOURCE
> Task :streams:upgrade-system-tests-10:compileTestJava
> Task :streams:upgrade-system-tests-10:processTestResources NO-SOURCE
> Task :streams:upgrade-system-tests-10:testClasses
> Task :streams:upgrade-system-tests-10:spotbugsTest SKIPPED
> Task :streams:upgrade-system-tests-10:check
> Task :streams:upgrade-system-tests-10:build
> Task :streams:upgrade-system-tests-11:compileJava NO-SOURCE
> Task :streams:upgrade-system-tests-11:processResources NO-SOURCE
> Task :streams:upgrade-system-tests-11:classes UP-TO-DATE
> Task :streams:upgrade-system-tests-11:jar
> Task :streams:upgrade-system-tests-11:assemble
> Task :streams:upgrade-system-tests-11:spotbugsMain NO-SOURCE
> Task :streams:upgrade-system-tests-11:compileTestJava
> Task :streams:upgrade-system-tests-11:processTestResources NO-SOURCE
> Task :streams:upgrade-system-tests-11:testClasses
> Task :streams:upgrade-system-tests-11:spotbugsTest SKIPPED
> Task :streams:upgrade-system-tests-11:check
> Task :streams:upgrade-system-tests-11:build
> Task :streams:upgrade-system-tests-20:compileJava NO-SOURCE
> Task :streams:upgrade-system-tests-20:processResources NO-SOURCE
> Task :streams:upgrade-system-tests-20:classes UP-TO-DATE
> Task :streams:upgrade-system-tests-20:jar
> Task :streams:upgrade-system-tests-20:assemble
> Task :streams:upgrade-system-tests-20:spotbugsMain NO-SOURCE
> Task :streams:upgrade-system-tests-20:compileTestJava
> Task :streams:upgrade-system-tests-20:processTestResources NO-SOURCE
> Task :streams:upgrade-system-tests-20:testClasses
> Task :streams:upgrade-system-tests-20:spotbugsTest SKIPPED
> Task :streams:upgrade-system-tests-20:check
> Task :streams:upgrade-system-tests-20:build
> Task :streams:upgrade-system-tests-21:compileJava NO-SOURCE
> Task :streams:upgrade-system-tests-21:processResources NO-SOURCE
> Task :streams:upgrade-system-tests-21:classes UP-TO-DATE
> Task :streams:upgrade-system-tests-21:jar
> Task :streams:upgrade-system-tests-21:assemble
> Task :streams:upgrade-system-tests-21:spotbugsMain NO-SOURCE
> Task :streams:upgrade-system-tests-21:compileTestJava
> Task :streams:upgrade-system-tests-21:processTestResources NO-SOURCE
> Task :streams:upgrade-system-tests-21:testClasses
> Task :streams:upgrade-system-tests-21:spotbugsTest SKIPPED
> Task :streams:upgrade-system-tests-21:check
> Task :streams:upgrade-system-tests-21:build
> Task :streams:upgrade-system-tests-22:compileJava NO-SOURCE
> Task :streams:upgrade-system-tests-22:processResources NO-SOURCE
> Task :streams:upgrade-system-tests-22:classes UP-TO-DATE
> Task :streams:upgrade-system-tests-22:jar
> Task :streams:upgrade-system-tests-22:assemble
> Task :streams:upgrade-system-tests-22:spotbugsMain NO-SOURCE
> Task :streams:upgrade-system-tests-22:compileTestJava
> Task :streams:upgrade-system-tests-22:processTestResources NO-SOURCE
> Task :streams:upgrade-system-tests-22:testClasses
> Task :streams:upgrade-system-tests-22:spotbugsTest SKIPPED
> Task :streams:upgrade-system-tests-22:check
> Task :streams:upgrade-system-tests-22:build
> Task :streams:upgrade-system-tests-23:compileJava NO-SOURCE
> Task :streams:upgrade-system-tests-23:processResources NO-SOURCE
> Task :streams:upgrade-system-tests-23:classes UP-TO-DATE
> Task :streams:upgrade-system-tests-23:jar
> Task :streams:upgrade-system-tests-23:assemble
> Task :streams:upgrade-system-tests-23:spotbugsMain NO-SOURCE
> Task :streams:upgrade-system-tests-23:compileTestJava
> Task :streams:upgrade-system-tests-23:processTestResources NO-SOURCE
> Task :streams:upgrade-system-tests-23:testClasses
> Task :streams:upgrade-system-tests-23:spotbugsTest SKIPPED
> Task :streams:upgrade-system-tests-23:check
> Task :streams:upgrade-system-tests-23:build
> Task :streams:upgrade-system-tests-24:compileJava NO-SOURCE
> Task :streams:upgrade-system-tests-24:processResources NO-SOURCE
> Task :streams:upgrade-system-tests-24:classes UP-TO-DATE
> Task :streams:upgrade-system-tests-24:jar
> Task :streams:upgrade-system-tests-24:assemble
> Task :streams:upgrade-system-tests-24:spotbugsMain NO-SOURCE
> Task :streams:upgrade-system-tests-24:compileTestJava
> Task :streams:upgrade-system-tests-24:processTestResources NO-SOURCE
> Task :streams:upgrade-system-tests-24:testClasses
> Task :streams:upgrade-system-tests-24:spotbugsTest SKIPPED
> Task :streams:upgrade-system-tests-24:check
> Task :streams:upgrade-system-tests-24:build
> Task :streams:upgrade-system-tests-25:compileJava NO-SOURCE
> Task :streams:upgrade-system-tests-25:processResources NO-SOURCE
> Task :streams:upgrade-system-tests-25:classes UP-TO-DATE
> Task :streams:upgrade-system-tests-25:jar
> Task :streams:upgrade-system-tests-25:assemble
> Task :streams:upgrade-system-tests-25:spotbugsMain NO-SOURCE
> Task :streams:upgrade-system-tests-25:compileTestJava
> Task :streams:upgrade-system-tests-25:processTestResources NO-SOURCE
> Task :streams:upgrade-system-tests-25:testClasses
> Task :streams:upgrade-system-tests-25:spotbugsTest SKIPPED
> Task :streams:upgrade-system-tests-25:check
> Task :streams:upgrade-system-tests-25:build
> Task :streams:upgrade-system-tests-26:compileJava NO-SOURCE
> Task :streams:upgrade-system-tests-26:processResources NO-SOURCE
> Task :streams:upgrade-system-tests-26:classes UP-TO-DATE
> Task :streams:upgrade-system-tests-26:jar
> Task :streams:upgrade-system-tests-26:assemble
> Task :streams:upgrade-system-tests-26:spotbugsMain NO-SOURCE
> Task :streams:upgrade-system-tests-26:compileTestJava
> Task :streams:upgrade-system-tests-26:processTestResources NO-SOURCE
> Task :streams:upgrade-system-tests-26:testClasses
> Task :streams:upgrade-system-tests-26:spotbugsTest SKIPPED
> Task :streams:upgrade-system-tests-26:check
> Task :streams:upgrade-system-tests-26:build
> Task :streams:upgrade-system-tests-27:compileJava NO-SOURCE
> Task :streams:upgrade-system-tests-27:processResources NO-SOURCE
> Task :streams:upgrade-system-tests-27:classes UP-TO-DATE
> Task :streams:upgrade-system-tests-27:jar
> Task :streams:upgrade-system-tests-27:assemble
> Task :streams:upgrade-system-tests-27:spotbugsMain NO-SOURCE
> Task :streams:upgrade-system-tests-27:compileTestJava
> Task :streams:upgrade-system-tests-27:processTestResources NO-SOURCE
> Task :streams:upgrade-system-tests-27:testClasses
> Task :streams:upgrade-system-tests-27:spotbugsTest SKIPPED
> Task :streams:upgrade-system-tests-27:check
> Task :streams:upgrade-system-tests-27:build
> Task :streams:upgrade-system-tests-28:compileJava NO-SOURCE
> Task :streams:upgrade-system-tests-28:processResources NO-SOURCE
> Task :streams:upgrade-system-tests-28:classes UP-TO-DATE
> Task :streams:upgrade-system-tests-28:jar
> Task :streams:upgrade-system-tests-28:assemble
> Task :streams:upgrade-system-tests-28:spotbugsMain NO-SOURCE
> Task :streams:upgrade-system-tests-28:compileTestJava
> Task :streams:upgrade-system-tests-28:processTestResources NO-SOURCE
> Task :streams:upgrade-system-tests-28:testClasses
> Task :streams:upgrade-system-tests-28:spotbugsTest SKIPPED
> Task :streams:upgrade-system-tests-28:check
> Task :streams:upgrade-system-tests-28:build
> Task :streams:upgrade-system-tests-30:compileJava NO-SOURCE
> Task :streams:upgrade-system-tests-30:processResources NO-SOURCE
> Task :streams:upgrade-system-tests-30:classes UP-TO-DATE
> Task :streams:upgrade-system-tests-30:jar
> Task :streams:upgrade-system-tests-30:assemble
> Task :streams:upgrade-system-tests-30:spotbugsMain NO-SOURCE
> Task :streams:upgrade-system-tests-30:compileTestJava
> Task :streams:upgrade-system-tests-30:processTestResources NO-SOURCE
> Task :streams:upgrade-system-tests-30:testClasses
> Task :streams:upgrade-system-tests-30:spotbugsTest SKIPPED
> Task :streams:upgrade-system-tests-30:check
> Task :streams:upgrade-system-tests-30:build
> Task :streams:upgrade-system-tests-31:compileJava NO-SOURCE
> Task :streams:upgrade-system-tests-31:processResources NO-SOURCE
> Task :streams:upgrade-system-tests-31:classes UP-TO-DATE
> Task :streams:upgrade-system-tests-31:jar
> Task :streams:upgrade-system-tests-31:assemble
> Task :streams:upgrade-system-tests-31:spotbugsMain NO-SOURCE
> Task :streams:upgrade-system-tests-31:compileTestJava
> Task :streams:upgrade-system-tests-31:processTestResources NO-SOURCE
> Task :streams:upgrade-system-tests-31:testClasses
> Task :streams:upgrade-system-tests-31:spotbugsTest SKIPPED
> Task :streams:upgrade-system-tests-31:check
> Task :streams:upgrade-system-tests-31:build
> Task :streams:upgrade-system-tests-32:compileJava NO-SOURCE
> Task :streams:upgrade-system-tests-32:processResources NO-SOURCE
> Task :streams:upgrade-system-tests-32:classes UP-TO-DATE
> Task :streams:upgrade-system-tests-32:jar
> Task :streams:upgrade-system-tests-32:assemble
> Task :streams:upgrade-system-tests-32:spotbugsMain NO-SOURCE
> Task :streams:upgrade-system-tests-32:compileTestJava
> Task :streams:upgrade-system-tests-32:processTestResources NO-SOURCE
> Task :streams:upgrade-system-tests-32:testClasses
> Task :streams:upgrade-system-tests-32:spotbugsTest SKIPPED
> Task :streams:upgrade-system-tests-32:check
> Task :streams:upgrade-system-tests-32:build
> Task :streams:upgrade-system-tests-33:compileJava NO-SOURCE
> Task :streams:upgrade-system-tests-33:processResources NO-SOURCE
> Task :streams:upgrade-system-tests-33:classes UP-TO-DATE
> Task :streams:upgrade-system-tests-33:jar
> Task :streams:upgrade-system-tests-33:assemble
> Task :streams:upgrade-system-tests-33:spotbugsMain NO-SOURCE
> Task :streams:upgrade-system-tests-33:compileTestJava
> Task :streams:upgrade-system-tests-33:processTestResources NO-SOURCE
> Task :streams:upgrade-system-tests-33:testClasses
> Task :streams:upgrade-system-tests-33:spotbugsTest SKIPPED
> Task :streams:upgrade-system-tests-33:check
> Task :streams:upgrade-system-tests-33:build
> Task :streams:upgrade-system-tests-34:compileJava NO-SOURCE
> Task :streams:upgrade-system-tests-34:processResources NO-SOURCE
> Task :streams:upgrade-system-tests-34:classes UP-TO-DATE
> Task :streams:upgrade-system-tests-34:jar
> Task :streams:upgrade-system-tests-34:assemble
> Task :streams:upgrade-system-tests-34:spotbugsMain NO-SOURCE
> Task :streams:upgrade-system-tests-34:compileTestJava
> Task :streams:upgrade-system-tests-34:processTestResources NO-SOURCE
> Task :streams:upgrade-system-tests-34:testClasses
> Task :streams:upgrade-system-tests-34:spotbugsTest SKIPPED
> Task :streams:upgrade-system-tests-34:check
> Task :streams:upgrade-system-tests-34:build
> Task :streams:upgrade-system-tests-35:compileJava NO-SOURCE
> Task :streams:upgrade-system-tests-35:processResources NO-SOURCE
> Task :streams:upgrade-system-tests-35:classes UP-TO-DATE
> Task :streams:upgrade-system-tests-35:jar
> Task :streams:upgrade-system-tests-35:assemble
> Task :streams:upgrade-system-tests-35:spotbugsMain NO-SOURCE
> Task :streams:upgrade-system-tests-35:compileTestJava
> Task :streams:upgrade-system-tests-35:processTestResources NO-SOURCE
> Task :streams:upgrade-system-tests-35:testClasses
> Task :streams:upgrade-system-tests-35:spotbugsTest SKIPPED
> Task :streams:upgrade-system-tests-35:check
> Task :streams:upgrade-system-tests-35:build
> Task :streams:upgrade-system-tests-36:compileJava NO-SOURCE
> Task :streams:upgrade-system-tests-36:processResources NO-SOURCE
> Task :streams:upgrade-system-tests-36:classes UP-TO-DATE
> Task :streams:upgrade-system-tests-36:jar
> Task :streams:upgrade-system-tests-36:assemble
> Task :streams:upgrade-system-tests-36:spotbugsMain NO-SOURCE
> Task :streams:upgrade-system-tests-36:compileTestJava
> Task :streams:upgrade-system-tests-36:processTestResources NO-SOURCE
> Task :streams:upgrade-system-tests-36:testClasses
> Task :streams:upgrade-system-tests-36:spotbugsTest SKIPPED
> Task :streams:upgrade-system-tests-36:check
> Task :streams:upgrade-system-tests-36:build
> Task :streams:upgrade-system-tests-37:compileJava NO-SOURCE
> Task :streams:upgrade-system-tests-37:processResources NO-SOURCE
> Task :streams:upgrade-system-tests-37:classes UP-TO-DATE
> Task :streams:upgrade-system-tests-37:jar
> Task :streams:upgrade-system-tests-37:assemble
> Task :streams:upgrade-system-tests-37:spotbugsMain NO-SOURCE
> Task :streams:upgrade-system-tests-37:compileTestJava
> Task :streams:upgrade-system-tests-37:processTestResources NO-SOURCE
> Task :streams:upgrade-system-tests-37:testClasses
> Task :streams:upgrade-system-tests-37:spotbugsTest SKIPPED
> Task :streams:upgrade-system-tests-37:check
> Task :streams:upgrade-system-tests-37:build
> Task :tools:tools-api:processTestResources NO-SOURCE
> Task :streams:streams-scala:spotlessScala
> Task :streams:streams-scala:spotlessScalaCheck
> Task :streams:streams-scala:spotlessCheck
> Task :clients:compileJava
> Task :clients:classes
> Task :tools:tools-api:compileJava
> Task :tools:tools-api:classes
> Task :tools:tools-api:jar
> Task :examples:compileJava
> Task :examples:classes
> Task :examples:jar
> Task :examples:assemble
> Task :server-common:compileJava
> Task :raft:compileJava
> Task :metadata:compileJava
> Task :generator:spotbugsMain
> Task :server-common:classes
> Task :metadata:classes
> Task :raft:classes
> Task :storage:storage-api:compileJava
> Task :metadata:jar
> Task :raft:jar
> Task :server-common:jar
> Task :storage:storage-api:classes
> Task :storage:storage-api:jar
> Task :examples:compileTestJava NO-SOURCE
> Task :examples:testClasses UP-TO-DATE
> Task :examples:spotbugsTest SKIPPED
> Task :generator:check
> Task :generator:build
> Task :storage:compileJava
> Task :clients:shadowJar
> Task :clients:jar SKIPPED
> Task :clients:assemble UP-TO-DATE
> Task :group-coordinator:compileJava
> Task :examples:spotbugsMain
> Task :streams:compileJava
> Task :group-coordinator:classes
> Task :server:compileJava
> Task :core:compileJava NO-SOURCE
> Task :group-coordinator:jar
> Task :server:classes
> Task :server:jar
> Task :storage:classes
> Task :storage:jar
> Task :examples:check
> Task :examples:build
> Task :group-coordinator:assemble
> Task :clients:compileTestJava
> Task :clients:testClasses
> Task :clients:spotbugsTest SKIPPED
> Task :server-common:compileTestJava
> Task :server-common:testClasses
> Task :clients:spotbugsMain
> Task :group-coordinator:compileTestJava
> Task :group-coordinator:testClasses
> Task :core:compileScala
> Task :group-coordinator:spotbugsMain
> Task :server:compileTestJava
> Task :server:testClasses
> Task :storage:storage-api:compileTestJava
> Task :storage:storage-api:testClasses
> Task :group-coordinator:spotbugsTest SKIPPED
> Task :group-coordinator:check
> Task :group-coordinator:build
> Task :raft:compileTestJava
> Task :raft:testClasses
> Task :connect:api:compileJava
> Task :connect:json:compileJava
> Task :connect:transforms:compileJava
> Task :log4j-appender:compileJava
> Task :log4j-appender:classes
> Task :log4j-appender:jar
> Task :log4j-appender:assemble
> Task :metadata:compileTestJava
> Task :metadata:testClasses
> Task :log4j-appender:compileTestJava
> Task :log4j-appender:testClasses
> Task :log4j-appender:spotbugsTest SKIPPED
> Task :metadata:assemble
> Task :log4j-appender:spotbugsMain
> Task :log4j-appender:check
> Task :log4j-appender:build
> Task :metadata:spotbugsTest SKIPPED
> Task :raft:assemble
> Task :metadata:spotbugsMain

> Task :core:compileScala
Unexpected javac output: warning: [options] bootstrap class path not set in conjunction with -source 8
Note: Some input files use or override a deprecated API.
Note: Recompile with -Xlint:deprecation for details.
Note: /home/runner/work/sonar-analysis/sonar-analysis/project/core/src/main/java/kafka/log/remote/RemoteLogManager.java uses unchecked or unsafe operations.
Note: Recompile with -Xlint:unchecked for details.
1 warning.

> Task :core:classes
> Task :core:copyDependantLibs
> Task :raft:spotbugsMain
> Task :raft:spotbugsTest SKIPPED
> Task :raft:check
> Task :raft:build
> Task :server:assemble
> Task :core:jar
> Task :core:assemble
> Task :core:compileTestJava NO-SOURCE
> Task :server:spotbugsMain
> Task :metadata:check
> Task :metadata:build
> Task :server:spotbugsTest SKIPPED
> Task :server:check
> Task :server:build
> Task :server-common:assemble
> Task :core:spotbugsMain
> Task :core:compileTestScala
> Task :server-common:spotbugsMain
> Task :server-common:spotbugsTest SKIPPED
> Task :server-common:check
> Task :server-common:build
> Task :shell:compileJava
> Task :shell:classes
> Task :shell:spotbugsMain
> Task :storage:assemble
> Task :storage:spotbugsMain
> Task :streams:classes
> Task :streams:copyDependantLibs
> Task :streams:jar
> Task :streams:assemble
> Task :clients:check
> Task :clients:build
> Task :connect:runtime:compileJava
> Task :tools:compileJava
> Task :streams:test-utils:compileJava
> Task :tools:classes
> Task :connect:api:classes
> Task :connect:api:copyDependantLibs
> Task :connect:api:jar
> Task :connect:json:classes
> Task :connect:json:copyDependantLibs
> Task :connect:json:jar
> Task :connect:runtime:classes
> Task :connect:test-plugins:compileJava
> Task :connect:test-plugins:classes
> Task :connect:test-plugins:jar
> Task :connect:transforms:classes
> Task :connect:transforms:copyDependantLibs
> Task :connect:transforms:jar
> Task :streams:spotbugsMain
> Task :tools:spotbugsMain
> Task :trogdor:compileJava
> Task :trogdor:classes
> Task :trogdor:copyDependantLibs
> Task :trogdor:jar
> Task :trogdor:assemble
> Task :trogdor:compileTestJava
> Task :trogdor:testClasses
> Task :trogdor:spotbugsTest SKIPPED
> Task :connect:api:assemble
> Task :trogdor:spotbugsMain
> Task :connect:api:compileTestJava
> Task :connect:api:testClasses
> Task :connect:api:spotbugsTest SKIPPED
> Task :connect:basic-auth-extension:compileJava
> Task :connect:basic-auth-extension:classes
> Task :trogdor:check
> Task :trogdor:build
> Task :connect:basic-auth-extension:copyDependantLibs
> Task :connect:basic-auth-extension:jar
> Task :connect:basic-auth-extension:assemble
> Task :connect:file:compileJava
> Task :connect:basic-auth-extension:compileTestJava
> Task :connect:basic-auth-extension:testClasses
> Task :connect:basic-auth-extension:spotbugsTest SKIPPED
> Task :connect:file:classes
> Task :connect:api:spotbugsMain
> Task :connect:api:check
> Task :connect:api:build
> Task :connect:json:assemble
> Task :connect:file:spotbugsMain
> Task :connect:json:compileTestJava
> Task :connect:json:testClasses
> Task :connect:json:spotbugsTest SKIPPED
> Task :connect:mirror-client:compileJava
> Task :connect:mirror:compileJava
> Task :connect:mirror:classes
> Task :connect:mirror-client:classes
> Task :connect:mirror-client:copyDependantLibs
> Task :connect:mirror-client:jar
> Task :connect:basic-auth-extension:spotbugsMain
> Task :connect:basic-auth-extension:check
> Task :connect:basic-auth-extension:build
> Task :connect:mirror-client:assemble
> Task :connect:json:spotbugsMain
> Task :connect:json:check
> Task :connect:json:build
> Task :connect:mirror-client:compileTestJava
> Task :connect:mirror-client:testClasses
> Task :connect:mirror-client:spotbugsTest SKIPPED
> Task :connect:mirror-client:spotbugsMain
> Task :connect:mirror-client:check
> Task :connect:mirror-client:build
> Task :connect:test-plugins:assemble

> Task :core:compileTestScala
Unexpected javac output: warning: [options] bootstrap class path not set in conjunction with -source 8
Note: /home/runner/work/sonar-analysis/sonar-analysis/project/core/src/test/java/kafka/log/remote/RemoteLogManagerTest.java uses or overrides a deprecated API.
Note: Recompile with -Xlint:deprecation for details.
Note: Some input files use unchecked or unsafe operations.
Note: Recompile with -Xlint:unchecked for details.
1 warning.

> Task :core:testClasses
> Task :core:spotbugsTest SKIPPED
> Task :core:check
> Task :core:build
> Task :connect:mirror:spotbugsMain
> Task :shell:copyDependantLibs
> Task :shell:jar
> Task :shell:assemble
> Task :shell:compileTestJava
> Task :shell:testClasses
> Task :shell:spotbugsTest SKIPPED
> Task :shell:check
> Task :shell:build
> Task :storage:compileTestJava
> Task :storage:testClasses
> Task :storage:spotbugsTest SKIPPED
> Task :storage:check
> Task :storage:build
> Task :jmh-benchmarks:compileJava
> Task :jmh-benchmarks:classes
> Task :jmh-benchmarks:jar
> Task :jmh-benchmarks:assemble
> Task :connect:test-plugins:spotbugsMain
> Task :jmh-benchmarks:compileTestJava NO-SOURCE
> Task :jmh-benchmarks:testClasses UP-TO-DATE
> Task :jmh-benchmarks:spotbugsTest SKIPPED
> Task :connect:runtime:spotbugsMain
> Task :connect:runtime:compileTestJava
> Task :connect:runtime:copyDependantLibs
> Task :connect:runtime:jar
> Task :connect:runtime:testClasses
> Task :tools:copyDependantLibs
> Task :tools:jar
> Task :tools:assemble
> Task :tools:compileTestJava
> Task :tools:testClasses
> Task :tools:spotbugsTest SKIPPED
> Task :tools:check
> Task :tools:build
> Task :connect:file:copyDependantLibs
> Task :connect:file:jar
> Task :connect:file:assemble
> Task :connect:file:compileTestJava
> Task :connect:file:testClasses
> Task :connect:file:spotbugsTest SKIPPED
> Task :connect:file:check
> Task :connect:file:build
> Task :connect:mirror:copyDependantLibs
> Task :connect:mirror:jar
> Task :connect:mirror:assemble
> Task :connect:mirror:compileTestJava
> Task :connect:mirror:testClasses
> Task :connect:mirror:spotbugsTest SKIPPED
> Task :connect:mirror:check
> Task :connect:mirror:build
> Task :connect:runtime:assemble
> Task :connect:runtime:spotbugsTest SKIPPED
> Task :connect:test-plugins:compileTestJava NO-SOURCE
> Task :connect:test-plugins:testClasses UP-TO-DATE
> Task :connect:test-plugins:spotbugsTest SKIPPED
> Task :connect:test-plugins:check
> Task :connect:test-plugins:build
> Task :connect:transforms:assemble
> Task :connect:runtime:check
> Task :connect:runtime:build
> Task :connect:transforms:compileTestJava
> Task :connect:transforms:testClasses
> Task :connect:transforms:spotbugsTest SKIPPED
> Task :storage:storage-api:assemble
> Task :streams:compileTestJava
> Task :jmh-benchmarks:spotbugsMain
> Task :storage:storage-api:spotbugsMain
> Task :storage:storage-api:spotbugsTest SKIPPED
> Task :storage:storage-api:check
> Task :storage:storage-api:build
> Task :streams:examples:compileJava
> Task :streams:examples:classes
> Task :streams:examples:copyDependantLibs
> Task :streams:examples:jar
> Task :streams:examples:assemble
> Task :connect:transforms:spotbugsMain
> Task :connect:transforms:check
> Task :connect:transforms:build
> Task :streams:examples:compileTestJava
> Task :streams:examples:testClasses
> Task :streams:examples:spotbugsTest SKIPPED
> Task :streams:streams-scala:compileJava NO-SOURCE
> Task :streams:streams-scala:compileScala
> Task :streams:streams-scala:classes
> Task :streams:streams-scala:copyDependantLibs
> Task :streams:streams-scala:jar
> Task :streams:streams-scala:assemble
> Task :streams:testClasses
> Task :streams:spotbugsTest SKIPPED
> Task :streams:check
> Task :streams:build
> Task :streams:streams-scala:compileTestJava NO-SOURCE
> Task :streams:streams-scala:compileTestScala
> Task :streams:streams-scala:testClasses
> Task :streams:streams-scala:spotbugsTest SKIPPED
> Task :streams:test-utils:classes
> Task :streams:test-utils:copyDependantLibs
> Task :streams:test-utils:jar
> Task :streams:test-utils:assemble
> Task :streams:examples:spotbugsMain
> Task :streams:examples:check
> Task :streams:examples:build
> Task :streams:test-utils:compileTestJava
> Task :streams:test-utils:testClasses
> Task :streams:test-utils:spotbugsTest SKIPPED
> Task :tools:tools-api:assemble
> Task :streams:streams-scala:spotbugsMain
> Task :streams:streams-scala:check
> Task :streams:streams-scala:build
> Task :tools:tools-api:compileTestJava
> Task :tools:tools-api:testClasses
> Task :tools:tools-api:spotbugsTest SKIPPED
> Task :tools:tools-api:spotbugsMain
> Task :tools:tools-api:check
> Task :tools:tools-api:build
> Task :jmh-benchmarks:check
> Task :jmh-benchmarks:build
> Task :streams:test-utils:spotbugsMain
> Task :streams:test-utils:check
> Task :streams:test-utils:build

Deprecated Gradle features were used in this build, making it incompatible with Gradle 9.0.

You can use '--warning-mode all' to show the individual deprecation warnings and determine if they come from your own scripts or plugins.

For more on this, please refer to https://docs.gradle.org/8.7/userguide/command_line_interface.html#sec:command_line_warnings in the Gradle documentation.

BUILD SUCCESSFUL in 6m 56s
293 actionable tasks: 285 executed, 8 up-to-date
