[WARNING] 
[WARNING] Some problems were encountered while building the effective settings
[WARNING] 'profiles.profile[repos].repositories.repository.id' must be unique but found duplicate repository with id mapr-public @ /home/runner/.m2/settings.xml
[WARNING] 'profiles.profile[repos].repositories.repository.id' must be unique but found duplicate repository with id apache-snapshots @ /home/runner/.m2/settings.xml
[WARNING] 
[INFO] Scanning for projects...
[WARNING] 
[WARNING] Some problems were encountered while building the effective model for org.apache.hadoop:hadoop-dist:jar:2.10.2-SNAPSHOT
[WARNING] 'build.plugins.plugin.version' for org.apache.maven.plugins:maven-gpg-plugin is missing. @ line 80, column 15
[WARNING] 
[WARNING] Some problems were encountered while building the effective model for org.apache.hadoop:hadoop-build-tools:jar:2.10.2-SNAPSHOT
[WARNING] 'build.plugins.plugin.version' for org.apache.maven.plugins:maven-remote-resources-plugin is missing. @ line 80, column 15
[WARNING] 'build.plugins.plugin.version' for org.apache.maven.plugins:maven-resources-plugin is missing. @ line 54, column 15
[WARNING] 
[WARNING] It is highly recommended to fix these problems because they threaten the stability of your build.
[WARNING] 
[WARNING] For this reason, future Maven versions might no longer support building such malformed projects.
[WARNING] 
[INFO] ------------------------------------------------------------------------
[INFO] Detecting the operating system and CPU architecture
[INFO] ------------------------------------------------------------------------
[INFO] os.detected.name: linux
[INFO] os.detected.arch: x86_64
[INFO] os.detected.version: 6.17
[INFO] os.detected.version.major: 6
[INFO] os.detected.version.minor: 17
[INFO] os.detected.release: ubuntu
[INFO] os.detected.release.version: 24.04
[INFO] os.detected.release.like.ubuntu: true
[INFO] os.detected.release.like.debian: true
[INFO] os.detected.classifier: linux-x86_64
[INFO] ------------------------------------------------------------------------
[INFO] Reactor Build Order:
[INFO] 
[INFO] Apache Hadoop Main                                                 [pom]
[INFO] Apache Hadoop Build Tools                                          [jar]
[INFO] Apache Hadoop Project POM                                          [pom]
[INFO] Apache Hadoop Annotations                                          [jar]
[INFO] Apache Hadoop Project Dist POM                                     [pom]
[INFO] Apache Hadoop Assemblies                                           [jar]
[INFO] Apache Hadoop Maven Plugins                               [maven-plugin]
[INFO] Apache Hadoop MiniKDC                                              [jar]
[INFO] Apache Hadoop Auth                                                 [jar]
[INFO] Apache Hadoop Auth Examples                                        [war]
[INFO] Apache Hadoop Common                                               [jar]
[INFO] Apache Hadoop NFS                                                  [jar]
[INFO] Apache Hadoop KMS                                                  [war]
[INFO] Apache Hadoop Common Project                                       [pom]
[INFO] Apache Hadoop HDFS Client                                          [jar]
[INFO] Apache Hadoop HDFS                                                 [jar]
[INFO] Apache Hadoop HDFS Native Client                                   [jar]
[INFO] Apache Hadoop HttpFS                                               [war]
[INFO] Apache Hadoop HDFS BookKeeper Journal                              [jar]
[INFO] Apache Hadoop HDFS-NFS                                             [jar]
[INFO] Apache Hadoop HDFS-RBF                                             [jar]
[INFO] Apache Hadoop HDFS Project                                         [pom]
[INFO] Apache Hadoop YARN                                                 [pom]
[INFO] Apache Hadoop YARN API                                             [jar]
[INFO] Apache Hadoop YARN Common                                          [jar]
[INFO] Apache Hadoop YARN Registry                                        [jar]
[INFO] Apache Hadoop YARN Server                                          [pom]
[INFO] Apache Hadoop YARN Server Common                                   [jar]
[INFO] Apache Hadoop YARN NodeManager                                     [jar]
[INFO] Apache Hadoop YARN Web Proxy                                       [jar]
[INFO] Apache Hadoop YARN ApplicationHistoryService                       [jar]
[INFO] Apache Hadoop YARN Timeline Service                                [jar]
[INFO] Apache Hadoop YARN ResourceManager                                 [jar]
[INFO] Apache Hadoop YARN Server Tests                                    [jar]
[INFO] Apache Hadoop YARN Client                                          [jar]
[INFO] Apache Hadoop YARN SharedCacheManager                              [jar]
[INFO] Apache Hadoop YARN Timeline Plugin Storage                         [jar]
[INFO] Apache Hadoop YARN Router                                          [jar]
[INFO] Apache Hadoop YARN TimelineService HBase Backend                   [pom]
[INFO] Apache Hadoop YARN TimelineService HBase Common                    [jar]
[INFO] Apache Hadoop YARN TimelineService HBase Client                    [jar]
[INFO] Apache Hadoop YARN TimelineService HBase Servers                   [pom]
[INFO] Apache Hadoop YARN TimelineService HBase Server 1.2                [jar]
[INFO] Apache Hadoop YARN TimelineService HBase tests                     [jar]
[INFO] Apache Hadoop YARN Applications                                    [pom]
[INFO] Apache Hadoop YARN DistributedShell                                [jar]
[INFO] Apache Hadoop YARN Unmanaged Am Launcher                           [jar]
[INFO] Apache Hadoop YARN Site                                            [pom]
[INFO] Apache Hadoop YARN UI                                              [pom]
[INFO] Apache Hadoop YARN Project                                         [pom]
[INFO] Apache Hadoop MapReduce Client                                     [pom]
[INFO] Apache Hadoop MapReduce Core                                       [jar]
[INFO] Apache Hadoop MapReduce Common                                     [jar]
[INFO] Apache Hadoop MapReduce Shuffle                                    [jar]
[INFO] Apache Hadoop MapReduce App                                        [jar]
[INFO] Apache Hadoop MapReduce HistoryServer                              [jar]
[INFO] Apache Hadoop MapReduce JobClient                                  [jar]
[INFO] Apache Hadoop MapReduce HistoryServer Plugins                      [jar]
[INFO] Apache Hadoop MapReduce Examples                                   [jar]
[INFO] Apache Hadoop MapReduce                                            [pom]
[INFO] Apache Hadoop MapReduce Streaming                                  [jar]
[INFO] Apache Hadoop Distributed Copy                                     [jar]
[INFO] Apache Hadoop Archives                                             [jar]
[INFO] Apache Hadoop Archive Logs                                         [jar]
[INFO] Apache Hadoop Rumen                                                [jar]
[INFO] Apache Hadoop Gridmix                                              [jar]
[INFO] Apache Hadoop Data Join                                            [jar]
[INFO] Apache Hadoop Ant Tasks                                            [jar]
[INFO] Apache Hadoop Extras                                               [jar]
[INFO] Apache Hadoop Pipes                                                [pom]
[INFO] Apache Hadoop OpenStack support                                    [jar]
[INFO] Apache Hadoop Amazon Web Services support                          [jar]
[INFO] Apache Hadoop Azure support                                        [jar]
[INFO] Apache Hadoop Aliyun OSS support                                   [jar]
[INFO] Apache Hadoop Client                                               [jar]
[INFO] Apache Hadoop Mini-Cluster                                         [jar]
[INFO] Apache Hadoop Scheduler Load Simulator                             [jar]
[INFO] Apache Hadoop Resource Estimator Service                           [jar]
[INFO] Apache Hadoop Azure Data Lake support                              [jar]
[INFO] Apache Hadoop Tools Dist                                           [jar]
[INFO] Apache Hadoop Tools                                                [pom]
[INFO] Apache Hadoop Distribution                                         [jar]
[INFO] Apache Hadoop Cloud Storage                                        [jar]
[INFO] Apache Hadoop Cloud Storage Project                                [pom]
[INFO] 
[INFO] -------------------< org.apache.hadoop:hadoop-main >--------------------
[INFO] Building Apache Hadoop Main 2.10.2-SNAPSHOT                       [1/84]
[INFO]   from pom.xml
[INFO] --------------------------------[ pom ]---------------------------------
[INFO] 
[INFO] --- enforcer:1.4.1:enforce (clean) @ hadoop-main ---
[INFO] Skipping Rule Enforcement.
[INFO] 
[INFO] --- clean:3.2.0:clean (default-clean) @ hadoop-main ---
[INFO] 
[INFO] --- enforcer:1.4.1:enforce (default) @ hadoop-main ---
[INFO] Skipping Rule Enforcement.
[INFO] 
[INFO] --- site:3.5:attach-descriptor (attach-descriptor) @ hadoop-main ---
[INFO] Artifact org.ow2:ow2:pom:1.3 is present in the local repository, but cached from a remote repository ID that is unavailable in current build context, verifying that is downloadable from [central (https://repo.maven.apache.org/maven2, default, releases), apache.snapshots (http://repository.apache.org/snapshots, default, snapshots)]
[INFO] Artifact org.ow2:ow2:pom:1.3 is present in the local repository, but cached from a remote repository ID that is unavailable in current build context, verifying that is downloadable from [central (https://repo.maven.apache.org/maven2, default, releases), apache.snapshots (http://repository.apache.org/snapshots, default, snapshots)]
[INFO] 
[INFO] --- install:3.1.4:install (default-install) @ hadoop-main ---
[INFO] Installing /home/runner/work/sonar-analysis/sonar-analysis/project/pom.xml to /home/runner/.m2/repository/org/apache/hadoop/hadoop-main/2.10.2-SNAPSHOT/hadoop-main-2.10.2-SNAPSHOT.pom
[INFO] 
[INFO] ----------------< org.apache.hadoop:hadoop-build-tools >----------------
[INFO] Building Apache Hadoop Build Tools 2.10.2-SNAPSHOT                [2/84]
[INFO]   from hadoop-build-tools/pom.xml
[INFO] --------------------------------[ jar ]---------------------------------
[INFO] 
[INFO] --- clean:3.2.0:clean (default-clean) @ hadoop-build-tools ---
[INFO] Deleting /home/runner/work/sonar-analysis/sonar-analysis/project/hadoop-build-tools/target
[INFO] 
[INFO] --- resources:3.4.0:copy-resources (copy-resources) @ hadoop-build-tools ---
[INFO] Copying 2 resources from .. to target/extra-resources
[INFO] 
[INFO] --- antrun:1.7:run (dummy) @ hadoop-build-tools ---
[INFO] No ant target defined - SKIPPED
[INFO] 
[INFO] --- resources:3.4.0:resources (default-resources) @ hadoop-build-tools ---
[INFO] Copying 2 resources from target/extra-resources to target/classes/META-INF
[INFO] Copying 3 resources from src/main/resources to target/classes
[INFO] 
[INFO] --- remote-resources:3.3.0:bundle (default) @ hadoop-build-tools ---
[INFO] Writing META-INF/maven/remote-resources.xml descriptor with 2 entries
[INFO] 
[INFO] --- compiler:3.15.0:compile (default-compile) @ hadoop-build-tools ---
[INFO] No sources to compile
[INFO] 
[INFO] --- resources:3.4.0:testResources (default-testResources) @ hadoop-build-tools ---
[INFO] skip non existing resourceDirectory /home/runner/work/sonar-analysis/sonar-analysis/project/hadoop-build-tools/src/test/resources
[INFO] 
[INFO] --- compiler:3.15.0:testCompile (default-testCompile) @ hadoop-build-tools ---
[INFO] No sources to compile
[INFO] 
[INFO] --- surefire:3.5.4:test (default-test) @ hadoop-build-tools ---
[INFO] Tests are skipped.
[INFO] 
[INFO] --- jar:3.5.0:jar (default-jar) @ hadoop-build-tools ---
[INFO] Building jar: /home/runner/work/sonar-analysis/sonar-analysis/project/hadoop-build-tools/target/hadoop-build-tools-2.10.2-SNAPSHOT.jar
[INFO] 
[INFO] --- site:3.5:attach-descriptor (attach-descriptor) @ hadoop-build-tools ---
[INFO] 
[INFO] --- install:3.1.4:install (default-install) @ hadoop-build-tools ---
[INFO] Installing /home/runner/work/sonar-analysis/sonar-analysis/project/hadoop-build-tools/pom.xml to /home/runner/.m2/repository/org/apache/hadoop/hadoop-build-tools/2.10.2-SNAPSHOT/hadoop-build-tools-2.10.2-SNAPSHOT.pom
[INFO] Installing /home/runner/work/sonar-analysis/sonar-analysis/project/hadoop-build-tools/target/hadoop-build-tools-2.10.2-SNAPSHOT.jar to /home/runner/.m2/repository/org/apache/hadoop/hadoop-build-tools/2.10.2-SNAPSHOT/hadoop-build-tools-2.10.2-SNAPSHOT.jar
[INFO] 
[INFO] ------------------< org.apache.hadoop:hadoop-project >------------------
[INFO] Building Apache Hadoop Project POM 2.10.2-SNAPSHOT                [3/84]
[INFO]   from hadoop-project/pom.xml
[INFO] --------------------------------[ pom ]---------------------------------
[INFO] 
[INFO] --- enforcer:1.4.1:enforce (clean) @ hadoop-project ---
[INFO] Skipping Rule Enforcement.
[INFO] 
[INFO] --- clean:2.5:clean (default-clean) @ hadoop-project ---
[INFO] Deleting /home/runner/work/sonar-analysis/sonar-analysis/project/hadoop-project/target
[INFO] 
[INFO] --- antrun:1.7:run (create-testdirs) @ hadoop-project ---
[INFO] Executing tasks

main:
    [mkdir] Created dir: /home/runner/work/sonar-analysis/sonar-analysis/project/hadoop-project/target/test-dir
[INFO] Executed tasks
[INFO] 
[INFO] --- enforcer:1.4.1:enforce (default) @ hadoop-project ---
[INFO] Skipping Rule Enforcement.
[INFO] 
[INFO] --- remote-resources:1.5:process (default) @ hadoop-project ---
[INFO] 
[INFO] --- site:3.5:attach-descriptor (attach-descriptor) @ hadoop-project ---
[INFO] 
[INFO] --- animal-sniffer:1.16:check (signature-check) @ hadoop-project ---
[INFO] Checking unresolved references to org.codehaus.mojo.signature:java17:1.0
[INFO] 
[INFO] --- enforcer:1.4.1:enforce (depcheck) @ hadoop-project ---
[INFO] Skipping Rule Enforcement.
[INFO] 
[INFO] --- install:2.5.1:install (default-install) @ hadoop-project ---
[INFO] Installing /home/runner/work/sonar-analysis/sonar-analysis/project/hadoop-project/pom.xml to /home/runner/.m2/repository/org/apache/hadoop/hadoop-project/2.10.2-SNAPSHOT/hadoop-project-2.10.2-SNAPSHOT.pom
[INFO] Installing /home/runner/work/sonar-analysis/sonar-analysis/project/hadoop-project/target/hadoop-project-2.10.2-SNAPSHOT-site.xml to /home/runner/.m2/repository/org/apache/hadoop/hadoop-project/2.10.2-SNAPSHOT/hadoop-project-2.10.2-SNAPSHOT-site.xml
[INFO] 
[INFO] ----------------< org.apache.hadoop:hadoop-annotations >----------------
[INFO] Building Apache Hadoop Annotations 2.10.2-SNAPSHOT                [4/84]
[INFO]   from hadoop-common-project/hadoop-annotations/pom.xml
[INFO] --------------------------------[ jar ]---------------------------------
[INFO] 
[INFO] --- clean:2.5:clean (default-clean) @ hadoop-annotations ---
[INFO] Deleting /home/runner/work/sonar-analysis/sonar-analysis/project/hadoop-common-project/hadoop-annotations/target
[INFO] 
[INFO] --- antrun:1.7:run (create-testdirs) @ hadoop-annotations ---
[INFO] Executing tasks

main:
    [mkdir] Created dir: /home/runner/work/sonar-analysis/sonar-analysis/project/hadoop-common-project/hadoop-annotations/target/test-dir
[INFO] Executed tasks
[INFO] 
[INFO] --- remote-resources:1.5:process (default) @ hadoop-annotations ---
[INFO] 
[INFO] --- resources:2.6:resources (default-resources) @ hadoop-annotations ---
[INFO] Using 'UTF-8' encoding to copy filtered resources.
[INFO] skip non existing resourceDirectory /home/runner/work/sonar-analysis/sonar-analysis/project/hadoop-common-project/hadoop-annotations/src/main/resources
[INFO] Copying 2 resources
[INFO] 
[INFO] --- compiler:3.1:compile (default-compile) @ hadoop-annotations ---
[INFO] Compiling 9 source files to /home/runner/work/sonar-analysis/sonar-analysis/project/hadoop-common-project/hadoop-annotations/target/classes
[INFO] -------------------------------------------------------------
[WARNING] COMPILATION WARNING : 
[INFO] -------------------------------------------------------------
[WARNING] /home/runner/work/sonar-analysis/sonar-analysis/project/hadoop-common-project/hadoop-annotations/src/main/java/org/apache/hadoop/classification/tools/RootDocProcessor.java: Some input files use or override a deprecated API that is marked for removal.
[WARNING] /home/runner/work/sonar-analysis/sonar-analysis/project/hadoop-common-project/hadoop-annotations/src/main/java/org/apache/hadoop/classification/tools/RootDocProcessor.java: Recompile with -Xlint:removal for details.
[INFO] 2 warnings 
[INFO] -------------------------------------------------------------
[INFO] -------------------------------------------------------------
[ERROR] COMPILATION ERROR : 
[INFO] -------------------------------------------------------------
[ERROR] /home/runner/work/sonar-analysis/sonar-analysis/project/hadoop-common-project/hadoop-annotations/src/main/java/org/apache/hadoop/classification/tools/ExcludePrivateAnnotationsStandardDoclet.java:[56,20] cannot find symbol
  symbol:   method validOptions(java.lang.String[][],com.sun.javadoc.DocErrorReporter)
  location: class com.sun.tools.doclets.standard.Standard
[ERROR] /home/runner/work/sonar-analysis/sonar-analysis/project/hadoop-common-project/hadoop-annotations/src/main/java/org/apache/hadoop/classification/tools/IncludePublicAnnotationsStandardDoclet.java:[61,20] cannot find symbol
  symbol:   method validOptions(java.lang.String[][],com.sun.javadoc.DocErrorReporter)
  location: class com.sun.tools.doclets.standard.Standard
[INFO] 2 errors 
[INFO] -------------------------------------------------------------
[INFO] ------------------------------------------------------------------------
[INFO] Reactor Summary for Apache Hadoop Main 2.10.2-SNAPSHOT:
[INFO] 
[INFO] Apache Hadoop Main ................................. SUCCESS [  1.937 s]
[INFO] Apache Hadoop Build Tools .......................... SUCCESS [  1.668 s]
[INFO] Apache Hadoop Project POM .......................... SUCCESS [  1.893 s]
[INFO] Apache Hadoop Annotations .......................... FAILURE [  0.808 s]
[INFO] Apache Hadoop Project Dist POM ..................... SKIPPED
[INFO] Apache Hadoop Assemblies ........................... SKIPPED
[INFO] Apache Hadoop Maven Plugins ........................ SKIPPED
[INFO] Apache Hadoop MiniKDC .............................. SKIPPED
[INFO] Apache Hadoop Auth ................................. SKIPPED
[INFO] Apache Hadoop Auth Examples ........................ SKIPPED
[INFO] Apache Hadoop Common ............................... SKIPPED
[INFO] Apache Hadoop NFS .................................. SKIPPED
[INFO] Apache Hadoop KMS .................................. SKIPPED
[INFO] Apache Hadoop Common Project ....................... SKIPPED
[INFO] Apache Hadoop HDFS Client .......................... SKIPPED
[INFO] Apache Hadoop HDFS ................................. SKIPPED
[INFO] Apache Hadoop HDFS Native Client ................... SKIPPED
[INFO] Apache Hadoop HttpFS ............................... SKIPPED
[INFO] Apache Hadoop HDFS BookKeeper Journal .............. SKIPPED
[INFO] Apache Hadoop HDFS-NFS ............................. SKIPPED
[INFO] Apache Hadoop HDFS-RBF ............................. SKIPPED
[INFO] Apache Hadoop HDFS Project ......................... SKIPPED
[INFO] Apache Hadoop YARN ................................. SKIPPED
[INFO] Apache Hadoop YARN API ............................. SKIPPED
[INFO] Apache Hadoop YARN Common .......................... SKIPPED
[INFO] Apache Hadoop YARN Registry ........................ SKIPPED
[INFO] Apache Hadoop YARN Server .......................... SKIPPED
[INFO] Apache Hadoop YARN Server Common ................... SKIPPED
[INFO] Apache Hadoop YARN NodeManager ..................... SKIPPED
[INFO] Apache Hadoop YARN Web Proxy ....................... SKIPPED
[INFO] Apache Hadoop YARN ApplicationHistoryService ....... SKIPPED
[INFO] Apache Hadoop YARN Timeline Service ................ SKIPPED
[INFO] Apache Hadoop YARN ResourceManager ................. SKIPPED
[INFO] Apache Hadoop YARN Server Tests .................... SKIPPED
[INFO] Apache Hadoop YARN Client .......................... SKIPPED
[INFO] Apache Hadoop YARN SharedCacheManager .............. SKIPPED
[INFO] Apache Hadoop YARN Timeline Plugin Storage ......... SKIPPED
[INFO] Apache Hadoop YARN Router .......................... SKIPPED
[INFO] Apache Hadoop YARN TimelineService HBase Backend ... SKIPPED
[INFO] Apache Hadoop YARN TimelineService HBase Common .... SKIPPED
[INFO] Apache Hadoop YARN TimelineService HBase Client .... SKIPPED
[INFO] Apache Hadoop YARN TimelineService HBase Servers ... SKIPPED
[INFO] Apache Hadoop YARN TimelineService HBase Server 1.2  SKIPPED
[INFO] Apache Hadoop YARN TimelineService HBase tests ..... SKIPPED
[INFO] Apache Hadoop YARN Applications .................... SKIPPED
[INFO] Apache Hadoop YARN DistributedShell ................ SKIPPED
[INFO] Apache Hadoop YARN Unmanaged Am Launcher ........... SKIPPED
[INFO] Apache Hadoop YARN Site ............................ SKIPPED
[INFO] Apache Hadoop YARN UI .............................. SKIPPED
[INFO] Apache Hadoop YARN Project ......................... SKIPPED
[INFO] Apache Hadoop MapReduce Client ..................... SKIPPED
[INFO] Apache Hadoop MapReduce Core ....................... SKIPPED
[INFO] Apache Hadoop MapReduce Common ..................... SKIPPED
[INFO] Apache Hadoop MapReduce Shuffle .................... SKIPPED
[INFO] Apache Hadoop MapReduce App ........................ SKIPPED
[INFO] Apache Hadoop MapReduce HistoryServer .............. SKIPPED
[INFO] Apache Hadoop MapReduce JobClient .................. SKIPPED
[INFO] Apache Hadoop MapReduce HistoryServer Plugins ...... SKIPPED
[INFO] Apache Hadoop MapReduce Examples ................... SKIPPED
[INFO] Apache Hadoop MapReduce ............................ SKIPPED
[INFO] Apache Hadoop MapReduce Streaming .................. SKIPPED
[INFO] Apache Hadoop Distributed Copy ..................... SKIPPED
[INFO] Apache Hadoop Archives ............................. SKIPPED
[INFO] Apache Hadoop Archive Logs ......................... SKIPPED
[INFO] Apache Hadoop Rumen ................................ SKIPPED
[INFO] Apache Hadoop Gridmix .............................. SKIPPED
[INFO] Apache Hadoop Data Join ............................ SKIPPED
[INFO] Apache Hadoop Ant Tasks ............................ SKIPPED
[INFO] Apache Hadoop Extras ............................... SKIPPED
[INFO] Apache Hadoop Pipes ................................ SKIPPED
[INFO] Apache Hadoop OpenStack support .................... SKIPPED
[INFO] Apache Hadoop Amazon Web Services support .......... SKIPPED
[INFO] Apache Hadoop Azure support ........................ SKIPPED
[INFO] Apache Hadoop Aliyun OSS support ................... SKIPPED
[INFO] Apache Hadoop Client ............................... SKIPPED
[INFO] Apache Hadoop Mini-Cluster ......................... SKIPPED
[INFO] Apache Hadoop Scheduler Load Simulator ............. SKIPPED
[INFO] Apache Hadoop Resource Estimator Service ........... SKIPPED
[INFO] Apache Hadoop Azure Data Lake support .............. SKIPPED
[INFO] Apache Hadoop Tools Dist ........................... SKIPPED
[INFO] Apache Hadoop Tools ................................ SKIPPED
[INFO] Apache Hadoop Distribution ......................... SKIPPED
[INFO] Apache Hadoop Cloud Storage ........................ SKIPPED
[INFO] Apache Hadoop Cloud Storage Project ................ SKIPPED
[INFO] ------------------------------------------------------------------------
[INFO] BUILD FAILURE
[INFO] ------------------------------------------------------------------------
[INFO] Total time:  8.192 s
[INFO] Finished at: 2026-05-08T21:05:48Z
[INFO] ------------------------------------------------------------------------
[ERROR] Failed to execute goal org.apache.maven.plugins:maven-compiler-plugin:3.1:compile (default-compile) on project hadoop-annotations: Compilation failure: Compilation failure: 
[ERROR] /home/runner/work/sonar-analysis/sonar-analysis/project/hadoop-common-project/hadoop-annotations/src/main/java/org/apache/hadoop/classification/tools/ExcludePrivateAnnotationsStandardDoclet.java:[56,20] cannot find symbol
[ERROR]   symbol:   method validOptions(java.lang.String[][],com.sun.javadoc.DocErrorReporter)
[ERROR]   location: class com.sun.tools.doclets.standard.Standard
[ERROR] /home/runner/work/sonar-analysis/sonar-analysis/project/hadoop-common-project/hadoop-annotations/src/main/java/org/apache/hadoop/classification/tools/IncludePublicAnnotationsStandardDoclet.java:[61,20] cannot find symbol
[ERROR]   symbol:   method validOptions(java.lang.String[][],com.sun.javadoc.DocErrorReporter)
[ERROR]   location: class com.sun.tools.doclets.standard.Standard
[ERROR] -> [Help 1]
[ERROR] 
[ERROR] To see the full stack trace of the errors, re-run Maven with the -e switch.
[ERROR] Re-run Maven using the -X switch to enable full debug logging.
[ERROR] 
[ERROR] For more information about the errors and possible solutions, please read the following articles:
[ERROR] [Help 1] http://cwiki.apache.org/confluence/display/MAVEN/MojoFailureException
[ERROR] 
[ERROR] After correcting the problems, you can resume the build with the command
[ERROR]   mvn <args> -rf :hadoop-annotations
